worker 1/4: suites=['libero_object']
Warning: You are sending unauthenticated requests to the HF Hub. Please set a HF_TOKEN to enable higher rate limits and faster downloads.
WARNING:huggingface_hub.utils._http:Warning: You are sending unauthenticated requests to the HF Hub. Please set a HF_TOKEN to enable higher rate limits and faster downloads.
`torch_dtype` is deprecated! Use `dtype` instead!
Loading  HuggingFaceTB/SmolVLM2-500M-Video-Instruct weights ...
Loading weights:   0%|          | 0/489 [00:00<?, ?it/s]Loading weights: 100%|██████████| 489/489 [00:00<00:00, 6647.07it/s]
Reducing the number of VLM layers to 16 ...
Loading weights from local directory
=== libero_object task0 gated ===
[robosuite WARNING] No private macro file found! (__init__.py:7)
WARNING:robosuite_logs:No private macro file found!
[robosuite WARNING] It is recommended to use a private macro file (__init__.py:8)
WARNING:robosuite_logs:It is recommended to use a private macro file
[robosuite WARNING] To setup, run: python /home/user/anaconda3/envs/vla_smolvla_libero/lib/python3.12/site-packages/robosuite/scripts/setup_macros.py (__init__.py:9)
WARNING:robosuite_logs:To setup, run: python /home/user/anaconda3/envs/vla_smolvla_libero/lib/python3.12/site-packages/robosuite/scripts/setup_macros.py
[info] using task orders [0, 1, 2, 3, 4, 5, 6, 7, 8, 9]
Local assets not found. Downloading from HuggingFace Hub...
Assets already downloaded at /home/user/.cache/libero/assets
    [libero_object t0 gated ep0] seed=60000 success=True n_stalled=7
    [libero_object t0 gated ep1] seed=60001 success=True n_stalled=11
    [libero_object t0 gated ep2] seed=60002 success=True n_stalled=0
    [libero_object t0 gated ep3] seed=60003 success=False n_stalled=61
    [libero_object t0 gated ep4] seed=60004 success=True n_stalled=0
    [libero_object t0 gated ep5] seed=60005 success=True n_stalled=0
    [libero_object t0 gated ep6] seed=60006 success=True n_stalled=1
    [libero_object t0 gated ep7] seed=60007 success=True n_stalled=0
    [libero_object t0 gated ep8] seed=60008 success=True n_stalled=1
    [libero_object t0 gated ep9] seed=60009 success=True n_stalled=0
    [libero_object t0 gated ep10] seed=60010 success=True n_stalled=0
    [libero_object t0 gated ep11] seed=60011 success=True n_stalled=0
    [libero_object t0 gated ep12] seed=60012 success=True n_stalled=6
    [libero_object t0 gated ep13] seed=60013 success=True n_stalled=0
    [libero_object t0 gated ep14] seed=60014 success=True n_stalled=0
    [libero_object t0 gated ep15] seed=60015 success=False n_stalled=79
    [libero_object t0 gated ep16] seed=60016 success=True n_stalled=10
    [libero_object t0 gated ep17] seed=60017 success=True n_stalled=12
    [libero_object t0 gated ep18] seed=60018 success=False n_stalled=66
    [libero_object t0 gated ep19] seed=60019 success=True n_stalled=0
=== libero_object task0 always_careful ===
[info] using task orders [0, 1, 2, 3, 4, 5, 6, 7, 8, 9]
    [libero_object t0 always_careful ep0] seed=60000 success=True n_stalled=143
    [libero_object t0 always_careful ep1] seed=60001 success=True n_stalled=146
    [libero_object t0 always_careful ep2] seed=60002 success=True n_stalled=165
    [libero_object t0 always_careful ep3] seed=60003 success=False n_stalled=280
    [libero_object t0 always_careful ep4] seed=60004 success=True n_stalled=145
    [libero_object t0 always_careful ep5] seed=60005 success=True n_stalled=138
    [libero_object t0 always_careful ep6] seed=60006 success=True n_stalled=191
    [libero_object t0 always_careful ep7] seed=60007 success=True n_stalled=161
    [libero_object t0 always_careful ep8] seed=60008 success=True n_stalled=129
    [libero_object t0 always_careful ep9] seed=60009 success=True n_stalled=185
    [libero_object t0 always_careful ep10] seed=60010 success=True n_stalled=173
    [libero_object t0 always_careful ep11] seed=60011 success=True n_stalled=156
    [libero_object t0 always_careful ep12] seed=60012 success=True n_stalled=227
    [libero_object t0 always_careful ep13] seed=60013 success=True n_stalled=158
    [libero_object t0 always_careful ep14] seed=60014 success=True n_stalled=177
    [libero_object t0 always_careful ep15] seed=60015 success=True n_stalled=143
    [libero_object t0 always_careful ep16] seed=60016 success=False n_stalled=280
    [libero_object t0 always_careful ep17] seed=60017 success=True n_stalled=143
    [libero_object t0 always_careful ep18] seed=60018 success=True n_stalled=156
    [libero_object t0 always_careful ep19] seed=60019 success=False n_stalled=280
=== libero_object task1 gated ===
[info] using task orders [0, 1, 2, 3, 4, 5, 6, 7, 8, 9]
    [libero_object t1 gated ep0] seed=60100 success=True n_stalled=15
    [libero_object t1 gated ep1] seed=60101 success=True n_stalled=11
    [libero_object t1 gated ep2] seed=60102 success=True n_stalled=1
    [libero_object t1 gated ep3] seed=60103 success=False n_stalled=46
    [libero_object t1 gated ep4] seed=60104 success=True n_stalled=10
    [libero_object t1 gated ep5] seed=60105 success=True n_stalled=5
    [libero_object t1 gated ep6] seed=60106 success=False n_stalled=55
    [libero_object t1 gated ep7] seed=60107 success=False n_stalled=47
    [libero_object t1 gated ep8] seed=60108 success=True n_stalled=13
    [libero_object t1 gated ep9] seed=60109 success=True n_stalled=0
    [libero_object t1 gated ep10] seed=60110 success=False n_stalled=61
    [libero_object t1 gated ep11] seed=60111 success=False n_stalled=12
    [libero_object t1 gated ep12] seed=60112 success=True n_stalled=11
    [libero_object t1 gated ep13] seed=60113 success=True n_stalled=5
    [libero_object t1 gated ep14] seed=60114 success=True n_stalled=0
    [libero_object t1 gated ep15] seed=60115 success=True n_stalled=39
    [libero_object t1 gated ep16] seed=60116 success=True n_stalled=1
    [libero_object t1 gated ep17] seed=60117 success=False n_stalled=159
    [libero_object t1 gated ep18] seed=60118 success=True n_stalled=31
    [libero_object t1 gated ep19] seed=60119 success=False n_stalled=62
=== libero_object task1 always_careful ===
[info] using task orders [0, 1, 2, 3, 4, 5, 6, 7, 8, 9]
    [libero_object t1 always_careful ep0] seed=60100 success=False n_stalled=280
    [libero_object t1 always_careful ep1] seed=60101 success=True n_stalled=138
    [libero_object t1 always_careful ep2] seed=60102 success=False n_stalled=280
    [libero_object t1 always_careful ep3] seed=60103 success=True n_stalled=149
    [libero_object t1 always_careful ep4] seed=60104 success=True n_stalled=138
    [libero_object t1 always_careful ep5] seed=60105 success=False n_stalled=280
    [libero_object t1 always_careful ep6] seed=60106 success=True n_stalled=128
    [libero_object t1 always_careful ep7] seed=60107 success=True n_stalled=197
    [libero_object t1 always_careful ep8] seed=60108 success=True n_stalled=139
    [libero_object t1 always_careful ep9] seed=60109 success=True n_stalled=132
    [libero_object t1 always_careful ep10] seed=60110 success=False n_stalled=280
    [libero_object t1 always_careful ep11] seed=60111 success=True n_stalled=256
    [libero_object t1 always_careful ep12] seed=60112 success=False n_stalled=280
    [libero_object t1 always_careful ep13] seed=60113 success=False n_stalled=280
    [libero_object t1 always_careful ep14] seed=60114 success=False n_stalled=280
    [libero_object t1 always_careful ep15] seed=60115 success=True n_stalled=140
    [libero_object t1 always_careful ep16] seed=60116 success=True n_stalled=135
    [libero_object t1 always_careful ep17] seed=60117 success=True n_stalled=134
    [libero_object t1 always_careful ep18] seed=60118 success=True n_stalled=253
    [libero_object t1 always_careful ep19] seed=60119 success=True n_stalled=128
worker done
Exception ignored in: <function MjRenderContext.__del__ at 0x797eecb0f1a0>
Traceback (most recent call last):
  File "/home/user/anaconda3/envs/vla_smolvla_libero/lib/python3.12/site-packages/robosuite/utils/binding_utils.py", line 199, in __del__
    self.gl_ctx.free()
  File "/home/user/anaconda3/envs/vla_smolvla_libero/lib/python3.12/site-packages/robosuite/renderers/context/egl_context.py", line 149, in free
    EGL.eglMakeCurrent(EGL_DISPLAY, EGL.EGL_NO_SURFACE, EGL.EGL_NO_SURFACE, EGL.EGL_NO_CONTEXT)
  File "/home/user/anaconda3/envs/vla_smolvla_libero/lib/python3.12/site-packages/OpenGL/error.py", line 230, in glCheckError
    raise self._errorClass(
OpenGL.raw.EGL._errors.EGLError: EGLError(
	err = EGL_NOT_INITIALIZED,
	baseOperation = eglMakeCurrent,
	cArguments = (
		<OpenGL._opaque.EGLDisplay_pointer object at 0x797eca0f3c50>,
		<OpenGL._opaque.EGLSurface_pointer object at 0x797eee9ab9d0>,
		<OpenGL._opaque.EGLSurface_pointer object at 0x797eee9ab9d0>,
		<OpenGL._opaque.EGLContext_pointer object at 0x797eee9ab8d0>,
	),
	result = 0
)
Exception ignored in: <function EGLGLContext.__del__ at 0x797eecb0f060>
Traceback (most recent call last):
  File "/home/user/anaconda3/envs/vla_smolvla_libero/lib/python3.12/site-packages/robosuite/renderers/context/egl_context.py", line 155, in __del__
    self.free()
  File "/home/user/anaconda3/envs/vla_smolvla_libero/lib/python3.12/site-packages/robosuite/renderers/context/egl_context.py", line 149, in free
    EGL.eglMakeCurrent(EGL_DISPLAY, EGL.EGL_NO_SURFACE, EGL.EGL_NO_SURFACE, EGL.EGL_NO_CONTEXT)
  File "/home/user/anaconda3/envs/vla_smolvla_libero/lib/python3.12/site-packages/OpenGL/error.py", line 230, in glCheckError
    raise self._errorClass(
OpenGL.raw.EGL._errors.EGLError: EGLError(
	err = EGL_NOT_INITIALIZED,
	baseOperation = eglMakeCurrent,
	cArguments = (
		<OpenGL._opaque.EGLDisplay_pointer object at 0x797eca0f3c50>,
		<OpenGL._opaque.EGLSurface_pointer object at 0x797eee9ab9d0>,
		<OpenGL._opaque.EGLSurface_pointer object at 0x797eee9ab9d0>,
		<OpenGL._opaque.EGLContext_pointer object at 0x797eee9ab8d0>,
	),
	result = 0
)
