worker 2/4: suites=['libero_goal']
Fetching 4 files:   0%|          | 0/4 [00:00<?, ?it/s]Fetching 4 files: 100%|██████████| 4/4 [00:00<00:00, 78766.27it/s]
Warning: You are sending unauthenticated requests to the HF Hub. Please set a HF_TOKEN to enable higher rate limits and faster downloads.
WARNING:huggingface_hub.utils._http:Warning: You are sending unauthenticated requests to the HF Hub. Please set a HF_TOKEN to enable higher rate limits and faster downloads.
`torch_dtype` is deprecated! Use `dtype` instead!
Loading  HuggingFaceTB/SmolVLM2-500M-Video-Instruct weights ...
Loading weights:   0%|          | 0/489 [00:00<?, ?it/s]Loading weights:  94%|█████████▍| 462/489 [00:00<00:00, 4618.94it/s]Loading weights: 100%|██████████| 489/489 [00:00<00:00, 4733.40it/s]
Reducing the number of VLM layers to 16 ...
Loading weights from local directory
=== libero_goal task0 gated ===
[robosuite WARNING] No private macro file found! (__init__.py:7)
WARNING:robosuite_logs:No private macro file found!
[robosuite WARNING] It is recommended to use a private macro file (__init__.py:8)
WARNING:robosuite_logs:It is recommended to use a private macro file
[robosuite WARNING] To setup, run: python /home/user/anaconda3/envs/vla_smolvla_libero/lib/python3.12/site-packages/robosuite/scripts/setup_macros.py (__init__.py:9)
WARNING:robosuite_logs:To setup, run: python /home/user/anaconda3/envs/vla_smolvla_libero/lib/python3.12/site-packages/robosuite/scripts/setup_macros.py
[info] using task orders [0, 1, 2, 3, 4, 5, 6, 7, 8, 9]
Local assets not found. Downloading from HuggingFace Hub...
Assets already downloaded at /home/user/.cache/libero/assets
    [libero_goal t0 gated ep0] seed=70000 success=True n_stalled=0
    [libero_goal t0 gated ep1] seed=70001 success=True n_stalled=1
    [libero_goal t0 gated ep2] seed=70002 success=False n_stalled=75
    [libero_goal t0 gated ep3] seed=70003 success=True n_stalled=5
    [libero_goal t0 gated ep4] seed=70004 success=True n_stalled=0
    [libero_goal t0 gated ep5] seed=70005 success=True n_stalled=0
    [libero_goal t0 gated ep6] seed=70006 success=True n_stalled=0
    [libero_goal t0 gated ep7] seed=70007 success=True n_stalled=0
    [libero_goal t0 gated ep8] seed=70008 success=True n_stalled=0
    [libero_goal t0 gated ep9] seed=70009 success=True n_stalled=0
    [libero_goal t0 gated ep10] seed=70010 success=True n_stalled=0
    [libero_goal t0 gated ep11] seed=70011 success=True n_stalled=0
    [libero_goal t0 gated ep12] seed=70012 success=True n_stalled=1
    [libero_goal t0 gated ep13] seed=70013 success=False n_stalled=2
    [libero_goal t0 gated ep14] seed=70014 success=True n_stalled=18
    [libero_goal t0 gated ep15] seed=70015 success=True n_stalled=0
    [libero_goal t0 gated ep16] seed=70016 success=True n_stalled=0
    [libero_goal t0 gated ep17] seed=70017 success=True n_stalled=0
    [libero_goal t0 gated ep18] seed=70018 success=True n_stalled=0
    [libero_goal t0 gated ep19] seed=70019 success=True n_stalled=0
=== libero_goal task0 always_careful ===
[info] using task orders [0, 1, 2, 3, 4, 5, 6, 7, 8, 9]
    [libero_goal t0 always_careful ep0] seed=70000 success=True n_stalled=141
    [libero_goal t0 always_careful ep1] seed=70001 success=True n_stalled=121
    [libero_goal t0 always_careful ep2] seed=70002 success=False n_stalled=300
    [libero_goal t0 always_careful ep3] seed=70003 success=False n_stalled=300
    [libero_goal t0 always_careful ep4] seed=70004 success=True n_stalled=144
    [libero_goal t0 always_careful ep5] seed=70005 success=True n_stalled=159
    [libero_goal t0 always_careful ep6] seed=70006 success=True n_stalled=216
    [libero_goal t0 always_careful ep7] seed=70007 success=False n_stalled=300
    [libero_goal t0 always_careful ep8] seed=70008 success=True n_stalled=122
    [libero_goal t0 always_careful ep9] seed=70009 success=True n_stalled=172
    [libero_goal t0 always_careful ep10] seed=70010 success=True n_stalled=148
    [libero_goal t0 always_careful ep11] seed=70011 success=True n_stalled=123
    [libero_goal t0 always_careful ep12] seed=70012 success=False n_stalled=300
    [libero_goal t0 always_careful ep13] seed=70013 success=True n_stalled=125
    [libero_goal t0 always_careful ep14] seed=70014 success=False n_stalled=300
    [libero_goal t0 always_careful ep15] seed=70015 success=False n_stalled=300
    [libero_goal t0 always_careful ep16] seed=70016 success=True n_stalled=126
    [libero_goal t0 always_careful ep17] seed=70017 success=True n_stalled=139
    [libero_goal t0 always_careful ep18] seed=70018 success=True n_stalled=134
    [libero_goal t0 always_careful ep19] seed=70019 success=True n_stalled=212
=== libero_goal task1 gated ===
[info] using task orders [0, 1, 2, 3, 4, 5, 6, 7, 8, 9]
    [libero_goal t1 gated ep0] seed=70100 success=True n_stalled=0
    [libero_goal t1 gated ep1] seed=70101 success=True n_stalled=0
    [libero_goal t1 gated ep2] seed=70102 success=True n_stalled=0
    [libero_goal t1 gated ep3] seed=70103 success=True n_stalled=0
    [libero_goal t1 gated ep4] seed=70104 success=True n_stalled=0
    [libero_goal t1 gated ep5] seed=70105 success=True n_stalled=0
    [libero_goal t1 gated ep6] seed=70106 success=True n_stalled=0
    [libero_goal t1 gated ep7] seed=70107 success=True n_stalled=0
    [libero_goal t1 gated ep8] seed=70108 success=True n_stalled=0
    [libero_goal t1 gated ep9] seed=70109 success=True n_stalled=0
    [libero_goal t1 gated ep10] seed=70110 success=True n_stalled=0
    [libero_goal t1 gated ep11] seed=70111 success=True n_stalled=0
    [libero_goal t1 gated ep12] seed=70112 success=True n_stalled=0
    [libero_goal t1 gated ep13] seed=70113 success=True n_stalled=0
    [libero_goal t1 gated ep14] seed=70114 success=True n_stalled=0
    [libero_goal t1 gated ep15] seed=70115 success=True n_stalled=0
    [libero_goal t1 gated ep16] seed=70116 success=True n_stalled=0
    [libero_goal t1 gated ep17] seed=70117 success=True n_stalled=0
    [libero_goal t1 gated ep18] seed=70118 success=True n_stalled=0
    [libero_goal t1 gated ep19] seed=70119 success=True n_stalled=0
=== libero_goal task1 always_careful ===
[info] using task orders [0, 1, 2, 3, 4, 5, 6, 7, 8, 9]
    [libero_goal t1 always_careful ep0] seed=70100 success=True n_stalled=95
    [libero_goal t1 always_careful ep1] seed=70101 success=True n_stalled=86
    [libero_goal t1 always_careful ep2] seed=70102 success=True n_stalled=95
    [libero_goal t1 always_careful ep3] seed=70103 success=True n_stalled=93
    [libero_goal t1 always_careful ep4] seed=70104 success=True n_stalled=89
    [libero_goal t1 always_careful ep5] seed=70105 success=True n_stalled=106
    [libero_goal t1 always_careful ep6] seed=70106 success=True n_stalled=99
    [libero_goal t1 always_careful ep7] seed=70107 success=True n_stalled=96
    [libero_goal t1 always_careful ep8] seed=70108 success=True n_stalled=87
    [libero_goal t1 always_careful ep9] seed=70109 success=True n_stalled=98
    [libero_goal t1 always_careful ep10] seed=70110 success=True n_stalled=92
    [libero_goal t1 always_careful ep11] seed=70111 success=True n_stalled=87
    [libero_goal t1 always_careful ep12] seed=70112 success=True n_stalled=98
    [libero_goal t1 always_careful ep13] seed=70113 success=True n_stalled=88
    [libero_goal t1 always_careful ep14] seed=70114 success=True n_stalled=100
    [libero_goal t1 always_careful ep15] seed=70115 success=False n_stalled=300
    [libero_goal t1 always_careful ep16] seed=70116 success=True n_stalled=104
    [libero_goal t1 always_careful ep17] seed=70117 success=True n_stalled=99
    [libero_goal t1 always_careful ep18] seed=70118 success=True n_stalled=87
    [libero_goal t1 always_careful ep19] seed=70119 success=True n_stalled=85
worker done
Exception ignored in: <function MjRenderContext.__del__ at 0x75fdaeb371a0>
Traceback (most recent call last):
  File "/home/user/anaconda3/envs/vla_smolvla_libero/lib/python3.12/site-packages/robosuite/utils/binding_utils.py", line 199, in __del__
    self.gl_ctx.free()
  File "/home/user/anaconda3/envs/vla_smolvla_libero/lib/python3.12/site-packages/robosuite/renderers/context/egl_context.py", line 149, in free
    EGL.eglMakeCurrent(EGL_DISPLAY, EGL.EGL_NO_SURFACE, EGL.EGL_NO_SURFACE, EGL.EGL_NO_CONTEXT)
  File "/home/user/anaconda3/envs/vla_smolvla_libero/lib/python3.12/site-packages/OpenGL/error.py", line 230, in glCheckError
    raise self._errorClass(
OpenGL.raw.EGL._errors.EGLError: EGLError(
	err = EGL_NOT_INITIALIZED,
	baseOperation = eglMakeCurrent,
	cArguments = (
		<OpenGL._opaque.EGLDisplay_pointer object at 0x75fd8450e6d0>,
		<OpenGL._opaque.EGLSurface_pointer object at 0x75fdb4813a50>,
		<OpenGL._opaque.EGLSurface_pointer object at 0x75fdb4813a50>,
		<OpenGL._opaque.EGLContext_pointer object at 0x75fdb4813950>,
	),
	result = 0
)
Exception ignored in: <function EGLGLContext.__del__ at 0x75fdaeb37060>
Traceback (most recent call last):
  File "/home/user/anaconda3/envs/vla_smolvla_libero/lib/python3.12/site-packages/robosuite/renderers/context/egl_context.py", line 155, in __del__
    self.free()
  File "/home/user/anaconda3/envs/vla_smolvla_libero/lib/python3.12/site-packages/robosuite/renderers/context/egl_context.py", line 149, in free
    EGL.eglMakeCurrent(EGL_DISPLAY, EGL.EGL_NO_SURFACE, EGL.EGL_NO_SURFACE, EGL.EGL_NO_CONTEXT)
  File "/home/user/anaconda3/envs/vla_smolvla_libero/lib/python3.12/site-packages/OpenGL/error.py", line 230, in glCheckError
    raise self._errorClass(
OpenGL.raw.EGL._errors.EGLError: EGLError(
	err = EGL_NOT_INITIALIZED,
	baseOperation = eglMakeCurrent,
	cArguments = (
		<OpenGL._opaque.EGLDisplay_pointer object at 0x75fd8450e6d0>,
		<OpenGL._opaque.EGLSurface_pointer object at 0x75fdb4813a50>,
		<OpenGL._opaque.EGLSurface_pointer object at 0x75fdb4813a50>,
		<OpenGL._opaque.EGLContext_pointer object at 0x75fdb4813950>,
	),
	result = 0
)
