worker 3/4: suites=['libero_10']
Fetching 4 files:   0%|          | 0/4 [00:00<?, ?it/s]Fetching 4 files: 100%|██████████| 4/4 [00:00<00:00, 86037.01it/s]
`torch_dtype` is deprecated! Use `dtype` instead!
Loading  HuggingFaceTB/SmolVLM2-500M-Video-Instruct weights ...
Loading weights:   0%|          | 0/489 [00:00<?, ?it/s]Loading weights: 100%|██████████| 489/489 [00:00<00:00, 5005.67it/s]
Warning: You are sending unauthenticated requests to the HF Hub. Please set a HF_TOKEN to enable higher rate limits and faster downloads.
WARNING:huggingface_hub.utils._http:Warning: You are sending unauthenticated requests to the HF Hub. Please set a HF_TOKEN to enable higher rate limits and faster downloads.
Reducing the number of VLM layers to 16 ...
Loading weights from local directory
=== libero_10 task0 gated ===
[robosuite WARNING] No private macro file found! (__init__.py:7)
WARNING:robosuite_logs:No private macro file found!
[robosuite WARNING] It is recommended to use a private macro file (__init__.py:8)
WARNING:robosuite_logs:It is recommended to use a private macro file
[robosuite WARNING] To setup, run: python /home/user/anaconda3/envs/vla_smolvla_libero/lib/python3.12/site-packages/robosuite/scripts/setup_macros.py (__init__.py:9)
WARNING:robosuite_logs:To setup, run: python /home/user/anaconda3/envs/vla_smolvla_libero/lib/python3.12/site-packages/robosuite/scripts/setup_macros.py
[info] using task orders [0, 1, 2, 3, 4, 5, 6, 7, 8, 9]
Local assets not found. Downloading from HuggingFace Hub...
Assets already downloaded at /home/user/.cache/libero/assets
    [libero_10 t0 gated ep0] seed=80000 success=True n_stalled=34
    [libero_10 t0 gated ep1] seed=80001 success=False n_stalled=22
    [libero_10 t0 gated ep2] seed=80002 success=False n_stalled=223
    [libero_10 t0 gated ep3] seed=80003 success=False n_stalled=229
    [libero_10 t0 gated ep4] seed=80004 success=False n_stalled=25
    [libero_10 t0 gated ep5] seed=80005 success=False n_stalled=204
    [libero_10 t0 gated ep6] seed=80006 success=False n_stalled=291
    [libero_10 t0 gated ep7] seed=80007 success=False n_stalled=195
    [libero_10 t0 gated ep8] seed=80008 success=False n_stalled=129
    [libero_10 t0 gated ep9] seed=80009 success=False n_stalled=282
    [libero_10 t0 gated ep10] seed=80010 success=True n_stalled=16
    [libero_10 t0 gated ep11] seed=80011 success=False n_stalled=387
    [libero_10 t0 gated ep12] seed=80012 success=False n_stalled=237
    [libero_10 t0 gated ep13] seed=80013 success=False n_stalled=10
    [libero_10 t0 gated ep14] seed=80014 success=False n_stalled=170
    [libero_10 t0 gated ep15] seed=80015 success=False n_stalled=151
    [libero_10 t0 gated ep16] seed=80016 success=False n_stalled=349
    [libero_10 t0 gated ep17] seed=80017 success=True n_stalled=35
    [libero_10 t0 gated ep18] seed=80018 success=False n_stalled=245
    [libero_10 t0 gated ep19] seed=80019 success=False n_stalled=49
=== libero_10 task0 always_careful ===
[info] using task orders [0, 1, 2, 3, 4, 5, 6, 7, 8, 9]
    [libero_10 t0 always_careful ep0] seed=80000 success=False n_stalled=520
    [libero_10 t0 always_careful ep1] seed=80001 success=False n_stalled=520
    [libero_10 t0 always_careful ep2] seed=80002 success=False n_stalled=520
    [libero_10 t0 always_careful ep3] seed=80003 success=False n_stalled=520
    [libero_10 t0 always_careful ep4] seed=80004 success=False n_stalled=520
    [libero_10 t0 always_careful ep5] seed=80005 success=False n_stalled=520
    [libero_10 t0 always_careful ep6] seed=80006 success=False n_stalled=520
    [libero_10 t0 always_careful ep7] seed=80007 success=False n_stalled=520
    [libero_10 t0 always_careful ep8] seed=80008 success=False n_stalled=520
    [libero_10 t0 always_careful ep9] seed=80009 success=True n_stalled=276
    [libero_10 t0 always_careful ep10] seed=80010 success=False n_stalled=520
    [libero_10 t0 always_careful ep11] seed=80011 success=True n_stalled=302
    [libero_10 t0 always_careful ep12] seed=80012 success=True n_stalled=287
    [libero_10 t0 always_careful ep13] seed=80013 success=False n_stalled=520
    [libero_10 t0 always_careful ep14] seed=80014 success=False n_stalled=520
    [libero_10 t0 always_careful ep15] seed=80015 success=False n_stalled=520
    [libero_10 t0 always_careful ep16] seed=80016 success=False n_stalled=520
    [libero_10 t0 always_careful ep17] seed=80017 success=True n_stalled=303
    [libero_10 t0 always_careful ep18] seed=80018 success=False n_stalled=520
    [libero_10 t0 always_careful ep19] seed=80019 success=True n_stalled=421
=== libero_10 task1 gated ===
[info] using task orders [0, 1, 2, 3, 4, 5, 6, 7, 8, 9]
    [libero_10 t1 gated ep0] seed=80100 success=True n_stalled=11
    [libero_10 t1 gated ep1] seed=80101 success=True n_stalled=3
    [libero_10 t1 gated ep2] seed=80102 success=True n_stalled=1
    [libero_10 t1 gated ep3] seed=80103 success=True n_stalled=0
    [libero_10 t1 gated ep4] seed=80104 success=False n_stalled=339
    [libero_10 t1 gated ep5] seed=80105 success=True n_stalled=3
    [libero_10 t1 gated ep6] seed=80106 success=True n_stalled=14
    [libero_10 t1 gated ep7] seed=80107 success=True n_stalled=0
    [libero_10 t1 gated ep8] seed=80108 success=True n_stalled=7
    [libero_10 t1 gated ep9] seed=80109 success=True n_stalled=16
    [libero_10 t1 gated ep10] seed=80110 success=True n_stalled=1
    [libero_10 t1 gated ep11] seed=80111 success=True n_stalled=0
    [libero_10 t1 gated ep12] seed=80112 success=False n_stalled=188
    [libero_10 t1 gated ep13] seed=80113 success=True n_stalled=35
    [libero_10 t1 gated ep14] seed=80114 success=True n_stalled=1
    [libero_10 t1 gated ep15] seed=80115 success=True n_stalled=0
    [libero_10 t1 gated ep16] seed=80116 success=False n_stalled=362
    [libero_10 t1 gated ep17] seed=80117 success=True n_stalled=2
    [libero_10 t1 gated ep18] seed=80118 success=False n_stalled=234
    [libero_10 t1 gated ep19] seed=80119 success=True n_stalled=5
=== libero_10 task1 always_careful ===
[info] using task orders [0, 1, 2, 3, 4, 5, 6, 7, 8, 9]
    [libero_10 t1 always_careful ep0] seed=80100 success=True n_stalled=252
    [libero_10 t1 always_careful ep1] seed=80101 success=True n_stalled=256
    [libero_10 t1 always_careful ep2] seed=80102 success=True n_stalled=263
    [libero_10 t1 always_careful ep3] seed=80103 success=True n_stalled=435
    [libero_10 t1 always_careful ep4] seed=80104 success=False n_stalled=520
    [libero_10 t1 always_careful ep5] seed=80105 success=False n_stalled=520
    [libero_10 t1 always_careful ep6] seed=80106 success=False n_stalled=520
    [libero_10 t1 always_careful ep7] seed=80107 success=True n_stalled=295
    [libero_10 t1 always_careful ep8] seed=80108 success=True n_stalled=266
    [libero_10 t1 always_careful ep9] seed=80109 success=True n_stalled=503
    [libero_10 t1 always_careful ep10] seed=80110 success=False n_stalled=520
    [libero_10 t1 always_careful ep11] seed=80111 success=True n_stalled=256
    [libero_10 t1 always_careful ep12] seed=80112 success=False n_stalled=520
    [libero_10 t1 always_careful ep13] seed=80113 success=False n_stalled=520
    [libero_10 t1 always_careful ep14] seed=80114 success=False n_stalled=520
    [libero_10 t1 always_careful ep15] seed=80115 success=True n_stalled=264
    [libero_10 t1 always_careful ep16] seed=80116 success=True n_stalled=262
    [libero_10 t1 always_careful ep17] seed=80117 success=True n_stalled=247
    [libero_10 t1 always_careful ep18] seed=80118 success=True n_stalled=274
    [libero_10 t1 always_careful ep19] seed=80119 success=True n_stalled=290
worker done
Exception ignored in: <function MjRenderContext.__del__ at 0x72e2f1dfb1a0>
Traceback (most recent call last):
  File "/home/user/anaconda3/envs/vla_smolvla_libero/lib/python3.12/site-packages/robosuite/utils/binding_utils.py", line 199, in __del__
    self.gl_ctx.free()
  File "/home/user/anaconda3/envs/vla_smolvla_libero/lib/python3.12/site-packages/robosuite/renderers/context/egl_context.py", line 149, in free
    EGL.eglMakeCurrent(EGL_DISPLAY, EGL.EGL_NO_SURFACE, EGL.EGL_NO_SURFACE, EGL.EGL_NO_CONTEXT)
  File "/home/user/anaconda3/envs/vla_smolvla_libero/lib/python3.12/site-packages/OpenGL/error.py", line 230, in glCheckError
    raise self._errorClass(
OpenGL.raw.EGL._errors.EGLError: EGLError(
	err = EGL_NOT_INITIALIZED,
	baseOperation = eglMakeCurrent,
	cArguments = (
		<OpenGL._opaque.EGLDisplay_pointer object at 0x72e2c0700d50>,
		<OpenGL._opaque.EGLSurface_pointer object at 0x72e2f1d97ad0>,
		<OpenGL._opaque.EGLSurface_pointer object at 0x72e2f1d97ad0>,
		<OpenGL._opaque.EGLContext_pointer object at 0x72e2f1d979d0>,
	),
	result = 0
)
Exception ignored in: <function EGLGLContext.__del__ at 0x72e2f1dfb060>
Traceback (most recent call last):
  File "/home/user/anaconda3/envs/vla_smolvla_libero/lib/python3.12/site-packages/robosuite/renderers/context/egl_context.py", line 155, in __del__
    self.free()
  File "/home/user/anaconda3/envs/vla_smolvla_libero/lib/python3.12/site-packages/robosuite/renderers/context/egl_context.py", line 149, in free
    EGL.eglMakeCurrent(EGL_DISPLAY, EGL.EGL_NO_SURFACE, EGL.EGL_NO_SURFACE, EGL.EGL_NO_CONTEXT)
  File "/home/user/anaconda3/envs/vla_smolvla_libero/lib/python3.12/site-packages/OpenGL/error.py", line 230, in glCheckError
    raise self._errorClass(
OpenGL.raw.EGL._errors.EGLError: EGLError(
	err = EGL_NOT_INITIALIZED,
	baseOperation = eglMakeCurrent,
	cArguments = (
		<OpenGL._opaque.EGLDisplay_pointer object at 0x72e2c0700d50>,
		<OpenGL._opaque.EGLSurface_pointer object at 0x72e2f1d97ad0>,
		<OpenGL._opaque.EGLSurface_pointer object at 0x72e2f1d97ad0>,
		<OpenGL._opaque.EGLContext_pointer object at 0x72e2f1d979d0>,
	),
	result = 0
)
