`torch_dtype` is deprecated! Use `dtype` instead!
Loading  HuggingFaceTB/SmolVLM2-500M-Video-Instruct weights ...
Loading weights:   0%|          | 0/489 [00:00<?, ?it/s]Loading weights:  80%|████████  | 393/489 [00:00<00:00, 3923.42it/s]Loading weights: 100%|██████████| 489/489 [00:00<00:00, 4142.54it/s]
Warning: You are sending unauthenticated requests to the HF Hub. Please set a HF_TOKEN to enable higher rate limits and faster downloads.
WARNING:huggingface_hub.utils._http:Warning: You are sending unauthenticated requests to the HF Hub. Please set a HF_TOKEN to enable higher rate limits and faster downloads.
[robosuite WARNING] No private macro file found! (__init__.py:7)
WARNING:robosuite_logs:No private macro file found!
[robosuite WARNING] It is recommended to use a private macro file (__init__.py:8)
WARNING:robosuite_logs:It is recommended to use a private macro file
[robosuite WARNING] To setup, run: python /home/user/anaconda3/envs/vla_smolvla_libero/lib/python3.12/site-packages/robosuite/scripts/setup_macros.py (__init__.py:9)
WARNING:robosuite_logs:To setup, run: python /home/user/anaconda3/envs/vla_smolvla_libero/lib/python3.12/site-packages/robosuite/scripts/setup_macros.py
Reducing the number of VLM layers to 16 ...
Loading weights from local directory
[info] using task orders [0, 1, 2, 3, 4, 5, 6, 7, 8, 9]
Local assets not found. Downloading from HuggingFace Hub...
Assets already downloaded at /home/user/.cache/libero/assets
[info] using task orders [0, 1, 2, 3, 4, 5, 6, 7, 8, 9]
[update 0] task=3 attempt=0 rollout=0 success=True progress_final=0.807 reward=1.403 steps=85 n_chunks=85
[update 0] task=3 attempt=0 rollout=1 success=True progress_final=0.925 reward=1.462 steps=98 n_chunks=98
[update 0] task=3 attempt=0 rollout=2 success=True progress_final=0.890 reward=1.445 steps=90 n_chunks=90
[update 0] task=3 attempt=0 rollout=3 success=True progress_final=0.912 reward=1.456 steps=89 n_chunks=89
[update 0] task=5 attempt=0 rollout=0 success=False progress_final=0.284 reward=0.142 steps=220 n_chunks=220
[update 0] task=5 attempt=0 rollout=1 success=False progress_final=0.380 reward=0.190 steps=220 n_chunks=220
[update 0] task=5 attempt=0 rollout=2 success=False progress_final=0.436 reward=0.218 steps=220 n_chunks=220
[update 0] task=5 attempt=0 rollout=3 success=False progress_final=0.325 reward=0.163 steps=220 n_chunks=220
===== UPDATE 0: success_rate=0.810 loss=-0.0445657748962946 grad_norm=171.27626037597656 elapsed=881s =====
[update 1] task=3 attempt=0 rollout=0 success=True progress_final=0.843 reward=1.422 steps=89 n_chunks=89
[update 1] task=3 attempt=0 rollout=1 success=True progress_final=0.899 reward=1.449 steps=91 n_chunks=91
[update 1] task=3 attempt=0 rollout=2 success=True progress_final=0.863 reward=1.431 steps=84 n_chunks=84
[update 1] task=3 attempt=0 rollout=3 success=True progress_final=0.899 reward=1.449 steps=96 n_chunks=96
[update 1] task=5 attempt=0 rollout=0 success=False progress_final=0.532 reward=0.266 steps=220 n_chunks=220
[update 1] task=5 attempt=0 rollout=1 success=False progress_final=0.250 reward=0.125 steps=220 n_chunks=220
[update 1] task=5 attempt=0 rollout=2 success=True progress_final=0.927 reward=1.463 steps=98 n_chunks=98
[update 1] task=5 attempt=0 rollout=3 success=False progress_final=0.267 reward=0.134 steps=220 n_chunks=220
===== UPDATE 1: success_rate=0.968 loss=0.3164072072196732 grad_norm=125.5485610961914 elapsed=1672s =====
[update 2] task=3 attempt=0 rollout=0 success=True progress_final=0.838 reward=1.419 steps=85 n_chunks=85
[update 2] task=3 attempt=0 rollout=1 success=True progress_final=0.908 reward=1.454 steps=97 n_chunks=97
[update 2] task=3 attempt=0 rollout=2 success=False progress_final=0.955 reward=0.478 steps=220 n_chunks=220
[update 2] task=3 attempt=0 rollout=3 success=True progress_final=0.910 reward=1.455 steps=87 n_chunks=87
[update 2] task=5 attempt=0 rollout=0 success=True progress_final=0.824 reward=1.412 steps=104 n_chunks=104
[update 2] task=5 attempt=0 rollout=1 success=False progress_final=0.366 reward=0.183 steps=220 n_chunks=220
[update 2] task=5 attempt=0 rollout=2 success=False progress_final=0.249 reward=0.125 steps=220 n_chunks=220
[update 2] task=5 attempt=0 rollout=3 success=False progress_final=0.233 reward=0.117 steps=220 n_chunks=220
===== UPDATE 2: success_rate=0.830 loss=0.682473733319536 grad_norm=177.48817443847656 elapsed=2564s =====
[update 3] task=3 attempt=0 rollout=0 success=True progress_final=0.849 reward=1.424 steps=93 n_chunks=93
[update 3] task=3 attempt=0 rollout=1 success=True progress_final=0.895 reward=1.447 steps=97 n_chunks=97
[update 3] task=3 attempt=0 rollout=2 success=True progress_final=0.835 reward=1.418 steps=86 n_chunks=86
[update 3] task=3 attempt=0 rollout=3 success=True progress_final=0.913 reward=1.456 steps=91 n_chunks=91
[update 3] task=5 attempt=0 rollout=0 success=False progress_final=0.422 reward=0.211 steps=220 n_chunks=220
[update 3] task=5 attempt=0 rollout=1 success=False progress_final=0.384 reward=0.192 steps=220 n_chunks=220
[update 3] task=5 attempt=0 rollout=2 success=False progress_final=0.317 reward=0.159 steps=220 n_chunks=220
[update 3] task=5 attempt=0 rollout=3 success=False progress_final=0.333 reward=0.167 steps=220 n_chunks=220
===== UPDATE 3: success_rate=0.809 loss=-0.012245958340865856 grad_norm=154.8500518798828 elapsed=3436s =====
[update 4] task=3 attempt=0 rollout=0 success=True progress_final=0.858 reward=1.429 steps=96 n_chunks=96
[update 4] task=3 attempt=0 rollout=1 success=True progress_final=0.907 reward=1.453 steps=95 n_chunks=95
[update 4] task=3 attempt=0 rollout=2 success=True progress_final=0.810 reward=1.405 steps=81 n_chunks=81
[update 4] task=3 attempt=0 rollout=3 success=True progress_final=0.949 reward=1.475 steps=87 n_chunks=87
[update 4] task=5 attempt=0 rollout=0 success=False progress_final=0.326 reward=0.163 steps=220 n_chunks=220
[update 4] task=5 attempt=0 rollout=1 success=False progress_final=0.366 reward=0.183 steps=220 n_chunks=220
[update 4] task=5 attempt=0 rollout=2 success=False progress_final=0.303 reward=0.152 steps=220 n_chunks=220
[update 4] task=5 attempt=0 rollout=3 success=False progress_final=0.444 reward=0.222 steps=220 n_chunks=220
===== UPDATE 4: success_rate=0.810 loss=-0.002470847450743961 grad_norm=164.85523986816406 elapsed=4317s =====
[update 5] task=3 attempt=0 rollout=0 success=True progress_final=0.854 reward=1.427 steps=89 n_chunks=89
[update 5] task=3 attempt=0 rollout=1 success=True progress_final=0.895 reward=1.447 steps=93 n_chunks=93
[update 5] task=3 attempt=0 rollout=2 success=True progress_final=0.840 reward=1.420 steps=86 n_chunks=86
[update 5] task=3 attempt=0 rollout=3 success=True progress_final=0.947 reward=1.474 steps=84 n_chunks=84
[update 5] task=5 attempt=0 rollout=0 success=True progress_final=0.825 reward=1.413 steps=107 n_chunks=107
[update 5] task=5 attempt=0 rollout=1 success=False progress_final=0.260 reward=0.130 steps=220 n_chunks=220
[update 5] task=5 attempt=0 rollout=2 success=True progress_final=0.862 reward=1.431 steps=97 n_chunks=97
[update 5] task=5 attempt=0 rollout=3 success=False progress_final=0.440 reward=0.220 steps=220 n_chunks=220
===== UPDATE 5: success_rate=1.120 loss=0.4064417092735509 grad_norm=152.3588104248047 elapsed=5028s =====
[update 6] task=3 attempt=0 rollout=0 success=True progress_final=0.882 reward=1.441 steps=92 n_chunks=92
[update 6] task=3 attempt=0 rollout=1 success=True progress_final=0.882 reward=1.441 steps=95 n_chunks=95
[update 6] task=3 attempt=0 rollout=2 success=False progress_final=0.942 reward=0.471 steps=220 n_chunks=220
[update 6] task=3 attempt=0 rollout=3 success=True progress_final=0.911 reward=1.456 steps=88 n_chunks=88
[update 6] task=5 attempt=0 rollout=0 success=False progress_final=0.239 reward=0.120 steps=220 n_chunks=220
[update 6] task=5 attempt=0 rollout=1 success=False progress_final=0.466 reward=0.233 steps=220 n_chunks=220
[update 6] task=5 attempt=0 rollout=2 success=False progress_final=0.317 reward=0.158 steps=220 n_chunks=220
[update 6] task=5 attempt=0 rollout=3 success=False progress_final=0.460 reward=0.230 steps=220 n_chunks=220
===== UPDATE 6: success_rate=0.694 loss=0.3149319077405063 grad_norm=196.2683563232422 elapsed=5994s =====
[update 7] task=3 attempt=0 rollout=0 success=True progress_final=0.852 reward=1.426 steps=86 n_chunks=86
[update 7] task=3 attempt=0 rollout=1 success=True progress_final=0.918 reward=1.459 steps=91 n_chunks=91
[update 7] task=3 attempt=0 rollout=2 success=True progress_final=0.830 reward=1.415 steps=86 n_chunks=86
[update 7] task=3 attempt=0 rollout=3 success=True progress_final=0.915 reward=1.458 steps=87 n_chunks=87
[update 7] task=5 attempt=0 rollout=0 success=False progress_final=0.489 reward=0.245 steps=220 n_chunks=220
[update 7] task=5 attempt=0 rollout=1 success=False progress_final=0.281 reward=0.140 steps=220 n_chunks=220
[update 7] task=5 attempt=0 rollout=2 success=False progress_final=0.316 reward=0.158 steps=220 n_chunks=220
[update 7] task=5 attempt=0 rollout=3 success=False progress_final=0.507 reward=0.253 steps=220 n_chunks=220
===== UPDATE 7: success_rate=0.819 loss=-0.027323910860511346 grad_norm=149.77041625976562 elapsed=6868s =====
[update 8] task=3 attempt=0 rollout=0 success=True progress_final=0.870 reward=1.435 steps=87 n_chunks=87
[update 8] task=3 attempt=0 rollout=1 success=True progress_final=0.874 reward=1.437 steps=91 n_chunks=91
[update 8] task=3 attempt=0 rollout=2 success=True progress_final=0.850 reward=1.425 steps=81 n_chunks=81
[update 8] task=3 attempt=0 rollout=3 success=True progress_final=0.969 reward=1.485 steps=89 n_chunks=89
[update 8] task=5 attempt=0 rollout=0 success=False progress_final=0.345 reward=0.172 steps=220 n_chunks=220
[update 8] task=5 attempt=0 rollout=1 success=False progress_final=0.461 reward=0.231 steps=220 n_chunks=220
[update 8] task=5 attempt=0 rollout=2 success=False progress_final=0.275 reward=0.137 steps=220 n_chunks=220
[update 8] task=5 attempt=0 rollout=3 success=False progress_final=0.309 reward=0.155 steps=220 n_chunks=220
===== UPDATE 8: success_rate=0.810 loss=0.01567592628372997 grad_norm=168.220458984375 elapsed=7731s =====
[update 9] task=3 attempt=0 rollout=0 success=True progress_final=0.865 reward=1.432 steps=84 n_chunks=84
[update 9] task=3 attempt=0 rollout=1 success=True progress_final=0.877 reward=1.439 steps=96 n_chunks=96
[update 9] task=3 attempt=0 rollout=2 success=True progress_final=0.883 reward=1.442 steps=82 n_chunks=82
[update 9] task=3 attempt=0 rollout=3 success=True progress_final=0.903 reward=1.452 steps=87 n_chunks=87
[update 9] task=5 attempt=0 rollout=0 success=True progress_final=0.808 reward=1.404 steps=96 n_chunks=96
[update 9] task=5 attempt=0 rollout=1 success=False progress_final=0.224 reward=0.112 steps=220 n_chunks=220
[update 9] task=5 attempt=0 rollout=2 success=False progress_final=0.405 reward=0.203 steps=220 n_chunks=220
[update 9] task=5 attempt=0 rollout=3 success=False progress_final=0.286 reward=0.143 steps=220 n_chunks=220
===== UPDATE 9: success_rate=0.953 loss=0.3580805801226003 grad_norm=124.52188873291016 elapsed=8340s =====
[update 10] task=3 attempt=0 rollout=0 success=True progress_final=0.810 reward=1.405 steps=86 n_chunks=86
[update 10] task=3 attempt=0 rollout=1 success=True progress_final=0.852 reward=1.426 steps=89 n_chunks=89
[update 10] task=3 attempt=0 rollout=2 success=True progress_final=0.853 reward=1.427 steps=78 n_chunks=78
[update 10] task=3 attempt=0 rollout=3 success=True progress_final=0.874 reward=1.437 steps=85 n_chunks=85
[update 10] task=5 attempt=0 rollout=0 success=False progress_final=0.377 reward=0.188 steps=220 n_chunks=220
[update 10] task=5 attempt=0 rollout=1 success=False progress_final=0.319 reward=0.160 steps=220 n_chunks=220
[update 10] task=5 attempt=0 rollout=2 success=False progress_final=0.421 reward=0.211 steps=220 n_chunks=220
[update 10] task=5 attempt=0 rollout=3 success=False progress_final=0.783 reward=0.391 steps=220 n_chunks=220
===== UPDATE 10: success_rate=0.831 loss=0.02530848670426652 grad_norm=167.05747985839844 elapsed=8902s =====
[update 11] task=3 attempt=0 rollout=0 success=True progress_final=0.882 reward=1.441 steps=91 n_chunks=91
[update 11] task=3 attempt=0 rollout=1 success=True progress_final=0.868 reward=1.434 steps=95 n_chunks=95
[update 11] task=3 attempt=0 rollout=2 success=True progress_final=0.834 reward=1.417 steps=83 n_chunks=83
[update 11] task=3 attempt=0 rollout=3 success=True progress_final=0.914 reward=1.457 steps=87 n_chunks=87
[update 11] task=5 attempt=0 rollout=0 success=False progress_final=0.438 reward=0.219 steps=220 n_chunks=220
[update 11] task=5 attempt=0 rollout=1 success=False progress_final=0.224 reward=0.112 steps=220 n_chunks=220
[update 11] task=5 attempt=0 rollout=2 success=False progress_final=0.215 reward=0.108 steps=220 n_chunks=220
[update 11] task=5 attempt=0 rollout=3 success=False progress_final=0.367 reward=0.183 steps=220 n_chunks=220
===== UPDATE 11: success_rate=0.796 loss=0.025422874814001874 grad_norm=170.80897521972656 elapsed=9504s =====
[update 12] task=3 attempt=0 rollout=0 success=False progress_final=0.768 reward=0.384 steps=220 n_chunks=220
[update 12] task=3 attempt=0 rollout=1 success=True progress_final=0.956 reward=1.478 steps=95 n_chunks=95
[update 12] task=3 attempt=0 rollout=2 success=True progress_final=0.834 reward=1.417 steps=78 n_chunks=78
[update 12] task=3 attempt=0 rollout=3 success=True progress_final=0.950 reward=1.475 steps=93 n_chunks=93
[update 12] task=5 attempt=0 rollout=0 success=False progress_final=0.299 reward=0.149 steps=220 n_chunks=220
[update 12] task=5 attempt=0 rollout=1 success=False progress_final=0.500 reward=0.250 steps=220 n_chunks=220
[update 12] task=5 attempt=0 rollout=2 success=False progress_final=0.300 reward=0.150 steps=220 n_chunks=220
[update 12] task=5 attempt=0 rollout=3 success=False progress_final=0.257 reward=0.129 steps=220 n_chunks=220
===== UPDATE 12: success_rate=0.679 loss=0.327940392350208 grad_norm=193.951171875 elapsed=10167s =====
[update 13] task=3 attempt=0 rollout=0 success=True progress_final=0.851 reward=1.425 steps=96 n_chunks=96
[update 13] task=3 attempt=0 rollout=1 success=True progress_final=0.849 reward=1.425 steps=93 n_chunks=93
[update 13] task=3 attempt=0 rollout=2 success=True progress_final=0.838 reward=1.419 steps=83 n_chunks=83
[update 13] task=3 attempt=0 rollout=3 success=True progress_final=0.973 reward=1.487 steps=90 n_chunks=90
[update 13] task=5 attempt=0 rollout=0 success=False progress_final=0.370 reward=0.185 steps=220 n_chunks=220
[update 13] task=5 attempt=0 rollout=1 success=False progress_final=0.346 reward=0.173 steps=220 n_chunks=220
[update 13] task=5 attempt=0 rollout=2 success=False progress_final=0.363 reward=0.182 steps=220 n_chunks=220
[update 13] task=5 attempt=0 rollout=3 success=False progress_final=0.316 reward=0.158 steps=220 n_chunks=220
===== UPDATE 13: success_rate=0.807 loss=-0.011547104981930359 grad_norm=162.95599365234375 elapsed=10768s =====
[update 14] task=3 attempt=0 rollout=0 success=True progress_final=0.835 reward=1.417 steps=89 n_chunks=89
[update 14] task=3 attempt=0 rollout=1 success=True progress_final=0.940 reward=1.470 steps=98 n_chunks=98
[update 14] task=3 attempt=0 rollout=2 success=True progress_final=0.869 reward=1.435 steps=86 n_chunks=86
[update 14] task=3 attempt=0 rollout=3 success=True progress_final=0.929 reward=1.465 steps=83 n_chunks=83
[update 14] task=5 attempt=0 rollout=0 success=False progress_final=0.460 reward=0.230 steps=220 n_chunks=220
[update 14] task=5 attempt=0 rollout=1 success=False progress_final=0.254 reward=0.127 steps=220 n_chunks=220
[update 14] task=5 attempt=0 rollout=2 success=True progress_final=0.888 reward=1.444 steps=208 n_chunks=208
[update 14] task=5 attempt=0 rollout=3 success=False progress_final=0.287 reward=0.143 steps=220 n_chunks=220
===== UPDATE 14: success_rate=0.966 loss=0.03117395810831606 grad_norm=155.44195556640625 elapsed=11367s =====
Saved RL checkpoint to rl_checkpoint/pgr_s0
Exception ignored in: <function MjRenderContext.__del__ at 0x7d6e2b8ec7c0>
Traceback (most recent call last):
  File "/home/user/anaconda3/envs/vla_smolvla_libero/lib/python3.12/site-packages/robosuite/utils/binding_utils.py", line 199, in __del__
    self.gl_ctx.free()
  File "/home/user/anaconda3/envs/vla_smolvla_libero/lib/python3.12/site-packages/robosuite/renderers/context/egl_context.py", line 150, in free
    EGL.eglDestroyContext(EGL_DISPLAY, self._context)
  File "/home/user/anaconda3/envs/vla_smolvla_libero/lib/python3.12/site-packages/OpenGL/error.py", line 230, in glCheckError
    raise self._errorClass(
OpenGL.raw.EGL._errors.EGLError: EGLError(
	err = EGL_NOT_INITIALIZED,
	baseOperation = eglDestroyContext,
	cArguments = (
		<OpenGL._opaque.EGLDisplay_pointer object at 0x7d6df8161c50>,
		<OpenGL._opaque.EGLContext_pointer object at 0x7d6df80f8150>,
	),
	result = 0
)
Exception ignored in: <function EGLGLContext.__del__ at 0x7d6e2b8ec680>
Traceback (most recent call last):
  File "/home/user/anaconda3/envs/vla_smolvla_libero/lib/python3.12/site-packages/robosuite/renderers/context/egl_context.py", line 155, in __del__
    self.free()
  File "/home/user/anaconda3/envs/vla_smolvla_libero/lib/python3.12/site-packages/robosuite/renderers/context/egl_context.py", line 150, in free
    EGL.eglDestroyContext(EGL_DISPLAY, self._context)
  File "/home/user/anaconda3/envs/vla_smolvla_libero/lib/python3.12/site-packages/OpenGL/error.py", line 230, in glCheckError
    raise self._errorClass(
OpenGL.raw.EGL._errors.EGLError: EGLError(
	err = EGL_NOT_INITIALIZED,
	baseOperation = eglDestroyContext,
	cArguments = (
		<OpenGL._opaque.EGLDisplay_pointer object at 0x7d6df8161c50>,
		<OpenGL._opaque.EGLContext_pointer object at 0x7d6df80f8150>,
	),
	result = 0
)
Exception ignored in: <function MjRenderContext.__del__ at 0x7d6e2b8ec7c0>
Traceback (most recent call last):
  File "/home/user/anaconda3/envs/vla_smolvla_libero/lib/python3.12/site-packages/robosuite/utils/binding_utils.py", line 199, in __del__
    self.gl_ctx.free()
  File "/home/user/anaconda3/envs/vla_smolvla_libero/lib/python3.12/site-packages/robosuite/renderers/context/egl_context.py", line 149, in free
    EGL.eglMakeCurrent(EGL_DISPLAY, EGL.EGL_NO_SURFACE, EGL.EGL_NO_SURFACE, EGL.EGL_NO_CONTEXT)
  File "/home/user/anaconda3/envs/vla_smolvla_libero/lib/python3.12/site-packages/OpenGL/error.py", line 230, in glCheckError
    raise self._errorClass(
OpenGL.raw.EGL._errors.EGLError: EGLError(
	err = EGL_NOT_INITIALIZED,
	baseOperation = eglMakeCurrent,
	cArguments = (
		<OpenGL._opaque.EGLDisplay_pointer object at 0x7d6df8161c50>,
		<OpenGL._opaque.EGLSurface_pointer object at 0x7d6e2b80f3d0>,
		<OpenGL._opaque.EGLSurface_pointer object at 0x7d6e2b80f3d0>,
		<OpenGL._opaque.EGLContext_pointer object at 0x7d6e2b80f2d0>,
	),
	result = 0
)
Exception ignored in: <function EGLGLContext.__del__ at 0x7d6e2b8ec680>
Traceback (most recent call last):
  File "/home/user/anaconda3/envs/vla_smolvla_libero/lib/python3.12/site-packages/robosuite/renderers/context/egl_context.py", line 155, in __del__
    self.free()
  File "/home/user/anaconda3/envs/vla_smolvla_libero/lib/python3.12/site-packages/robosuite/renderers/context/egl_context.py", line 149, in free
    EGL.eglMakeCurrent(EGL_DISPLAY, EGL.EGL_NO_SURFACE, EGL.EGL_NO_SURFACE, EGL.EGL_NO_CONTEXT)
  File "/home/user/anaconda3/envs/vla_smolvla_libero/lib/python3.12/site-packages/OpenGL/error.py", line 230, in glCheckError
    raise self._errorClass(
OpenGL.raw.EGL._errors.EGLError: EGLError(
	err = EGL_NOT_INITIALIZED,
	baseOperation = eglMakeCurrent,
	cArguments = (
		<OpenGL._opaque.EGLDisplay_pointer object at 0x7d6df8161c50>,
		<OpenGL._opaque.EGLSurface_pointer object at 0x7d6e2b80f3d0>,
		<OpenGL._opaque.EGLSurface_pointer object at 0x7d6e2b80f3d0>,
		<OpenGL._opaque.EGLContext_pointer object at 0x7d6e2b80f2d0>,
	),
	result = 0
)
