Warning: You are sending unauthenticated requests to the HF Hub. Please set a HF_TOKEN to enable higher rate limits and faster downloads.
WARNING:huggingface_hub.utils._http:Warning: You are sending unauthenticated requests to the HF Hub. Please set a HF_TOKEN to enable higher rate limits and faster downloads.
`torch_dtype` is deprecated! Use `dtype` instead!
Loading  HuggingFaceTB/SmolVLM2-500M-Video-Instruct weights ...
Loading weights:   0%|          | 0/489 [00:00<?, ?it/s]Loading weights:  80%|███████▉  | 389/489 [00:00<00:00, 3878.91it/s]Loading weights: 100%|██████████| 489/489 [00:00<00:00, 4210.16it/s]
[robosuite WARNING] No private macro file found! (__init__.py:7)
WARNING:robosuite_logs:No private macro file found!
[robosuite WARNING] It is recommended to use a private macro file (__init__.py:8)
WARNING:robosuite_logs:It is recommended to use a private macro file
[robosuite WARNING] To setup, run: python /home/user/anaconda3/envs/vla_smolvla_libero/lib/python3.12/site-packages/robosuite/scripts/setup_macros.py (__init__.py:9)
WARNING:robosuite_logs:To setup, run: python /home/user/anaconda3/envs/vla_smolvla_libero/lib/python3.12/site-packages/robosuite/scripts/setup_macros.py
Reducing the number of VLM layers to 16 ...
Loading weights from local directory
[info] using task orders [0, 1, 2, 3, 4, 5, 6, 7, 8, 9]
Local assets not found. Downloading from HuggingFace Hub...
Assets already downloaded at /home/user/.cache/libero/assets
[info] using task orders [0, 1, 2, 3, 4, 5, 6, 7, 8, 9]
[update 0] task=5 attempt=0 rollout=0 success=False progress_final=0.438 reward=0.219 steps=220 n_chunks=220
[update 0] task=5 attempt=0 rollout=1 success=False progress_final=0.397 reward=0.198 steps=220 n_chunks=220
[update 0] task=5 attempt=0 rollout=2 success=False progress_final=0.496 reward=0.248 steps=220 n_chunks=220
[update 0] task=5 attempt=0 rollout=3 success=False progress_final=0.333 reward=0.166 steps=220 n_chunks=220
[update 0] task=3 attempt=0 rollout=0 success=True progress_final=0.922 reward=1.461 steps=93 n_chunks=93
[update 0] task=3 attempt=0 rollout=1 success=True progress_final=0.899 reward=1.450 steps=87 n_chunks=87
[update 0] task=3 attempt=0 rollout=2 success=True progress_final=0.863 reward=1.432 steps=81 n_chunks=81
[update 0] task=3 attempt=0 rollout=3 success=True progress_final=0.909 reward=1.454 steps=89 n_chunks=89
===== UPDATE 0: success_rate=0.829 loss=-0.01320356392278904 grad_norm=153.22012329101562 elapsed=865s =====
[update 1] task=5 attempt=0 rollout=0 success=True progress_final=0.883 reward=1.441 steps=103 n_chunks=103
[update 1] task=5 attempt=0 rollout=1 success=False progress_final=0.310 reward=0.155 steps=220 n_chunks=220
[update 1] task=5 attempt=0 rollout=2 success=False progress_final=0.302 reward=0.151 steps=220 n_chunks=220
[update 1] task=5 attempt=0 rollout=3 success=False progress_final=0.314 reward=0.157 steps=220 n_chunks=220
[update 1] task=3 attempt=0 rollout=0 success=True progress_final=0.853 reward=1.427 steps=90 n_chunks=90
[update 1] task=3 attempt=0 rollout=1 success=True progress_final=0.922 reward=1.461 steps=91 n_chunks=91
[update 1] task=3 attempt=0 rollout=2 success=True progress_final=0.822 reward=1.411 steps=82 n_chunks=82
[update 1] task=3 attempt=0 rollout=3 success=True progress_final=0.921 reward=1.461 steps=87 n_chunks=87
===== UPDATE 1: success_rate=0.958 loss=0.3361142762373507 grad_norm=137.6522216796875 elapsed=1652s =====
[update 2] task=5 attempt=0 rollout=0 success=False progress_final=0.464 reward=0.232 steps=220 n_chunks=220
[update 2] task=5 attempt=0 rollout=1 success=False progress_final=0.619 reward=0.310 steps=220 n_chunks=220
[update 2] task=5 attempt=0 rollout=2 success=False progress_final=0.329 reward=0.164 steps=220 n_chunks=220
[update 2] task=5 attempt=0 rollout=3 success=False progress_final=0.298 reward=0.149 steps=220 n_chunks=220
[update 2] task=3 attempt=0 rollout=0 success=True progress_final=0.868 reward=1.434 steps=88 n_chunks=88
[update 2] task=3 attempt=0 rollout=1 success=True progress_final=0.873 reward=1.436 steps=95 n_chunks=95
[update 2] task=3 attempt=0 rollout=2 success=True progress_final=0.851 reward=1.425 steps=83 n_chunks=83
[update 2] task=3 attempt=0 rollout=3 success=True progress_final=0.897 reward=1.449 steps=86 n_chunks=86
===== UPDATE 2: success_rate=0.825 loss=-0.0026047010633900953 grad_norm=166.62686157226562 elapsed=2527s =====
[update 3] task=5 attempt=0 rollout=0 success=False progress_final=0.564 reward=0.282 steps=220 n_chunks=220
[update 3] task=5 attempt=0 rollout=1 success=False progress_final=0.377 reward=0.188 steps=220 n_chunks=220
[update 3] task=5 attempt=0 rollout=2 success=False progress_final=0.361 reward=0.180 steps=220 n_chunks=220
[update 3] task=5 attempt=0 rollout=3 success=False progress_final=0.454 reward=0.227 steps=220 n_chunks=220
[update 3] task=3 attempt=0 rollout=0 success=True progress_final=0.844 reward=1.422 steps=90 n_chunks=90
[update 3] task=3 attempt=0 rollout=1 success=True progress_final=0.849 reward=1.425 steps=91 n_chunks=91
[update 3] task=3 attempt=0 rollout=2 success=True progress_final=0.847 reward=1.423 steps=82 n_chunks=82
[update 3] task=3 attempt=0 rollout=3 success=True progress_final=0.887 reward=1.443 steps=90 n_chunks=90
===== UPDATE 3: success_rate=0.824 loss=-0.0378927587979418 grad_norm=177.52947998046875 elapsed=3392s =====
[update 4] task=5 attempt=0 rollout=0 success=False progress_final=0.330 reward=0.165 steps=220 n_chunks=220
[update 4] task=5 attempt=0 rollout=1 success=False progress_final=0.358 reward=0.179 steps=220 n_chunks=220
[update 4] task=5 attempt=0 rollout=2 success=True progress_final=0.878 reward=1.439 steps=94 n_chunks=94
[update 4] task=5 attempt=0 rollout=3 success=False progress_final=0.797 reward=0.399 steps=220 n_chunks=220
[update 4] task=3 attempt=0 rollout=0 success=True progress_final=0.831 reward=1.415 steps=92 n_chunks=92
[update 4] task=3 attempt=0 rollout=1 success=True progress_final=0.908 reward=1.454 steps=92 n_chunks=92
[update 4] task=3 attempt=0 rollout=2 success=True progress_final=0.844 reward=1.422 steps=82 n_chunks=82
[update 4] task=3 attempt=0 rollout=3 success=True progress_final=0.893 reward=1.446 steps=90 n_chunks=90
===== UPDATE 4: success_rate=0.990 loss=0.36080806934618737 grad_norm=133.71156311035156 elapsed=4179s =====
[update 5] task=5 attempt=0 rollout=0 success=False progress_final=0.488 reward=0.244 steps=220 n_chunks=220
[update 5] task=5 attempt=0 rollout=1 success=False progress_final=0.293 reward=0.147 steps=220 n_chunks=220
[update 5] task=5 attempt=0 rollout=2 success=True progress_final=0.873 reward=1.437 steps=99 n_chunks=99
[update 5] task=5 attempt=0 rollout=3 success=False progress_final=0.522 reward=0.261 steps=220 n_chunks=220
[update 5] task=3 attempt=0 rollout=0 success=True progress_final=0.855 reward=1.427 steps=94 n_chunks=94
[update 5] task=3 attempt=0 rollout=1 success=True progress_final=0.875 reward=1.438 steps=88 n_chunks=88
[update 5] task=3 attempt=0 rollout=2 success=True progress_final=0.852 reward=1.426 steps=82 n_chunks=82
[update 5] task=3 attempt=0 rollout=3 success=True progress_final=0.899 reward=1.450 steps=84 n_chunks=84
===== UPDATE 5: success_rate=0.979 loss=0.3563652415208808 grad_norm=129.34178161621094 elapsed=4964s =====
[update 6] task=5 attempt=0 rollout=0 success=False progress_final=0.448 reward=0.224 steps=220 n_chunks=220
[update 6] task=5 attempt=0 rollout=1 success=False progress_final=0.336 reward=0.168 steps=220 n_chunks=220
[update 6] task=5 attempt=0 rollout=2 success=False progress_final=0.349 reward=0.174 steps=220 n_chunks=220
[update 6] task=5 attempt=0 rollout=3 success=False progress_final=0.243 reward=0.121 steps=220 n_chunks=220
[update 6] task=3 attempt=0 rollout=0 success=True progress_final=0.890 reward=1.445 steps=85 n_chunks=85
[update 6] task=3 attempt=0 rollout=1 success=True progress_final=0.846 reward=1.423 steps=91 n_chunks=91
[update 6] task=3 attempt=0 rollout=2 success=True progress_final=0.825 reward=1.413 steps=82 n_chunks=82
[update 6] task=3 attempt=0 rollout=3 success=True progress_final=0.891 reward=1.446 steps=88 n_chunks=88
===== UPDATE 6: success_rate=0.802 loss=0.007284712152734861 grad_norm=159.1927947998047 elapsed=5829s =====
[update 7] task=5 attempt=0 rollout=0 success=False progress_final=0.432 reward=0.216 steps=220 n_chunks=220
[update 7] task=5 attempt=0 rollout=1 success=False progress_final=0.371 reward=0.185 steps=220 n_chunks=220
[update 7] task=5 attempt=0 rollout=2 success=False progress_final=0.318 reward=0.159 steps=220 n_chunks=220
[update 7] task=5 attempt=0 rollout=3 success=False progress_final=0.626 reward=0.313 steps=220 n_chunks=220
[update 7] task=3 attempt=0 rollout=0 success=True progress_final=0.850 reward=1.425 steps=92 n_chunks=92
[update 7] task=3 attempt=0 rollout=1 success=True progress_final=0.913 reward=1.457 steps=93 n_chunks=93
[update 7] task=3 attempt=0 rollout=2 success=True progress_final=0.805 reward=1.403 steps=78 n_chunks=78
[update 7] task=3 attempt=0 rollout=3 success=True progress_final=0.927 reward=1.464 steps=85 n_chunks=85
===== UPDATE 7: success_rate=0.828 loss=-0.031232539200336227 grad_norm=165.95071411132812 elapsed=6699s =====
[update 8] task=5 attempt=0 rollout=0 success=False progress_final=0.395 reward=0.197 steps=220 n_chunks=220
[update 8] task=5 attempt=0 rollout=1 success=False progress_final=0.294 reward=0.147 steps=220 n_chunks=220
[update 8] task=5 attempt=0 rollout=2 success=False progress_final=0.280 reward=0.140 steps=220 n_chunks=220
[update 8] task=5 attempt=0 rollout=3 success=False progress_final=0.484 reward=0.242 steps=220 n_chunks=220
[update 8] task=3 attempt=0 rollout=0 success=True progress_final=0.819 reward=1.409 steps=88 n_chunks=88
[update 8] task=3 attempt=0 rollout=1 success=True progress_final=0.904 reward=1.452 steps=99 n_chunks=99
[update 8] task=3 attempt=0 rollout=2 success=True progress_final=0.878 reward=1.439 steps=84 n_chunks=84
[update 8] task=3 attempt=0 rollout=3 success=True progress_final=0.932 reward=1.466 steps=90 n_chunks=90
===== UPDATE 8: success_rate=0.812 loss=-0.00018754164409867994 grad_norm=157.04579162597656 elapsed=7572s =====
[update 9] task=5 attempt=0 rollout=0 success=False progress_final=0.711 reward=0.356 steps=220 n_chunks=220
[update 9] task=5 attempt=0 rollout=1 success=False progress_final=0.872 reward=0.436 steps=220 n_chunks=220
[update 9] task=5 attempt=0 rollout=2 success=False progress_final=0.592 reward=0.296 steps=220 n_chunks=220
[update 9] task=5 attempt=0 rollout=3 success=False progress_final=0.815 reward=0.408 steps=220 n_chunks=220
[update 9] task=3 attempt=0 rollout=0 success=True progress_final=0.872 reward=1.436 steps=97 n_chunks=97
[update 9] task=3 attempt=0 rollout=1 success=True progress_final=0.837 reward=1.418 steps=91 n_chunks=91
[update 9] task=3 attempt=0 rollout=2 success=False progress_final=0.867 reward=0.433 steps=220 n_chunks=220
[update 9] task=3 attempt=0 rollout=3 success=True progress_final=0.908 reward=1.454 steps=88 n_chunks=88
===== UPDATE 9: success_rate=0.780 loss=0.34467155854542586 grad_norm=191.13832092285156 elapsed=8352s =====
[update 10] task=5 attempt=0 rollout=0 success=False progress_final=0.354 reward=0.177 steps=220 n_chunks=220
[update 10] task=5 attempt=0 rollout=1 success=False progress_final=0.343 reward=0.171 steps=220 n_chunks=220
[update 10] task=5 attempt=0 rollout=2 success=False progress_final=0.233 reward=0.117 steps=220 n_chunks=220
[update 10] task=5 attempt=0 rollout=3 success=False progress_final=0.325 reward=0.162 steps=220 n_chunks=220
[update 10] task=3 attempt=0 rollout=0 success=True progress_final=0.947 reward=1.473 steps=89 n_chunks=89
[update 10] task=3 attempt=0 rollout=1 success=True progress_final=0.923 reward=1.461 steps=96 n_chunks=96
[update 10] task=3 attempt=0 rollout=2 success=True progress_final=0.838 reward=1.419 steps=83 n_chunks=83
[update 10] task=3 attempt=0 rollout=3 success=True progress_final=0.918 reward=1.459 steps=91 n_chunks=91
===== UPDATE 10: success_rate=0.805 loss=-0.029961920053945424 grad_norm=153.91253662109375 elapsed=8919s =====
[update 11] task=5 attempt=0 rollout=0 success=False progress_final=0.571 reward=0.285 steps=220 n_chunks=220
[update 11] task=5 attempt=0 rollout=1 success=False progress_final=0.277 reward=0.138 steps=220 n_chunks=220
[update 11] task=5 attempt=0 rollout=2 success=False progress_final=0.274 reward=0.137 steps=220 n_chunks=220
[update 11] task=5 attempt=0 rollout=3 success=False progress_final=0.377 reward=0.188 steps=220 n_chunks=220
[update 11] task=3 attempt=0 rollout=0 success=True progress_final=0.938 reward=1.469 steps=95 n_chunks=95
[update 11] task=3 attempt=0 rollout=1 success=False progress_final=0.791 reward=0.396 steps=220 n_chunks=220
[update 11] task=3 attempt=0 rollout=2 success=True progress_final=0.877 reward=1.438 steps=83 n_chunks=83
[update 11] task=3 attempt=0 rollout=3 success=True progress_final=0.907 reward=1.453 steps=85 n_chunks=85
===== UPDATE 11: success_rate=0.688 loss=0.3070044677010351 grad_norm=169.87757873535156 elapsed=9572s =====
[update 12] task=5 attempt=0 rollout=0 success=False progress_final=0.419 reward=0.209 steps=220 n_chunks=220
[update 12] task=5 attempt=0 rollout=1 success=False progress_final=0.405 reward=0.203 steps=220 n_chunks=220
[update 12] task=5 attempt=0 rollout=2 success=False progress_final=0.306 reward=0.153 steps=220 n_chunks=220
[update 12] task=5 attempt=0 rollout=3 success=False progress_final=0.401 reward=0.200 steps=220 n_chunks=220
[update 12] task=3 attempt=0 rollout=0 success=True progress_final=0.828 reward=1.414 steps=90 n_chunks=90
[update 12] task=3 attempt=0 rollout=1 success=True progress_final=0.864 reward=1.432 steps=93 n_chunks=93
[update 12] task=3 attempt=0 rollout=2 success=True progress_final=0.864 reward=1.432 steps=86 n_chunks=86
[update 12] task=3 attempt=0 rollout=3 success=True progress_final=0.936 reward=1.468 steps=86 n_chunks=86
===== UPDATE 12: success_rate=0.814 loss=-0.008086967239013086 grad_norm=152.9065704345703 elapsed=10170s =====
[update 13] task=5 attempt=0 rollout=0 success=True progress_final=0.835 reward=1.418 steps=106 n_chunks=106
[update 13] task=5 attempt=0 rollout=1 success=False progress_final=0.601 reward=0.301 steps=220 n_chunks=220
[update 13] task=5 attempt=0 rollout=2 success=False progress_final=0.260 reward=0.130 steps=220 n_chunks=220
[update 13] task=5 attempt=0 rollout=3 success=False progress_final=0.338 reward=0.169 steps=220 n_chunks=220
[update 13] task=3 attempt=0 rollout=0 success=True progress_final=0.841 reward=1.420 steps=90 n_chunks=90
[update 13] task=3 attempt=0 rollout=1 success=True progress_final=0.902 reward=1.451 steps=90 n_chunks=90
[update 13] task=3 attempt=0 rollout=2 success=False progress_final=0.874 reward=0.437 steps=220 n_chunks=220
[update 13] task=3 attempt=0 rollout=3 success=True progress_final=0.930 reward=1.465 steps=86 n_chunks=86
===== UPDATE 13: success_rate=0.849 loss=0.6388244943354077 grad_norm=179.9088897705078 elapsed=10775s =====
[update 14] task=5 attempt=0 rollout=0 success=False progress_final=0.581 reward=0.291 steps=220 n_chunks=220
[update 14] task=5 attempt=0 rollout=1 success=False progress_final=0.351 reward=0.175 steps=220 n_chunks=220
[update 14] task=5 attempt=0 rollout=2 success=False progress_final=0.245 reward=0.123 steps=220 n_chunks=220
[update 14] task=5 attempt=0 rollout=3 success=False progress_final=0.358 reward=0.179 steps=220 n_chunks=220
[update 14] task=3 attempt=0 rollout=0 success=True progress_final=0.852 reward=1.426 steps=88 n_chunks=88
[update 14] task=3 attempt=0 rollout=1 success=True progress_final=0.905 reward=1.452 steps=95 n_chunks=95
[update 14] task=3 attempt=0 rollout=2 success=True progress_final=0.894 reward=1.447 steps=89 n_chunks=89
[update 14] task=3 attempt=0 rollout=3 success=True progress_final=0.906 reward=1.453 steps=91 n_chunks=91
===== UPDATE 14: success_rate=0.818 loss=-0.052752248217574266 grad_norm=160.69711303710938 elapsed=11375s =====
Saved RL checkpoint to rl_checkpoint/pgr_s1
Exception ignored in: <function MjRenderContext.__del__ at 0x7ec9d886c7c0>
Traceback (most recent call last):
  File "/home/user/anaconda3/envs/vla_smolvla_libero/lib/python3.12/site-packages/robosuite/utils/binding_utils.py", line 199, in __del__
    self.gl_ctx.free()
  File "/home/user/anaconda3/envs/vla_smolvla_libero/lib/python3.12/site-packages/robosuite/renderers/context/egl_context.py", line 150, in free
    EGL.eglDestroyContext(EGL_DISPLAY, self._context)
  File "/home/user/anaconda3/envs/vla_smolvla_libero/lib/python3.12/site-packages/OpenGL/error.py", line 230, in glCheckError
    raise self._errorClass(
OpenGL.raw.EGL._errors.EGLError: EGLError(
	err = EGL_NOT_INITIALIZED,
	baseOperation = eglDestroyContext,
	cArguments = (
		<OpenGL._opaque.EGLDisplay_pointer object at 0x7ec9aa2a1b50>,
		<OpenGL._opaque.EGLContext_pointer object at 0x7ec9a44d9050>,
	),
	result = 0
)
Exception ignored in: <function EGLGLContext.__del__ at 0x7ec9d886c680>
Traceback (most recent call last):
  File "/home/user/anaconda3/envs/vla_smolvla_libero/lib/python3.12/site-packages/robosuite/renderers/context/egl_context.py", line 155, in __del__
    self.free()
  File "/home/user/anaconda3/envs/vla_smolvla_libero/lib/python3.12/site-packages/robosuite/renderers/context/egl_context.py", line 150, in free
    EGL.eglDestroyContext(EGL_DISPLAY, self._context)
  File "/home/user/anaconda3/envs/vla_smolvla_libero/lib/python3.12/site-packages/OpenGL/error.py", line 230, in glCheckError
    raise self._errorClass(
OpenGL.raw.EGL._errors.EGLError: EGLError(
	err = EGL_NOT_INITIALIZED,
	baseOperation = eglDestroyContext,
	cArguments = (
		<OpenGL._opaque.EGLDisplay_pointer object at 0x7ec9aa2a1b50>,
		<OpenGL._opaque.EGLContext_pointer object at 0x7ec9a44d9050>,
	),
	result = 0
)
Exception ignored in: <function MjRenderContext.__del__ at 0x7ec9d886c7c0>
Traceback (most recent call last):
  File "/home/user/anaconda3/envs/vla_smolvla_libero/lib/python3.12/site-packages/robosuite/utils/binding_utils.py", line 199, in __del__
    self.gl_ctx.free()
  File "/home/user/anaconda3/envs/vla_smolvla_libero/lib/python3.12/site-packages/robosuite/renderers/context/egl_context.py", line 149, in free
    EGL.eglMakeCurrent(EGL_DISPLAY, EGL.EGL_NO_SURFACE, EGL.EGL_NO_SURFACE, EGL.EGL_NO_CONTEXT)
  File "/home/user/anaconda3/envs/vla_smolvla_libero/lib/python3.12/site-packages/OpenGL/error.py", line 230, in glCheckError
    raise self._errorClass(
OpenGL.raw.EGL._errors.EGLError: EGLError(
	err = EGL_NOT_INITIALIZED,
	baseOperation = eglMakeCurrent,
	cArguments = (
		<OpenGL._opaque.EGLDisplay_pointer object at 0x7ec9aa2a1b50>,
		<OpenGL._opaque.EGLSurface_pointer object at 0x7ec9d878f3d0>,
		<OpenGL._opaque.EGLSurface_pointer object at 0x7ec9d878f3d0>,
		<OpenGL._opaque.EGLContext_pointer object at 0x7ec9d878f2d0>,
	),
	result = 0
)
Exception ignored in: <function EGLGLContext.__del__ at 0x7ec9d886c680>
Traceback (most recent call last):
  File "/home/user/anaconda3/envs/vla_smolvla_libero/lib/python3.12/site-packages/robosuite/renderers/context/egl_context.py", line 155, in __del__
    self.free()
  File "/home/user/anaconda3/envs/vla_smolvla_libero/lib/python3.12/site-packages/robosuite/renderers/context/egl_context.py", line 149, in free
    EGL.eglMakeCurrent(EGL_DISPLAY, EGL.EGL_NO_SURFACE, EGL.EGL_NO_SURFACE, EGL.EGL_NO_CONTEXT)
  File "/home/user/anaconda3/envs/vla_smolvla_libero/lib/python3.12/site-packages/OpenGL/error.py", line 230, in glCheckError
    raise self._errorClass(
OpenGL.raw.EGL._errors.EGLError: EGLError(
	err = EGL_NOT_INITIALIZED,
	baseOperation = eglMakeCurrent,
	cArguments = (
		<OpenGL._opaque.EGLDisplay_pointer object at 0x7ec9aa2a1b50>,
		<OpenGL._opaque.EGLSurface_pointer object at 0x7ec9d878f3d0>,
		<OpenGL._opaque.EGLSurface_pointer object at 0x7ec9d878f3d0>,
		<OpenGL._opaque.EGLContext_pointer object at 0x7ec9d878f2d0>,
	),
	result = 0
)
