Warning: You are sending unauthenticated requests to the HF Hub. Please set a HF_TOKEN to enable higher rate limits and faster downloads.
WARNING:huggingface_hub.utils._http:Warning: You are sending unauthenticated requests to the HF Hub. Please set a HF_TOKEN to enable higher rate limits and faster downloads.
`torch_dtype` is deprecated! Use `dtype` instead!
Loading  HuggingFaceTB/SmolVLM2-500M-Video-Instruct weights ...
Loading weights:   0%|          | 0/489 [00:00<?, ?it/s]Loading weights: 100%|██████████| 489/489 [00:00<00:00, 6702.82it/s]
Reducing the number of VLM layers to 16 ...
Loading weights from local directory
Fetching 4 files:   0%|          | 0/4 [00:00<?, ?it/s]Fetching 4 files: 100%|██████████| 4/4 [00:00<00:00, 106184.91it/s]
Fetching 4 files:   0%|          | 0/4 [00:00<?, ?it/s]Fetching 4 files: 100%|██████████| 4/4 [00:00<00:00, 99864.38it/s]
[robosuite WARNING] No private macro file found! (__init__.py:7)
WARNING:robosuite_logs:No private macro file found!
[robosuite WARNING] It is recommended to use a private macro file (__init__.py:8)
WARNING:robosuite_logs:It is recommended to use a private macro file
[robosuite WARNING] To setup, run: python /home/user/anaconda3/envs/vla_smolvla_libero/lib/python3.12/site-packages/robosuite/scripts/setup_macros.py (__init__.py:9)
WARNING:robosuite_logs:To setup, run: python /home/user/anaconda3/envs/vla_smolvla_libero/lib/python3.12/site-packages/robosuite/scripts/setup_macros.py
[info] using task orders [0, 1, 2, 3, 4, 5, 6, 7, 8, 9]
Local assets not found. Downloading from HuggingFace Hub...
Assets already downloaded at /home/user/.cache/libero/assets
[info] using task orders [0, 1, 2, 3, 4, 5, 6, 7, 8, 9]
[info] using task orders [0, 1, 2, 3, 4, 5, 6, 7, 8, 9]
[weights] 33767/101469 frames from hard tasks (0, 1, 7) (33.3%)
/home/user/anaconda3/envs/vla_smolvla_libero/lib/python3.12/multiprocessing/popen_fork.py:66: DeprecationWarning: This process (pid=693939) is multi-threaded, use of fork() may lead to deadlocks in the child.
  self.pid = os.fork()
/home/user/anaconda3/envs/vla_smolvla_libero/lib/python3.12/site-packages/torch/utils/data/_utils/pin_memory.py:57: DeprecationWarning: The argument 'device' of Tensor.pin_memory() is deprecated. Please do not pass this argument. (Triggered internally at /pytorch/aten/src/ATen/native/Memory.cpp:46.)
  return data.pin_memory(device)
/home/user/anaconda3/envs/vla_smolvla_libero/lib/python3.12/site-packages/torch/utils/data/_utils/pin_memory.py:57: DeprecationWarning: The argument 'device' of Tensor.is_pinned() is deprecated. Please do not pass this argument. (Triggered internally at /pytorch/aten/src/ATen/native/Memory.cpp:31.)
  return data.pin_memory(device)
[targeted] step    0 loss=0.2004 grad_norm=3.535 elapsed=9s
[targeted] step   20 loss=0.1877 grad_norm=3.529 elapsed=49s
[targeted] step   40 loss=0.1706 grad_norm=3.920 elapsed=96s
[targeted] step   60 loss=0.1865 grad_norm=5.260 elapsed=142s
[targeted] step   80 loss=0.1718 grad_norm=3.399 elapsed=190s
[targeted] step  100 loss=0.1992 grad_norm=5.350 elapsed=232s
[targeted] step  120 loss=0.1786 grad_norm=3.336 elapsed=277s
[targeted] step  140 loss=0.1630 grad_norm=3.807 elapsed=322s
[targeted] step  160 loss=0.1537 grad_norm=3.913 elapsed=366s
[targeted] step  180 loss=0.1634 grad_norm=6.991 elapsed=404s
[targeted] step  200 loss=0.1826 grad_norm=4.597 elapsed=444s
[targeted] step  220 loss=0.1690 grad_norm=4.303 elapsed=483s
[targeted] step  240 loss=0.1838 grad_norm=3.486 elapsed=524s
[targeted] step  260 loss=0.1726 grad_norm=3.720 elapsed=564s
[targeted] step  280 loss=0.2376 grad_norm=6.090 elapsed=603s
[targeted] step  300 loss=0.1703 grad_norm=5.869 elapsed=644s
[targeted] step  320 loss=0.1836 grad_norm=7.619 elapsed=682s
[targeted] step  340 loss=0.1498 grad_norm=4.484 elapsed=723s
malloc_consolidate(): unaligned fastbin chunk detected
Traceback (most recent call last):
  File "/home/user/anaconda3/envs/vla_smolvla_libero/lib/python3.12/site-packages/torch/utils/data/dataloader.py", line 1310, in _try_get_data
    data = self._data_queue.get(timeout=timeout)
           ^^^^^^^^^^^^^^^^^^^^^^^^^^^^^^^^^^^^^
  File "/home/user/anaconda3/envs/vla_smolvla_libero/lib/python3.12/queue.py", line 180, in get
    self.not_empty.wait(remaining)
  File "/home/user/anaconda3/envs/vla_smolvla_libero/lib/python3.12/threading.py", line 359, in wait
    gotit = waiter.acquire(True, timeout)
            ^^^^^^^^^^^^^^^^^^^^^^^^^^^^^
  File "/home/user/anaconda3/envs/vla_smolvla_libero/lib/python3.12/site-packages/torch/utils/data/_utils/signal_handling.py", line 73, in handler
    _error_if_any_worker_fails()
RuntimeError: DataLoader worker (pid 697533) is killed by signal: Aborted. 

The above exception was the direct cause of the following exception:

Traceback (most recent call last):
  File "/home/user/Desktop/multi-rate/vla-toolkit/continued_sft_curated.py", line 157, in <module>
    main()
  File "/home/user/Desktop/multi-rate/vla-toolkit/continued_sft_curated.py", line 133, in main
    batch = to_device(preprocessor(next(data_iter)))
                                   ^^^^^^^^^^^^^^^
  File "/home/user/Desktop/multi-rate/vla-toolkit/continued_sft_curated.py", line 118, in cyclic_loader
    for batch in loader:
                 ^^^^^^
  File "/home/user/anaconda3/envs/vla_smolvla_libero/lib/python3.12/site-packages/torch/utils/data/dataloader.py", line 741, in __next__
    data = self._next_data()
           ^^^^^^^^^^^^^^^^^
  File "/home/user/anaconda3/envs/vla_smolvla_libero/lib/python3.12/site-packages/torch/utils/data/dataloader.py", line 1524, in _next_data
    idx, data = self._get_data()
                ^^^^^^^^^^^^^^^^
  File "/home/user/anaconda3/envs/vla_smolvla_libero/lib/python3.12/site-packages/torch/utils/data/dataloader.py", line 1473, in _get_data
    success, data = self._try_get_data()
                    ^^^^^^^^^^^^^^^^^^^^
  File "/home/user/anaconda3/envs/vla_smolvla_libero/lib/python3.12/site-packages/torch/utils/data/dataloader.py", line 1323, in _try_get_data
    raise RuntimeError(
RuntimeError: DataLoader worker (pid(s) 697533) exited unexpectedly
Exception ignored in: <function MjRenderContext.__del__ at 0x72908af5b600>
Traceback (most recent call last):
  File "/home/user/anaconda3/envs/vla_smolvla_libero/lib/python3.12/site-packages/robosuite/utils/binding_utils.py", line 199, in __del__
    self.gl_ctx.free()
  File "/home/user/anaconda3/envs/vla_smolvla_libero/lib/python3.12/site-packages/robosuite/renderers/context/egl_context.py", line 149, in free
    EGL.eglMakeCurrent(EGL_DISPLAY, EGL.EGL_NO_SURFACE, EGL.EGL_NO_SURFACE, EGL.EGL_NO_CONTEXT)
  File "/home/user/anaconda3/envs/vla_smolvla_libero/lib/python3.12/site-packages/OpenGL/error.py", line 230, in glCheckError
    raise self._errorClass(
OpenGL.raw.EGL._errors.EGLError: EGLError(
	err = EGL_NOT_INITIALIZED,
	baseOperation = eglMakeCurrent,
	cArguments = (
		<OpenGL._opaque.EGLDisplay_pointer object at 0x729068c38cd0>,
		<OpenGL._opaque.EGLSurface_pointer object at 0x72908aefba50>,
		<OpenGL._opaque.EGLSurface_pointer object at 0x72908aefba50>,
		<OpenGL._opaque.EGLContext_pointer object at 0x72908aefb950>,
	),
	result = 0
)
Exception ignored in: <function EGLGLContext.__del__ at 0x72908af5b4c0>
Traceback (most recent call last):
  File "/home/user/anaconda3/envs/vla_smolvla_libero/lib/python3.12/site-packages/robosuite/renderers/context/egl_context.py", line 155, in __del__
    self.free()
  File "/home/user/anaconda3/envs/vla_smolvla_libero/lib/python3.12/site-packages/robosuite/renderers/context/egl_context.py", line 149, in free
    EGL.eglMakeCurrent(EGL_DISPLAY, EGL.EGL_NO_SURFACE, EGL.EGL_NO_SURFACE, EGL.EGL_NO_CONTEXT)
  File "/home/user/anaconda3/envs/vla_smolvla_libero/lib/python3.12/site-packages/OpenGL/error.py", line 230, in glCheckError
    raise self._errorClass(
OpenGL.raw.EGL._errors.EGLError: EGLError(
	err = EGL_NOT_INITIALIZED,
	baseOperation = eglMakeCurrent,
	cArguments = (
		<OpenGL._opaque.EGLDisplay_pointer object at 0x729068c38cd0>,
		<OpenGL._opaque.EGLSurface_pointer object at 0x72908aefba50>,
		<OpenGL._opaque.EGLSurface_pointer object at 0x72908aefba50>,
		<OpenGL._opaque.EGLContext_pointer object at 0x72908aefb950>,
	),
	result = 0
)
