Warning: You are sending unauthenticated requests to the HF Hub. Please set a HF_TOKEN to enable higher rate limits and faster downloads.
WARNING:huggingface_hub.utils._http:Warning: You are sending unauthenticated requests to the HF Hub. Please set a HF_TOKEN to enable higher rate limits and faster downloads.
`torch_dtype` is deprecated! Use `dtype` instead!
Loading  HuggingFaceTB/SmolVLM2-500M-Video-Instruct weights ...
Loading weights:   0%|          | 0/489 [00:00<?, ?it/s]Loading weights:  69%|██████▊   | 335/489 [00:00<00:00, 3304.48it/s]Loading weights: 100%|██████████| 489/489 [00:00<00:00, 3461.11it/s]
Reducing the number of VLM layers to 16 ...
Loading weights from local directory
Fetching 4 files:   0%|          | 0/4 [00:00<?, ?it/s]Fetching 4 files: 100%|██████████| 4/4 [00:00<00:00, 94786.53it/s]
Fetching 4 files:   0%|          | 0/4 [00:00<?, ?it/s]Fetching 4 files: 100%|██████████| 4/4 [00:00<00:00, 122461.43it/s]
[uniform] step    0 loss=0.1750 grad_norm=4.122 elapsed=9s
[uniform] step   20 loss=0.1777 grad_norm=3.803 elapsed=41s
[uniform] step   40 loss=0.1572 grad_norm=4.154 elapsed=73s
[uniform] step   60 loss=0.1415 grad_norm=3.551 elapsed=105s
[uniform] step   80 loss=0.1759 grad_norm=4.193 elapsed=136s
[uniform] step  100 loss=0.1584 grad_norm=4.903 elapsed=167s
[uniform] step  120 loss=0.1507 grad_norm=3.657 elapsed=198s
[uniform] step  140 loss=0.1743 grad_norm=5.187 elapsed=229s
[uniform] step  160 loss=0.1716 grad_norm=4.046 elapsed=260s
[uniform] step  180 loss=0.1576 grad_norm=3.679 elapsed=290s
[uniform] step  200 loss=0.1316 grad_norm=3.913 elapsed=321s
[uniform] step  220 loss=0.2049 grad_norm=4.495 elapsed=352s
[uniform] step  240 loss=0.1980 grad_norm=5.304 elapsed=381s
[uniform] step  260 loss=0.1706 grad_norm=3.480 elapsed=412s
[uniform] step  280 loss=0.1884 grad_norm=4.102 elapsed=444s
[uniform] step  300 loss=0.1306 grad_norm=3.631 elapsed=475s
[uniform] step  320 loss=0.1708 grad_norm=3.975 elapsed=506s
[uniform] step  340 loss=0.1821 grad_norm=3.638 elapsed=536s
[uniform] step  360 loss=0.1339 grad_norm=2.975 elapsed=566s
[uniform] step  380 loss=0.1593 grad_norm=4.459 elapsed=597s
[uniform] step  399 loss=0.1756 grad_norm=5.020 elapsed=627s
Saved to rl_checkpoint/sft_uniform_s1
