[suite] libero_spatial -> abl_asrc_mag_folding_40env_out/multirate_honest.json
[robosuite WARNING] No private macro file found! (__init__.py:7)
WARNING:robosuite_logs:No private macro file found!
[robosuite WARNING] It is recommended to use a private macro file (__init__.py:8)
WARNING:robosuite_logs:It is recommended to use a private macro file
[robosuite WARNING] To setup, run: python /home/user/anaconda3/envs/vla_smolvla_libero/lib/python3.12/site-packages/robosuite/scripts/setup_macros.py (__init__.py:9)
WARNING:robosuite_logs:To setup, run: python /home/user/anaconda3/envs/vla_smolvla_libero/lib/python3.12/site-packages/robosuite/scripts/setup_macros.py

============================================================
ARM asrc_mag_folding_40env
============================================================
[stats] asrc_mag_folding_40env: normalizing with lerobot/libero_spatial_image
Fetching 4 files:   0%|          | 0/4 [00:00<?, ?it/s]Fetching 4 files: 100%|██████████| 4/4 [00:00<00:00, 106184.91it/s]
Warning: You are sending unauthenticated requests to the HF Hub. Please set a HF_TOKEN to enable higher rate limits and faster downloads.
WARNING:huggingface_hub.utils._http:Warning: You are sending unauthenticated requests to the HF Hub. Please set a HF_TOKEN to enable higher rate limits and faster downloads.
`torch_dtype` is deprecated! Use `dtype` instead!
Loading  HuggingFaceTB/SmolVLM2-500M-Video-Instruct weights ...
Loading weights:   0%|          | 0/489 [00:00<?, ?it/s]Loading weights: 100%|██████████| 489/489 [00:00<00:00, 8697.82it/s]
Reducing the number of VLM layers to 16 ...
Loading  HuggingFaceTB/SmolVLM2-500M-Video-Instruct weights ...
Loading weights:   0%|          | 0/489 [00:00<?, ?it/s]Loading weights: 100%|██████████| 489/489 [00:00<00:00, 8124.92it/s]
Reducing the number of VLM layers to 16 ...
Loading weights from local directory
[asrc_mag_folding_40env] variant=asrc n_fourier=6 re-integrates at 40.0 Hz (native ODE re-integration, NOT alias folding)
[asrc_mag_folding_40env] magscale: raw pose deltas x2 (restores native per-step travel)
[info] using task orders [0, 1, 2, 3, 4, 5, 6, 7, 8, 9]
Local assets not found. Downloading from HuggingFace Hub...
Assets already downloaded at /home/user/.cache/libero/assets
[asrc_mag_folding_40env] settle window scaled to 20 steps (0.50 s at 40 Hz)
[asrc_mag_folding_40env] task 0 trial 00: OK (139/440 steps)
[asrc_mag_folding_40env] task 0 trial 01: OK (131/440 steps)
[asrc_mag_folding_40env] task 0 trial 02: x (440/440 steps)
[asrc_mag_folding_40env] task 0 trial 03: OK (135/440 steps)
[asrc_mag_folding_40env] task 0 trial 04: OK (132/440 steps)
[info] using task orders [0, 1, 2, 3, 4, 5, 6, 7, 8, 9]
[asrc_mag_folding_40env] task 1 trial 00: OK (216/440 steps)
[asrc_mag_folding_40env] task 1 trial 01: OK (200/440 steps)
[asrc_mag_folding_40env] task 1 trial 02: OK (216/440 steps)
[asrc_mag_folding_40env] task 1 trial 03: OK (216/440 steps)
[asrc_mag_folding_40env] task 1 trial 04: x (440/440 steps)
[info] using task orders [0, 1, 2, 3, 4, 5, 6, 7, 8, 9]
[asrc_mag_folding_40env] task 2 trial 00: OK (183/440 steps)
[asrc_mag_folding_40env] task 2 trial 01: OK (194/440 steps)
[asrc_mag_folding_40env] task 2 trial 02: OK (174/440 steps)
[asrc_mag_folding_40env] task 2 trial 03: x (440/440 steps)
[asrc_mag_folding_40env] task 2 trial 04: OK (186/440 steps)
[info] using task orders [0, 1, 2, 3, 4, 5, 6, 7, 8, 9]
[asrc_mag_folding_40env] task 3 trial 00: OK (163/440 steps)
[asrc_mag_folding_40env] task 3 trial 01: x (440/440 steps)
[asrc_mag_folding_40env] task 3 trial 02: OK (160/440 steps)
[asrc_mag_folding_40env] task 3 trial 03: OK (163/440 steps)
[asrc_mag_folding_40env] task 3 trial 04: OK (171/440 steps)
[info] using task orders [0, 1, 2, 3, 4, 5, 6, 7, 8, 9]
[asrc_mag_folding_40env] task 4 trial 00: OK (238/440 steps)
[asrc_mag_folding_40env] task 4 trial 01: OK (247/440 steps)
[asrc_mag_folding_40env] task 4 trial 02: x (440/440 steps)
[asrc_mag_folding_40env] task 4 trial 03: OK (247/440 steps)
[asrc_mag_folding_40env] task 4 trial 04: OK (237/440 steps)
[info] using task orders [0, 1, 2, 3, 4, 5, 6, 7, 8, 9]
[asrc_mag_folding_40env] task 5 trial 00: x (440/440 steps)
[asrc_mag_folding_40env] task 5 trial 01: x (440/440 steps)
[asrc_mag_folding_40env] task 5 trial 02: x (440/440 steps)
[asrc_mag_folding_40env] task 5 trial 03: x (440/440 steps)
[asrc_mag_folding_40env] task 5 trial 04: x (440/440 steps)
[info] using task orders [0, 1, 2, 3, 4, 5, 6, 7, 8, 9]
[asrc_mag_folding_40env] task 6 trial 00: OK (195/440 steps)
[asrc_mag_folding_40env] task 6 trial 01: x (440/440 steps)
[asrc_mag_folding_40env] task 6 trial 02: OK (193/440 steps)
[asrc_mag_folding_40env] task 6 trial 03: x (440/440 steps)
[asrc_mag_folding_40env] task 6 trial 04: OK (195/440 steps)
[info] using task orders [0, 1, 2, 3, 4, 5, 6, 7, 8, 9]
[asrc_mag_folding_40env] task 7 trial 00: OK (230/440 steps)
[asrc_mag_folding_40env] task 7 trial 01: OK (229/440 steps)
[asrc_mag_folding_40env] task 7 trial 02: OK (242/440 steps)
[asrc_mag_folding_40env] task 7 trial 03: OK (226/440 steps)
[asrc_mag_folding_40env] task 7 trial 04: OK (240/440 steps)
[info] using task orders [0, 1, 2, 3, 4, 5, 6, 7, 8, 9]
[asrc_mag_folding_40env] task 8 trial 00: x (440/440 steps)
[asrc_mag_folding_40env] task 8 trial 01: x (440/440 steps)
[asrc_mag_folding_40env] task 8 trial 02: x (440/440 steps)
[asrc_mag_folding_40env] task 8 trial 03: OK (308/440 steps)
[asrc_mag_folding_40env] task 8 trial 04: x (440/440 steps)
[info] using task orders [0, 1, 2, 3, 4, 5, 6, 7, 8, 9]
[asrc_mag_folding_40env] task 9 trial 00: OK (233/440 steps)
[asrc_mag_folding_40env] task 9 trial 01: OK (259/440 steps)
[asrc_mag_folding_40env] task 9 trial 02: OK (234/440 steps)
[asrc_mag_folding_40env] task 9 trial 03: x (440/440 steps)
[asrc_mag_folding_40env] task 9 trial 04: OK (220/440 steps)
[asrc_mag_folding_40env] diagnostics: 33/50 ok | fail_at_cap=17 fail_early=0 | succ_median=216.0/440
--> asrc_mag_folding_40env: 66.0% (440 steps @ 40 Hz = 11.0 s, replan every 20)


SUMMARY (matched wall-clock, chunk-driven replan)
  asrc_mag_folding_40env  66.0%
