[queue] waiting for LIBERO-Plus to finish at 2026-08-10T23:11:22+09:00
[queue] Plus done at 2026-08-10T23:29:22+09:00
==============================================================
[suite] libero_object starting at 2026-08-10T23:29:22+09:00
  NOTE: checkpoints trained on libero_spatial only -> this is CROSS-SUITE OOD.
  Absolute numbers will be low; the ours-vs-spline contrast within the suite is
  still valid because both arms use the same weights and the same tasks.
==============================================================
[suite] libero_object exit=1 at 2026-08-10T23:35:03+09:00
[asrc_cadmag_folding_30env] diagnostics: 0/50 ok | fail_at_cap=50 fail_early=0 | succ_median=None/330
==============================================================
[suite] libero_goal starting at 2026-08-10T23:35:03+09:00
  NOTE: checkpoints trained on libero_spatial only -> this is CROSS-SUITE OOD.
  Absolute numbers will be low; the ours-vs-spline contrast within the suite is
  still valid because both arms use the same weights and the same tasks.
==============================================================
[suite] libero_goal exit=1 at 2026-08-10T23:40:50+09:00
[asrc_cadmag_folding_30env] diagnostics: 0/50 ok | fail_at_cap=50 fail_early=0 | succ_median=None/330
==============================================================
[suite] libero_10 starting at 2026-08-10T23:40:50+09:00
  NOTE: checkpoints trained on libero_spatial only -> this is CROSS-SUITE OOD.
  Absolute numbers will be low; the ours-vs-spline contrast within the suite is
  still valid because both arms use the same weights and the same tasks.
==============================================================
[suite] libero_10 exit=1 at 2026-08-10T23:46:42+09:00
[asrc_cadmag_folding_30env] diagnostics: 0/50 ok | fail_at_cap=50 fail_early=0 | succ_median=None/330
[queue] ALL SUITES COMPLETE at 2026-08-10T23:46:42+09:00
