[suite] libero_spatial -> multirate_honest_out/multirate_honest.json
[robosuite WARNING] No private macro file found! (__init__.py:7)
WARNING:robosuite_logs:No private macro file found!
[robosuite WARNING] It is recommended to use a private macro file (__init__.py:8)
WARNING:robosuite_logs:It is recommended to use a private macro file
[robosuite WARNING] To setup, run: python /home/user/anaconda3/envs/vla_smolvla_libero/lib/python3.12/site-packages/robosuite/scripts/setup_macros.py (__init__.py:9)
WARNING:robosuite_logs:To setup, run: python /home/user/anaconda3/envs/vla_smolvla_libero/lib/python3.12/site-packages/robosuite/scripts/setup_macros.py

============================================================
ARM asrc_anchor_30env
============================================================
Fetching 4 files:   0%|          | 0/4 [00:00<?, ?it/s]Fetching 4 files: 100%|██████████| 4/4 [00:00<00:00, 76959.71it/s]
`torch_dtype` is deprecated! Use `dtype` instead!
Loading  HuggingFaceTB/SmolVLM2-500M-Video-Instruct weights ...
Loading weights:   0%|          | 0/489 [00:00<?, ?it/s]Loading weights: 100%|██████████| 489/489 [00:00<00:00, 6653.54it/s]
Warning: You are sending unauthenticated requests to the HF Hub. Please set a HF_TOKEN to enable higher rate limits and faster downloads.
WARNING:huggingface_hub.utils._http:Warning: You are sending unauthenticated requests to the HF Hub. Please set a HF_TOKEN to enable higher rate limits and faster downloads.
Reducing the number of VLM layers to 16 ...
Loading  HuggingFaceTB/SmolVLM2-500M-Video-Instruct weights ...
Loading weights:   0%|          | 0/489 [00:00<?, ?it/s]Loading weights: 100%|██████████| 489/489 [00:00<00:00, 6977.26it/s]
Reducing the number of VLM layers to 16 ...
Loading weights from local directory
[asrc_anchor_30env] variant=asrc n_fourier=6 re-integrates at 30.0 Hz (native ODE re-integration, NOT alias folding)
[asrc_anchor_30env] anchor: dt=1/30 integration, trunk rate token pinned to 20 Hz (in-distribution field query, zero interpolation)
[asrc_anchor_30env] magscale: raw pose deltas x1.5 (restores native per-step travel)
[asrc_anchor_30env] resolved-cadence: 20 Hz decisions in a 30 Hz sim (1 query per 1.5 env steps, NON-INTEGER: integer hold cannot express this); intermediates taken from the plan
[info] using task orders [0, 1, 2, 3, 4, 5, 6, 7, 8, 9]
Local assets not found. Downloading from HuggingFace Hub...
Assets already downloaded at /home/user/.cache/libero/assets
[asrc_anchor_30env] settle window scaled to 15 steps (0.50 s at 30 Hz)
[asrc_anchor_30env] task 0 trial 00: OK (115/330 steps)
[asrc_anchor_30env] task 0 trial 01: OK (116/330 steps)
[asrc_anchor_30env] task 0 trial 02: x (330/330 steps)
[asrc_anchor_30env] task 0 trial 03: OK (120/330 steps)
[asrc_anchor_30env] task 0 trial 04: OK (119/330 steps)
[info] using task orders [0, 1, 2, 3, 4, 5, 6, 7, 8, 9]
[asrc_anchor_30env] task 1 trial 00: OK (176/330 steps)
[asrc_anchor_30env] task 1 trial 01: OK (157/330 steps)
[asrc_anchor_30env] task 1 trial 02: OK (196/330 steps)
[asrc_anchor_30env] task 1 trial 03: x (330/330 steps)
[asrc_anchor_30env] task 1 trial 04: OK (171/330 steps)
[info] using task orders [0, 1, 2, 3, 4, 5, 6, 7, 8, 9]
[asrc_anchor_30env] task 2 trial 00: OK (140/330 steps)
[asrc_anchor_30env] task 2 trial 01: OK (160/330 steps)
[asrc_anchor_30env] task 2 trial 02: OK (143/330 steps)
[asrc_anchor_30env] task 2 trial 03: OK (137/330 steps)
[asrc_anchor_30env] task 2 trial 04: OK (151/330 steps)
[info] using task orders [0, 1, 2, 3, 4, 5, 6, 7, 8, 9]
[asrc_anchor_30env] task 3 trial 00: OK (135/330 steps)
[asrc_anchor_30env] task 3 trial 01: x (330/330 steps)
[asrc_anchor_30env] task 3 trial 02: OK (128/330 steps)
[asrc_anchor_30env] task 3 trial 03: OK (132/330 steps)
[asrc_anchor_30env] task 3 trial 04: OK (133/330 steps)
[info] using task orders [0, 1, 2, 3, 4, 5, 6, 7, 8, 9]
[asrc_anchor_30env] task 4 trial 00: OK (199/330 steps)
[asrc_anchor_30env] task 4 trial 01: OK (200/330 steps)
[asrc_anchor_30env] task 4 trial 02: x (330/330 steps)
[asrc_anchor_30env] task 4 trial 03: OK (208/330 steps)
[asrc_anchor_30env] task 4 trial 04: OK (189/330 steps)
[info] using task orders [0, 1, 2, 3, 4, 5, 6, 7, 8, 9]
[asrc_anchor_30env] task 5 trial 00: x (330/330 steps)
[asrc_anchor_30env] task 5 trial 01: x (330/330 steps)
[asrc_anchor_30env] task 5 trial 02: x (330/330 steps)
[asrc_anchor_30env] task 5 trial 03: x (330/330 steps)
[asrc_anchor_30env] task 5 trial 04: x (330/330 steps)
[info] using task orders [0, 1, 2, 3, 4, 5, 6, 7, 8, 9]
[asrc_anchor_30env] task 6 trial 00: OK (158/330 steps)
[asrc_anchor_30env] task 6 trial 01: OK (164/330 steps)
[asrc_anchor_30env] task 6 trial 02: OK (160/330 steps)
[asrc_anchor_30env] task 6 trial 03: OK (172/330 steps)
[asrc_anchor_30env] task 6 trial 04: OK (159/330 steps)
[info] using task orders [0, 1, 2, 3, 4, 5, 6, 7, 8, 9]
[asrc_anchor_30env] task 7 trial 00: OK (184/330 steps)
[asrc_anchor_30env] task 7 trial 01: OK (181/330 steps)
[asrc_anchor_30env] task 7 trial 02: OK (188/330 steps)
[asrc_anchor_30env] task 7 trial 03: OK (176/330 steps)
[asrc_anchor_30env] task 7 trial 04: OK (184/330 steps)
[info] using task orders [0, 1, 2, 3, 4, 5, 6, 7, 8, 9]
[asrc_anchor_30env] task 8 trial 00: OK (150/330 steps)
[asrc_anchor_30env] task 8 trial 01: OK (144/330 steps)
[asrc_anchor_30env] task 8 trial 02: x (330/330 steps)
[asrc_anchor_30env] task 8 trial 03: OK (154/330 steps)
[asrc_anchor_30env] task 8 trial 04: x (330/330 steps)
[info] using task orders [0, 1, 2, 3, 4, 5, 6, 7, 8, 9]
[asrc_anchor_30env] task 9 trial 00: x (330/330 steps)
[asrc_anchor_30env] task 9 trial 01: OK (190/330 steps)
[asrc_anchor_30env] task 9 trial 02: OK (191/330 steps)
[asrc_anchor_30env] task 9 trial 03: OK (197/330 steps)
[asrc_anchor_30env] task 9 trial 04: x (330/330 steps)
[asrc_anchor_30env] cadence check: 6845 policy queries, 3409 resolved intermediates, 13 starved of 10267 env steps
[asrc_anchor_30env] diagnostics: 37/50 ok | fail_at_cap=13 fail_early=0 | succ_median=160.0/330
--> asrc_anchor_30env: 74.0% (330 steps @ 30 Hz = 11.0 s, replan every 15)


============================================================
ARM asrc_anchor_40env
============================================================
Fetching 4 files:   0%|          | 0/4 [00:00<?, ?it/s]Fetching 4 files: 100%|██████████| 4/4 [00:00<00:00, 116508.44it/s]
Loading  HuggingFaceTB/SmolVLM2-500M-Video-Instruct weights ...
Loading weights:   0%|          | 0/489 [00:00<?, ?it/s]Loading weights: 100%|██████████| 489/489 [00:00<00:00, 6873.51it/s]
Reducing the number of VLM layers to 16 ...
Loading  HuggingFaceTB/SmolVLM2-500M-Video-Instruct weights ...
Loading weights:   0%|          | 0/489 [00:00<?, ?it/s]Loading weights: 100%|██████████| 489/489 [00:00<00:00, 6736.52it/s]
Reducing the number of VLM layers to 16 ...
Loading weights from local directory
[asrc_anchor_40env] variant=asrc n_fourier=6 re-integrates at 40.0 Hz (native ODE re-integration, NOT alias folding)
[asrc_anchor_40env] anchor: dt=1/40 integration, trunk rate token pinned to 20 Hz (in-distribution field query, zero interpolation)
[asrc_anchor_40env] magscale: raw pose deltas x2 (restores native per-step travel)
[asrc_anchor_40env] resolved-cadence: 20 Hz decisions in a 40 Hz sim (1 query per 2 env steps); intermediates taken from the plan
[info] using task orders [0, 1, 2, 3, 4, 5, 6, 7, 8, 9]
[asrc_anchor_40env] settle window scaled to 20 steps (0.50 s at 40 Hz)
[asrc_anchor_40env] task 0 trial 00: OK (151/440 steps)
[asrc_anchor_40env] task 0 trial 01: OK (150/440 steps)
[asrc_anchor_40env] task 0 trial 02: x (440/440 steps)
[asrc_anchor_40env] task 0 trial 03: OK (155/440 steps)
[asrc_anchor_40env] task 0 trial 04: OK (148/440 steps)
[info] using task orders [0, 1, 2, 3, 4, 5, 6, 7, 8, 9]
[asrc_anchor_40env] task 1 trial 00: OK (231/440 steps)
[asrc_anchor_40env] task 1 trial 01: x (440/440 steps)
[asrc_anchor_40env] task 1 trial 02: OK (219/440 steps)
[asrc_anchor_40env] task 1 trial 03: x (440/440 steps)
[asrc_anchor_40env] task 1 trial 04: x (440/440 steps)
[info] using task orders [0, 1, 2, 3, 4, 5, 6, 7, 8, 9]
[asrc_anchor_40env] task 2 trial 00: OK (185/440 steps)
[asrc_anchor_40env] task 2 trial 01: OK (213/440 steps)
[asrc_anchor_40env] task 2 trial 02: OK (187/440 steps)
[asrc_anchor_40env] task 2 trial 03: OK (183/440 steps)
[asrc_anchor_40env] task 2 trial 04: OK (198/440 steps)
[info] using task orders [0, 1, 2, 3, 4, 5, 6, 7, 8, 9]
[asrc_anchor_40env] task 3 trial 00: x (440/440 steps)
[asrc_anchor_40env] task 3 trial 01: OK (191/440 steps)
[asrc_anchor_40env] task 3 trial 02: OK (171/440 steps)
[asrc_anchor_40env] task 3 trial 03: OK (171/440 steps)
[asrc_anchor_40env] task 3 trial 04: OK (170/440 steps)
[info] using task orders [0, 1, 2, 3, 4, 5, 6, 7, 8, 9]
[asrc_anchor_40env] task 4 trial 00: OK (252/440 steps)
[asrc_anchor_40env] task 4 trial 01: OK (263/440 steps)
[asrc_anchor_40env] task 4 trial 02: OK (246/440 steps)
[asrc_anchor_40env] task 4 trial 03: x (440/440 steps)
[asrc_anchor_40env] task 4 trial 04: OK (252/440 steps)
[info] using task orders [0, 1, 2, 3, 4, 5, 6, 7, 8, 9]
[asrc_anchor_40env] task 5 trial 00: x (440/440 steps)
[asrc_anchor_40env] task 5 trial 01: x (440/440 steps)
[asrc_anchor_40env] task 5 trial 02: x (440/440 steps)
[asrc_anchor_40env] task 5 trial 03: x (440/440 steps)
[asrc_anchor_40env] task 5 trial 04: x (440/440 steps)
[info] using task orders [0, 1, 2, 3, 4, 5, 6, 7, 8, 9]
[asrc_anchor_40env] task 6 trial 00: OK (215/440 steps)
[asrc_anchor_40env] task 6 trial 01: OK (203/440 steps)
[asrc_anchor_40env] task 6 trial 02: OK (209/440 steps)
[asrc_anchor_40env] task 6 trial 03: OK (225/440 steps)
[asrc_anchor_40env] task 6 trial 04: OK (211/440 steps)
[info] using task orders [0, 1, 2, 3, 4, 5, 6, 7, 8, 9]
[asrc_anchor_40env] task 7 trial 00: OK (244/440 steps)
[asrc_anchor_40env] task 7 trial 01: OK (234/440 steps)
[asrc_anchor_40env] task 7 trial 02: OK (252/440 steps)
[asrc_anchor_40env] task 7 trial 03: OK (230/440 steps)
[asrc_anchor_40env] task 7 trial 04: OK (259/440 steps)
[info] using task orders [0, 1, 2, 3, 4, 5, 6, 7, 8, 9]
[asrc_anchor_40env] task 8 trial 00: OK (191/440 steps)
[asrc_anchor_40env] task 8 trial 01: OK (187/440 steps)
[asrc_anchor_40env] task 8 trial 02: x (440/440 steps)
[asrc_anchor_40env] task 8 trial 03: OK (304/440 steps)
[asrc_anchor_40env] task 8 trial 04: x (440/440 steps)
[info] using task orders [0, 1, 2, 3, 4, 5, 6, 7, 8, 9]
[asrc_anchor_40env] task 9 trial 00: x (440/440 steps)
[asrc_anchor_40env] task 9 trial 01: x (440/440 steps)
[asrc_anchor_40env] task 9 trial 02: x (440/440 steps)
[asrc_anchor_40env] task 9 trial 03: OK (256/440 steps)
[asrc_anchor_40env] task 9 trial 04: x (440/440 steps)
[asrc_anchor_40env] cadence check: 7218 policy queries, 7199 resolved intermediates, 19 starved of 14436 env steps
[asrc_anchor_40env] diagnostics: 33/50 ok | fail_at_cap=17 fail_early=0 | succ_median=211.0/440
--> asrc_anchor_40env: 66.0% (440 steps @ 40 Hz = 11.0 s, replan every 20)


SUMMARY (matched wall-clock, chunk-driven replan)
  asrc_anchor_30env       74.0%
  asrc_anchor_40env       66.0%
