Fetching 4 files:   0%|          | 0/4 [00:00<?, ?it/s]Fetching 4 files: 100%|██████████| 4/4 [00:00<00:00, 72315.59it/s]
`torch_dtype` is deprecated! Use `dtype` instead!

==========================================
RUNNING PARALLEL WORKER: til_s0_deeponet_10hz @ 10 Hz (1 ep/task)
==========================================
Loading  HuggingFaceTB/SmolVLM2-500M-Video-Instruct weights ...
Loading weights:   0%|          | 0/489 [00:00<?, ?it/s]Loading weights:  87%|████████▋ | 426/489 [00:00<00:00, 4247.65it/s]Loading weights: 100%|██████████| 489/489 [00:00<00:00, 4509.04it/s]
Warning: You are sending unauthenticated requests to the HF Hub. Please set a HF_TOKEN to enable higher rate limits and faster downloads.
WARNING:huggingface_hub.utils._http:Warning: You are sending unauthenticated requests to the HF Hub. Please set a HF_TOKEN to enable higher rate limits and faster downloads.
Reducing the number of VLM layers to 16 ...
Loading  HuggingFaceTB/SmolVLM2-500M-Video-Instruct weights ...
Loading weights:   0%|          | 0/489 [00:00<?, ?it/s]Loading weights:  91%|█████████ | 445/489 [00:00<00:00, 4439.47it/s]Loading weights: 100%|██████████| 489/489 [00:00<00:00, 4606.07it/s]
[robosuite WARNING] No private macro file found! (__init__.py:7)
WARNING:robosuite_logs:No private macro file found!
[robosuite WARNING] It is recommended to use a private macro file (__init__.py:8)
WARNING:robosuite_logs:It is recommended to use a private macro file
[robosuite WARNING] To setup, run: python /home/user/anaconda3/envs/vla_smolvla_libero/lib/python3.12/site-packages/robosuite/scripts/setup_macros.py (__init__.py:9)
WARNING:robosuite_logs:To setup, run: python /home/user/anaconda3/envs/vla_smolvla_libero/lib/python3.12/site-packages/robosuite/scripts/setup_macros.py
Reducing the number of VLM layers to 16 ...
Loading weights from local directory
Configured DeepONet Rate Integration for 10 Hz
[info] using task orders [0, 1, 2, 3, 4, 5, 6, 7, 8, 9]
Local assets not found. Downloading from HuggingFace Hub...
Assets already downloaded at /home/user/.cache/libero/assets
[til_s0_deeponet_10hz] Task 0 Trial 0: x (220 steps)
[info] using task orders [0, 1, 2, 3, 4, 5, 6, 7, 8, 9]
[til_s0_deeponet_10hz] Task 1 Trial 0: x (220 steps)
[info] using task orders [0, 1, 2, 3, 4, 5, 6, 7, 8, 9]
[til_s0_deeponet_10hz] Task 2 Trial 0: OK (67 steps)
[info] using task orders [0, 1, 2, 3, 4, 5, 6, 7, 8, 9]
[til_s0_deeponet_10hz] Task 3 Trial 0: OK (60 steps)
[info] using task orders [0, 1, 2, 3, 4, 5, 6, 7, 8, 9]
[til_s0_deeponet_10hz] Task 4 Trial 0: x (220 steps)
[info] using task orders [0, 1, 2, 3, 4, 5, 6, 7, 8, 9]
[til_s0_deeponet_10hz] Task 5 Trial 0: x (220 steps)
[info] using task orders [0, 1, 2, 3, 4, 5, 6, 7, 8, 9]
[til_s0_deeponet_10hz] Task 6 Trial 0: x (220 steps)
[info] using task orders [0, 1, 2, 3, 4, 5, 6, 7, 8, 9]
[til_s0_deeponet_10hz] Task 7 Trial 0: OK (86 steps)
[info] using task orders [0, 1, 2, 3, 4, 5, 6, 7, 8, 9]
[til_s0_deeponet_10hz] Task 8 Trial 0: x (220 steps)
[info] using task orders [0, 1, 2, 3, 4, 5, 6, 7, 8, 9]
[til_s0_deeponet_10hz] Task 9 Trial 0: x (220 steps)
--> ARM til_s0_deeponet_10hz 10-TASK MEAN: 30.0%

