[robosuite WARNING] No private macro file found! (__init__.py:7)
WARNING:robosuite_logs:No private macro file found!
[robosuite WARNING] It is recommended to use a private macro file (__init__.py:8)
WARNING:robosuite_logs:It is recommended to use a private macro file
[robosuite WARNING] To setup, run: python /home/user/anaconda3/envs/vla_smolvla_libero/lib/python3.12/site-packages/robosuite/scripts/setup_macros.py (__init__.py:9)
WARNING:robosuite_logs:To setup, run: python /home/user/anaconda3/envs/vla_smolvla_libero/lib/python3.12/site-packages/robosuite/scripts/setup_macros.py
Extending asrc_cadmag_folding_30env from n=50 to 150

============================================================
ARM asrc_cadmag_folding_30env
============================================================
Fetching 4 files:   0%|          | 0/4 [00:00<?, ?it/s]Fetching 4 files: 100%|██████████| 4/4 [00:00<00:00, 102927.71it/s]
`torch_dtype` is deprecated! Use `dtype` instead!
Loading  HuggingFaceTB/SmolVLM2-500M-Video-Instruct weights ...
Loading weights:   0%|          | 0/489 [00:00<?, ?it/s]Loading weights: 100%|██████████| 489/489 [00:00<00:00, 6913.25it/s]
Warning: You are sending unauthenticated requests to the HF Hub. Please set a HF_TOKEN to enable higher rate limits and faster downloads.
WARNING:huggingface_hub.utils._http:Warning: You are sending unauthenticated requests to the HF Hub. Please set a HF_TOKEN to enable higher rate limits and faster downloads.
Reducing the number of VLM layers to 16 ...
Loading  HuggingFaceTB/SmolVLM2-500M-Video-Instruct weights ...
Loading weights:   0%|          | 0/489 [00:00<?, ?it/s]Loading weights: 100%|██████████| 489/489 [00:00<00:00, 6757.98it/s]
Reducing the number of VLM layers to 16 ...
Loading weights from local directory
[asrc_cadmag_folding_30env] variant=asrc n_fourier=6 re-integrates at 30.0 Hz (native ODE re-integration, NOT alias folding)
[asrc_cadmag_folding_30env] magscale: raw pose deltas x1.5 (restores native per-step travel)
[asrc_cadmag_folding_30env] resolved-cadence: 20 Hz decisions in a 30 Hz sim (1 query per 1.5 env steps, NON-INTEGER: integer hold cannot express this); intermediates taken from the plan
[info] using task orders [0, 1, 2, 3, 4, 5, 6, 7, 8, 9]
Local assets not found. Downloading from HuggingFace Hub...
Assets already downloaded at /home/user/.cache/libero/assets
[asrc_cadmag_folding_30env] settle window scaled to 15 steps (0.50 s at 30 Hz)
[asrc_cadmag_folding_30env] task 0 trial 05: OK (109/330 steps)
[asrc_cadmag_folding_30env] task 0 trial 06: OK (113/330 steps)
[asrc_cadmag_folding_30env] task 0 trial 07: OK (121/330 steps)
[asrc_cadmag_folding_30env] task 0 trial 08: OK (112/330 steps)
[asrc_cadmag_folding_30env] task 0 trial 09: OK (113/330 steps)
[asrc_cadmag_folding_30env] task 0 trial 10: x (330/330 steps)
[asrc_cadmag_folding_30env] task 0 trial 11: OK (121/330 steps)
[asrc_cadmag_folding_30env] task 0 trial 12: OK (227/330 steps)
[asrc_cadmag_folding_30env] task 0 trial 13: OK (121/330 steps)
[asrc_cadmag_folding_30env] task 0 trial 14: x (330/330 steps)
[info] using task orders [0, 1, 2, 3, 4, 5, 6, 7, 8, 9]
[asrc_cadmag_folding_30env] task 1 trial 05: OK (166/330 steps)
[asrc_cadmag_folding_30env] task 1 trial 06: OK (176/330 steps)
[asrc_cadmag_folding_30env] task 1 trial 07: OK (170/330 steps)
[asrc_cadmag_folding_30env] task 1 trial 08: OK (177/330 steps)
[asrc_cadmag_folding_30env] task 1 trial 09: x (330/330 steps)
[asrc_cadmag_folding_30env] task 1 trial 10: x (330/330 steps)
[asrc_cadmag_folding_30env] task 1 trial 11: OK (164/330 steps)
[asrc_cadmag_folding_30env] task 1 trial 12: x (330/330 steps)
[asrc_cadmag_folding_30env] task 1 trial 13: OK (178/330 steps)
[asrc_cadmag_folding_30env] task 1 trial 14: OK (180/330 steps)
[info] using task orders [0, 1, 2, 3, 4, 5, 6, 7, 8, 9]
[asrc_cadmag_folding_30env] task 2 trial 05: OK (149/330 steps)
[asrc_cadmag_folding_30env] task 2 trial 06: OK (144/330 steps)
[asrc_cadmag_folding_30env] task 2 trial 07: OK (149/330 steps)
[asrc_cadmag_folding_30env] task 2 trial 08: OK (157/330 steps)
[asrc_cadmag_folding_30env] task 2 trial 09: OK (145/330 steps)
[asrc_cadmag_folding_30env] task 2 trial 10: OK (158/330 steps)
[asrc_cadmag_folding_30env] task 2 trial 11: OK (146/330 steps)
[asrc_cadmag_folding_30env] task 2 trial 12: OK (147/330 steps)
[asrc_cadmag_folding_30env] task 2 trial 13: x (330/330 steps)
[asrc_cadmag_folding_30env] task 2 trial 14: OK (141/330 steps)
[info] using task orders [0, 1, 2, 3, 4, 5, 6, 7, 8, 9]
[asrc_cadmag_folding_30env] task 3 trial 05: OK (124/330 steps)
[asrc_cadmag_folding_30env] task 3 trial 06: OK (129/330 steps)
[asrc_cadmag_folding_30env] task 3 trial 07: OK (134/330 steps)
[asrc_cadmag_folding_30env] task 3 trial 08: OK (133/330 steps)
[asrc_cadmag_folding_30env] task 3 trial 09: OK (138/330 steps)
[asrc_cadmag_folding_30env] task 3 trial 10: OK (131/330 steps)
[asrc_cadmag_folding_30env] task 3 trial 11: OK (133/330 steps)
[asrc_cadmag_folding_30env] task 3 trial 12: OK (138/330 steps)
[asrc_cadmag_folding_30env] task 3 trial 13: OK (135/330 steps)
[asrc_cadmag_folding_30env] task 3 trial 14: OK (129/330 steps)
[info] using task orders [0, 1, 2, 3, 4, 5, 6, 7, 8, 9]
[asrc_cadmag_folding_30env] task 4 trial 05: x (330/330 steps)
[asrc_cadmag_folding_30env] task 4 trial 06: x (330/330 steps)
[asrc_cadmag_folding_30env] task 4 trial 07: OK (175/330 steps)
[asrc_cadmag_folding_30env] task 4 trial 08: OK (192/330 steps)
[asrc_cadmag_folding_30env] task 4 trial 09: x (330/330 steps)
[asrc_cadmag_folding_30env] task 4 trial 10: OK (206/330 steps)
[asrc_cadmag_folding_30env] task 4 trial 11: OK (203/330 steps)
[asrc_cadmag_folding_30env] task 4 trial 12: OK (200/330 steps)
[asrc_cadmag_folding_30env] task 4 trial 13: OK (198/330 steps)
[asrc_cadmag_folding_30env] task 4 trial 14: OK (195/330 steps)
[info] using task orders [0, 1, 2, 3, 4, 5, 6, 7, 8, 9]
[asrc_cadmag_folding_30env] task 5 trial 05: x (330/330 steps)
[asrc_cadmag_folding_30env] task 5 trial 06: x (330/330 steps)
[asrc_cadmag_folding_30env] task 5 trial 07: x (330/330 steps)
[asrc_cadmag_folding_30env] task 5 trial 08: x (330/330 steps)
[asrc_cadmag_folding_30env] task 5 trial 09: x (330/330 steps)
[asrc_cadmag_folding_30env] task 5 trial 10: x (330/330 steps)
[asrc_cadmag_folding_30env] task 5 trial 11: x (330/330 steps)
[asrc_cadmag_folding_30env] task 5 trial 12: x (330/330 steps)
[asrc_cadmag_folding_30env] task 5 trial 13: x (330/330 steps)
[asrc_cadmag_folding_30env] task 5 trial 14: OK (149/330 steps)
[info] using task orders [0, 1, 2, 3, 4, 5, 6, 7, 8, 9]
[asrc_cadmag_folding_30env] task 6 trial 05: OK (184/330 steps)
[asrc_cadmag_folding_30env] task 6 trial 06: OK (176/330 steps)
[asrc_cadmag_folding_30env] task 6 trial 07: OK (158/330 steps)
[asrc_cadmag_folding_30env] task 6 trial 08: OK (157/330 steps)
[asrc_cadmag_folding_30env] task 6 trial 09: OK (157/330 steps)
[asrc_cadmag_folding_30env] task 6 trial 10: OK (167/330 steps)
[asrc_cadmag_folding_30env] task 6 trial 11: x (330/330 steps)
[asrc_cadmag_folding_30env] task 6 trial 12: OK (164/330 steps)
[asrc_cadmag_folding_30env] task 6 trial 13: OK (167/330 steps)
[asrc_cadmag_folding_30env] task 6 trial 14: OK (167/330 steps)
[info] using task orders [0, 1, 2, 3, 4, 5, 6, 7, 8, 9]
[asrc_cadmag_folding_30env] task 7 trial 05: OK (168/330 steps)
[asrc_cadmag_folding_30env] task 7 trial 06: OK (192/330 steps)
[asrc_cadmag_folding_30env] task 7 trial 07: OK (202/330 steps)
[asrc_cadmag_folding_30env] task 7 trial 08: OK (195/330 steps)
[asrc_cadmag_folding_30env] task 7 trial 09: OK (188/330 steps)
[asrc_cadmag_folding_30env] task 7 trial 10: OK (187/330 steps)
[asrc_cadmag_folding_30env] task 7 trial 11: OK (195/330 steps)
[asrc_cadmag_folding_30env] task 7 trial 12: OK (188/330 steps)
[asrc_cadmag_folding_30env] task 7 trial 13: x (330/330 steps)
[asrc_cadmag_folding_30env] task 7 trial 14: OK (177/330 steps)
[info] using task orders [0, 1, 2, 3, 4, 5, 6, 7, 8, 9]
[asrc_cadmag_folding_30env] task 8 trial 05: OK (144/330 steps)
[asrc_cadmag_folding_30env] task 8 trial 06: x (330/330 steps)
[asrc_cadmag_folding_30env] task 8 trial 07: OK (304/330 steps)
[asrc_cadmag_folding_30env] task 8 trial 08: x (330/330 steps)
[asrc_cadmag_folding_30env] task 8 trial 09: x (330/330 steps)
[asrc_cadmag_folding_30env] task 8 trial 10: OK (143/330 steps)
[asrc_cadmag_folding_30env] task 8 trial 11: OK (144/330 steps)
[asrc_cadmag_folding_30env] task 8 trial 12: x (330/330 steps)
[asrc_cadmag_folding_30env] task 8 trial 13: OK (139/330 steps)
[asrc_cadmag_folding_30env] task 8 trial 14: OK (138/330 steps)
[info] using task orders [0, 1, 2, 3, 4, 5, 6, 7, 8, 9]
[asrc_cadmag_folding_30env] task 9 trial 05: OK (192/330 steps)
[asrc_cadmag_folding_30env] task 9 trial 06: OK (196/330 steps)
[asrc_cadmag_folding_30env] task 9 trial 07: OK (191/330 steps)
[asrc_cadmag_folding_30env] task 9 trial 08: OK (197/330 steps)
[asrc_cadmag_folding_30env] task 9 trial 09: OK (191/330 steps)
[asrc_cadmag_folding_30env] task 9 trial 10: x (330/330 steps)
[asrc_cadmag_folding_30env] task 9 trial 11: OK (196/330 steps)
[asrc_cadmag_folding_30env] task 9 trial 12: OK (191/330 steps)
[asrc_cadmag_folding_30env] task 9 trial 13: OK (192/330 steps)
[asrc_cadmag_folding_30env] task 9 trial 14: OK (190/330 steps)
[asrc_cadmag_folding_30env] cadence check: 13742 policy queries, 6830 resolved intermediates, 41 starved of 20613 env steps
--> asrc_cadmag_folding_30env: 74.7% (330 steps @ 30 Hz = 11.0 s, replan every 15)

Extending asrc_cadmag_spline_30env from n=50 to 150

============================================================
ARM asrc_cadmag_spline_30env
============================================================
Fetching 4 files:   0%|          | 0/4 [00:00<?, ?it/s]Fetching 4 files: 100%|██████████| 4/4 [00:00<00:00, 120699.40it/s]
Loading  HuggingFaceTB/SmolVLM2-500M-Video-Instruct weights ...
Loading weights:   0%|          | 0/489 [00:00<?, ?it/s]Loading weights: 100%|██████████| 489/489 [00:00<00:00, 6890.11it/s]
Reducing the number of VLM layers to 16 ...
Loading  HuggingFaceTB/SmolVLM2-500M-Video-Instruct weights ...
Loading weights:   0%|          | 0/489 [00:00<?, ?it/s]Loading weights: 100%|██████████| 489/489 [00:00<00:00, 6709.06it/s]
Reducing the number of VLM layers to 16 ...
Loading weights from local directory
[asrc_cadmag_spline_30env] variant=asrc n_fourier=6 re-integrates at 20.0 Hz (native ODE re-integration, NOT alias folding)
[asrc_cadmag_spline_30env] spline resample -> 75 steps, pose deltas rescaled
[asrc_cadmag_spline_30env] magscale: raw pose deltas x1.5 (restores native per-step travel)
[asrc_cadmag_spline_30env] resolved-cadence: 20 Hz decisions in a 30 Hz sim (1 query per 1.5 env steps, NON-INTEGER: integer hold cannot express this); intermediates taken from the plan
[info] using task orders [0, 1, 2, 3, 4, 5, 6, 7, 8, 9]
[asrc_cadmag_spline_30env] settle window scaled to 15 steps (0.50 s at 30 Hz)
[asrc_cadmag_spline_30env] task 0 trial 05: OK (111/330 steps)
[asrc_cadmag_spline_30env] task 0 trial 06: OK (109/330 steps)
[asrc_cadmag_spline_30env] task 0 trial 07: OK (249/330 steps)
[asrc_cadmag_spline_30env] task 0 trial 08: OK (110/330 steps)
[asrc_cadmag_spline_30env] task 0 trial 09: OK (172/330 steps)
[asrc_cadmag_spline_30env] task 0 trial 10: x (330/330 steps)
[asrc_cadmag_spline_30env] task 0 trial 11: OK (121/330 steps)
[asrc_cadmag_spline_30env] task 0 trial 12: OK (123/330 steps)
[asrc_cadmag_spline_30env] task 0 trial 13: OK (122/330 steps)
[asrc_cadmag_spline_30env] task 0 trial 14: x (330/330 steps)
[info] using task orders [0, 1, 2, 3, 4, 5, 6, 7, 8, 9]
[asrc_cadmag_spline_30env] task 1 trial 05: OK (162/330 steps)
[asrc_cadmag_spline_30env] task 1 trial 06: OK (250/330 steps)
[asrc_cadmag_spline_30env] task 1 trial 07: OK (167/330 steps)
[asrc_cadmag_spline_30env] task 1 trial 08: OK (163/330 steps)
[asrc_cadmag_spline_30env] task 1 trial 09: OK (168/330 steps)
[asrc_cadmag_spline_30env] task 1 trial 10: x (330/330 steps)
[asrc_cadmag_spline_30env] task 1 trial 11: OK (158/330 steps)
[asrc_cadmag_spline_30env] task 1 trial 12: x (330/330 steps)
[asrc_cadmag_spline_30env] task 1 trial 13: OK (176/330 steps)
[asrc_cadmag_spline_30env] task 1 trial 14: OK (172/330 steps)
[info] using task orders [0, 1, 2, 3, 4, 5, 6, 7, 8, 9]
[asrc_cadmag_spline_30env] task 2 trial 05: OK (141/330 steps)
[asrc_cadmag_spline_30env] task 2 trial 06: OK (142/330 steps)
[asrc_cadmag_spline_30env] task 2 trial 07: OK (155/330 steps)
[asrc_cadmag_spline_30env] task 2 trial 08: OK (158/330 steps)
[asrc_cadmag_spline_30env] task 2 trial 09: OK (155/330 steps)
[asrc_cadmag_spline_30env] task 2 trial 10: OK (153/330 steps)
[asrc_cadmag_spline_30env] task 2 trial 11: OK (149/330 steps)
[asrc_cadmag_spline_30env] task 2 trial 12: OK (144/330 steps)
[asrc_cadmag_spline_30env] task 2 trial 13: x (330/330 steps)
[asrc_cadmag_spline_30env] task 2 trial 14: OK (142/330 steps)
[info] using task orders [0, 1, 2, 3, 4, 5, 6, 7, 8, 9]
[asrc_cadmag_spline_30env] task 3 trial 05: OK (124/330 steps)
[asrc_cadmag_spline_30env] task 3 trial 06: OK (127/330 steps)
[asrc_cadmag_spline_30env] task 3 trial 07: OK (134/330 steps)
[asrc_cadmag_spline_30env] task 3 trial 08: OK (132/330 steps)
[asrc_cadmag_spline_30env] task 3 trial 09: OK (132/330 steps)
[asrc_cadmag_spline_30env] task 3 trial 10: OK (135/330 steps)
[asrc_cadmag_spline_30env] task 3 trial 11: OK (129/330 steps)
[asrc_cadmag_spline_30env] task 3 trial 12: OK (138/330 steps)
[asrc_cadmag_spline_30env] task 3 trial 13: x (330/330 steps)
[asrc_cadmag_spline_30env] task 3 trial 14: OK (128/330 steps)
[info] using task orders [0, 1, 2, 3, 4, 5, 6, 7, 8, 9]
[asrc_cadmag_spline_30env] task 4 trial 05: x (330/330 steps)
[asrc_cadmag_spline_30env] task 4 trial 06: OK (194/330 steps)
[asrc_cadmag_spline_30env] task 4 trial 07: OK (183/330 steps)
[asrc_cadmag_spline_30env] task 4 trial 08: OK (207/330 steps)
[asrc_cadmag_spline_30env] task 4 trial 09: x (330/330 steps)
[asrc_cadmag_spline_30env] task 4 trial 10: x (330/330 steps)
[asrc_cadmag_spline_30env] task 4 trial 11: OK (199/330 steps)
[asrc_cadmag_spline_30env] task 4 trial 12: OK (199/330 steps)
[asrc_cadmag_spline_30env] task 4 trial 13: OK (194/330 steps)
[asrc_cadmag_spline_30env] task 4 trial 14: OK (191/330 steps)
[info] using task orders [0, 1, 2, 3, 4, 5, 6, 7, 8, 9]
[asrc_cadmag_spline_30env] task 5 trial 05: x (330/330 steps)
[asrc_cadmag_spline_30env] task 5 trial 06: x (330/330 steps)
[asrc_cadmag_spline_30env] task 5 trial 07: x (330/330 steps)
[asrc_cadmag_spline_30env] task 5 trial 08: x (330/330 steps)
[asrc_cadmag_spline_30env] task 5 trial 09: x (330/330 steps)
[asrc_cadmag_spline_30env] task 5 trial 10: x (330/330 steps)
[asrc_cadmag_spline_30env] task 5 trial 11: x (330/330 steps)
[asrc_cadmag_spline_30env] task 5 trial 12: x (330/330 steps)
[asrc_cadmag_spline_30env] task 5 trial 13: x (330/330 steps)
[asrc_cadmag_spline_30env] task 5 trial 14: OK (145/330 steps)
[info] using task orders [0, 1, 2, 3, 4, 5, 6, 7, 8, 9]
[asrc_cadmag_spline_30env] task 6 trial 05: OK (186/330 steps)
[asrc_cadmag_spline_30env] task 6 trial 06: OK (178/330 steps)
[asrc_cadmag_spline_30env] task 6 trial 07: OK (161/330 steps)
[asrc_cadmag_spline_30env] task 6 trial 08: OK (156/330 steps)
[asrc_cadmag_spline_30env] task 6 trial 09: OK (161/330 steps)
[asrc_cadmag_spline_30env] task 6 trial 10: OK (166/330 steps)
[asrc_cadmag_spline_30env] task 6 trial 11: x (330/330 steps)
[asrc_cadmag_spline_30env] task 6 trial 12: OK (166/330 steps)
[asrc_cadmag_spline_30env] task 6 trial 13: x (330/330 steps)
[asrc_cadmag_spline_30env] task 6 trial 14: OK (165/330 steps)
[info] using task orders [0, 1, 2, 3, 4, 5, 6, 7, 8, 9]
[asrc_cadmag_spline_30env] task 7 trial 05: x (330/330 steps)
[asrc_cadmag_spline_30env] task 7 trial 06: OK (187/330 steps)
[asrc_cadmag_spline_30env] task 7 trial 07: OK (193/330 steps)
[asrc_cadmag_spline_30env] task 7 trial 08: x (330/330 steps)
[asrc_cadmag_spline_30env] task 7 trial 09: OK (186/330 steps)
[asrc_cadmag_spline_30env] task 7 trial 10: OK (187/330 steps)
[asrc_cadmag_spline_30env] task 7 trial 11: OK (192/330 steps)
[asrc_cadmag_spline_30env] task 7 trial 12: OK (174/330 steps)
[asrc_cadmag_spline_30env] task 7 trial 13: x (330/330 steps)
[asrc_cadmag_spline_30env] task 7 trial 14: OK (173/330 steps)
[info] using task orders [0, 1, 2, 3, 4, 5, 6, 7, 8, 9]
[asrc_cadmag_spline_30env] task 8 trial 05: OK (146/330 steps)
[asrc_cadmag_spline_30env] task 8 trial 06: x (330/330 steps)
[asrc_cadmag_spline_30env] task 8 trial 07: x (330/330 steps)
[asrc_cadmag_spline_30env] task 8 trial 08: x (330/330 steps)
[asrc_cadmag_spline_30env] task 8 trial 09: x (330/330 steps)
[asrc_cadmag_spline_30env] task 8 trial 10: OK (140/330 steps)
[asrc_cadmag_spline_30env] task 8 trial 11: OK (141/330 steps)
[asrc_cadmag_spline_30env] task 8 trial 12: x (330/330 steps)
[asrc_cadmag_spline_30env] task 8 trial 13: OK (141/330 steps)
[asrc_cadmag_spline_30env] task 8 trial 14: OK (141/330 steps)
[info] using task orders [0, 1, 2, 3, 4, 5, 6, 7, 8, 9]
[asrc_cadmag_spline_30env] task 9 trial 05: OK (179/330 steps)
[asrc_cadmag_spline_30env] task 9 trial 06: OK (192/330 steps)
[asrc_cadmag_spline_30env] task 9 trial 07: OK (194/330 steps)
[asrc_cadmag_spline_30env] task 9 trial 08: OK (192/330 steps)
[asrc_cadmag_spline_30env] task 9 trial 09: OK (183/330 steps)
[asrc_cadmag_spline_30env] task 9 trial 10: x (330/330 steps)
[asrc_cadmag_spline_30env] task 9 trial 11: OK (189/330 steps)
[asrc_cadmag_spline_30env] task 9 trial 12: OK (193/330 steps)
[asrc_cadmag_spline_30env] task 9 trial 13: OK (189/330 steps)
[asrc_cadmag_spline_30env] task 9 trial 14: OK (185/330 steps)
[asrc_cadmag_spline_30env] cadence check: 14113 policy queries, 7012 resolved intermediates, 44 starved of 21169 env steps
--> asrc_cadmag_spline_30env: 70.7% (330 steps @ 30 Hz = 11.0 s, replan every 15)

Extending asrc_native_20env from n=50 to 150

============================================================
ARM asrc_native_20env
============================================================
Fetching 4 files:   0%|          | 0/4 [00:00<?, ?it/s]Fetching 4 files: 100%|██████████| 4/4 [00:00<00:00, 104857.60it/s]
Loading  HuggingFaceTB/SmolVLM2-500M-Video-Instruct weights ...
Loading weights:   0%|          | 0/489 [00:00<?, ?it/s]Loading weights: 100%|██████████| 489/489 [00:00<00:00, 6633.62it/s]
Reducing the number of VLM layers to 16 ...
Loading  HuggingFaceTB/SmolVLM2-500M-Video-Instruct weights ...
Loading weights:   0%|          | 0/489 [00:00<?, ?it/s]Loading weights: 100%|██████████| 489/489 [00:00<00:00, 6493.12it/s]
Reducing the number of VLM layers to 16 ...
Loading weights from local directory
[asrc_native_20env] variant=asrc n_fourier=6 re-integrates at 20.0 Hz (native ODE re-integration, NOT alias folding)
[info] using task orders [0, 1, 2, 3, 4, 5, 6, 7, 8, 9]
[asrc_native_20env] settle window scaled to 10 steps (0.50 s at 20 Hz)
[asrc_native_20env] task 0 trial 05: OK (71/220 steps)
[asrc_native_20env] task 0 trial 06: OK (72/220 steps)
[asrc_native_20env] task 0 trial 07: OK (78/220 steps)
[asrc_native_20env] task 0 trial 08: OK (70/220 steps)
[asrc_native_20env] task 0 trial 09: OK (74/220 steps)
[asrc_native_20env] task 0 trial 10: OK (81/220 steps)
[asrc_native_20env] task 0 trial 11: OK (75/220 steps)
[asrc_native_20env] task 0 trial 12: OK (82/220 steps)
[asrc_native_20env] task 0 trial 13: OK (79/220 steps)
[asrc_native_20env] task 0 trial 14: x (220/220 steps)
[info] using task orders [0, 1, 2, 3, 4, 5, 6, 7, 8, 9]
[asrc_native_20env] task 1 trial 05: OK (112/220 steps)
[asrc_native_20env] task 1 trial 06: OK (112/220 steps)
[asrc_native_20env] task 1 trial 07: OK (113/220 steps)
[asrc_native_20env] task 1 trial 08: OK (131/220 steps)
[asrc_native_20env] task 1 trial 09: OK (112/220 steps)
[asrc_native_20env] task 1 trial 10: OK (113/220 steps)
[asrc_native_20env] task 1 trial 11: OK (104/220 steps)
[asrc_native_20env] task 1 trial 12: x (220/220 steps)
[asrc_native_20env] task 1 trial 13: x (220/220 steps)
[asrc_native_20env] task 1 trial 14: OK (121/220 steps)
[info] using task orders [0, 1, 2, 3, 4, 5, 6, 7, 8, 9]
[asrc_native_20env] task 2 trial 05: OK (97/220 steps)
[asrc_native_20env] task 2 trial 06: OK (98/220 steps)
[asrc_native_20env] task 2 trial 07: OK (94/220 steps)
[asrc_native_20env] task 2 trial 08: OK (103/220 steps)
[asrc_native_20env] task 2 trial 09: OK (100/220 steps)
[asrc_native_20env] task 2 trial 10: OK (102/220 steps)
[asrc_native_20env] task 2 trial 11: OK (91/220 steps)
[asrc_native_20env] task 2 trial 12: OK (92/220 steps)
[asrc_native_20env] task 2 trial 13: OK (99/220 steps)
[asrc_native_20env] task 2 trial 14: OK (95/220 steps)
[info] using task orders [0, 1, 2, 3, 4, 5, 6, 7, 8, 9]
[asrc_native_20env] task 3 trial 05: OK (80/220 steps)
[asrc_native_20env] task 3 trial 06: OK (87/220 steps)
[asrc_native_20env] task 3 trial 07: OK (87/220 steps)
[asrc_native_20env] task 3 trial 08: OK (88/220 steps)
[asrc_native_20env] task 3 trial 09: OK (90/220 steps)
[asrc_native_20env] task 3 trial 10: OK (85/220 steps)
[asrc_native_20env] task 3 trial 11: OK (83/220 steps)
[asrc_native_20env] task 3 trial 12: OK (91/220 steps)
[asrc_native_20env] task 3 trial 13: x (220/220 steps)
[asrc_native_20env] task 3 trial 14: OK (84/220 steps)
[info] using task orders [0, 1, 2, 3, 4, 5, 6, 7, 8, 9]
[asrc_native_20env] task 4 trial 05: x (220/220 steps)
[asrc_native_20env] task 4 trial 06: OK (129/220 steps)
[asrc_native_20env] task 4 trial 07: OK (119/220 steps)
[asrc_native_20env] task 4 trial 08: x (220/220 steps)
[asrc_native_20env] task 4 trial 09: x (220/220 steps)
[asrc_native_20env] task 4 trial 10: OK (137/220 steps)
[asrc_native_20env] task 4 trial 11: OK (132/220 steps)
[asrc_native_20env] task 4 trial 12: OK (135/220 steps)
[asrc_native_20env] task 4 trial 13: OK (128/220 steps)
[asrc_native_20env] task 4 trial 14: OK (128/220 steps)
[info] using task orders [0, 1, 2, 3, 4, 5, 6, 7, 8, 9]
[asrc_native_20env] task 5 trial 05: x (220/220 steps)
[asrc_native_20env] task 5 trial 06: x (220/220 steps)
[asrc_native_20env] task 5 trial 07: x (220/220 steps)
[asrc_native_20env] task 5 trial 08: x (220/220 steps)
[asrc_native_20env] task 5 trial 09: x (220/220 steps)
[asrc_native_20env] task 5 trial 10: x (220/220 steps)
[asrc_native_20env] task 5 trial 11: x (220/220 steps)
[asrc_native_20env] task 5 trial 12: x (220/220 steps)
[asrc_native_20env] task 5 trial 13: x (220/220 steps)
[asrc_native_20env] task 5 trial 14: OK (93/220 steps)
[info] using task orders [0, 1, 2, 3, 4, 5, 6, 7, 8, 9]
[asrc_native_20env] task 6 trial 05: OK (115/220 steps)
[asrc_native_20env] task 6 trial 06: OK (114/220 steps)
[asrc_native_20env] task 6 trial 07: OK (108/220 steps)
[asrc_native_20env] task 6 trial 08: x (220/220 steps)
[asrc_native_20env] task 6 trial 09: OK (107/220 steps)
[asrc_native_20env] task 6 trial 10: OK (111/220 steps)
[asrc_native_20env] task 6 trial 11: OK (103/220 steps)
[asrc_native_20env] task 6 trial 12: OK (108/220 steps)
[asrc_native_20env] task 6 trial 13: OK (107/220 steps)
[asrc_native_20env] task 6 trial 14: OK (108/220 steps)
[info] using task orders [0, 1, 2, 3, 4, 5, 6, 7, 8, 9]
[asrc_native_20env] task 7 trial 05: x (220/220 steps)
[asrc_native_20env] task 7 trial 06: OK (126/220 steps)
[asrc_native_20env] task 7 trial 07: OK (126/220 steps)
[asrc_native_20env] task 7 trial 08: OK (119/220 steps)
[asrc_native_20env] task 7 trial 09: OK (117/220 steps)
[asrc_native_20env] task 7 trial 10: OK (125/220 steps)
[asrc_native_20env] task 7 trial 11: OK (131/220 steps)
[asrc_native_20env] task 7 trial 12: OK (116/220 steps)
[asrc_native_20env] task 7 trial 13: x (220/220 steps)
[asrc_native_20env] task 7 trial 14: x (220/220 steps)
[info] using task orders [0, 1, 2, 3, 4, 5, 6, 7, 8, 9]
[asrc_native_20env] task 8 trial 05: OK (96/220 steps)
[asrc_native_20env] task 8 trial 06: x (220/220 steps)
[asrc_native_20env] task 8 trial 07: x (220/220 steps)
[asrc_native_20env] task 8 trial 08: x (220/220 steps)
[asrc_native_20env] task 8 trial 09: OK (95/220 steps)
[asrc_native_20env] task 8 trial 10: OK (91/220 steps)
[asrc_native_20env] task 8 trial 11: OK (93/220 steps)
[asrc_native_20env] task 8 trial 12: x (220/220 steps)
[asrc_native_20env] task 8 trial 13: OK (95/220 steps)
[asrc_native_20env] task 8 trial 14: x (220/220 steps)
[info] using task orders [0, 1, 2, 3, 4, 5, 6, 7, 8, 9]
[asrc_native_20env] task 9 trial 05: OK (120/220 steps)
[asrc_native_20env] task 9 trial 06: OK (133/220 steps)
[asrc_native_20env] task 9 trial 07: OK (129/220 steps)
[asrc_native_20env] task 9 trial 08: OK (125/220 steps)
[asrc_native_20env] task 9 trial 09: OK (124/220 steps)
[asrc_native_20env] task 9 trial 10: x (220/220 steps)
[asrc_native_20env] task 9 trial 11: OK (126/220 steps)
[asrc_native_20env] task 9 trial 12: x (220/220 steps)
[asrc_native_20env] task 9 trial 13: OK (127/220 steps)
[asrc_native_20env] task 9 trial 14: OK (129/220 steps)
--> asrc_native_20env: 75.3% (220 steps @ 20 Hz = 11.0 s, replan every 10)


SUMMARY (matched wall-clock, chunk-driven replan)
  asrc_cadmag_folding_30env  74.7%
  asrc_cadmag_spline_30env  70.7%
  asrc_native_20env       75.3%
