[robosuite WARNING] No private macro file found! (__init__.py:7)
WARNING:robosuite_logs:No private macro file found!
[robosuite WARNING] It is recommended to use a private macro file (__init__.py:8)
WARNING:robosuite_logs:It is recommended to use a private macro file
[robosuite WARNING] To setup, run: python /home/user/anaconda3/envs/vla_smolvla_libero/lib/python3.12/site-packages/robosuite/scripts/setup_macros.py (__init__.py:9)
WARNING:robosuite_logs:To setup, run: python /home/user/anaconda3/envs/vla_smolvla_libero/lib/python3.12/site-packages/robosuite/scripts/setup_macros.py

============================================================
ARM til_cadence_folding_40env
============================================================
Fetching 4 files:   0%|          | 0/4 [00:00<?, ?it/s]Fetching 4 files: 100%|██████████| 4/4 [00:00<00:00, 96978.13it/s]
Warning: You are sending unauthenticated requests to the HF Hub. Please set a HF_TOKEN to enable higher rate limits and faster downloads.
WARNING:huggingface_hub.utils._http:Warning: You are sending unauthenticated requests to the HF Hub. Please set a HF_TOKEN to enable higher rate limits and faster downloads.
`torch_dtype` is deprecated! Use `dtype` instead!
Loading  HuggingFaceTB/SmolVLM2-500M-Video-Instruct weights ...
Loading weights:   0%|          | 0/489 [00:00<?, ?it/s]Loading weights: 100%|██████████| 489/489 [00:00<00:00, 6968.44it/s]
Reducing the number of VLM layers to 16 ...
Loading  HuggingFaceTB/SmolVLM2-500M-Video-Instruct weights ...
Loading weights:   0%|          | 0/489 [00:00<?, ?it/s]Loading weights: 100%|██████████| 489/489 [00:00<00:00, 6681.20it/s]
Reducing the number of VLM layers to 16 ...
Loading weights from local directory
[til_cadence_folding_40env] variant=til n_fourier=0 re-integrates at 40.0 Hz (native ODE re-integration, NOT alias folding)
[til_cadence_folding_40env] resolved-cadence: policy queried every 2 env steps (20 Hz decisions in a 40 Hz sim); intermediate actions taken from the plan
[info] using task orders [0, 1, 2, 3, 4, 5, 6, 7, 8, 9]
Local assets not found. Downloading from HuggingFace Hub...
Assets already downloaded at /home/user/.cache/libero/assets
[til_cadence_folding_40env] settle window scaled to 20 steps (0.50 s at 40 Hz)
[til_cadence_folding_40env] task 0 trial 00: x (440/440 steps)
[til_cadence_folding_40env] task 0 trial 01: x (440/440 steps)
[til_cadence_folding_40env] task 0 trial 02: x (440/440 steps)
[til_cadence_folding_40env] task 0 trial 03: x (440/440 steps)
[til_cadence_folding_40env] task 0 trial 04: x (440/440 steps)
[info] using task orders [0, 1, 2, 3, 4, 5, 6, 7, 8, 9]
[til_cadence_folding_40env] task 1 trial 00: x (440/440 steps)
[til_cadence_folding_40env] task 1 trial 01: x (440/440 steps)
[til_cadence_folding_40env] task 1 trial 02: x (440/440 steps)
[til_cadence_folding_40env] task 1 trial 03: x (440/440 steps)
[til_cadence_folding_40env] task 1 trial 04: x (440/440 steps)
[info] using task orders [0, 1, 2, 3, 4, 5, 6, 7, 8, 9]
[til_cadence_folding_40env] task 2 trial 00: x (440/440 steps)
[til_cadence_folding_40env] task 2 trial 01: x (440/440 steps)
[til_cadence_folding_40env] task 2 trial 02: x (440/440 steps)
[til_cadence_folding_40env] task 2 trial 03: x (440/440 steps)
[til_cadence_folding_40env] task 2 trial 04: x (440/440 steps)
[info] using task orders [0, 1, 2, 3, 4, 5, 6, 7, 8, 9]
[til_cadence_folding_40env] task 3 trial 00: x (440/440 steps)
[til_cadence_folding_40env] task 3 trial 01: x (440/440 steps)
[til_cadence_folding_40env] task 3 trial 02: x (440/440 steps)
[til_cadence_folding_40env] task 3 trial 03: x (440/440 steps)
[til_cadence_folding_40env] task 3 trial 04: x (440/440 steps)
[info] using task orders [0, 1, 2, 3, 4, 5, 6, 7, 8, 9]
[til_cadence_folding_40env] task 4 trial 00: x (440/440 steps)
[til_cadence_folding_40env] task 4 trial 01: x (440/440 steps)
[til_cadence_folding_40env] task 4 trial 02: x (440/440 steps)
[til_cadence_folding_40env] task 4 trial 03: x (440/440 steps)
[til_cadence_folding_40env] task 4 trial 04: x (440/440 steps)
[info] using task orders [0, 1, 2, 3, 4, 5, 6, 7, 8, 9]
[til_cadence_folding_40env] task 5 trial 00: x (440/440 steps)
[til_cadence_folding_40env] task 5 trial 01: x (440/440 steps)
[til_cadence_folding_40env] task 5 trial 02: x (440/440 steps)
[til_cadence_folding_40env] task 5 trial 03: x (440/440 steps)
[til_cadence_folding_40env] task 5 trial 04: x (440/440 steps)
[info] using task orders [0, 1, 2, 3, 4, 5, 6, 7, 8, 9]
[til_cadence_folding_40env] task 6 trial 00: x (440/440 steps)
[til_cadence_folding_40env] task 6 trial 01: x (440/440 steps)
[til_cadence_folding_40env] task 6 trial 02: x (440/440 steps)
[til_cadence_folding_40env] task 6 trial 03: x (440/440 steps)
[til_cadence_folding_40env] task 6 trial 04: x (440/440 steps)
[info] using task orders [0, 1, 2, 3, 4, 5, 6, 7, 8, 9]
[til_cadence_folding_40env] task 7 trial 00: x (440/440 steps)
[til_cadence_folding_40env] task 7 trial 01: x (440/440 steps)
[til_cadence_folding_40env] task 7 trial 02: x (440/440 steps)
[til_cadence_folding_40env] task 7 trial 03: x (440/440 steps)
[til_cadence_folding_40env] task 7 trial 04: x (440/440 steps)
[info] using task orders [0, 1, 2, 3, 4, 5, 6, 7, 8, 9]
[til_cadence_folding_40env] task 8 trial 00: x (440/440 steps)
[til_cadence_folding_40env] task 8 trial 01: x (440/440 steps)
[til_cadence_folding_40env] task 8 trial 02: x (440/440 steps)
[til_cadence_folding_40env] task 8 trial 03: x (440/440 steps)
[til_cadence_folding_40env] task 8 trial 04: x (440/440 steps)
[info] using task orders [0, 1, 2, 3, 4, 5, 6, 7, 8, 9]
[til_cadence_folding_40env] task 9 trial 00: x (440/440 steps)
[til_cadence_folding_40env] task 9 trial 01: x (440/440 steps)
[til_cadence_folding_40env] task 9 trial 02: x (440/440 steps)
[til_cadence_folding_40env] task 9 trial 03: x (440/440 steps)
[til_cadence_folding_40env] task 9 trial 04: x (440/440 steps)
[til_cadence_folding_40env] cadence check: 11000 policy queries, 11000 resolved intermediates, 0 starved of 22000 env steps
--> til_cadence_folding_40env: 0.0% (440 steps @ 40 Hz = 11.0 s, replan every 20)


============================================================
ARM til_cadence_spline_40env
============================================================
Fetching 4 files:   0%|          | 0/4 [00:00<?, ?it/s]Fetching 4 files: 100%|██████████| 4/4 [00:00<00:00, 114912.44it/s]
Loading  HuggingFaceTB/SmolVLM2-500M-Video-Instruct weights ...
Loading weights:   0%|          | 0/489 [00:00<?, ?it/s]Loading weights: 100%|██████████| 489/489 [00:00<00:00, 6616.92it/s]
Reducing the number of VLM layers to 16 ...
Loading  HuggingFaceTB/SmolVLM2-500M-Video-Instruct weights ...
Loading weights:   0%|          | 0/489 [00:00<?, ?it/s]Loading weights: 100%|██████████| 489/489 [00:00<00:00, 6844.22it/s]
Reducing the number of VLM layers to 16 ...
Loading weights from local directory
[til_cadence_spline_40env] variant=til n_fourier=0 re-integrates at 20.0 Hz (native ODE re-integration, NOT alias folding)
[til_cadence_spline_40env] spline resample -> 100 steps, pose deltas rescaled
[til_cadence_spline_40env] resolved-cadence: policy queried every 2 env steps (20 Hz decisions in a 40 Hz sim); intermediate actions taken from the plan
[info] using task orders [0, 1, 2, 3, 4, 5, 6, 7, 8, 9]
[til_cadence_spline_40env] settle window scaled to 20 steps (0.50 s at 40 Hz)
[til_cadence_spline_40env] task 0 trial 00: OK (160/440 steps)
[til_cadence_spline_40env] task 0 trial 01: x (440/440 steps)
[til_cadence_spline_40env] task 0 trial 02: x (440/440 steps)
[til_cadence_spline_40env] task 0 trial 03: x (440/440 steps)
[til_cadence_spline_40env] task 0 trial 04: x (440/440 steps)
[info] using task orders [0, 1, 2, 3, 4, 5, 6, 7, 8, 9]
[til_cadence_spline_40env] task 1 trial 00: x (440/440 steps)
[til_cadence_spline_40env] task 1 trial 01: x (440/440 steps)
[til_cadence_spline_40env] task 1 trial 02: x (440/440 steps)
[til_cadence_spline_40env] task 1 trial 03: x (440/440 steps)
[til_cadence_spline_40env] task 1 trial 04: x (440/440 steps)
[info] using task orders [0, 1, 2, 3, 4, 5, 6, 7, 8, 9]
[til_cadence_spline_40env] task 2 trial 00: x (440/440 steps)
[til_cadence_spline_40env] task 2 trial 01: x (440/440 steps)
[til_cadence_spline_40env] task 2 trial 02: x (440/440 steps)
[til_cadence_spline_40env] task 2 trial 03: x (440/440 steps)
[til_cadence_spline_40env] task 2 trial 04: x (440/440 steps)
[info] using task orders [0, 1, 2, 3, 4, 5, 6, 7, 8, 9]
[til_cadence_spline_40env] task 3 trial 00: x (440/440 steps)
[til_cadence_spline_40env] task 3 trial 01: x (440/440 steps)
[til_cadence_spline_40env] task 3 trial 02: x (440/440 steps)
[til_cadence_spline_40env] task 3 trial 03: x (440/440 steps)
[til_cadence_spline_40env] task 3 trial 04: x (440/440 steps)
[info] using task orders [0, 1, 2, 3, 4, 5, 6, 7, 8, 9]
[til_cadence_spline_40env] task 4 trial 00: x (440/440 steps)
[til_cadence_spline_40env] task 4 trial 01: x (440/440 steps)
[til_cadence_spline_40env] task 4 trial 02: x (440/440 steps)
[til_cadence_spline_40env] task 4 trial 03: x (440/440 steps)
[til_cadence_spline_40env] task 4 trial 04: x (440/440 steps)
[info] using task orders [0, 1, 2, 3, 4, 5, 6, 7, 8, 9]
[til_cadence_spline_40env] task 5 trial 00: x (440/440 steps)
[til_cadence_spline_40env] task 5 trial 01: x (440/440 steps)
[til_cadence_spline_40env] task 5 trial 02: x (440/440 steps)
[til_cadence_spline_40env] task 5 trial 03: x (440/440 steps)
[til_cadence_spline_40env] task 5 trial 04: x (440/440 steps)
[info] using task orders [0, 1, 2, 3, 4, 5, 6, 7, 8, 9]
[til_cadence_spline_40env] task 6 trial 00: x (440/440 steps)
[til_cadence_spline_40env] task 6 trial 01: x (440/440 steps)
[til_cadence_spline_40env] task 6 trial 02: x (440/440 steps)
[til_cadence_spline_40env] task 6 trial 03: x (440/440 steps)
[til_cadence_spline_40env] task 6 trial 04: x (440/440 steps)
[info] using task orders [0, 1, 2, 3, 4, 5, 6, 7, 8, 9]
[til_cadence_spline_40env] task 7 trial 00: x (440/440 steps)
[til_cadence_spline_40env] task 7 trial 01: x (440/440 steps)
[til_cadence_spline_40env] task 7 trial 02: x (440/440 steps)
[til_cadence_spline_40env] task 7 trial 03: x (440/440 steps)
[til_cadence_spline_40env] task 7 trial 04: x (440/440 steps)
[info] using task orders [0, 1, 2, 3, 4, 5, 6, 7, 8, 9]
[til_cadence_spline_40env] task 8 trial 00: x (440/440 steps)
[til_cadence_spline_40env] task 8 trial 01: x (440/440 steps)
[til_cadence_spline_40env] task 8 trial 02: x (440/440 steps)
[til_cadence_spline_40env] task 8 trial 03: x (440/440 steps)
[til_cadence_spline_40env] task 8 trial 04: x (440/440 steps)
[info] using task orders [0, 1, 2, 3, 4, 5, 6, 7, 8, 9]
[til_cadence_spline_40env] task 9 trial 00: x (440/440 steps)
[til_cadence_spline_40env] task 9 trial 01: x (440/440 steps)
[til_cadence_spline_40env] task 9 trial 02: x (440/440 steps)
[til_cadence_spline_40env] task 9 trial 03: x (440/440 steps)
[til_cadence_spline_40env] task 9 trial 04: x (440/440 steps)
[til_cadence_spline_40env] cadence check: 10860 policy queries, 10860 resolved intermediates, 0 starved of 21720 env steps
--> til_cadence_spline_40env: 2.0% (440 steps @ 40 Hz = 11.0 s, replan every 20)


SUMMARY (matched wall-clock, chunk-driven replan)
  til_cadence_folding_40env   0.0%
  til_cadence_spline_40env   2.0%
