[robosuite WARNING] No private macro file found! (__init__.py:7)
WARNING:robosuite_logs:No private macro file found!
[robosuite WARNING] It is recommended to use a private macro file (__init__.py:8)
WARNING:robosuite_logs:It is recommended to use a private macro file
[robosuite WARNING] To setup, run: python /home/user/anaconda3/envs/vla_smolvla_libero/lib/python3.12/site-packages/robosuite/scripts/setup_macros.py (__init__.py:9)
WARNING:robosuite_logs:To setup, run: python /home/user/anaconda3/envs/vla_smolvla_libero/lib/python3.12/site-packages/robosuite/scripts/setup_macros.py

============================================================
ARM til_cadmag_folding_40env
============================================================
Fetching 4 files:   0%|          | 0/4 [00:00<?, ?it/s]Fetching 4 files: 100%|██████████| 4/4 [00:00<00:00, 101067.57it/s]
Warning: You are sending unauthenticated requests to the HF Hub. Please set a HF_TOKEN to enable higher rate limits and faster downloads.
WARNING:huggingface_hub.utils._http:Warning: You are sending unauthenticated requests to the HF Hub. Please set a HF_TOKEN to enable higher rate limits and faster downloads.
`torch_dtype` is deprecated! Use `dtype` instead!
Loading  HuggingFaceTB/SmolVLM2-500M-Video-Instruct weights ...
Loading weights:   0%|          | 0/489 [00:00<?, ?it/s]Loading weights: 100%|██████████| 489/489 [00:00<00:00, 6941.93it/s]
Reducing the number of VLM layers to 16 ...
Loading  HuggingFaceTB/SmolVLM2-500M-Video-Instruct weights ...
Loading weights:   0%|          | 0/489 [00:00<?, ?it/s]Loading weights: 100%|██████████| 489/489 [00:00<00:00, 6614.15it/s]
Reducing the number of VLM layers to 16 ...
Loading weights from local directory
[til_cadmag_folding_40env] variant=til n_fourier=0 re-integrates at 40.0 Hz (native ODE re-integration, NOT alias folding)
[til_cadmag_folding_40env] magscale: raw pose deltas x2 (restores native per-step travel)
[til_cadmag_folding_40env] resolved-cadence: policy queried every 2 env steps (20 Hz decisions in a 40 Hz sim); intermediate actions taken from the plan
[info] using task orders [0, 1, 2, 3, 4, 5, 6, 7, 8, 9]
Local assets not found. Downloading from HuggingFace Hub...
Assets already downloaded at /home/user/.cache/libero/assets
[til_cadmag_folding_40env] settle window scaled to 20 steps (0.50 s at 40 Hz)
[til_cadmag_folding_40env] task 0 trial 00: OK (146/440 steps)
[til_cadmag_folding_40env] task 0 trial 01: OK (151/440 steps)
[til_cadmag_folding_40env] task 0 trial 02: x (440/440 steps)
[til_cadmag_folding_40env] task 0 trial 03: OK (153/440 steps)
[til_cadmag_folding_40env] task 0 trial 04: OK (148/440 steps)
[info] using task orders [0, 1, 2, 3, 4, 5, 6, 7, 8, 9]
[til_cadmag_folding_40env] task 1 trial 00: OK (266/440 steps)
[til_cadmag_folding_40env] task 1 trial 01: OK (215/440 steps)
[til_cadmag_folding_40env] task 1 trial 02: OK (241/440 steps)
[til_cadmag_folding_40env] task 1 trial 03: OK (230/440 steps)
[til_cadmag_folding_40env] task 1 trial 04: OK (245/440 steps)
[info] using task orders [0, 1, 2, 3, 4, 5, 6, 7, 8, 9]
[til_cadmag_folding_40env] task 2 trial 00: OK (189/440 steps)
[til_cadmag_folding_40env] task 2 trial 01: OK (211/440 steps)
[til_cadmag_folding_40env] task 2 trial 02: OK (181/440 steps)
[til_cadmag_folding_40env] task 2 trial 03: OK (188/440 steps)
[til_cadmag_folding_40env] task 2 trial 04: OK (186/440 steps)
[info] using task orders [0, 1, 2, 3, 4, 5, 6, 7, 8, 9]
[til_cadmag_folding_40env] task 3 trial 00: OK (172/440 steps)
[til_cadmag_folding_40env] task 3 trial 01: OK (176/440 steps)
[til_cadmag_folding_40env] task 3 trial 02: OK (168/440 steps)
[til_cadmag_folding_40env] task 3 trial 03: x (440/440 steps)
[til_cadmag_folding_40env] task 3 trial 04: OK (168/440 steps)
[info] using task orders [0, 1, 2, 3, 4, 5, 6, 7, 8, 9]
[til_cadmag_folding_40env] task 4 trial 00: x (440/440 steps)
[til_cadmag_folding_40env] task 4 trial 01: x (440/440 steps)
[til_cadmag_folding_40env] task 4 trial 02: x (440/440 steps)
[til_cadmag_folding_40env] task 4 trial 03: OK (265/440 steps)
[til_cadmag_folding_40env] task 4 trial 04: x (440/440 steps)
[info] using task orders [0, 1, 2, 3, 4, 5, 6, 7, 8, 9]
[til_cadmag_folding_40env] task 5 trial 00: x (440/440 steps)
[til_cadmag_folding_40env] task 5 trial 01: x (440/440 steps)
[til_cadmag_folding_40env] task 5 trial 02: x (440/440 steps)
[til_cadmag_folding_40env] task 5 trial 03: x (440/440 steps)
[til_cadmag_folding_40env] task 5 trial 04: x (440/440 steps)
[info] using task orders [0, 1, 2, 3, 4, 5, 6, 7, 8, 9]
[til_cadmag_folding_40env] task 6 trial 00: OK (220/440 steps)
[til_cadmag_folding_40env] task 6 trial 01: x (440/440 steps)
[til_cadmag_folding_40env] task 6 trial 02: OK (215/440 steps)
[til_cadmag_folding_40env] task 6 trial 03: OK (229/440 steps)
[til_cadmag_folding_40env] task 6 trial 04: OK (218/440 steps)
[info] using task orders [0, 1, 2, 3, 4, 5, 6, 7, 8, 9]
[til_cadmag_folding_40env] task 7 trial 00: x (440/440 steps)
[til_cadmag_folding_40env] task 7 trial 01: OK (226/440 steps)
[til_cadmag_folding_40env] task 7 trial 02: OK (247/440 steps)
[til_cadmag_folding_40env] task 7 trial 03: x (440/440 steps)
[til_cadmag_folding_40env] task 7 trial 04: x (440/440 steps)
[info] using task orders [0, 1, 2, 3, 4, 5, 6, 7, 8, 9]
[til_cadmag_folding_40env] task 8 trial 00: x (440/440 steps)
[til_cadmag_folding_40env] task 8 trial 01: x (440/440 steps)
[til_cadmag_folding_40env] task 8 trial 02: x (440/440 steps)
[til_cadmag_folding_40env] task 8 trial 03: x (440/440 steps)
[til_cadmag_folding_40env] task 8 trial 04: x (440/440 steps)
[info] using task orders [0, 1, 2, 3, 4, 5, 6, 7, 8, 9]
[til_cadmag_folding_40env] task 9 trial 00: OK (236/440 steps)
[til_cadmag_folding_40env] task 9 trial 01: OK (227/440 steps)
[til_cadmag_folding_40env] task 9 trial 02: OK (247/440 steps)
[til_cadmag_folding_40env] task 9 trial 03: OK (243/440 steps)
[til_cadmag_folding_40env] task 9 trial 04: x (440/440 steps)
[til_cadmag_folding_40env] cadence check: 7624 policy queries, 7603 resolved intermediates, 20 starved of 15247 env steps
--> til_cadmag_folding_40env: 58.0% (440 steps @ 40 Hz = 11.0 s, replan every 20)


============================================================
ARM til_cadmag_spline_40env
============================================================
Fetching 4 files:   0%|          | 0/4 [00:00<?, ?it/s]Fetching 4 files: 100%|██████████| 4/4 [00:00<00:00, 111107.39it/s]
Loading  HuggingFaceTB/SmolVLM2-500M-Video-Instruct weights ...
Loading weights:   0%|          | 0/489 [00:00<?, ?it/s]Loading weights: 100%|██████████| 489/489 [00:00<00:00, 6551.44it/s]
Reducing the number of VLM layers to 16 ...
Loading  HuggingFaceTB/SmolVLM2-500M-Video-Instruct weights ...
Loading weights:   0%|          | 0/489 [00:00<?, ?it/s]Loading weights: 100%|██████████| 489/489 [00:00<00:00, 7066.15it/s]
Reducing the number of VLM layers to 16 ...
Loading weights from local directory
[til_cadmag_spline_40env] variant=til n_fourier=0 re-integrates at 20.0 Hz (native ODE re-integration, NOT alias folding)
[til_cadmag_spline_40env] spline resample -> 100 steps, pose deltas rescaled
[til_cadmag_spline_40env] magscale: raw pose deltas x2 (restores native per-step travel)
[til_cadmag_spline_40env] resolved-cadence: policy queried every 2 env steps (20 Hz decisions in a 40 Hz sim); intermediate actions taken from the plan
[info] using task orders [0, 1, 2, 3, 4, 5, 6, 7, 8, 9]
[til_cadmag_spline_40env] settle window scaled to 20 steps (0.50 s at 40 Hz)
[til_cadmag_spline_40env] task 0 trial 00: x (440/440 steps)
[til_cadmag_spline_40env] task 0 trial 01: x (440/440 steps)
[til_cadmag_spline_40env] task 0 trial 02: x (440/440 steps)
[til_cadmag_spline_40env] task 0 trial 03: x (440/440 steps)
[til_cadmag_spline_40env] task 0 trial 04: x (440/440 steps)
[info] using task orders [0, 1, 2, 3, 4, 5, 6, 7, 8, 9]
[til_cadmag_spline_40env] task 1 trial 00: x (440/440 steps)
[til_cadmag_spline_40env] task 1 trial 01: x (440/440 steps)
[til_cadmag_spline_40env] task 1 trial 02: x (440/440 steps)
[til_cadmag_spline_40env] task 1 trial 03: x (440/440 steps)
[til_cadmag_spline_40env] task 1 trial 04: x (440/440 steps)
[info] using task orders [0, 1, 2, 3, 4, 5, 6, 7, 8, 9]
[til_cadmag_spline_40env] task 2 trial 00: x (440/440 steps)
[til_cadmag_spline_40env] task 2 trial 01: x (440/440 steps)
[til_cadmag_spline_40env] task 2 trial 02: x (440/440 steps)
[til_cadmag_spline_40env] task 2 trial 03: x (440/440 steps)
[til_cadmag_spline_40env] task 2 trial 04: x (440/440 steps)
[info] using task orders [0, 1, 2, 3, 4, 5, 6, 7, 8, 9]
[til_cadmag_spline_40env] task 3 trial 00: x (440/440 steps)
[til_cadmag_spline_40env] task 3 trial 01: x (440/440 steps)
[til_cadmag_spline_40env] task 3 trial 02: x (440/440 steps)
[til_cadmag_spline_40env] task 3 trial 03: x (440/440 steps)
[til_cadmag_spline_40env] task 3 trial 04: x (440/440 steps)
[info] using task orders [0, 1, 2, 3, 4, 5, 6, 7, 8, 9]
[til_cadmag_spline_40env] task 4 trial 00: x (440/440 steps)
[til_cadmag_spline_40env] task 4 trial 01: x (440/440 steps)
[til_cadmag_spline_40env] task 4 trial 02: x (440/440 steps)
[til_cadmag_spline_40env] task 4 trial 03: x (440/440 steps)
[til_cadmag_spline_40env] task 4 trial 04: x (440/440 steps)
[info] using task orders [0, 1, 2, 3, 4, 5, 6, 7, 8, 9]
[til_cadmag_spline_40env] task 5 trial 00: x (440/440 steps)
[til_cadmag_spline_40env] task 5 trial 01: x (440/440 steps)
[til_cadmag_spline_40env] task 5 trial 02: x (440/440 steps)
[til_cadmag_spline_40env] task 5 trial 03: x (440/440 steps)
[til_cadmag_spline_40env] task 5 trial 04: x (440/440 steps)
[info] using task orders [0, 1, 2, 3, 4, 5, 6, 7, 8, 9]
[til_cadmag_spline_40env] task 6 trial 00: x (440/440 steps)
[til_cadmag_spline_40env] task 6 trial 01: x (440/440 steps)
[til_cadmag_spline_40env] task 6 trial 02: x (440/440 steps)
[til_cadmag_spline_40env] task 6 trial 03: x (440/440 steps)
[til_cadmag_spline_40env] task 6 trial 04: x (440/440 steps)
[info] using task orders [0, 1, 2, 3, 4, 5, 6, 7, 8, 9]
[til_cadmag_spline_40env] task 7 trial 00: x (440/440 steps)
[til_cadmag_spline_40env] task 7 trial 01: x (440/440 steps)
[til_cadmag_spline_40env] task 7 trial 02: x (440/440 steps)
[til_cadmag_spline_40env] task 7 trial 03: x (440/440 steps)
[til_cadmag_spline_40env] task 7 trial 04: x (440/440 steps)
[info] using task orders [0, 1, 2, 3, 4, 5, 6, 7, 8, 9]
[til_cadmag_spline_40env] task 8 trial 00: x (440/440 steps)
[til_cadmag_spline_40env] task 8 trial 01: x (440/440 steps)
[til_cadmag_spline_40env] task 8 trial 02: x (440/440 steps)
[til_cadmag_spline_40env] task 8 trial 03: x (440/440 steps)
[til_cadmag_spline_40env] task 8 trial 04: x (440/440 steps)
[info] using task orders [0, 1, 2, 3, 4, 5, 6, 7, 8, 9]
[til_cadmag_spline_40env] task 9 trial 00: x (440/440 steps)
[til_cadmag_spline_40env] task 9 trial 01: x (440/440 steps)
[til_cadmag_spline_40env] task 9 trial 02: x (440/440 steps)
[til_cadmag_spline_40env] task 9 trial 03: x (440/440 steps)
[til_cadmag_spline_40env] task 9 trial 04: x (440/440 steps)
[til_cadmag_spline_40env] cadence check: 11000 policy queries, 11000 resolved intermediates, 0 starved of 22000 env steps
--> til_cadmag_spline_40env: 0.0% (440 steps @ 40 Hz = 11.0 s, replan every 20)


SUMMARY (matched wall-clock, chunk-driven replan)
  til_cadmag_folding_40env  58.0%
  til_cadmag_spline_40env   0.0%
