[replan] OVERRIDE: 5 env steps (default would be 10 at 20 Hz)
[suite] libero_spatial -> calib_v2_r5_out/multirate_honest.json
[robosuite WARNING] No private macro file found! (__init__.py:7)
WARNING:robosuite_logs:No private macro file found!
[robosuite WARNING] It is recommended to use a private macro file (__init__.py:8)
WARNING:robosuite_logs:It is recommended to use a private macro file
[robosuite WARNING] To setup, run: python /home/user/anaconda3/envs/vla_smolvla_libero/lib/python3.12/site-packages/robosuite/scripts/setup_macros.py (__init__.py:9)
WARNING:robosuite_logs:To setup, run: python /home/user/anaconda3/envs/vla_smolvla_libero/lib/python3.12/site-packages/robosuite/scripts/setup_macros.py

============================================================
ARM v2_spatial_native_20env
============================================================
[stats] v2_spatial_native_20env: normalizing with lerobot/libero_spatial_image
Fetching 4 files:   0%|          | 0/4 [00:00<?, ?it/s]Fetching 4 files: 100%|██████████| 4/4 [00:00<00:00, 103563.06it/s]
Warning: You are sending unauthenticated requests to the HF Hub. Please set a HF_TOKEN to enable higher rate limits and faster downloads.
WARNING:huggingface_hub.utils._http:Warning: You are sending unauthenticated requests to the HF Hub. Please set a HF_TOKEN to enable higher rate limits and faster downloads.
`torch_dtype` is deprecated! Use `dtype` instead!
Loading  HuggingFaceTB/SmolVLM2-500M-Video-Instruct weights ...
Loading weights:   0%|          | 0/489 [00:00<?, ?it/s]Loading weights: 100%|██████████| 489/489 [00:00<00:00, 7832.25it/s]
Reducing the number of VLM layers to 16 ...
Loading  HuggingFaceTB/SmolVLM2-500M-Video-Instruct weights ...
Loading weights:   0%|          | 0/489 [00:00<?, ?it/s]Loading weights: 100%|██████████| 489/489 [00:00<00:00, 7884.82it/s]
Reducing the number of VLM layers to 16 ...
Loading weights from local directory
[info] using task orders [0, 1, 2, 3, 4, 5, 6, 7, 8, 9]
Local assets not found. Downloading from HuggingFace Hub...
Assets already downloaded at /home/user/.cache/libero/assets
[v2_spatial_native_20env] settle window scaled to 10 steps (0.50 s at 20 Hz)
[v2_spatial_native_20env] task 0 trial 00: x (520/520 steps)
[v2_spatial_native_20env] task 0 trial 01: OK (431/520 steps)
[v2_spatial_native_20env] task 0 trial 02: x (520/520 steps)
[v2_spatial_native_20env] task 0 trial 03: x (520/520 steps)
[v2_spatial_native_20env] task 0 trial 04: x (520/520 steps)
[v2_spatial_native_20env] task 0 trial 05: x (520/520 steps)
[v2_spatial_native_20env] task 0 trial 06: x (520/520 steps)
[v2_spatial_native_20env] task 0 trial 07: x (520/520 steps)
[v2_spatial_native_20env] task 0 trial 08: x (520/520 steps)
[v2_spatial_native_20env] task 0 trial 09: x (520/520 steps)
[v2_spatial_native_20env] task 0 trial 10: x (520/520 steps)
[v2_spatial_native_20env] task 0 trial 11: x (520/520 steps)
[v2_spatial_native_20env] task 0 trial 12: x (520/520 steps)
[v2_spatial_native_20env] task 0 trial 13: x (520/520 steps)
[v2_spatial_native_20env] task 0 trial 14: x (520/520 steps)
[v2_spatial_native_20env] task 0 trial 15: OK (106/520 steps)
[v2_spatial_native_20env] task 0 trial 16: OK (101/520 steps)
[v2_spatial_native_20env] task 0 trial 17: x (520/520 steps)
[v2_spatial_native_20env] task 0 trial 18: x (520/520 steps)
[v2_spatial_native_20env] task 0 trial 19: OK (109/520 steps)
[info] using task orders [0, 1, 2, 3, 4, 5, 6, 7, 8, 9]
[v2_spatial_native_20env] task 1 trial 00: OK (141/520 steps)
[v2_spatial_native_20env] task 1 trial 01: x (520/520 steps)
[v2_spatial_native_20env] task 1 trial 02: OK (134/520 steps)
[v2_spatial_native_20env] task 1 trial 03: x (520/520 steps)
[v2_spatial_native_20env] task 1 trial 04: x (520/520 steps)
[v2_spatial_native_20env] task 1 trial 05: x (520/520 steps)
[v2_spatial_native_20env] task 1 trial 06: OK (311/520 steps)
[v2_spatial_native_20env] task 1 trial 07: OK (139/520 steps)
[v2_spatial_native_20env] task 1 trial 08: x (520/520 steps)
[v2_spatial_native_20env] task 1 trial 09: x (520/520 steps)
[v2_spatial_native_20env] task 1 trial 10: x (520/520 steps)
[v2_spatial_native_20env] task 1 trial 11: x (520/520 steps)
[v2_spatial_native_20env] task 1 trial 12: x (520/520 steps)
[v2_spatial_native_20env] task 1 trial 13: OK (124/520 steps)
[v2_spatial_native_20env] task 1 trial 14: x (520/520 steps)
[v2_spatial_native_20env] task 1 trial 15: x (520/520 steps)
[v2_spatial_native_20env] task 1 trial 16: OK (416/520 steps)
[v2_spatial_native_20env] task 1 trial 17: x (520/520 steps)
[v2_spatial_native_20env] task 1 trial 18: x (520/520 steps)
[v2_spatial_native_20env] task 1 trial 19: x (520/520 steps)
[info] using task orders [0, 1, 2, 3, 4, 5, 6, 7, 8, 9]
[v2_spatial_native_20env] task 2 trial 00: OK (130/520 steps)
[v2_spatial_native_20env] task 2 trial 01: OK (132/520 steps)
[v2_spatial_native_20env] task 2 trial 02: OK (158/520 steps)
[v2_spatial_native_20env] task 2 trial 03: OK (113/520 steps)
[v2_spatial_native_20env] task 2 trial 04: x (520/520 steps)
[v2_spatial_native_20env] task 2 trial 05: x (520/520 steps)
[v2_spatial_native_20env] task 2 trial 06: x (520/520 steps)
[v2_spatial_native_20env] task 2 trial 07: OK (156/520 steps)
[v2_spatial_native_20env] task 2 trial 08: x (520/520 steps)
[v2_spatial_native_20env] task 2 trial 09: OK (155/520 steps)
[v2_spatial_native_20env] task 2 trial 10: x (520/520 steps)
[v2_spatial_native_20env] task 2 trial 11: x (520/520 steps)
[v2_spatial_native_20env] task 2 trial 12: x (520/520 steps)
[v2_spatial_native_20env] task 2 trial 13: x (520/520 steps)
[v2_spatial_native_20env] task 2 trial 14: OK (131/520 steps)
[v2_spatial_native_20env] task 2 trial 15: x (520/520 steps)
[v2_spatial_native_20env] task 2 trial 16: OK (156/520 steps)
[v2_spatial_native_20env] task 2 trial 17: x (520/520 steps)
[v2_spatial_native_20env] task 2 trial 18: x (520/520 steps)
[v2_spatial_native_20env] task 2 trial 19: x (520/520 steps)
[info] using task orders [0, 1, 2, 3, 4, 5, 6, 7, 8, 9]
[v2_spatial_native_20env] task 3 trial 00: x (520/520 steps)
[v2_spatial_native_20env] task 3 trial 01: x (520/520 steps)
[v2_spatial_native_20env] task 3 trial 02: OK (118/520 steps)
[v2_spatial_native_20env] task 3 trial 03: x (520/520 steps)
[v2_spatial_native_20env] task 3 trial 04: x (520/520 steps)
[v2_spatial_native_20env] task 3 trial 05: x (520/520 steps)
[v2_spatial_native_20env] task 3 trial 06: x (520/520 steps)
[v2_spatial_native_20env] task 3 trial 07: x (520/520 steps)
[v2_spatial_native_20env] task 3 trial 08: x (520/520 steps)
[v2_spatial_native_20env] task 3 trial 09: x (520/520 steps)
[v2_spatial_native_20env] task 3 trial 10: OK (118/520 steps)
[v2_spatial_native_20env] task 3 trial 11: OK (111/520 steps)
[v2_spatial_native_20env] task 3 trial 12: OK (114/520 steps)
[v2_spatial_native_20env] task 3 trial 13: x (520/520 steps)
[v2_spatial_native_20env] task 3 trial 14: x (520/520 steps)
[v2_spatial_native_20env] task 3 trial 15: OK (134/520 steps)
[v2_spatial_native_20env] task 3 trial 16: x (520/520 steps)
[v2_spatial_native_20env] task 3 trial 17: x (520/520 steps)
[v2_spatial_native_20env] task 3 trial 18: x (520/520 steps)
[v2_spatial_native_20env] task 3 trial 19: x (520/520 steps)
[info] using task orders [0, 1, 2, 3, 4, 5, 6, 7, 8, 9]
[v2_spatial_native_20env] task 4 trial 00: x (520/520 steps)
[v2_spatial_native_20env] task 4 trial 01: x (520/520 steps)
[v2_spatial_native_20env] task 4 trial 02: x (520/520 steps)
[v2_spatial_native_20env] task 4 trial 03: x (520/520 steps)
[v2_spatial_native_20env] task 4 trial 04: OK (214/520 steps)
[v2_spatial_native_20env] task 4 trial 05: x (520/520 steps)
[v2_spatial_native_20env] task 4 trial 06: x (520/520 steps)
[v2_spatial_native_20env] task 4 trial 07: OK (155/520 steps)
[v2_spatial_native_20env] task 4 trial 08: x (520/520 steps)
[v2_spatial_native_20env] task 4 trial 09: x (520/520 steps)
[v2_spatial_native_20env] task 4 trial 10: x (520/520 steps)
[v2_spatial_native_20env] task 4 trial 11: x (520/520 steps)
[v2_spatial_native_20env] task 4 trial 12: x (520/520 steps)
[v2_spatial_native_20env] task 4 trial 13: x (520/520 steps)
[v2_spatial_native_20env] task 4 trial 14: x (520/520 steps)
[v2_spatial_native_20env] task 4 trial 15: x (520/520 steps)
[v2_spatial_native_20env] task 4 trial 16: x (520/520 steps)
[v2_spatial_native_20env] task 4 trial 17: x (520/520 steps)
[v2_spatial_native_20env] task 4 trial 18: x (520/520 steps)
[v2_spatial_native_20env] task 4 trial 19: x (520/520 steps)
[info] using task orders [0, 1, 2, 3, 4, 5, 6, 7, 8, 9]
[v2_spatial_native_20env] task 5 trial 00: x (520/520 steps)
[v2_spatial_native_20env] task 5 trial 01: x (520/520 steps)
[v2_spatial_native_20env] task 5 trial 02: x (520/520 steps)
[v2_spatial_native_20env] task 5 trial 03: x (520/520 steps)
[v2_spatial_native_20env] task 5 trial 04: x (520/520 steps)
[v2_spatial_native_20env] task 5 trial 05: x (520/520 steps)
[v2_spatial_native_20env] task 5 trial 06: x (520/520 steps)
[v2_spatial_native_20env] task 5 trial 07: x (520/520 steps)
[v2_spatial_native_20env] task 5 trial 08: x (520/520 steps)
[v2_spatial_native_20env] task 5 trial 09: x (520/520 steps)
[v2_spatial_native_20env] task 5 trial 10: x (520/520 steps)
[v2_spatial_native_20env] task 5 trial 11: x (520/520 steps)
[v2_spatial_native_20env] task 5 trial 12: x (520/520 steps)
[v2_spatial_native_20env] task 5 trial 13: x (520/520 steps)
[v2_spatial_native_20env] task 5 trial 14: x (520/520 steps)
[v2_spatial_native_20env] task 5 trial 15: x (520/520 steps)
[v2_spatial_native_20env] task 5 trial 16: x (520/520 steps)
[v2_spatial_native_20env] task 5 trial 17: x (520/520 steps)
[v2_spatial_native_20env] task 5 trial 18: x (520/520 steps)
[v2_spatial_native_20env] task 5 trial 19: x (520/520 steps)
[info] using task orders [0, 1, 2, 3, 4, 5, 6, 7, 8, 9]
[v2_spatial_native_20env] task 6 trial 00: OK (123/520 steps)
[v2_spatial_native_20env] task 6 trial 01: OK (174/520 steps)
[v2_spatial_native_20env] task 6 trial 02: OK (118/520 steps)
[v2_spatial_native_20env] task 6 trial 03: x (520/520 steps)
[v2_spatial_native_20env] task 6 trial 04: OK (124/520 steps)
[v2_spatial_native_20env] task 6 trial 05: x (520/520 steps)
[v2_spatial_native_20env] task 6 trial 06: x (520/520 steps)
[v2_spatial_native_20env] task 6 trial 07: OK (132/520 steps)
[v2_spatial_native_20env] task 6 trial 08: x (520/520 steps)
[v2_spatial_native_20env] task 6 trial 09: x (520/520 steps)
[v2_spatial_native_20env] task 6 trial 10: OK (145/520 steps)
[v2_spatial_native_20env] task 6 trial 11: OK (136/520 steps)
[v2_spatial_native_20env] task 6 trial 12: OK (131/520 steps)
[v2_spatial_native_20env] task 6 trial 13: OK (148/520 steps)
[v2_spatial_native_20env] task 6 trial 14: x (520/520 steps)
[v2_spatial_native_20env] task 6 trial 15: OK (149/520 steps)
[v2_spatial_native_20env] task 6 trial 16: OK (119/520 steps)
[v2_spatial_native_20env] task 6 trial 17: x (520/520 steps)
[v2_spatial_native_20env] task 6 trial 18: x (520/520 steps)
[v2_spatial_native_20env] task 6 trial 19: OK (139/520 steps)
[info] using task orders [0, 1, 2, 3, 4, 5, 6, 7, 8, 9]
[v2_spatial_native_20env] task 7 trial 00: OK (139/520 steps)
[v2_spatial_native_20env] task 7 trial 01: OK (140/520 steps)
[v2_spatial_native_20env] task 7 trial 02: OK (151/520 steps)
[v2_spatial_native_20env] task 7 trial 03: OK (130/520 steps)
[v2_spatial_native_20env] task 7 trial 04: OK (142/520 steps)
[v2_spatial_native_20env] task 7 trial 05: x (520/520 steps)
[v2_spatial_native_20env] task 7 trial 06: OK (135/520 steps)
[v2_spatial_native_20env] task 7 trial 07: OK (144/520 steps)
[v2_spatial_native_20env] task 7 trial 08: OK (187/520 steps)
[v2_spatial_native_20env] task 7 trial 09: x (520/520 steps)
[v2_spatial_native_20env] task 7 trial 10: OK (184/520 steps)
[v2_spatial_native_20env] task 7 trial 11: OK (181/520 steps)
[v2_spatial_native_20env] task 7 trial 12: OK (132/520 steps)
[v2_spatial_native_20env] task 7 trial 13: OK (154/520 steps)
[v2_spatial_native_20env] task 7 trial 14: OK (149/520 steps)
[v2_spatial_native_20env] task 7 trial 15: OK (146/520 steps)
[v2_spatial_native_20env] task 7 trial 16: OK (136/520 steps)
[v2_spatial_native_20env] task 7 trial 17: OK (133/520 steps)
[v2_spatial_native_20env] task 7 trial 18: x (520/520 steps)
[v2_spatial_native_20env] task 7 trial 19: OK (351/520 steps)
[info] using task orders [0, 1, 2, 3, 4, 5, 6, 7, 8, 9]
[v2_spatial_native_20env] task 8 trial 00: OK (123/520 steps)
[v2_spatial_native_20env] task 8 trial 01: OK (140/520 steps)
[v2_spatial_native_20env] task 8 trial 02: x (520/520 steps)
[v2_spatial_native_20env] task 8 trial 03: x (520/520 steps)
[v2_spatial_native_20env] task 8 trial 04: x (520/520 steps)
[v2_spatial_native_20env] task 8 trial 05: x (520/520 steps)
[v2_spatial_native_20env] task 8 trial 06: OK (109/520 steps)
[v2_spatial_native_20env] task 8 trial 07: x (520/520 steps)
[v2_spatial_native_20env] task 8 trial 08: x (520/520 steps)
[v2_spatial_native_20env] task 8 trial 09: OK (148/520 steps)
[v2_spatial_native_20env] task 8 trial 10: x (520/520 steps)
[v2_spatial_native_20env] task 8 trial 11: x (520/520 steps)
[v2_spatial_native_20env] task 8 trial 12: x (520/520 steps)
[v2_spatial_native_20env] task 8 trial 13: x (520/520 steps)
[v2_spatial_native_20env] task 8 trial 14: x (520/520 steps)
[v2_spatial_native_20env] task 8 trial 15: x (520/520 steps)
[v2_spatial_native_20env] task 8 trial 16: x (520/520 steps)
[v2_spatial_native_20env] task 8 trial 17: OK (123/520 steps)
[v2_spatial_native_20env] task 8 trial 18: OK (119/520 steps)
[v2_spatial_native_20env] task 8 trial 19: x (520/520 steps)
[info] using task orders [0, 1, 2, 3, 4, 5, 6, 7, 8, 9]
[v2_spatial_native_20env] task 9 trial 00: x (520/520 steps)
[v2_spatial_native_20env] task 9 trial 01: x (520/520 steps)
[v2_spatial_native_20env] task 9 trial 02: x (520/520 steps)
[v2_spatial_native_20env] task 9 trial 03: x (520/520 steps)
[v2_spatial_native_20env] task 9 trial 04: x (520/520 steps)
[v2_spatial_native_20env] task 9 trial 05: OK (148/520 steps)
[v2_spatial_native_20env] task 9 trial 06: x (520/520 steps)
[v2_spatial_native_20env] task 9 trial 07: x (520/520 steps)
[v2_spatial_native_20env] task 9 trial 08: x (520/520 steps)
[v2_spatial_native_20env] task 9 trial 09: x (520/520 steps)
[v2_spatial_native_20env] task 9 trial 10: x (520/520 steps)
[v2_spatial_native_20env] task 9 trial 11: x (520/520 steps)
[v2_spatial_native_20env] task 9 trial 12: x (520/520 steps)
[v2_spatial_native_20env] task 9 trial 13: x (520/520 steps)
[v2_spatial_native_20env] task 9 trial 14: x (520/520 steps)
[v2_spatial_native_20env] task 9 trial 15: OK (159/520 steps)
[v2_spatial_native_20env] task 9 trial 16: x (520/520 steps)
[v2_spatial_native_20env] task 9 trial 17: x (520/520 steps)
[v2_spatial_native_20env] task 9 trial 18: x (520/520 steps)
[v2_spatial_native_20env] task 9 trial 19: x (520/520 steps)
[v2_spatial_native_20env] diagnostics: 62/200 ok | fail_at_cap=138 fail_early=0 | succ_median=139.0/520
--> v2_spatial_native_20env: 31.0% (520 steps @ 20 Hz = 11.0 s, replan every 5)


SUMMARY (matched wall-clock, chunk-driven replan)
  v2_spatial_native_20env  31.0%
