eart2_rp5 pid 3960710
eart2_rp10 pid 3960711
EART2_LAUNCHED
[replan] OVERRIDE: 10 env steps (default would be 10 at 20 Hz)
[suite] libero_spatial -> eart2_flow10_rp10_out/multirate_honest.json
[suite] libero_spatial -> eart2_flow10_rp5_out/multirate_honest.json
[robosuite WARNING] No private macro file found! (__init__.py:7)
WARNING:robosuite_logs:No private macro file found!
[robosuite WARNING] It is recommended to use a private macro file (__init__.py:8)
WARNING:robosuite_logs:It is recommended to use a private macro file
[robosuite WARNING] To setup, run: python /home/user/anaconda3/envs/vla_smolvla_libero/lib/python3.12/site-packages/robosuite/scripts/setup_macros.py (__init__.py:9)
WARNING:robosuite_logs:To setup, run: python /home/user/anaconda3/envs/vla_smolvla_libero/lib/python3.12/site-packages/robosuite/scripts/setup_macros.py
[robosuite WARNING] No private macro file found! (__init__.py:7)
WARNING:robosuite_logs:No private macro file found!
[robosuite WARNING] It is recommended to use a private macro file (__init__.py:8)
WARNING:robosuite_logs:It is recommended to use a private macro file
[robosuite WARNING] To setup, run: python /home/user/anaconda3/envs/vla_smolvla_libero/lib/python3.12/site-packages/robosuite/scripts/setup_macros.py (__init__.py:9)
WARNING:robosuite_logs:To setup, run: python /home/user/anaconda3/envs/vla_smolvla_libero/lib/python3.12/site-packages/robosuite/scripts/setup_macros.py

============================================================
ARM flow30_eart2_10env
============================================================
[stats] flow30_eart2_10env: normalizing with lerobot/libero_spatial_image

============================================================
ARM flow30_eart2_10env
============================================================
[stats] flow30_eart2_10env: normalizing with lerobot/libero_spatial_image
Fetching 4 files:   0%|          | 0/4 [00:00<?, ?it/s]Fetching 4 files: 100%|██████████| 4/4 [00:00<00:00, 86480.49it/s]
Fetching 4 files:   0%|          | 0/4 [00:00<?, ?it/s]Fetching 4 files: 100%|██████████| 4/4 [00:00<00:00, 85598.04it/s]
Warning: You are sending unauthenticated requests to the HF Hub. Please set a HF_TOKEN to enable higher rate limits and faster downloads.
WARNING:huggingface_hub.utils._http:Warning: You are sending unauthenticated requests to the HF Hub. Please set a HF_TOKEN to enable higher rate limits and faster downloads.
`torch_dtype` is deprecated! Use `dtype` instead!
`torch_dtype` is deprecated! Use `dtype` instead!
Loading  HuggingFaceTB/SmolVLM2-500M-Video-Instruct weights ...
Loading weights:   0%|          | 0/489 [00:00<?, ?it/s]Loading  HuggingFaceTB/SmolVLM2-500M-Video-Instruct weights ...
Loading weights:   0%|          | 0/489 [00:00<?, ?it/s]Loading weights:  75%|███████▍  | 365/489 [00:00<00:00, 3646.76it/s]Loading weights: 100%|██████████| 489/489 [00:00<00:00, 3811.82it/s]
Loading weights:  97%|█████████▋| 475/489 [00:00<00:00, 4739.80it/s]Loading weights: 100%|██████████| 489/489 [00:00<00:00, 4779.67it/s]
Warning: You are sending unauthenticated requests to the HF Hub. Please set a HF_TOKEN to enable higher rate limits and faster downloads.
WARNING:huggingface_hub.utils._http:Warning: You are sending unauthenticated requests to the HF Hub. Please set a HF_TOKEN to enable higher rate limits and faster downloads.
Reducing the number of VLM layers to 16 ...
Loading weights from local directory
[flow30_eart2_10env] spline resample -> 25 steps, pose deltas rescaled
[flow30_eart2_10env] magscale: raw pose deltas x0.5 (restores native per-step travel)
[flow30_eart2_10env] EART-v2: majority-of-time gripper with crossing interpolation
[info] using task orders [0, 1, 2, 3, 4, 5, 6, 7, 8, 9]
Local assets not found. Downloading from HuggingFace Hub...
Assets already downloaded at /home/user/.cache/libero/assets
[flow30_eart2_10env] settle window scaled to 5 steps (0.50 s at 10 Hz)
[flow30_eart2_10env] task 0 trial 00: OK (38/110 steps)
Reducing the number of VLM layers to 16 ...
Loading weights from local directory
[flow30_eart2_10env] spline resample -> 25 steps, pose deltas rescaled
[flow30_eart2_10env] magscale: raw pose deltas x0.5 (restores native per-step travel)
[flow30_eart2_10env] EART-v2: majority-of-time gripper with crossing interpolation
[info] using task orders [0, 1, 2, 3, 4, 5, 6, 7, 8, 9]
Local assets not found. Downloading from HuggingFace Hub...
Assets already downloaded at /home/user/.cache/libero/assets
[flow30_eart2_10env] settle window scaled to 5 steps (0.50 s at 10 Hz)
[flow30_eart2_10env] task 0 trial 00: OK (44/110 steps)
[flow30_eart2_10env] task 0 trial 01: OK (41/110 steps)
[flow30_eart2_10env] task 0 trial 01: OK (44/110 steps)
[flow30_eart2_10env] task 0 trial 02: x (110/110 steps)
[flow30_eart2_10env] task 0 trial 02: x (110/110 steps)
[flow30_eart2_10env] task 0 trial 03: x (110/110 steps)
[flow30_eart2_10env] task 0 trial 04: OK (40/110 steps)
[flow30_eart2_10env] task 0 trial 03: OK (43/110 steps)
[flow30_eart2_10env] task 0 trial 04: OK (40/110 steps)
[info] using task orders [0, 1, 2, 3, 4, 5, 6, 7, 8, 9]
[flow30_eart2_10env] task 1 trial 00: OK (59/110 steps)
[flow30_eart2_10env] task 1 trial 01: OK (56/110 steps)
[info] using task orders [0, 1, 2, 3, 4, 5, 6, 7, 8, 9]
[flow30_eart2_10env] task 1 trial 00: OK (61/110 steps)
[flow30_eart2_10env] task 1 trial 02: OK (59/110 steps)
[flow30_eart2_10env] task 1 trial 01: OK (58/110 steps)
[flow30_eart2_10env] task 1 trial 03: OK (56/110 steps)
[flow30_eart2_10env] task 1 trial 04: OK (61/110 steps)
[flow30_eart2_10env] task 1 trial 02: OK (61/110 steps)
[info] using task orders [0, 1, 2, 3, 4, 5, 6, 7, 8, 9]
[flow30_eart2_10env] task 2 trial 00: OK (52/110 steps)
[flow30_eart2_10env] task 1 trial 03: OK (61/110 steps)
[flow30_eart2_10env] task 2 trial 01: OK (55/110 steps)
[flow30_eart2_10env] task 1 trial 04: OK (62/110 steps)
[flow30_eart2_10env] task 2 trial 02: OK (47/110 steps)
[flow30_eart2_10env] task 2 trial 03: OK (51/110 steps)
[info] using task orders [0, 1, 2, 3, 4, 5, 6, 7, 8, 9]
[flow30_eart2_10env] task 2 trial 00: OK (53/110 steps)
[flow30_eart2_10env] task 2 trial 04: OK (49/110 steps)
[flow30_eart2_10env] task 2 trial 01: OK (56/110 steps)
[info] using task orders [0, 1, 2, 3, 4, 5, 6, 7, 8, 9]
[flow30_eart2_10env] task 3 trial 00: OK (47/110 steps)
[flow30_eart2_10env] task 2 trial 02: OK (49/110 steps)
[flow30_eart2_10env] task 3 trial 01: OK (47/110 steps)
[flow30_eart2_10env] task 2 trial 03: OK (52/110 steps)
[flow30_eart2_10env] task 3 trial 02: x (110/110 steps)
[flow30_eart2_10env] task 2 trial 04: OK (51/110 steps)
[flow30_eart2_10env] task 3 trial 03: OK (48/110 steps)
[flow30_eart2_10env] task 3 trial 04: OK (46/110 steps)
[info] using task orders [0, 1, 2, 3, 4, 5, 6, 7, 8, 9]
[flow30_eart2_10env] task 3 trial 00: OK (49/110 steps)
[info] using task orders [0, 1, 2, 3, 4, 5, 6, 7, 8, 9]
[flow30_eart2_10env] task 4 trial 00: OK (74/110 steps)
[flow30_eart2_10env] task 3 trial 01: OK (51/110 steps)
[flow30_eart2_10env] task 4 trial 01: OK (71/110 steps)
[flow30_eart2_10env] task 3 trial 02: x (110/110 steps)
[flow30_eart2_10env] task 4 trial 02: OK (71/110 steps)
[flow30_eart2_10env] task 3 trial 03: OK (46/110 steps)
[flow30_eart2_10env] task 4 trial 03: OK (74/110 steps)
[flow30_eart2_10env] task 3 trial 04: OK (46/110 steps)
[flow30_eart2_10env] task 4 trial 04: OK (72/110 steps)
[info] using task orders [0, 1, 2, 3, 4, 5, 6, 7, 8, 9]
[flow30_eart2_10env] task 4 trial 00: OK (73/110 steps)
[info] using task orders [0, 1, 2, 3, 4, 5, 6, 7, 8, 9]
[flow30_eart2_10env] task 5 trial 00: x (110/110 steps)
[flow30_eart2_10env] task 5 trial 01: x (110/110 steps)
[flow30_eart2_10env] task 4 trial 01: x (110/110 steps)
[flow30_eart2_10env] task 5 trial 02: x (110/110 steps)
[flow30_eart2_10env] task 4 trial 02: OK (71/110 steps)
[flow30_eart2_10env] task 5 trial 03: x (110/110 steps)
[flow30_eart2_10env] task 4 trial 03: OK (79/110 steps)
[flow30_eart2_10env] task 5 trial 04: x (110/110 steps)
[flow30_eart2_10env] task 4 trial 04: OK (74/110 steps)
[info] using task orders [0, 1, 2, 3, 4, 5, 6, 7, 8, 9]
[flow30_eart2_10env] task 6 trial 00: OK (53/110 steps)
[flow30_eart2_10env] task 6 trial 01: x (110/110 steps)
[info] using task orders [0, 1, 2, 3, 4, 5, 6, 7, 8, 9]
[flow30_eart2_10env] task 5 trial 00: x (110/110 steps)
[flow30_eart2_10env] task 6 trial 02: OK (53/110 steps)
[flow30_eart2_10env] task 6 trial 03: x (110/110 steps)
[flow30_eart2_10env] task 5 trial 01: x (110/110 steps)
[flow30_eart2_10env] task 6 trial 04: OK (54/110 steps)
[flow30_eart2_10env] task 5 trial 02: x (110/110 steps)
[info] using task orders [0, 1, 2, 3, 4, 5, 6, 7, 8, 9]
[flow30_eart2_10env] task 7 trial 00: OK (62/110 steps)
[flow30_eart2_10env] task 7 trial 01: OK (61/110 steps)
[flow30_eart2_10env] task 5 trial 03: x (110/110 steps)
[flow30_eart2_10env] task 7 trial 02: x (110/110 steps)
[flow30_eart2_10env] task 7 trial 03: OK (61/110 steps)
[flow30_eart2_10env] task 5 trial 04: x (110/110 steps)
[flow30_eart2_10env] task 7 trial 04: OK (60/110 steps)
[info] using task orders [0, 1, 2, 3, 4, 5, 6, 7, 8, 9]
[flow30_eart2_10env] task 6 trial 00: OK (58/110 steps)
[info] using task orders [0, 1, 2, 3, 4, 5, 6, 7, 8, 9]
[flow30_eart2_10env] task 8 trial 00: OK (51/110 steps)
[flow30_eart2_10env] task 6 trial 01: OK (54/110 steps)
[flow30_eart2_10env] task 8 trial 01: OK (50/110 steps)
[flow30_eart2_10env] task 6 trial 02: OK (55/110 steps)
[flow30_eart2_10env] task 8 trial 02: x (110/110 steps)
[flow30_eart2_10env] task 8 trial 03: OK (50/110 steps)
[flow30_eart2_10env] task 6 trial 03: x (110/110 steps)
[flow30_eart2_10env] task 8 trial 04: x (110/110 steps)
[flow30_eart2_10env] task 6 trial 04: OK (55/110 steps)
[info] using task orders [0, 1, 2, 3, 4, 5, 6, 7, 8, 9]
[flow30_eart2_10env] task 9 trial 00: OK (64/110 steps)
[info] using task orders [0, 1, 2, 3, 4, 5, 6, 7, 8, 9]
[flow30_eart2_10env] task 7 trial 00: OK (65/110 steps)
[flow30_eart2_10env] task 9 trial 01: OK (65/110 steps)
[flow30_eart2_10env] task 9 trial 02: OK (66/110 steps)
[flow30_eart2_10env] task 7 trial 01: OK (65/110 steps)
[flow30_eart2_10env] task 9 trial 03: OK (63/110 steps)
[flow30_eart2_10env] task 7 trial 02: OK (65/110 steps)
[flow30_eart2_10env] task 9 trial 04: OK (65/110 steps)
[flow30_eart2_10env] diagnostics: 37/50 ok | fail_at_cap=13 fail_early=0 | succ_median=56.0/110
--> flow30_eart2_10env: 74.0% (110 steps @ 10 Hz = 11.0 s, replan every 10)


SUMMARY (matched wall-clock, chunk-driven replan)
  flow30_eart2_10env      74.0%
[flow30_eart2_10env] task 7 trial 03: OK (60/110 steps)
[flow30_eart2_10env] task 7 trial 04: OK (66/110 steps)
[info] using task orders [0, 1, 2, 3, 4, 5, 6, 7, 8, 9]
[flow30_eart2_10env] task 8 trial 00: OK (52/110 steps)
[flow30_eart2_10env] task 8 trial 01: OK (50/110 steps)
[flow30_eart2_10env] task 8 trial 02: x (110/110 steps)
[flow30_eart2_10env] task 8 trial 03: OK (51/110 steps)
[flow30_eart2_10env] task 8 trial 04: x (110/110 steps)
[info] using task orders [0, 1, 2, 3, 4, 5, 6, 7, 8, 9]
[flow30_eart2_10env] task 9 trial 00: OK (67/110 steps)
[flow30_eart2_10env] task 9 trial 01: OK (66/110 steps)
[flow30_eart2_10env] task 9 trial 02: OK (68/110 steps)
[flow30_eart2_10env] task 9 trial 03: x (110/110 steps)
[flow30_eart2_10env] task 9 trial 04: OK (66/110 steps)
[flow30_eart2_10env] diagnostics: 38/50 ok | fail_at_cap=12 fail_early=0 | succ_median=57.0/110
--> flow30_eart2_10env: 76.0% (110 steps @ 10 Hz = 11.0 s, replan every 5)


SUMMARY (matched wall-clock, chunk-driven replan)
  flow30_eart2_10env      76.0%
