[q6] 10:38 GPU clear, starting grid (trials_per_task=30)
[q6] 10:38 === libero_spatial : v2_spatial_native_20env v2_spatial_cadmag_spline_40env flow30_spatial_native_20env flow30_spatial_cadmag_spline_40env ===
[q6] 10:47 REDO v2_spatial_cadmag_spline_40env exit=0
[q6] 11:08 v2_spatial_native_20env exit=0
[q6] 11:08 v2_spatial_cadmag_spline_40env exit=1
[q6] 11:10 flow30_spatial_native_20env exit=0
[q6] 11:12 flow30_spatial_cadmag_spline_40env exit=0
[q6] 11:12 OK  json v2_spatial_native_20env
[q6] 11:12 OK  json v2_spatial_cadmag_spline_40env
[q6] 11:12 OK  json flow30_spatial_native_20env
[q6] 11:12 OK  json flow30_spatial_cadmag_spline_40env
[q6] 11:12 === libero_spatial done ===
[q6] 11:12 === libero_object : v2_object_native_20env v2_object_cadmag_spline_40env flow30_object_native_20env flow30_object_cadmag_spline_40env ===
[q6] 11:24 REDO v2_spatial_cadmag_spline_40env exit=0
[q6] 11:41 v2_object_native_20env exit=0
[q6] 11:45 v2_object_cadmag_spline_40env exit=0
[q6] 11:45 flow30_object_native_20env exit=0
[q6] 11:47 flow30_object_cadmag_spline_40env exit=0
[q6] 11:47 OK  json v2_object_native_20env
[q6] 11:47 OK  json v2_object_cadmag_spline_40env
[q6] 11:47 OK  json flow30_object_native_20env
[q6] 11:47 OK  json flow30_object_cadmag_spline_40env
[q6] 11:47 === libero_object done ===
[q6] 11:47 === libero_10 : v2_long_native_20env v2_long_cadmag_spline_40env flow30_long_native_20env flow30_long_cadmag_spline_40env ===
[q6] 12:36 v2_long_native_20env exit=0
[q6] 12:43 v2_long_cadmag_spline_40env exit=0
[q6] 12:46 flow30_long_native_20env exit=0
[q6] 12:50 flow30_long_cadmag_spline_40env exit=0
[q6] 12:50 OK  json v2_long_native_20env
[q6] 12:50 OK  json v2_long_cadmag_spline_40env
[q6] 12:50 OK  json flow30_long_native_20env
[q6] 12:50 OK  json flow30_long_cadmag_spline_40env
[q6] 12:50 === libero_10 done ===
[q6] 12:50 Q6 DONE
