[suite] libero_spatial -> fired_check_out/multirate_honest.json
[robosuite WARNING] No private macro file found! (__init__.py:7)
WARNING:robosuite_logs:No private macro file found!
[robosuite WARNING] It is recommended to use a private macro file (__init__.py:8)
WARNING:robosuite_logs:It is recommended to use a private macro file
[robosuite WARNING] To setup, run: python /home/user/anaconda3/envs/vla_smolvla_libero/lib/python3.12/site-packages/robosuite/scripts/setup_macros.py (__init__.py:9)
WARNING:robosuite_logs:To setup, run: python /home/user/anaconda3/envs/vla_smolvla_libero/lib/python3.12/site-packages/robosuite/scripts/setup_macros.py

============================================================
ARM asrc_cadmag_spline_30env
============================================================
Fetching 4 files:   0%|          | 0/4 [00:00<?, ?it/s]Fetching 4 files: 100%|██████████| 4/4 [00:00<00:00, 102300.10it/s]
Warning: You are sending unauthenticated requests to the HF Hub. Please set a HF_TOKEN to enable higher rate limits and faster downloads.
WARNING:huggingface_hub.utils._http:Warning: You are sending unauthenticated requests to the HF Hub. Please set a HF_TOKEN to enable higher rate limits and faster downloads.
`torch_dtype` is deprecated! Use `dtype` instead!
Loading  HuggingFaceTB/SmolVLM2-500M-Video-Instruct weights ...
Loading weights:   0%|          | 0/489 [00:00<?, ?it/s]Loading weights: 100%|██████████| 489/489 [00:00<00:00, 6724.48it/s]
Reducing the number of VLM layers to 16 ...
Loading  HuggingFaceTB/SmolVLM2-500M-Video-Instruct weights ...
Loading weights:   0%|          | 0/489 [00:00<?, ?it/s]Loading weights: 100%|██████████| 489/489 [00:00<00:00, 6752.27it/s]
Reducing the number of VLM layers to 16 ...
Loading weights from local directory
[asrc_cadmag_spline_30env] variant=asrc n_fourier=6 re-integrates at 20.0 Hz (native ODE re-integration, NOT alias folding)
[asrc_cadmag_spline_30env] spline resample -> 75 steps, pose deltas rescaled
[asrc_cadmag_spline_30env] magscale: raw pose deltas x1.5 (restores native per-step travel)
[asrc_cadmag_spline_30env] resolved-cadence: 20 Hz decisions in a 30 Hz sim (1 query per 1.5 env steps, NON-INTEGER: integer hold cannot express this); intermediates taken from the plan
[info] using task orders [0, 1, 2, 3, 4, 5, 6, 7, 8, 9]
Local assets not found. Downloading from HuggingFace Hub...
Assets already downloaded at /home/user/.cache/libero/assets
[asrc_cadmag_spline_30env] settle window scaled to 15 steps (0.50 s at 30 Hz)
[asrc_cadmag_spline_30env] task 0 trial 00: OK (124/330 steps)
[asrc_cadmag_spline_30env] task 0 trial 01: OK (119/330 steps)
[info] using task orders [0, 1, 2, 3, 4, 5, 6, 7, 8, 9]
[asrc_cadmag_spline_30env] task 1 trial 00: OK (176/330 steps)
[asrc_cadmag_spline_30env] task 1 trial 01: OK (157/330 steps)
[info] using task orders [0, 1, 2, 3, 4, 5, 6, 7, 8, 9]
[asrc_cadmag_spline_30env] task 2 trial 00: OK (138/330 steps)
[asrc_cadmag_spline_30env] task 2 trial 01: OK (151/330 steps)
[info] using task orders [0, 1, 2, 3, 4, 5, 6, 7, 8, 9]
[asrc_cadmag_spline_30env] task 3 trial 00: OK (134/330 steps)
[asrc_cadmag_spline_30env] task 3 trial 01: OK (143/330 steps)
[info] using task orders [0, 1, 2, 3, 4, 5, 6, 7, 8, 9]
[asrc_cadmag_spline_30env] task 4 trial 00: OK (196/330 steps)
[asrc_cadmag_spline_30env] task 4 trial 01: OK (199/330 steps)
[info] using task orders [0, 1, 2, 3, 4, 5, 6, 7, 8, 9]
[asrc_cadmag_spline_30env] task 5 trial 00: x (330/330 steps)
[asrc_cadmag_spline_30env] task 5 trial 01: x (330/330 steps)
[info] using task orders [0, 1, 2, 3, 4, 5, 6, 7, 8, 9]
[asrc_cadmag_spline_30env] task 6 trial 00: OK (165/330 steps)
[asrc_cadmag_spline_30env] task 6 trial 01: OK (154/330 steps)
[info] using task orders [0, 1, 2, 3, 4, 5, 6, 7, 8, 9]
[asrc_cadmag_spline_30env] task 7 trial 00: OK (181/330 steps)
[asrc_cadmag_spline_30env] task 7 trial 01: OK (180/330 steps)
[info] using task orders [0, 1, 2, 3, 4, 5, 6, 7, 8, 9]
[asrc_cadmag_spline_30env] task 8 trial 00: OK (151/330 steps)
[asrc_cadmag_spline_30env] task 8 trial 01: x (330/330 steps)
[info] using task orders [0, 1, 2, 3, 4, 5, 6, 7, 8, 9]
[asrc_cadmag_spline_30env] task 9 trial 00: OK (188/330 steps)
[asrc_cadmag_spline_30env] task 9 trial 01: OK (194/330 steps)
[asrc_cadmag_spline_30env] cadence check: 2493 policy queries, 1239 resolved intermediates, 8 starved of 3740 env steps
[asrc_cadmag_spline_30env] diagnostics: 17/20 ok | fail_at_cap=3 fail_early=0 | succ_median=157.0/330
--> asrc_cadmag_spline_30env: 85.0% (330 steps @ 30 Hz = 11.0 s, replan every 15)


============================================================
ARM asrc_cadmag_folding_30env
============================================================
Fetching 4 files:   0%|          | 0/4 [00:00<?, ?it/s]Fetching 4 files: 100%|██████████| 4/4 [00:00<00:00, 118987.35it/s]
Loading  HuggingFaceTB/SmolVLM2-500M-Video-Instruct weights ...
Loading weights:   0%|          | 0/489 [00:00<?, ?it/s]Loading weights: 100%|██████████| 489/489 [00:00<00:00, 6667.10it/s]
Reducing the number of VLM layers to 16 ...
Loading  HuggingFaceTB/SmolVLM2-500M-Video-Instruct weights ...
Loading weights:   0%|          | 0/489 [00:00<?, ?it/s]Loading weights: 100%|██████████| 489/489 [00:00<00:00, 6309.30it/s]
Reducing the number of VLM layers to 16 ...
Loading weights from local directory
[asrc_cadmag_folding_30env] variant=asrc n_fourier=6 re-integrates at 30.0 Hz (native ODE re-integration, NOT alias folding)
[asrc_cadmag_folding_30env] magscale: raw pose deltas x1.5 (restores native per-step travel)
[asrc_cadmag_folding_30env] resolved-cadence: 20 Hz decisions in a 30 Hz sim (1 query per 1.5 env steps, NON-INTEGER: integer hold cannot express this); intermediates taken from the plan
[info] using task orders [0, 1, 2, 3, 4, 5, 6, 7, 8, 9]
[asrc_cadmag_folding_30env] settle window scaled to 15 steps (0.50 s at 30 Hz)
[asrc_cadmag_folding_30env] task 0 trial 00: OK (124/330 steps)
[asrc_cadmag_folding_30env] task 0 trial 01: OK (119/330 steps)
[info] using task orders [0, 1, 2, 3, 4, 5, 6, 7, 8, 9]
[asrc_cadmag_folding_30env] task 1 trial 00: OK (174/330 steps)
[asrc_cadmag_folding_30env] task 1 trial 01: OK (157/330 steps)
[info] using task orders [0, 1, 2, 3, 4, 5, 6, 7, 8, 9]
[asrc_cadmag_folding_30env] task 2 trial 00: OK (141/330 steps)
[asrc_cadmag_folding_30env] task 2 trial 01: OK (157/330 steps)
[info] using task orders [0, 1, 2, 3, 4, 5, 6, 7, 8, 9]
[asrc_cadmag_folding_30env] task 3 trial 00: x (330/330 steps)
[asrc_cadmag_folding_30env] task 3 trial 01: OK (137/330 steps)
[info] using task orders [0, 1, 2, 3, 4, 5, 6, 7, 8, 9]
[asrc_cadmag_folding_30env] task 4 trial 00: OK (192/330 steps)
[asrc_cadmag_folding_30env] task 4 trial 01: OK (206/330 steps)
[info] using task orders [0, 1, 2, 3, 4, 5, 6, 7, 8, 9]
[asrc_cadmag_folding_30env] task 5 trial 00: x (330/330 steps)
[asrc_cadmag_folding_30env] task 5 trial 01: x (330/330 steps)
[info] using task orders [0, 1, 2, 3, 4, 5, 6, 7, 8, 9]
[asrc_cadmag_folding_30env] task 6 trial 00: OK (157/330 steps)
[asrc_cadmag_folding_30env] task 6 trial 01: OK (157/330 steps)
[info] using task orders [0, 1, 2, 3, 4, 5, 6, 7, 8, 9]
[asrc_cadmag_folding_30env] task 7 trial 00: OK (179/330 steps)
[asrc_cadmag_folding_30env] task 7 trial 01: OK (181/330 steps)
[info] using task orders [0, 1, 2, 3, 4, 5, 6, 7, 8, 9]
[asrc_cadmag_folding_30env] task 8 trial 00: OK (148/330 steps)
[asrc_cadmag_folding_30env] task 8 trial 01: OK (160/330 steps)
[info] using task orders [0, 1, 2, 3, 4, 5, 6, 7, 8, 9]
[asrc_cadmag_folding_30env] task 9 trial 00: x (330/330 steps)
[asrc_cadmag_folding_30env] task 9 trial 01: OK (198/330 steps)
[asrc_cadmag_folding_30env] cadence check: 2605 policy queries, 1293 resolved intermediates, 9 starved of 3907 env steps
[asrc_cadmag_folding_30env] diagnostics: 16/20 ok | fail_at_cap=4 fail_early=0 | succ_median=157.0/330
--> asrc_cadmag_folding_30env: 80.0% (330 steps @ 30 Hz = 11.0 s, replan every 15)


SUMMARY (matched wall-clock, chunk-driven replan)
  asrc_cadmag_spline_30env  85.0%
  asrc_cadmag_folding_30env  80.0%
