[suite] libero_10 -> foursuite_libero_10_asrc_native_20env_out/multirate_libero_10.json
[robosuite WARNING] No private macro file found! (__init__.py:7)
WARNING:robosuite_logs:No private macro file found!
[robosuite WARNING] It is recommended to use a private macro file (__init__.py:8)
WARNING:robosuite_logs:It is recommended to use a private macro file
[robosuite WARNING] To setup, run: python /home/user/anaconda3/envs/vla_smolvla_libero/lib/python3.12/site-packages/robosuite/scripts/setup_macros.py (__init__.py:9)
WARNING:robosuite_logs:To setup, run: python /home/user/anaconda3/envs/vla_smolvla_libero/lib/python3.12/site-packages/robosuite/scripts/setup_macros.py

============================================================
ARM asrc_native_20env
============================================================
Fetching 4 files:   0%|          | 0/4 [00:00<?, ?it/s]Fetching 4 files: 100%|██████████| 4/4 [00:00<00:00, 38216.89it/s]
Warning: You are sending unauthenticated requests to the HF Hub. Please set a HF_TOKEN to enable higher rate limits and faster downloads.
WARNING:huggingface_hub.utils._http:Warning: You are sending unauthenticated requests to the HF Hub. Please set a HF_TOKEN to enable higher rate limits and faster downloads.
`torch_dtype` is deprecated! Use `dtype` instead!
Loading  HuggingFaceTB/SmolVLM2-500M-Video-Instruct weights ...
Loading weights:   0%|          | 0/489 [00:00<?, ?it/s]Loading weights: 100%|██████████| 489/489 [00:00<00:00, 6286.11it/s]
Reducing the number of VLM layers to 16 ...
Loading  HuggingFaceTB/SmolVLM2-500M-Video-Instruct weights ...
Loading weights:   0%|          | 0/489 [00:00<?, ?it/s]Loading weights: 100%|██████████| 489/489 [00:00<00:00, 7536.78it/s]
Reducing the number of VLM layers to 16 ...
Loading weights from local directory
[asrc_native_20env] variant=asrc n_fourier=6 re-integrates at 20.0 Hz (native ODE re-integration, NOT alias folding)
[info] using task orders [0, 1, 2, 3, 4, 5, 6, 7, 8, 9]
Local assets not found. Downloading from HuggingFace Hub...
Assets already downloaded at /home/user/.cache/libero/assets
[asrc_native_20env] settle window scaled to 10 steps (0.50 s at 20 Hz)
[asrc_native_20env] task 0 trial 00: x (520/520 steps)
[asrc_native_20env] task 0 trial 01: x (520/520 steps)
[asrc_native_20env] task 0 trial 02: x (520/520 steps)
[asrc_native_20env] task 0 trial 03: x (520/520 steps)
[asrc_native_20env] task 0 trial 04: x (520/520 steps)
[info] using task orders [0, 1, 2, 3, 4, 5, 6, 7, 8, 9]
[asrc_native_20env] task 1 trial 00: x (520/520 steps)
[asrc_native_20env] task 1 trial 01: x (520/520 steps)
[asrc_native_20env] task 1 trial 02: x (520/520 steps)
[asrc_native_20env] task 1 trial 03: x (520/520 steps)
[asrc_native_20env] task 1 trial 04: x (520/520 steps)
[info] using task orders [0, 1, 2, 3, 4, 5, 6, 7, 8, 9]
[asrc_native_20env] task 2 trial 00: x (520/520 steps)
[asrc_native_20env] task 2 trial 01: x (520/520 steps)
[asrc_native_20env] task 2 trial 02: x (520/520 steps)
[asrc_native_20env] task 2 trial 03: x (520/520 steps)
[asrc_native_20env] task 2 trial 04: x (520/520 steps)
[info] using task orders [0, 1, 2, 3, 4, 5, 6, 7, 8, 9]
[asrc_native_20env] task 3 trial 00: x (520/520 steps)
[asrc_native_20env] task 3 trial 01: x (520/520 steps)
[asrc_native_20env] task 3 trial 02: x (520/520 steps)
[asrc_native_20env] task 3 trial 03: x (520/520 steps)
[asrc_native_20env] task 3 trial 04: x (520/520 steps)
[info] using task orders [0, 1, 2, 3, 4, 5, 6, 7, 8, 9]
[asrc_native_20env] task 4 trial 00: x (520/520 steps)
[asrc_native_20env] task 4 trial 01: x (520/520 steps)
[asrc_native_20env] task 4 trial 02: x (520/520 steps)
[asrc_native_20env] task 4 trial 03: x (520/520 steps)
[asrc_native_20env] task 4 trial 04: x (520/520 steps)
[info] using task orders [0, 1, 2, 3, 4, 5, 6, 7, 8, 9]
[asrc_native_20env] task 5 trial 00: x (520/520 steps)
[asrc_native_20env] task 5 trial 01: x (520/520 steps)
[asrc_native_20env] task 5 trial 02: x (520/520 steps)
[asrc_native_20env] task 5 trial 03: x (520/520 steps)
[asrc_native_20env] task 5 trial 04: x (520/520 steps)
[info] using task orders [0, 1, 2, 3, 4, 5, 6, 7, 8, 9]
[asrc_native_20env] task 6 trial 00: x (520/520 steps)
[asrc_native_20env] task 6 trial 01: x (520/520 steps)
[asrc_native_20env] task 6 trial 02: x (520/520 steps)
[asrc_native_20env] task 6 trial 03: x (520/520 steps)
[asrc_native_20env] task 6 trial 04: x (520/520 steps)
[info] using task orders [0, 1, 2, 3, 4, 5, 6, 7, 8, 9]
[asrc_native_20env] task 7 trial 00: x (520/520 steps)
[asrc_native_20env] task 7 trial 01: x (520/520 steps)
[asrc_native_20env] task 7 trial 02: x (520/520 steps)
[asrc_native_20env] task 7 trial 03: x (520/520 steps)
[asrc_native_20env] task 7 trial 04: x (520/520 steps)
[info] using task orders [0, 1, 2, 3, 4, 5, 6, 7, 8, 9]
[asrc_native_20env] task 8 trial 00: x (520/520 steps)
[asrc_native_20env] task 8 trial 01: x (520/520 steps)
[asrc_native_20env] task 8 trial 02: x (520/520 steps)
[asrc_native_20env] task 8 trial 03: x (520/520 steps)
[asrc_native_20env] task 8 trial 04: x (520/520 steps)
[info] using task orders [0, 1, 2, 3, 4, 5, 6, 7, 8, 9]
[asrc_native_20env] task 9 trial 00: x (520/520 steps)
[asrc_native_20env] task 9 trial 01: x (520/520 steps)
[asrc_native_20env] task 9 trial 02: x (520/520 steps)
[asrc_native_20env] task 9 trial 03: x (520/520 steps)
[asrc_native_20env] task 9 trial 04: x (520/520 steps)
[asrc_native_20env] diagnostics: 0/50 ok | fail_at_cap=50 fail_early=0 | succ_median=None/520
--> asrc_native_20env: 0.0% (520 steps @ 20 Hz = 11.0 s, replan every 10)


SUMMARY (matched wall-clock, chunk-driven replan)
  asrc_native_20env        0.0%
