[suite] libero_10 -> foursuite_libero_10_asrc_cadmag_folding_40env_out/multirate_libero_10.json
[robosuite WARNING] No private macro file found! (__init__.py:7)
WARNING:robosuite_logs:No private macro file found!
[robosuite WARNING] It is recommended to use a private macro file (__init__.py:8)
WARNING:robosuite_logs:It is recommended to use a private macro file
[robosuite WARNING] To setup, run: python /home/user/anaconda3/envs/vla_smolvla_libero/lib/python3.12/site-packages/robosuite/scripts/setup_macros.py (__init__.py:9)
WARNING:robosuite_logs:To setup, run: python /home/user/anaconda3/envs/vla_smolvla_libero/lib/python3.12/site-packages/robosuite/scripts/setup_macros.py

============================================================
ARM asrc_cadmag_folding_40env
============================================================
Fetching 4 files:   0%|          | 0/4 [00:00<?, ?it/s]Fetching 4 files: 100%|██████████| 4/4 [00:00<00:00, 90687.65it/s]
`torch_dtype` is deprecated! Use `dtype` instead!
Loading  HuggingFaceTB/SmolVLM2-500M-Video-Instruct weights ...
Loading weights:   0%|          | 0/489 [00:00<?, ?it/s]Loading weights: 100%|██████████| 489/489 [00:00<00:00, 7784.62it/s]
Warning: You are sending unauthenticated requests to the HF Hub. Please set a HF_TOKEN to enable higher rate limits and faster downloads.
WARNING:huggingface_hub.utils._http:Warning: You are sending unauthenticated requests to the HF Hub. Please set a HF_TOKEN to enable higher rate limits and faster downloads.
Reducing the number of VLM layers to 16 ...
Loading  HuggingFaceTB/SmolVLM2-500M-Video-Instruct weights ...
Loading weights:   0%|          | 0/489 [00:00<?, ?it/s]Loading weights: 100%|██████████| 489/489 [00:00<00:00, 7727.66it/s]
Reducing the number of VLM layers to 16 ...
Loading weights from local directory
[asrc_cadmag_folding_40env] variant=asrc n_fourier=6 re-integrates at 40.0 Hz (native ODE re-integration, NOT alias folding)
[asrc_cadmag_folding_40env] magscale: raw pose deltas x2 (restores native per-step travel)
[asrc_cadmag_folding_40env] resolved-cadence: 20 Hz decisions in a 40 Hz sim (1 query per 2 env steps); intermediates taken from the plan
[info] using task orders [0, 1, 2, 3, 4, 5, 6, 7, 8, 9]
Local assets not found. Downloading from HuggingFace Hub...
Assets already downloaded at /home/user/.cache/libero/assets
[asrc_cadmag_folding_40env] settle window scaled to 20 steps (0.50 s at 40 Hz)
Traceback (most recent call last):
  File "/home/user/DeepONet_and_Novel_VLA/Experiments/claim_campaign_20260804/evaluate_multirate_honest.py", line 614, in <module>
    main()
  File "/home/user/DeepONet_and_Novel_VLA/Experiments/claim_campaign_20260804/evaluate_multirate_honest.py", line 605, in main
    build_arm(arm, args.trials_per_task, out_dir, results, args.suite, results_name)
  File "/home/user/DeepONet_and_Novel_VLA/Experiments/claim_campaign_20260804/evaluate_multirate_honest.py", line 434, in build_arm
    episode = screen._rollout(policy, preprocessor, postprocessor, env,
              ^^^^^^^^^^^^^^^^^^^^^^^^^^^^^^^^^^^^^^^^^^^^^^^^^^^^^^^^^
  File "/home/user/DeepONet_and_Novel_VLA/Experiments/claim_campaign_20260804/evaluate_height_screen.py", line 198, in _rollout
    observation, _, terminated, truncated, info = env.step(
                                                  ^^^^^^^^^
  File "/home/user/lerobot/src/lerobot/envs/libero.py", line 328, in step
    raw_obs, reward, done, info = self._env.step(action)
                                  ^^^^^^^^^^^^^^^^^^^^^^
  File "/home/user/anaconda3/envs/vla_smolvla_libero/lib/python3.12/site-packages/libero/libero/envs/env_wrapper.py", line 88, in step
    return self.env.step(action)
           ^^^^^^^^^^^^^^^^^^^^^
  File "/home/user/anaconda3/envs/vla_smolvla_libero/lib/python3.12/site-packages/libero/libero/envs/bddl_base_domain.py", line 808, in step
    obs, reward, done, info = super().step(action)
                              ^^^^^^^^^^^^^^^^^^^^
  File "/home/user/anaconda3/envs/vla_smolvla_libero/lib/python3.12/site-packages/robosuite/environments/base.py", line 376, in step
    raise ValueError("executing action in terminated episode")
ValueError: executing action in terminated episode
Exception ignored in: <function MjRenderContext.__del__ at 0x700ca83ea5c0>
Traceback (most recent call last):
  File "/home/user/anaconda3/envs/vla_smolvla_libero/lib/python3.12/site-packages/robosuite/utils/binding_utils.py", line 199, in __del__
  File "/home/user/anaconda3/envs/vla_smolvla_libero/lib/python3.12/site-packages/robosuite/renderers/context/egl_context.py", line 149, in free
  File "/home/user/anaconda3/envs/vla_smolvla_libero/lib/python3.12/site-packages/OpenGL/error.py", line 230, in glCheckError
OpenGL.raw.EGL._errors.EGLError: <exception str() failed>
Exception ignored in: <function EGLGLContext.__del__ at 0x700ca83ea480>
Traceback (most recent call last):
  File "/home/user/anaconda3/envs/vla_smolvla_libero/lib/python3.12/site-packages/robosuite/renderers/context/egl_context.py", line 155, in __del__
  File "/home/user/anaconda3/envs/vla_smolvla_libero/lib/python3.12/site-packages/robosuite/renderers/context/egl_context.py", line 149, in free
  File "/home/user/anaconda3/envs/vla_smolvla_libero/lib/python3.12/site-packages/OpenGL/error.py", line 230, in glCheckError
OpenGL.raw.EGL._errors.EGLError: <exception str() failed>
