[suite] libero_object -> grid_v2_object_cadmag_spline_40env_out/multirate_libero_object.json
[robosuite WARNING] No private macro file found! (__init__.py:7)
WARNING:robosuite_logs:No private macro file found!
[robosuite WARNING] It is recommended to use a private macro file (__init__.py:8)
WARNING:robosuite_logs:It is recommended to use a private macro file
[robosuite WARNING] To setup, run: python /home/user/anaconda3/envs/vla_smolvla_libero/lib/python3.12/site-packages/robosuite/scripts/setup_macros.py (__init__.py:9)
WARNING:robosuite_logs:To setup, run: python /home/user/anaconda3/envs/vla_smolvla_libero/lib/python3.12/site-packages/robosuite/scripts/setup_macros.py

============================================================
ARM v2_object_cadmag_spline_40env
============================================================
[stats] v2_object_cadmag_spline_40env: normalizing with lerobot/libero_object_image
Fetching 4 files:   0%|          | 0/4 [00:00<?, ?it/s]Fetching 4 files: 100%|██████████| 4/4 [00:00<00:00, 31359.28it/s]
Warning: You are sending unauthenticated requests to the HF Hub. Please set a HF_TOKEN to enable higher rate limits and faster downloads.
WARNING:huggingface_hub.utils._http:Warning: You are sending unauthenticated requests to the HF Hub. Please set a HF_TOKEN to enable higher rate limits and faster downloads.
`torch_dtype` is deprecated! Use `dtype` instead!
Loading  HuggingFaceTB/SmolVLM2-500M-Video-Instruct weights ...
Loading weights:   0%|          | 0/489 [00:00<?, ?it/s]Loading weights: 100%|██████████| 489/489 [00:00<00:00, 6262.41it/s]
Reducing the number of VLM layers to 16 ...
Loading  HuggingFaceTB/SmolVLM2-500M-Video-Instruct weights ...
Loading weights:   0%|          | 0/489 [00:00<?, ?it/s]Loading weights: 100%|██████████| 489/489 [00:00<00:00, 5660.83it/s]
Reducing the number of VLM layers to 16 ...
Loading weights from local directory
[v2_object_cadmag_spline_40env] spline resample -> 100 steps, pose deltas rescaled
[v2_object_cadmag_spline_40env] magscale: raw pose deltas x2 (restores native per-step travel)
[v2_object_cadmag_spline_40env] resolved-cadence: 20 Hz decisions in a 40 Hz sim (1 query per 2 env steps); intermediates taken from the plan
[info] using task orders [0, 1, 2, 3, 4, 5, 6, 7, 8, 9]
Local assets not found. Downloading from HuggingFace Hub...
Assets already downloaded at /home/user/.cache/libero/assets
[v2_object_cadmag_spline_40env] settle window scaled to 20 steps (0.50 s at 40 Hz)
[v2_object_cadmag_spline_40env] task 0 trial 00: x (560/560 steps)
[v2_object_cadmag_spline_40env] task 0 trial 01: x (560/560 steps)
[v2_object_cadmag_spline_40env] task 0 trial 02: x (560/560 steps)
[v2_object_cadmag_spline_40env] task 0 trial 03: x (560/560 steps)
[v2_object_cadmag_spline_40env] task 0 trial 04: x (560/560 steps)
[v2_object_cadmag_spline_40env] task 0 trial 05: x (560/560 steps)
[v2_object_cadmag_spline_40env] task 0 trial 06: OK (469/560 steps)
[v2_object_cadmag_spline_40env] task 0 trial 07: x (560/560 steps)
[v2_object_cadmag_spline_40env] task 0 trial 08: x (560/560 steps)
[v2_object_cadmag_spline_40env] task 0 trial 09: x (560/560 steps)
[v2_object_cadmag_spline_40env] task 0 trial 10: x (560/560 steps)
[v2_object_cadmag_spline_40env] task 0 trial 11: x (560/560 steps)
[v2_object_cadmag_spline_40env] task 0 trial 12: x (560/560 steps)
[v2_object_cadmag_spline_40env] task 0 trial 13: x (560/560 steps)
[v2_object_cadmag_spline_40env] task 0 trial 14: x (560/560 steps)
[v2_object_cadmag_spline_40env] task 0 trial 15: x (560/560 steps)
[v2_object_cadmag_spline_40env] task 0 trial 16: x (560/560 steps)
[v2_object_cadmag_spline_40env] task 0 trial 17: OK (484/560 steps)
[v2_object_cadmag_spline_40env] task 0 trial 18: x (560/560 steps)
[v2_object_cadmag_spline_40env] task 0 trial 19: x (560/560 steps)
[v2_object_cadmag_spline_40env] task 0 trial 20: x (560/560 steps)
[v2_object_cadmag_spline_40env] task 0 trial 21: x (560/560 steps)
[v2_object_cadmag_spline_40env] task 0 trial 22: x (560/560 steps)
[v2_object_cadmag_spline_40env] task 0 trial 23: x (560/560 steps)
[v2_object_cadmag_spline_40env] task 0 trial 24: OK (539/560 steps)
[v2_object_cadmag_spline_40env] task 0 trial 25: OK (323/560 steps)
[v2_object_cadmag_spline_40env] task 0 trial 26: x (560/560 steps)
[v2_object_cadmag_spline_40env] task 0 trial 27: x (560/560 steps)
[v2_object_cadmag_spline_40env] task 0 trial 28: x (560/560 steps)
[v2_object_cadmag_spline_40env] task 0 trial 29: x (560/560 steps)
[info] using task orders [0, 1, 2, 3, 4, 5, 6, 7, 8, 9]
[v2_object_cadmag_spline_40env] task 1 trial 00: x (560/560 steps)
[v2_object_cadmag_spline_40env] task 1 trial 01: x (560/560 steps)
[v2_object_cadmag_spline_40env] task 1 trial 02: x (560/560 steps)
[v2_object_cadmag_spline_40env] task 1 trial 03: x (560/560 steps)
[v2_object_cadmag_spline_40env] task 1 trial 04: OK (473/560 steps)
[v2_object_cadmag_spline_40env] task 1 trial 05: x (560/560 steps)
[v2_object_cadmag_spline_40env] task 1 trial 06: x (560/560 steps)
[v2_object_cadmag_spline_40env] task 1 trial 07: x (560/560 steps)
[v2_object_cadmag_spline_40env] task 1 trial 08: x (560/560 steps)
[v2_object_cadmag_spline_40env] task 1 trial 09: x (560/560 steps)
[v2_object_cadmag_spline_40env] task 1 trial 10: x (560/560 steps)
[v2_object_cadmag_spline_40env] task 1 trial 11: x (560/560 steps)
[v2_object_cadmag_spline_40env] task 1 trial 12: x (560/560 steps)
[v2_object_cadmag_spline_40env] task 1 trial 13: x (560/560 steps)
[v2_object_cadmag_spline_40env] task 1 trial 14: x (560/560 steps)
[v2_object_cadmag_spline_40env] task 1 trial 15: x (560/560 steps)
[v2_object_cadmag_spline_40env] task 1 trial 16: x (560/560 steps)
[v2_object_cadmag_spline_40env] task 1 trial 17: OK (504/560 steps)
[v2_object_cadmag_spline_40env] task 1 trial 18: x (560/560 steps)
[v2_object_cadmag_spline_40env] task 1 trial 19: x (560/560 steps)
[v2_object_cadmag_spline_40env] task 1 trial 20: OK (410/560 steps)
[v2_object_cadmag_spline_40env] task 1 trial 21: x (560/560 steps)
[v2_object_cadmag_spline_40env] task 1 trial 22: x (560/560 steps)
[v2_object_cadmag_spline_40env] task 1 trial 23: x (560/560 steps)
[v2_object_cadmag_spline_40env] task 1 trial 24: x (560/560 steps)
[v2_object_cadmag_spline_40env] task 1 trial 25: OK (415/560 steps)
[v2_object_cadmag_spline_40env] task 1 trial 26: OK (440/560 steps)
[v2_object_cadmag_spline_40env] task 1 trial 27: OK (415/560 steps)
[v2_object_cadmag_spline_40env] task 1 trial 28: x (560/560 steps)
[v2_object_cadmag_spline_40env] task 1 trial 29: x (560/560 steps)
[info] using task orders [0, 1, 2, 3, 4, 5, 6, 7, 8, 9]
[v2_object_cadmag_spline_40env] task 2 trial 00: x (560/560 steps)
[v2_object_cadmag_spline_40env] task 2 trial 01: x (560/560 steps)
[v2_object_cadmag_spline_40env] task 2 trial 02: x (560/560 steps)
[v2_object_cadmag_spline_40env] task 2 trial 03: x (560/560 steps)
[v2_object_cadmag_spline_40env] task 2 trial 04: OK (301/560 steps)
[v2_object_cadmag_spline_40env] task 2 trial 05: x (560/560 steps)
[v2_object_cadmag_spline_40env] task 2 trial 06: OK (422/560 steps)
[v2_object_cadmag_spline_40env] task 2 trial 07: OK (398/560 steps)
[v2_object_cadmag_spline_40env] task 2 trial 08: x (560/560 steps)
[v2_object_cadmag_spline_40env] task 2 trial 09: x (560/560 steps)
[v2_object_cadmag_spline_40env] task 2 trial 10: OK (296/560 steps)
[v2_object_cadmag_spline_40env] task 2 trial 11: OK (359/560 steps)
[v2_object_cadmag_spline_40env] task 2 trial 12: OK (287/560 steps)
[v2_object_cadmag_spline_40env] task 2 trial 13: OK (294/560 steps)
[v2_object_cadmag_spline_40env] task 2 trial 14: x (560/560 steps)
[v2_object_cadmag_spline_40env] task 2 trial 15: x (560/560 steps)
[v2_object_cadmag_spline_40env] task 2 trial 16: x (560/560 steps)
[v2_object_cadmag_spline_40env] task 2 trial 17: x (560/560 steps)
[v2_object_cadmag_spline_40env] task 2 trial 18: OK (282/560 steps)
[v2_object_cadmag_spline_40env] task 2 trial 19: OK (498/560 steps)
[v2_object_cadmag_spline_40env] task 2 trial 20: OK (290/560 steps)
[v2_object_cadmag_spline_40env] task 2 trial 21: x (560/560 steps)
[v2_object_cadmag_spline_40env] task 2 trial 22: x (560/560 steps)
[v2_object_cadmag_spline_40env] task 2 trial 23: x (560/560 steps)
[v2_object_cadmag_spline_40env] task 2 trial 24: OK (315/560 steps)
[v2_object_cadmag_spline_40env] task 2 trial 25: x (560/560 steps)
[v2_object_cadmag_spline_40env] task 2 trial 26: x (560/560 steps)
[v2_object_cadmag_spline_40env] task 2 trial 27: OK (417/560 steps)
[v2_object_cadmag_spline_40env] task 2 trial 28: x (560/560 steps)
[v2_object_cadmag_spline_40env] task 2 trial 29: OK (381/560 steps)
[info] using task orders [0, 1, 2, 3, 4, 5, 6, 7, 8, 9]
[v2_object_cadmag_spline_40env] task 3 trial 00: x (560/560 steps)
[v2_object_cadmag_spline_40env] task 3 trial 01: OK (397/560 steps)
[v2_object_cadmag_spline_40env] task 3 trial 02: OK (355/560 steps)
[v2_object_cadmag_spline_40env] task 3 trial 03: x (560/560 steps)
[v2_object_cadmag_spline_40env] task 3 trial 04: x (560/560 steps)
[v2_object_cadmag_spline_40env] task 3 trial 05: x (560/560 steps)
[v2_object_cadmag_spline_40env] task 3 trial 06: x (560/560 steps)
[v2_object_cadmag_spline_40env] task 3 trial 07: x (560/560 steps)
[v2_object_cadmag_spline_40env] task 3 trial 08: x (560/560 steps)
[v2_object_cadmag_spline_40env] task 3 trial 09: OK (277/560 steps)
[v2_object_cadmag_spline_40env] task 3 trial 10: OK (270/560 steps)
[v2_object_cadmag_spline_40env] task 3 trial 11: x (560/560 steps)
[v2_object_cadmag_spline_40env] task 3 trial 12: x (560/560 steps)
[v2_object_cadmag_spline_40env] task 3 trial 13: OK (363/560 steps)
[v2_object_cadmag_spline_40env] task 3 trial 14: OK (260/560 steps)
[v2_object_cadmag_spline_40env] task 3 trial 15: OK (411/560 steps)
[v2_object_cadmag_spline_40env] task 3 trial 16: x (560/560 steps)
[v2_object_cadmag_spline_40env] task 3 trial 17: x (560/560 steps)
[v2_object_cadmag_spline_40env] task 3 trial 18: x (560/560 steps)
[v2_object_cadmag_spline_40env] task 3 trial 19: x (560/560 steps)
[v2_object_cadmag_spline_40env] task 3 trial 20: x (560/560 steps)
[v2_object_cadmag_spline_40env] task 3 trial 21: x (560/560 steps)
[v2_object_cadmag_spline_40env] task 3 trial 22: OK (274/560 steps)
[v2_object_cadmag_spline_40env] task 3 trial 23: x (560/560 steps)
[v2_object_cadmag_spline_40env] task 3 trial 24: x (560/560 steps)
[v2_object_cadmag_spline_40env] task 3 trial 25: x (560/560 steps)
[v2_object_cadmag_spline_40env] task 3 trial 26: x (560/560 steps)
[v2_object_cadmag_spline_40env] task 3 trial 27: OK (416/560 steps)
[v2_object_cadmag_spline_40env] task 3 trial 28: OK (337/560 steps)
[v2_object_cadmag_spline_40env] task 3 trial 29: x (560/560 steps)
[info] using task orders [0, 1, 2, 3, 4, 5, 6, 7, 8, 9]
[v2_object_cadmag_spline_40env] task 4 trial 00: OK (316/560 steps)
[v2_object_cadmag_spline_40env] task 4 trial 01: x (560/560 steps)
[v2_object_cadmag_spline_40env] task 4 trial 02: x (560/560 steps)
[v2_object_cadmag_spline_40env] task 4 trial 03: OK (320/560 steps)
[v2_object_cadmag_spline_40env] task 4 trial 04: OK (313/560 steps)
[v2_object_cadmag_spline_40env] task 4 trial 05: OK (379/560 steps)
[v2_object_cadmag_spline_40env] task 4 trial 06: x (560/560 steps)
[v2_object_cadmag_spline_40env] task 4 trial 07: x (560/560 steps)
[v2_object_cadmag_spline_40env] task 4 trial 08: x (560/560 steps)
[v2_object_cadmag_spline_40env] task 4 trial 09: x (560/560 steps)
[v2_object_cadmag_spline_40env] task 4 trial 10: x (560/560 steps)
[v2_object_cadmag_spline_40env] task 4 trial 11: x (560/560 steps)
[v2_object_cadmag_spline_40env] task 4 trial 12: x (560/560 steps)
[v2_object_cadmag_spline_40env] task 4 trial 13: x (560/560 steps)
[v2_object_cadmag_spline_40env] task 4 trial 14: x (560/560 steps)
[v2_object_cadmag_spline_40env] task 4 trial 15: x (560/560 steps)
[v2_object_cadmag_spline_40env] task 4 trial 16: OK (362/560 steps)
[v2_object_cadmag_spline_40env] task 4 trial 17: x (560/560 steps)
[v2_object_cadmag_spline_40env] task 4 trial 18: OK (323/560 steps)
[v2_object_cadmag_spline_40env] task 4 trial 19: x (560/560 steps)
[v2_object_cadmag_spline_40env] task 4 trial 20: x (560/560 steps)
[v2_object_cadmag_spline_40env] task 4 trial 21: x (560/560 steps)
[v2_object_cadmag_spline_40env] task 4 trial 22: x (560/560 steps)
[v2_object_cadmag_spline_40env] task 4 trial 23: x (560/560 steps)
[v2_object_cadmag_spline_40env] task 4 trial 24: OK (316/560 steps)
[v2_object_cadmag_spline_40env] task 4 trial 25: x (560/560 steps)
[v2_object_cadmag_spline_40env] task 4 trial 26: OK (314/560 steps)
[v2_object_cadmag_spline_40env] task 4 trial 27: x (560/560 steps)
[v2_object_cadmag_spline_40env] task 4 trial 28: OK (311/560 steps)
[v2_object_cadmag_spline_40env] task 4 trial 29: OK (296/560 steps)
[info] using task orders [0, 1, 2, 3, 4, 5, 6, 7, 8, 9]
[v2_object_cadmag_spline_40env] task 5 trial 00: x (560/560 steps)
[v2_object_cadmag_spline_40env] task 5 trial 01: x (560/560 steps)
[v2_object_cadmag_spline_40env] task 5 trial 02: x (560/560 steps)
[v2_object_cadmag_spline_40env] task 5 trial 03: x (560/560 steps)
[v2_object_cadmag_spline_40env] task 5 trial 04: x (560/560 steps)
[v2_object_cadmag_spline_40env] task 5 trial 05: OK (313/560 steps)
[v2_object_cadmag_spline_40env] task 5 trial 06: x (560/560 steps)
[v2_object_cadmag_spline_40env] task 5 trial 07: x (560/560 steps)
[v2_object_cadmag_spline_40env] task 5 trial 08: OK (274/560 steps)
[v2_object_cadmag_spline_40env] task 5 trial 09: x (560/560 steps)
[v2_object_cadmag_spline_40env] task 5 trial 10: x (560/560 steps)
[v2_object_cadmag_spline_40env] task 5 trial 11: x (560/560 steps)
[v2_object_cadmag_spline_40env] task 5 trial 12: x (560/560 steps)
[v2_object_cadmag_spline_40env] task 5 trial 13: x (560/560 steps)
[v2_object_cadmag_spline_40env] task 5 trial 14: x (560/560 steps)
[v2_object_cadmag_spline_40env] task 5 trial 15: x (560/560 steps)
[v2_object_cadmag_spline_40env] task 5 trial 16: OK (299/560 steps)
[v2_object_cadmag_spline_40env] task 5 trial 17: x (560/560 steps)
[v2_object_cadmag_spline_40env] task 5 trial 18: x (560/560 steps)
[v2_object_cadmag_spline_40env] task 5 trial 19: x (560/560 steps)
[v2_object_cadmag_spline_40env] task 5 trial 20: x (560/560 steps)
[v2_object_cadmag_spline_40env] task 5 trial 21: x (560/560 steps)
[v2_object_cadmag_spline_40env] task 5 trial 22: OK (426/560 steps)
[v2_object_cadmag_spline_40env] task 5 trial 23: x (560/560 steps)
[v2_object_cadmag_spline_40env] task 5 trial 24: OK (297/560 steps)
[v2_object_cadmag_spline_40env] task 5 trial 25: OK (287/560 steps)
[v2_object_cadmag_spline_40env] task 5 trial 26: x (560/560 steps)
[v2_object_cadmag_spline_40env] task 5 trial 27: x (560/560 steps)
[v2_object_cadmag_spline_40env] task 5 trial 28: x (560/560 steps)
[v2_object_cadmag_spline_40env] task 5 trial 29: x (560/560 steps)
[info] using task orders [0, 1, 2, 3, 4, 5, 6, 7, 8, 9]
[v2_object_cadmag_spline_40env] task 6 trial 00: x (560/560 steps)
[v2_object_cadmag_spline_40env] task 6 trial 01: x (560/560 steps)
[v2_object_cadmag_spline_40env] task 6 trial 02: x (560/560 steps)
[v2_object_cadmag_spline_40env] task 6 trial 03: x (560/560 steps)
[v2_object_cadmag_spline_40env] task 6 trial 04: x (560/560 steps)
[v2_object_cadmag_spline_40env] task 6 trial 05: x (560/560 steps)
[v2_object_cadmag_spline_40env] task 6 trial 06: x (560/560 steps)
[v2_object_cadmag_spline_40env] task 6 trial 07: x (560/560 steps)
[v2_object_cadmag_spline_40env] task 6 trial 08: x (560/560 steps)
[v2_object_cadmag_spline_40env] task 6 trial 09: OK (321/560 steps)
[v2_object_cadmag_spline_40env] task 6 trial 10: x (560/560 steps)
[v2_object_cadmag_spline_40env] task 6 trial 11: x (560/560 steps)
[v2_object_cadmag_spline_40env] task 6 trial 12: x (560/560 steps)
[v2_object_cadmag_spline_40env] task 6 trial 13: x (560/560 steps)
[v2_object_cadmag_spline_40env] task 6 trial 14: x (560/560 steps)
[v2_object_cadmag_spline_40env] task 6 trial 15: x (560/560 steps)
[v2_object_cadmag_spline_40env] task 6 trial 16: x (560/560 steps)
[v2_object_cadmag_spline_40env] task 6 trial 17: x (560/560 steps)
[v2_object_cadmag_spline_40env] task 6 trial 18: x (560/560 steps)
[v2_object_cadmag_spline_40env] task 6 trial 19: x (560/560 steps)
[v2_object_cadmag_spline_40env] task 6 trial 20: x (560/560 steps)
[v2_object_cadmag_spline_40env] task 6 trial 21: x (560/560 steps)
[v2_object_cadmag_spline_40env] task 6 trial 22: x (560/560 steps)
[v2_object_cadmag_spline_40env] task 6 trial 23: x (560/560 steps)
[v2_object_cadmag_spline_40env] task 6 trial 24: x (560/560 steps)
[v2_object_cadmag_spline_40env] task 6 trial 25: x (560/560 steps)
[v2_object_cadmag_spline_40env] task 6 trial 26: x (560/560 steps)
[v2_object_cadmag_spline_40env] task 6 trial 27: x (560/560 steps)
[v2_object_cadmag_spline_40env] task 6 trial 28: x (560/560 steps)
[v2_object_cadmag_spline_40env] task 6 trial 29: x (560/560 steps)
[info] using task orders [0, 1, 2, 3, 4, 5, 6, 7, 8, 9]
[v2_object_cadmag_spline_40env] task 7 trial 00: OK (279/560 steps)
[v2_object_cadmag_spline_40env] task 7 trial 01: x (560/560 steps)
[v2_object_cadmag_spline_40env] task 7 trial 02: x (560/560 steps)
[v2_object_cadmag_spline_40env] task 7 trial 03: x (560/560 steps)
[v2_object_cadmag_spline_40env] task 7 trial 04: x (560/560 steps)
[v2_object_cadmag_spline_40env] task 7 trial 05: OK (288/560 steps)
[v2_object_cadmag_spline_40env] task 7 trial 06: x (560/560 steps)
[v2_object_cadmag_spline_40env] task 7 trial 07: x (560/560 steps)
[v2_object_cadmag_spline_40env] task 7 trial 08: x (560/560 steps)
[v2_object_cadmag_spline_40env] task 7 trial 09: x (560/560 steps)
[v2_object_cadmag_spline_40env] task 7 trial 10: x (560/560 steps)
[v2_object_cadmag_spline_40env] task 7 trial 11: OK (281/560 steps)
[v2_object_cadmag_spline_40env] task 7 trial 12: OK (232/560 steps)
[v2_object_cadmag_spline_40env] task 7 trial 13: OK (295/560 steps)
[v2_object_cadmag_spline_40env] task 7 trial 14: x (560/560 steps)
[v2_object_cadmag_spline_40env] task 7 trial 15: x (560/560 steps)
[v2_object_cadmag_spline_40env] task 7 trial 16: x (560/560 steps)
[v2_object_cadmag_spline_40env] task 7 trial 17: x (560/560 steps)
[v2_object_cadmag_spline_40env] task 7 trial 18: x (560/560 steps)
[v2_object_cadmag_spline_40env] task 7 trial 19: x (560/560 steps)
[v2_object_cadmag_spline_40env] task 7 trial 20: x (560/560 steps)
[v2_object_cadmag_spline_40env] task 7 trial 21: OK (402/560 steps)
[v2_object_cadmag_spline_40env] task 7 trial 22: x (560/560 steps)
[v2_object_cadmag_spline_40env] task 7 trial 23: x (560/560 steps)
[v2_object_cadmag_spline_40env] task 7 trial 24: x (560/560 steps)
[v2_object_cadmag_spline_40env] task 7 trial 25: x (560/560 steps)
[v2_object_cadmag_spline_40env] task 7 trial 26: x (560/560 steps)
[v2_object_cadmag_spline_40env] task 7 trial 27: x (560/560 steps)
[v2_object_cadmag_spline_40env] task 7 trial 28: x (560/560 steps)
[v2_object_cadmag_spline_40env] task 7 trial 29: x (560/560 steps)
[info] using task orders [0, 1, 2, 3, 4, 5, 6, 7, 8, 9]
[v2_object_cadmag_spline_40env] task 8 trial 00: OK (556/560 steps)
[v2_object_cadmag_spline_40env] task 8 trial 01: x (560/560 steps)
[v2_object_cadmag_spline_40env] task 8 trial 02: x (560/560 steps)
[v2_object_cadmag_spline_40env] task 8 trial 03: OK (417/560 steps)
[v2_object_cadmag_spline_40env] task 8 trial 04: OK (433/560 steps)
[v2_object_cadmag_spline_40env] task 8 trial 05: x (560/560 steps)
[v2_object_cadmag_spline_40env] task 8 trial 06: x (560/560 steps)
[v2_object_cadmag_spline_40env] task 8 trial 07: OK (323/560 steps)
[v2_object_cadmag_spline_40env] task 8 trial 08: x (560/560 steps)
[v2_object_cadmag_spline_40env] task 8 trial 09: x (560/560 steps)
[v2_object_cadmag_spline_40env] task 8 trial 10: x (560/560 steps)
[v2_object_cadmag_spline_40env] task 8 trial 11: OK (308/560 steps)
[v2_object_cadmag_spline_40env] task 8 trial 12: x (560/560 steps)
[v2_object_cadmag_spline_40env] task 8 trial 13: OK (484/560 steps)
[v2_object_cadmag_spline_40env] task 8 trial 14: OK (332/560 steps)
[v2_object_cadmag_spline_40env] task 8 trial 15: x (560/560 steps)
[v2_object_cadmag_spline_40env] task 8 trial 16: x (560/560 steps)
[v2_object_cadmag_spline_40env] task 8 trial 17: x (560/560 steps)
[v2_object_cadmag_spline_40env] task 8 trial 18: OK (443/560 steps)
[v2_object_cadmag_spline_40env] task 8 trial 19: x (560/560 steps)
[v2_object_cadmag_spline_40env] task 8 trial 20: OK (318/560 steps)
[v2_object_cadmag_spline_40env] task 8 trial 21: x (560/560 steps)
[v2_object_cadmag_spline_40env] task 8 trial 22: x (560/560 steps)
[v2_object_cadmag_spline_40env] task 8 trial 23: x (560/560 steps)
[v2_object_cadmag_spline_40env] task 8 trial 24: OK (464/560 steps)
[v2_object_cadmag_spline_40env] task 8 trial 25: OK (441/560 steps)
[v2_object_cadmag_spline_40env] task 8 trial 26: OK (478/560 steps)
[v2_object_cadmag_spline_40env] task 8 trial 27: x (560/560 steps)
[v2_object_cadmag_spline_40env] task 8 trial 28: x (560/560 steps)
[v2_object_cadmag_spline_40env] task 8 trial 29: x (560/560 steps)
[info] using task orders [0, 1, 2, 3, 4, 5, 6, 7, 8, 9]
[v2_object_cadmag_spline_40env] task 9 trial 00: x (560/560 steps)
[v2_object_cadmag_spline_40env] task 9 trial 01: x (560/560 steps)
[v2_object_cadmag_spline_40env] task 9 trial 02: OK (282/560 steps)
[v2_object_cadmag_spline_40env] task 9 trial 03: OK (308/560 steps)
[v2_object_cadmag_spline_40env] task 9 trial 04: OK (328/560 steps)
[v2_object_cadmag_spline_40env] task 9 trial 05: x (560/560 steps)
[v2_object_cadmag_spline_40env] task 9 trial 06: x (560/560 steps)
[v2_object_cadmag_spline_40env] task 9 trial 07: x (560/560 steps)
[v2_object_cadmag_spline_40env] task 9 trial 08: x (560/560 steps)
[v2_object_cadmag_spline_40env] task 9 trial 09: x (560/560 steps)
[v2_object_cadmag_spline_40env] task 9 trial 10: x (560/560 steps)
[v2_object_cadmag_spline_40env] task 9 trial 11: x (560/560 steps)
[v2_object_cadmag_spline_40env] task 9 trial 12: x (560/560 steps)
[v2_object_cadmag_spline_40env] task 9 trial 13: x (560/560 steps)
[v2_object_cadmag_spline_40env] task 9 trial 14: OK (336/560 steps)
[v2_object_cadmag_spline_40env] task 9 trial 15: x (560/560 steps)
[v2_object_cadmag_spline_40env] task 9 trial 16: x (560/560 steps)
[v2_object_cadmag_spline_40env] task 9 trial 17: OK (285/560 steps)
[v2_object_cadmag_spline_40env] task 9 trial 18: x (560/560 steps)
[v2_object_cadmag_spline_40env] task 9 trial 19: OK (335/560 steps)
[v2_object_cadmag_spline_40env] task 9 trial 20: x (560/560 steps)
[v2_object_cadmag_spline_40env] task 9 trial 21: x (560/560 steps)
[v2_object_cadmag_spline_40env] task 9 trial 22: x (560/560 steps)
[v2_object_cadmag_spline_40env] task 9 trial 23: x (560/560 steps)
[v2_object_cadmag_spline_40env] task 9 trial 24: OK (278/560 steps)
[v2_object_cadmag_spline_40env] task 9 trial 25: x (560/560 steps)
[v2_object_cadmag_spline_40env] task 9 trial 26: OK (313/560 steps)
[v2_object_cadmag_spline_40env] task 9 trial 27: x (560/560 steps)
[v2_object_cadmag_spline_40env] task 9 trial 28: x (560/560 steps)
[v2_object_cadmag_spline_40env] task 9 trial 29: x (560/560 steps)
[v2_object_cadmag_spline_40env] cadence check: 76259 policy queries, 76104 resolved intermediates, 155 starved of 152518 env steps
[v2_object_cadmag_spline_40env] diagnostics: 76/300 ok | fail_at_cap=224 fail_early=0 | succ_median=323.0/560
--> v2_object_cadmag_spline_40env: 25.3% (560 steps @ 40 Hz = 11.0 s, replan every 20)


SUMMARY (matched wall-clock, chunk-driven replan)
  v2_object_cadmag_spline_40env  25.3%
