[suite] libero_10 -> grid_flow30_long_cadmag_spline_40env_out/multirate_libero_10.json
[robosuite WARNING] No private macro file found! (__init__.py:7)
WARNING:robosuite_logs:No private macro file found!
[robosuite WARNING] It is recommended to use a private macro file (__init__.py:8)
WARNING:robosuite_logs:It is recommended to use a private macro file
[robosuite WARNING] To setup, run: python /home/user/anaconda3/envs/vla_smolvla_libero/lib/python3.12/site-packages/robosuite/scripts/setup_macros.py (__init__.py:9)
WARNING:robosuite_logs:To setup, run: python /home/user/anaconda3/envs/vla_smolvla_libero/lib/python3.12/site-packages/robosuite/scripts/setup_macros.py

============================================================
ARM flow30_long_cadmag_spline_40env
============================================================
[stats] flow30_long_cadmag_spline_40env: normalizing with lerobot/libero_10_image
Fetching 4 files:   0%|          | 0/4 [00:00<?, ?it/s]Fetching 4 files: 100%|██████████| 4/4 [00:00<00:00, 96420.78it/s]
Warning: You are sending unauthenticated requests to the HF Hub. Please set a HF_TOKEN to enable higher rate limits and faster downloads.
WARNING:huggingface_hub.utils._http:Warning: You are sending unauthenticated requests to the HF Hub. Please set a HF_TOKEN to enable higher rate limits and faster downloads.
`torch_dtype` is deprecated! Use `dtype` instead!
Loading  HuggingFaceTB/SmolVLM2-500M-Video-Instruct weights ...
Loading weights:   0%|          | 0/489 [00:00<?, ?it/s]Loading weights:  77%|███████▋  | 376/489 [00:00<00:00, 3758.70it/s]Loading weights: 100%|██████████| 489/489 [00:00<00:00, 3741.89it/s]
Reducing the number of VLM layers to 16 ...
Loading weights from local directory
[flow30_long_cadmag_spline_40env] spline resample -> 100 steps, pose deltas rescaled
[flow30_long_cadmag_spline_40env] magscale: raw pose deltas x2 (restores native per-step travel)
[flow30_long_cadmag_spline_40env] resolved-cadence: 20 Hz decisions in a 40 Hz sim (1 query per 2 env steps); intermediates taken from the plan
[info] using task orders [0, 1, 2, 3, 4, 5, 6, 7, 8, 9]
Local assets not found. Downloading from HuggingFace Hub...
Assets already downloaded at /home/user/.cache/libero/assets
[flow30_long_cadmag_spline_40env] settle window scaled to 20 steps (0.50 s at 40 Hz)
[flow30_long_cadmag_spline_40env] task 0 trial 00: OK (534/1040 steps)
[flow30_long_cadmag_spline_40env] task 0 trial 01: x (1040/1040 steps)
[flow30_long_cadmag_spline_40env] task 0 trial 02: x (1040/1040 steps)
[flow30_long_cadmag_spline_40env] task 0 trial 03: OK (501/1040 steps)
[flow30_long_cadmag_spline_40env] task 0 trial 04: x (1040/1040 steps)
[flow30_long_cadmag_spline_40env] task 0 trial 05: x (1040/1040 steps)
[flow30_long_cadmag_spline_40env] task 0 trial 06: x (1040/1040 steps)
[flow30_long_cadmag_spline_40env] task 0 trial 07: x (1040/1040 steps)
[flow30_long_cadmag_spline_40env] task 0 trial 08: x (1040/1040 steps)
[flow30_long_cadmag_spline_40env] task 0 trial 09: x (1040/1040 steps)
[flow30_long_cadmag_spline_40env] task 0 trial 10: x (1040/1040 steps)
[flow30_long_cadmag_spline_40env] task 0 trial 11: x (1040/1040 steps)
[flow30_long_cadmag_spline_40env] task 0 trial 12: OK (560/1040 steps)
[flow30_long_cadmag_spline_40env] task 0 trial 13: OK (522/1040 steps)
[flow30_long_cadmag_spline_40env] task 0 trial 14: x (1040/1040 steps)
[flow30_long_cadmag_spline_40env] task 0 trial 15: OK (651/1040 steps)
[flow30_long_cadmag_spline_40env] task 0 trial 16: x (1040/1040 steps)
[flow30_long_cadmag_spline_40env] task 0 trial 17: x (1040/1040 steps)
[flow30_long_cadmag_spline_40env] task 0 trial 18: x (1040/1040 steps)
[flow30_long_cadmag_spline_40env] task 0 trial 19: OK (543/1040 steps)
[flow30_long_cadmag_spline_40env] task 0 trial 20: OK (553/1040 steps)
[flow30_long_cadmag_spline_40env] task 0 trial 21: OK (526/1040 steps)
[flow30_long_cadmag_spline_40env] task 0 trial 22: x (1040/1040 steps)
[flow30_long_cadmag_spline_40env] task 0 trial 23: x (1040/1040 steps)
[flow30_long_cadmag_spline_40env] task 0 trial 24: OK (494/1040 steps)
[flow30_long_cadmag_spline_40env] task 0 trial 25: x (1040/1040 steps)
[flow30_long_cadmag_spline_40env] task 0 trial 26: OK (539/1040 steps)
[flow30_long_cadmag_spline_40env] task 0 trial 27: x (1040/1040 steps)
[flow30_long_cadmag_spline_40env] task 0 trial 28: x (1040/1040 steps)
[flow30_long_cadmag_spline_40env] task 0 trial 29: x (1040/1040 steps)
[info] using task orders [0, 1, 2, 3, 4, 5, 6, 7, 8, 9]
[flow30_long_cadmag_spline_40env] task 1 trial 00: x (1040/1040 steps)
[flow30_long_cadmag_spline_40env] task 1 trial 01: x (1040/1040 steps)
[flow30_long_cadmag_spline_40env] task 1 trial 02: OK (533/1040 steps)
[flow30_long_cadmag_spline_40env] task 1 trial 03: OK (482/1040 steps)
[flow30_long_cadmag_spline_40env] task 1 trial 04: x (1040/1040 steps)
[flow30_long_cadmag_spline_40env] task 1 trial 05: OK (467/1040 steps)
[flow30_long_cadmag_spline_40env] task 1 trial 06: x (1040/1040 steps)
[flow30_long_cadmag_spline_40env] task 1 trial 07: OK (467/1040 steps)
[flow30_long_cadmag_spline_40env] task 1 trial 08: OK (494/1040 steps)
[flow30_long_cadmag_spline_40env] task 1 trial 09: OK (715/1040 steps)
[flow30_long_cadmag_spline_40env] task 1 trial 10: OK (704/1040 steps)
[flow30_long_cadmag_spline_40env] task 1 trial 11: OK (480/1040 steps)
[flow30_long_cadmag_spline_40env] task 1 trial 12: OK (454/1040 steps)
[flow30_long_cadmag_spline_40env] task 1 trial 13: x (1040/1040 steps)
[flow30_long_cadmag_spline_40env] task 1 trial 14: OK (475/1040 steps)
[flow30_long_cadmag_spline_40env] task 1 trial 15: OK (629/1040 steps)
[flow30_long_cadmag_spline_40env] task 1 trial 16: x (1040/1040 steps)
[flow30_long_cadmag_spline_40env] task 1 trial 17: OK (476/1040 steps)
[flow30_long_cadmag_spline_40env] task 1 trial 18: OK (446/1040 steps)
[flow30_long_cadmag_spline_40env] task 1 trial 19: OK (730/1040 steps)
[flow30_long_cadmag_spline_40env] task 1 trial 20: OK (477/1040 steps)
[flow30_long_cadmag_spline_40env] task 1 trial 21: OK (485/1040 steps)
[flow30_long_cadmag_spline_40env] task 1 trial 22: OK (470/1040 steps)
[flow30_long_cadmag_spline_40env] task 1 trial 23: x (1040/1040 steps)
[flow30_long_cadmag_spline_40env] task 1 trial 24: OK (475/1040 steps)
[flow30_long_cadmag_spline_40env] task 1 trial 25: OK (470/1040 steps)
[flow30_long_cadmag_spline_40env] task 1 trial 26: x (1040/1040 steps)
[flow30_long_cadmag_spline_40env] task 1 trial 27: OK (451/1040 steps)
[flow30_long_cadmag_spline_40env] task 1 trial 28: OK (486/1040 steps)
[flow30_long_cadmag_spline_40env] task 1 trial 29: OK (475/1040 steps)
[info] using task orders [0, 1, 2, 3, 4, 5, 6, 7, 8, 9]
[flow30_long_cadmag_spline_40env] task 2 trial 00: OK (451/1040 steps)
[flow30_long_cadmag_spline_40env] task 2 trial 01: OK (519/1040 steps)
[flow30_long_cadmag_spline_40env] task 2 trial 02: OK (482/1040 steps)
[flow30_long_cadmag_spline_40env] task 2 trial 03: OK (510/1040 steps)
[flow30_long_cadmag_spline_40env] task 2 trial 04: OK (481/1040 steps)
[flow30_long_cadmag_spline_40env] task 2 trial 05: OK (469/1040 steps)
[flow30_long_cadmag_spline_40env] task 2 trial 06: OK (472/1040 steps)
[flow30_long_cadmag_spline_40env] task 2 trial 07: OK (474/1040 steps)
[flow30_long_cadmag_spline_40env] task 2 trial 08: OK (461/1040 steps)
[flow30_long_cadmag_spline_40env] task 2 trial 09: x (1040/1040 steps)
[flow30_long_cadmag_spline_40env] task 2 trial 10: OK (473/1040 steps)
[flow30_long_cadmag_spline_40env] task 2 trial 11: x (1040/1040 steps)
[flow30_long_cadmag_spline_40env] task 2 trial 12: OK (461/1040 steps)
[flow30_long_cadmag_spline_40env] task 2 trial 13: OK (471/1040 steps)
[flow30_long_cadmag_spline_40env] task 2 trial 14: OK (421/1040 steps)
[flow30_long_cadmag_spline_40env] task 2 trial 15: OK (431/1040 steps)
[flow30_long_cadmag_spline_40env] task 2 trial 16: OK (499/1040 steps)
[flow30_long_cadmag_spline_40env] task 2 trial 17: x (1040/1040 steps)
[flow30_long_cadmag_spline_40env] task 2 trial 18: OK (452/1040 steps)
[flow30_long_cadmag_spline_40env] task 2 trial 19: OK (481/1040 steps)
[flow30_long_cadmag_spline_40env] task 2 trial 20: OK (465/1040 steps)
[flow30_long_cadmag_spline_40env] task 2 trial 21: OK (431/1040 steps)
[flow30_long_cadmag_spline_40env] task 2 trial 22: OK (451/1040 steps)
[flow30_long_cadmag_spline_40env] task 2 trial 23: OK (495/1040 steps)
[flow30_long_cadmag_spline_40env] task 2 trial 24: OK (472/1040 steps)
[flow30_long_cadmag_spline_40env] task 2 trial 25: OK (452/1040 steps)
[flow30_long_cadmag_spline_40env] task 2 trial 26: OK (467/1040 steps)
[flow30_long_cadmag_spline_40env] task 2 trial 27: OK (445/1040 steps)
[flow30_long_cadmag_spline_40env] task 2 trial 28: OK (429/1040 steps)
[flow30_long_cadmag_spline_40env] task 2 trial 29: OK (467/1040 steps)
[info] using task orders [0, 1, 2, 3, 4, 5, 6, 7, 8, 9]
[flow30_long_cadmag_spline_40env] task 3 trial 00: x (1040/1040 steps)
[flow30_long_cadmag_spline_40env] task 3 trial 01: OK (426/1040 steps)
[flow30_long_cadmag_spline_40env] task 3 trial 02: OK (520/1040 steps)
[flow30_long_cadmag_spline_40env] task 3 trial 03: OK (438/1040 steps)
[flow30_long_cadmag_spline_40env] task 3 trial 04: OK (459/1040 steps)
[flow30_long_cadmag_spline_40env] task 3 trial 05: OK (419/1040 steps)
[flow30_long_cadmag_spline_40env] task 3 trial 06: OK (451/1040 steps)
[flow30_long_cadmag_spline_40env] task 3 trial 07: OK (445/1040 steps)
[flow30_long_cadmag_spline_40env] task 3 trial 08: OK (459/1040 steps)
[flow30_long_cadmag_spline_40env] task 3 trial 09: OK (461/1040 steps)
[flow30_long_cadmag_spline_40env] task 3 trial 10: OK (419/1040 steps)
[flow30_long_cadmag_spline_40env] task 3 trial 11: OK (436/1040 steps)
[flow30_long_cadmag_spline_40env] task 3 trial 12: OK (437/1040 steps)
[flow30_long_cadmag_spline_40env] task 3 trial 13: OK (480/1040 steps)
[flow30_long_cadmag_spline_40env] task 3 trial 14: x (1040/1040 steps)
[flow30_long_cadmag_spline_40env] task 3 trial 15: OK (414/1040 steps)
[flow30_long_cadmag_spline_40env] task 3 trial 16: OK (422/1040 steps)
[flow30_long_cadmag_spline_40env] task 3 trial 17: OK (408/1040 steps)
[flow30_long_cadmag_spline_40env] task 3 trial 18: x (1040/1040 steps)
[flow30_long_cadmag_spline_40env] task 3 trial 19: OK (470/1040 steps)
[flow30_long_cadmag_spline_40env] task 3 trial 20: OK (401/1040 steps)
[flow30_long_cadmag_spline_40env] task 3 trial 21: OK (471/1040 steps)
[flow30_long_cadmag_spline_40env] task 3 trial 22: OK (395/1040 steps)
[flow30_long_cadmag_spline_40env] task 3 trial 23: OK (520/1040 steps)
[flow30_long_cadmag_spline_40env] task 3 trial 24: OK (499/1040 steps)
[flow30_long_cadmag_spline_40env] task 3 trial 25: OK (451/1040 steps)
[flow30_long_cadmag_spline_40env] task 3 trial 26: OK (438/1040 steps)
[flow30_long_cadmag_spline_40env] task 3 trial 27: OK (431/1040 steps)
[flow30_long_cadmag_spline_40env] task 3 trial 28: OK (457/1040 steps)
[flow30_long_cadmag_spline_40env] task 3 trial 29: OK (439/1040 steps)
[info] using task orders [0, 1, 2, 3, 4, 5, 6, 7, 8, 9]
[flow30_long_cadmag_spline_40env] task 4 trial 00: OK (425/1040 steps)
[flow30_long_cadmag_spline_40env] task 4 trial 01: OK (443/1040 steps)
[flow30_long_cadmag_spline_40env] task 4 trial 02: x (1040/1040 steps)
[flow30_long_cadmag_spline_40env] task 4 trial 03: OK (478/1040 steps)
[flow30_long_cadmag_spline_40env] task 4 trial 04: OK (482/1040 steps)
[flow30_long_cadmag_spline_40env] task 4 trial 05: OK (467/1040 steps)
[flow30_long_cadmag_spline_40env] task 4 trial 06: OK (467/1040 steps)
[flow30_long_cadmag_spline_40env] task 4 trial 07: x (1040/1040 steps)
[flow30_long_cadmag_spline_40env] task 4 trial 08: OK (863/1040 steps)
[flow30_long_cadmag_spline_40env] task 4 trial 09: x (1040/1040 steps)
[flow30_long_cadmag_spline_40env] task 4 trial 10: OK (451/1040 steps)
[flow30_long_cadmag_spline_40env] task 4 trial 11: x (1040/1040 steps)
[flow30_long_cadmag_spline_40env] task 4 trial 12: OK (465/1040 steps)
[flow30_long_cadmag_spline_40env] task 4 trial 13: OK (478/1040 steps)
[flow30_long_cadmag_spline_40env] task 4 trial 14: x (1040/1040 steps)
[flow30_long_cadmag_spline_40env] task 4 trial 15: x (1040/1040 steps)
[flow30_long_cadmag_spline_40env] task 4 trial 16: OK (426/1040 steps)
[flow30_long_cadmag_spline_40env] task 4 trial 17: x (1040/1040 steps)
[flow30_long_cadmag_spline_40env] task 4 trial 18: x (1040/1040 steps)
[flow30_long_cadmag_spline_40env] task 4 trial 19: OK (452/1040 steps)
[flow30_long_cadmag_spline_40env] task 4 trial 20: OK (450/1040 steps)
[flow30_long_cadmag_spline_40env] task 4 trial 21: x (1040/1040 steps)
[flow30_long_cadmag_spline_40env] task 4 trial 22: OK (497/1040 steps)
[flow30_long_cadmag_spline_40env] task 4 trial 23: OK (478/1040 steps)
[flow30_long_cadmag_spline_40env] task 4 trial 24: OK (448/1040 steps)
[flow30_long_cadmag_spline_40env] task 4 trial 25: OK (626/1040 steps)
[flow30_long_cadmag_spline_40env] task 4 trial 26: x (1040/1040 steps)
[flow30_long_cadmag_spline_40env] task 4 trial 27: x (1040/1040 steps)
[flow30_long_cadmag_spline_40env] task 4 trial 28: x (1040/1040 steps)
[flow30_long_cadmag_spline_40env] task 4 trial 29: OK (472/1040 steps)
[info] using task orders [0, 1, 2, 3, 4, 5, 6, 7, 8, 9]
[flow30_long_cadmag_spline_40env] task 5 trial 00: OK (314/1040 steps)
[flow30_long_cadmag_spline_40env] task 5 trial 01: OK (467/1040 steps)
[flow30_long_cadmag_spline_40env] task 5 trial 02: OK (904/1040 steps)
[flow30_long_cadmag_spline_40env] task 5 trial 03: OK (365/1040 steps)
[flow30_long_cadmag_spline_40env] task 5 trial 04: OK (319/1040 steps)
[flow30_long_cadmag_spline_40env] task 5 trial 05: OK (340/1040 steps)
[flow30_long_cadmag_spline_40env] task 5 trial 06: OK (338/1040 steps)
[flow30_long_cadmag_spline_40env] task 5 trial 07: OK (775/1040 steps)
[flow30_long_cadmag_spline_40env] task 5 trial 08: x (1040/1040 steps)
[flow30_long_cadmag_spline_40env] task 5 trial 09: OK (335/1040 steps)
[flow30_long_cadmag_spline_40env] task 5 trial 10: OK (339/1040 steps)
[flow30_long_cadmag_spline_40env] task 5 trial 11: OK (301/1040 steps)
[flow30_long_cadmag_spline_40env] task 5 trial 12: OK (292/1040 steps)
[flow30_long_cadmag_spline_40env] task 5 trial 13: OK (300/1040 steps)
[flow30_long_cadmag_spline_40env] task 5 trial 14: OK (344/1040 steps)
[flow30_long_cadmag_spline_40env] task 5 trial 15: x (1040/1040 steps)
[flow30_long_cadmag_spline_40env] task 5 trial 16: OK (364/1040 steps)
[flow30_long_cadmag_spline_40env] task 5 trial 17: OK (439/1040 steps)
[flow30_long_cadmag_spline_40env] task 5 trial 18: OK (337/1040 steps)
[flow30_long_cadmag_spline_40env] task 5 trial 19: OK (354/1040 steps)
[flow30_long_cadmag_spline_40env] task 5 trial 20: OK (357/1040 steps)
[flow30_long_cadmag_spline_40env] task 5 trial 21: OK (321/1040 steps)
[flow30_long_cadmag_spline_40env] task 5 trial 22: OK (316/1040 steps)
[flow30_long_cadmag_spline_40env] task 5 trial 23: x (1040/1040 steps)
[flow30_long_cadmag_spline_40env] task 5 trial 24: OK (300/1040 steps)
[flow30_long_cadmag_spline_40env] task 5 trial 25: OK (317/1040 steps)
[flow30_long_cadmag_spline_40env] task 5 trial 26: OK (329/1040 steps)
[flow30_long_cadmag_spline_40env] task 5 trial 27: OK (352/1040 steps)
[flow30_long_cadmag_spline_40env] task 5 trial 28: OK (327/1040 steps)
[flow30_long_cadmag_spline_40env] task 5 trial 29: OK (324/1040 steps)
[info] using task orders [0, 1, 2, 3, 4, 5, 6, 7, 8, 9]
[flow30_long_cadmag_spline_40env] task 6 trial 00: OK (439/1040 steps)
[flow30_long_cadmag_spline_40env] task 6 trial 01: x (1040/1040 steps)
[flow30_long_cadmag_spline_40env] task 6 trial 02: OK (450/1040 steps)
[flow30_long_cadmag_spline_40env] task 6 trial 03: x (1040/1040 steps)
[flow30_long_cadmag_spline_40env] task 6 trial 04: x (1040/1040 steps)
[flow30_long_cadmag_spline_40env] task 6 trial 05: x (1040/1040 steps)
[flow30_long_cadmag_spline_40env] task 6 trial 06: x (1040/1040 steps)
[flow30_long_cadmag_spline_40env] task 6 trial 07: x (1040/1040 steps)
[flow30_long_cadmag_spline_40env] task 6 trial 08: OK (452/1040 steps)
[flow30_long_cadmag_spline_40env] task 6 trial 09: x (1040/1040 steps)
[flow30_long_cadmag_spline_40env] task 6 trial 10: x (1040/1040 steps)
[flow30_long_cadmag_spline_40env] task 6 trial 11: OK (443/1040 steps)
[flow30_long_cadmag_spline_40env] task 6 trial 12: OK (465/1040 steps)
[flow30_long_cadmag_spline_40env] task 6 trial 13: OK (486/1040 steps)
[flow30_long_cadmag_spline_40env] task 6 trial 14: x (1040/1040 steps)
[flow30_long_cadmag_spline_40env] task 6 trial 15: OK (612/1040 steps)
[flow30_long_cadmag_spline_40env] task 6 trial 16: x (1040/1040 steps)
[flow30_long_cadmag_spline_40env] task 6 trial 17: x (1040/1040 steps)
[flow30_long_cadmag_spline_40env] task 6 trial 18: OK (428/1040 steps)
[flow30_long_cadmag_spline_40env] task 6 trial 19: OK (408/1040 steps)
[flow30_long_cadmag_spline_40env] task 6 trial 20: x (1040/1040 steps)
[flow30_long_cadmag_spline_40env] task 6 trial 21: x (1040/1040 steps)
[flow30_long_cadmag_spline_40env] task 6 trial 22: OK (405/1040 steps)
[flow30_long_cadmag_spline_40env] task 6 trial 23: x (1040/1040 steps)
[flow30_long_cadmag_spline_40env] task 6 trial 24: x (1040/1040 steps)
[flow30_long_cadmag_spline_40env] task 6 trial 25: OK (769/1040 steps)
[flow30_long_cadmag_spline_40env] task 6 trial 26: x (1040/1040 steps)
[flow30_long_cadmag_spline_40env] task 6 trial 27: x (1040/1040 steps)
[flow30_long_cadmag_spline_40env] task 6 trial 28: x (1040/1040 steps)
[flow30_long_cadmag_spline_40env] task 6 trial 29: x (1040/1040 steps)
[info] using task orders [0, 1, 2, 3, 4, 5, 6, 7, 8, 9]
[flow30_long_cadmag_spline_40env] task 7 trial 00: x (1040/1040 steps)
[flow30_long_cadmag_spline_40env] task 7 trial 01: OK (492/1040 steps)
[flow30_long_cadmag_spline_40env] task 7 trial 02: x (1040/1040 steps)
[flow30_long_cadmag_spline_40env] task 7 trial 03: x (1040/1040 steps)
[flow30_long_cadmag_spline_40env] task 7 trial 04: OK (515/1040 steps)
[flow30_long_cadmag_spline_40env] task 7 trial 05: x (1040/1040 steps)
[flow30_long_cadmag_spline_40env] task 7 trial 06: OK (480/1040 steps)
[flow30_long_cadmag_spline_40env] task 7 trial 07: OK (494/1040 steps)
[flow30_long_cadmag_spline_40env] task 7 trial 08: OK (474/1040 steps)
[flow30_long_cadmag_spline_40env] task 7 trial 09: x (1040/1040 steps)
[flow30_long_cadmag_spline_40env] task 7 trial 10: OK (510/1040 steps)
[flow30_long_cadmag_spline_40env] task 7 trial 11: OK (496/1040 steps)
[flow30_long_cadmag_spline_40env] task 7 trial 12: x (1040/1040 steps)
[flow30_long_cadmag_spline_40env] task 7 trial 13: OK (483/1040 steps)
[flow30_long_cadmag_spline_40env] task 7 trial 14: OK (684/1040 steps)
[flow30_long_cadmag_spline_40env] task 7 trial 15: x (1040/1040 steps)
[flow30_long_cadmag_spline_40env] task 7 trial 16: x (1040/1040 steps)
[flow30_long_cadmag_spline_40env] task 7 trial 17: OK (502/1040 steps)
[flow30_long_cadmag_spline_40env] task 7 trial 18: OK (475/1040 steps)
[flow30_long_cadmag_spline_40env] task 7 trial 19: OK (476/1040 steps)
[flow30_long_cadmag_spline_40env] task 7 trial 20: x (1040/1040 steps)
[flow30_long_cadmag_spline_40env] task 7 trial 21: x (1040/1040 steps)
[flow30_long_cadmag_spline_40env] task 7 trial 22: OK (483/1040 steps)
[flow30_long_cadmag_spline_40env] task 7 trial 23: OK (502/1040 steps)
[flow30_long_cadmag_spline_40env] task 7 trial 24: OK (455/1040 steps)
[flow30_long_cadmag_spline_40env] task 7 trial 25: OK (501/1040 steps)
[flow30_long_cadmag_spline_40env] task 7 trial 26: OK (500/1040 steps)
[flow30_long_cadmag_spline_40env] task 7 trial 27: OK (457/1040 steps)
[flow30_long_cadmag_spline_40env] task 7 trial 28: OK (679/1040 steps)
[flow30_long_cadmag_spline_40env] task 7 trial 29: x (1040/1040 steps)
[info] using task orders [0, 1, 2, 3, 4, 5, 6, 7, 8, 9]
[flow30_long_cadmag_spline_40env] task 8 trial 00: x (1040/1040 steps)
[flow30_long_cadmag_spline_40env] task 8 trial 01: OK (770/1040 steps)
[flow30_long_cadmag_spline_40env] task 8 trial 02: x (1040/1040 steps)
[flow30_long_cadmag_spline_40env] task 8 trial 03: x (1040/1040 steps)
[flow30_long_cadmag_spline_40env] task 8 trial 04: x (1040/1040 steps)
[flow30_long_cadmag_spline_40env] task 8 trial 05: x (1040/1040 steps)
[flow30_long_cadmag_spline_40env] task 8 trial 06: x (1040/1040 steps)
[flow30_long_cadmag_spline_40env] task 8 trial 07: OK (817/1040 steps)
[flow30_long_cadmag_spline_40env] task 8 trial 08: x (1040/1040 steps)
[flow30_long_cadmag_spline_40env] task 8 trial 09: x (1040/1040 steps)
[flow30_long_cadmag_spline_40env] task 8 trial 10: x (1040/1040 steps)
[flow30_long_cadmag_spline_40env] task 8 trial 11: x (1040/1040 steps)
[flow30_long_cadmag_spline_40env] task 8 trial 12: x (1040/1040 steps)
[flow30_long_cadmag_spline_40env] task 8 trial 13: OK (864/1040 steps)
[flow30_long_cadmag_spline_40env] task 8 trial 14: x (1040/1040 steps)
[flow30_long_cadmag_spline_40env] task 8 trial 15: x (1040/1040 steps)
[flow30_long_cadmag_spline_40env] task 8 trial 16: x (1040/1040 steps)
[flow30_long_cadmag_spline_40env] task 8 trial 17: x (1040/1040 steps)
[flow30_long_cadmag_spline_40env] task 8 trial 18: OK (812/1040 steps)
[flow30_long_cadmag_spline_40env] task 8 trial 19: OK (783/1040 steps)
[flow30_long_cadmag_spline_40env] task 8 trial 20: x (1040/1040 steps)
[flow30_long_cadmag_spline_40env] task 8 trial 21: OK (746/1040 steps)
[flow30_long_cadmag_spline_40env] task 8 trial 22: x (1040/1040 steps)
[flow30_long_cadmag_spline_40env] task 8 trial 23: OK (837/1040 steps)
[flow30_long_cadmag_spline_40env] task 8 trial 24: OK (760/1040 steps)
[flow30_long_cadmag_spline_40env] task 8 trial 25: OK (800/1040 steps)
[flow30_long_cadmag_spline_40env] task 8 trial 26: OK (771/1040 steps)
[flow30_long_cadmag_spline_40env] task 8 trial 27: OK (771/1040 steps)
[flow30_long_cadmag_spline_40env] task 8 trial 28: OK (802/1040 steps)
[flow30_long_cadmag_spline_40env] task 8 trial 29: x (1040/1040 steps)
[info] using task orders [0, 1, 2, 3, 4, 5, 6, 7, 8, 9]
[flow30_long_cadmag_spline_40env] task 9 trial 00: OK (519/1040 steps)
[flow30_long_cadmag_spline_40env] task 9 trial 01: OK (514/1040 steps)
[flow30_long_cadmag_spline_40env] task 9 trial 02: x (1040/1040 steps)
[flow30_long_cadmag_spline_40env] task 9 trial 03: OK (605/1040 steps)
[flow30_long_cadmag_spline_40env] task 9 trial 04: OK (496/1040 steps)
[flow30_long_cadmag_spline_40env] task 9 trial 05: x (1040/1040 steps)
[flow30_long_cadmag_spline_40env] task 9 trial 06: OK (627/1040 steps)
[flow30_long_cadmag_spline_40env] task 9 trial 07: OK (519/1040 steps)
[flow30_long_cadmag_spline_40env] task 9 trial 08: OK (515/1040 steps)
[flow30_long_cadmag_spline_40env] task 9 trial 09: OK (509/1040 steps)
[flow30_long_cadmag_spline_40env] task 9 trial 10: OK (504/1040 steps)
[flow30_long_cadmag_spline_40env] task 9 trial 11: OK (508/1040 steps)
[flow30_long_cadmag_spline_40env] task 9 trial 12: x (1040/1040 steps)
[flow30_long_cadmag_spline_40env] task 9 trial 13: x (1040/1040 steps)
[flow30_long_cadmag_spline_40env] task 9 trial 14: OK (481/1040 steps)
[flow30_long_cadmag_spline_40env] task 9 trial 15: OK (504/1040 steps)
[flow30_long_cadmag_spline_40env] task 9 trial 16: OK (506/1040 steps)
[flow30_long_cadmag_spline_40env] task 9 trial 17: OK (483/1040 steps)
[flow30_long_cadmag_spline_40env] task 9 trial 18: x (1040/1040 steps)
[flow30_long_cadmag_spline_40env] task 9 trial 19: x (1040/1040 steps)
[flow30_long_cadmag_spline_40env] task 9 trial 20: x (1040/1040 steps)
[flow30_long_cadmag_spline_40env] task 9 trial 21: OK (521/1040 steps)
[flow30_long_cadmag_spline_40env] task 9 trial 22: OK (556/1040 steps)
[flow30_long_cadmag_spline_40env] task 9 trial 23: x (1040/1040 steps)
[flow30_long_cadmag_spline_40env] task 9 trial 24: x (1040/1040 steps)
[flow30_long_cadmag_spline_40env] task 9 trial 25: OK (558/1040 steps)
[flow30_long_cadmag_spline_40env] task 9 trial 26: OK (492/1040 steps)
[flow30_long_cadmag_spline_40env] task 9 trial 27: OK (513/1040 steps)
[flow30_long_cadmag_spline_40env] task 9 trial 28: x (1040/1040 steps)
[flow30_long_cadmag_spline_40env] task 9 trial 29: OK (505/1040 steps)
[flow30_long_cadmag_spline_40env] cadence check: 103357 policy queries, 103195 resolved intermediates, 161 starved of 206713 env steps
[flow30_long_cadmag_spline_40env] diagnostics: 193/300 ok | fail_at_cap=107 fail_early=0 | succ_median=474.0/1040
--> flow30_long_cadmag_spline_40env: 64.3% (1040 steps @ 40 Hz = 11.0 s, replan every 20)


SUMMARY (matched wall-clock, chunk-driven replan)
  flow30_long_cadmag_spline_40env  64.3%
