[suite] libero_spatial -> grid_v2_spatial_native_20env_out/multirate_honest.json
[robosuite WARNING] No private macro file found! (__init__.py:7)
WARNING:robosuite_logs:No private macro file found!
[robosuite WARNING] It is recommended to use a private macro file (__init__.py:8)
WARNING:robosuite_logs:It is recommended to use a private macro file
[robosuite WARNING] To setup, run: python /home/user/anaconda3/envs/vla_smolvla_libero/lib/python3.12/site-packages/robosuite/scripts/setup_macros.py (__init__.py:9)
WARNING:robosuite_logs:To setup, run: python /home/user/anaconda3/envs/vla_smolvla_libero/lib/python3.12/site-packages/robosuite/scripts/setup_macros.py

============================================================
ARM v2_spatial_native_20env
============================================================
[stats] v2_spatial_native_20env: normalizing with lerobot/libero_spatial_image
Fetching 4 files:   0%|          | 0/4 [00:00<?, ?it/s]Fetching 4 files: 100%|██████████| 4/4 [00:00<00:00, 99864.38it/s]
`torch_dtype` is deprecated! Use `dtype` instead!
Loading  HuggingFaceTB/SmolVLM2-500M-Video-Instruct weights ...
Loading weights:   0%|          | 0/489 [00:00<?, ?it/s]Loading weights:  46%|████▌     | 224/489 [00:00<00:00, 2126.42it/s]Loading weights: 100%|██████████| 489/489 [00:00<00:00, 3220.98it/s]
Warning: You are sending unauthenticated requests to the HF Hub. Please set a HF_TOKEN to enable higher rate limits and faster downloads.
WARNING:huggingface_hub.utils._http:Warning: You are sending unauthenticated requests to the HF Hub. Please set a HF_TOKEN to enable higher rate limits and faster downloads.
Reducing the number of VLM layers to 16 ...
Loading  HuggingFaceTB/SmolVLM2-500M-Video-Instruct weights ...
Loading weights:   0%|          | 0/489 [00:00<?, ?it/s]Loading weights: 100%|██████████| 489/489 [00:00<00:00, 5188.20it/s]
Reducing the number of VLM layers to 16 ...
Loading weights from local directory
[info] using task orders [0, 1, 2, 3, 4, 5, 6, 7, 8, 9]
Local assets not found. Downloading from HuggingFace Hub...
Assets already downloaded at /home/user/.cache/libero/assets
[v2_spatial_native_20env] settle window scaled to 10 steps (0.50 s at 20 Hz)
[v2_spatial_native_20env] task 0 trial 00: x (220/220 steps)
[v2_spatial_native_20env] task 0 trial 01: x (220/220 steps)
[v2_spatial_native_20env] task 0 trial 02: x (220/220 steps)
[v2_spatial_native_20env] task 0 trial 03: x (220/220 steps)
[v2_spatial_native_20env] task 0 trial 04: x (220/220 steps)
[v2_spatial_native_20env] task 0 trial 05: x (220/220 steps)
[v2_spatial_native_20env] task 0 trial 06: x (220/220 steps)
[v2_spatial_native_20env] task 0 trial 07: x (220/220 steps)
[v2_spatial_native_20env] task 0 trial 08: x (220/220 steps)
[v2_spatial_native_20env] task 0 trial 09: x (220/220 steps)
[v2_spatial_native_20env] task 0 trial 10: x (220/220 steps)
[v2_spatial_native_20env] task 0 trial 11: x (220/220 steps)
[v2_spatial_native_20env] task 0 trial 12: x (220/220 steps)
[v2_spatial_native_20env] task 0 trial 13: x (220/220 steps)
[v2_spatial_native_20env] task 0 trial 14: x (220/220 steps)
[v2_spatial_native_20env] task 0 trial 15: x (220/220 steps)
[v2_spatial_native_20env] task 0 trial 16: x (220/220 steps)
[v2_spatial_native_20env] task 0 trial 17: x (220/220 steps)
[v2_spatial_native_20env] task 0 trial 18: x (220/220 steps)
[v2_spatial_native_20env] task 0 trial 19: x (220/220 steps)
[v2_spatial_native_20env] task 0 trial 20: x (220/220 steps)
[v2_spatial_native_20env] task 0 trial 21: x (220/220 steps)
[v2_spatial_native_20env] task 0 trial 22: x (220/220 steps)
[v2_spatial_native_20env] task 0 trial 23: x (220/220 steps)
[v2_spatial_native_20env] task 0 trial 24: x (220/220 steps)
[v2_spatial_native_20env] task 0 trial 25: x (220/220 steps)
[v2_spatial_native_20env] task 0 trial 26: x (220/220 steps)
[v2_spatial_native_20env] task 0 trial 27: x (220/220 steps)
[v2_spatial_native_20env] task 0 trial 28: x (220/220 steps)
[v2_spatial_native_20env] task 0 trial 29: x (220/220 steps)
[info] using task orders [0, 1, 2, 3, 4, 5, 6, 7, 8, 9]
[v2_spatial_native_20env] task 1 trial 00: OK (135/220 steps)
[v2_spatial_native_20env] task 1 trial 01: x (220/220 steps)
[v2_spatial_native_20env] task 1 trial 02: OK (133/220 steps)
[v2_spatial_native_20env] task 1 trial 03: OK (133/220 steps)
[v2_spatial_native_20env] task 1 trial 04: x (220/220 steps)
[v2_spatial_native_20env] task 1 trial 05: x (220/220 steps)
[v2_spatial_native_20env] task 1 trial 06: OK (139/220 steps)
[v2_spatial_native_20env] task 1 trial 07: OK (149/220 steps)
[v2_spatial_native_20env] task 1 trial 08: OK (124/220 steps)
[v2_spatial_native_20env] task 1 trial 09: x (220/220 steps)
[v2_spatial_native_20env] task 1 trial 10: x (220/220 steps)
[v2_spatial_native_20env] task 1 trial 11: x (220/220 steps)
[v2_spatial_native_20env] task 1 trial 12: x (220/220 steps)
[v2_spatial_native_20env] task 1 trial 13: x (220/220 steps)
[v2_spatial_native_20env] task 1 trial 14: x (220/220 steps)
[v2_spatial_native_20env] task 1 trial 15: OK (137/220 steps)
[v2_spatial_native_20env] task 1 trial 16: x (220/220 steps)
[v2_spatial_native_20env] task 1 trial 17: x (220/220 steps)
[v2_spatial_native_20env] task 1 trial 18: x (220/220 steps)
[v2_spatial_native_20env] task 1 trial 19: x (220/220 steps)
[v2_spatial_native_20env] task 1 trial 20: x (220/220 steps)
[v2_spatial_native_20env] task 1 trial 21: x (220/220 steps)
[v2_spatial_native_20env] task 1 trial 22: OK (125/220 steps)
[v2_spatial_native_20env] task 1 trial 23: x (220/220 steps)
[v2_spatial_native_20env] task 1 trial 24: x (220/220 steps)
[v2_spatial_native_20env] task 1 trial 25: x (220/220 steps)
[v2_spatial_native_20env] task 1 trial 26: x (220/220 steps)
[v2_spatial_native_20env] task 1 trial 27: x (220/220 steps)
[v2_spatial_native_20env] task 1 trial 28: OK (133/220 steps)
[v2_spatial_native_20env] task 1 trial 29: x (220/220 steps)
[info] using task orders [0, 1, 2, 3, 4, 5, 6, 7, 8, 9]
[v2_spatial_native_20env] task 2 trial 00: OK (117/220 steps)
[v2_spatial_native_20env] task 2 trial 01: OK (120/220 steps)
[v2_spatial_native_20env] task 2 trial 02: OK (123/220 steps)
[v2_spatial_native_20env] task 2 trial 03: OK (118/220 steps)
[v2_spatial_native_20env] task 2 trial 04: OK (130/220 steps)
[v2_spatial_native_20env] task 2 trial 05: x (220/220 steps)
[v2_spatial_native_20env] task 2 trial 06: OK (156/220 steps)
[v2_spatial_native_20env] task 2 trial 07: OK (122/220 steps)
[v2_spatial_native_20env] task 2 trial 08: x (220/220 steps)
[v2_spatial_native_20env] task 2 trial 09: OK (137/220 steps)
[v2_spatial_native_20env] task 2 trial 10: x (220/220 steps)
[v2_spatial_native_20env] task 2 trial 11: OK (117/220 steps)
[v2_spatial_native_20env] task 2 trial 12: OK (120/220 steps)
[v2_spatial_native_20env] task 2 trial 13: x (220/220 steps)
[v2_spatial_native_20env] task 2 trial 14: OK (121/220 steps)
[v2_spatial_native_20env] task 2 trial 15: x (220/220 steps)
[v2_spatial_native_20env] task 2 trial 16: x (220/220 steps)
[v2_spatial_native_20env] task 2 trial 17: x (220/220 steps)
[v2_spatial_native_20env] task 2 trial 18: x (220/220 steps)
[v2_spatial_native_20env] task 2 trial 19: x (220/220 steps)
[v2_spatial_native_20env] task 2 trial 20: OK (121/220 steps)
[v2_spatial_native_20env] task 2 trial 21: x (220/220 steps)
[v2_spatial_native_20env] task 2 trial 22: OK (110/220 steps)
[v2_spatial_native_20env] task 2 trial 23: x (220/220 steps)
[v2_spatial_native_20env] task 2 trial 24: OK (107/220 steps)
[v2_spatial_native_20env] task 2 trial 25: OK (134/220 steps)
[v2_spatial_native_20env] task 2 trial 26: OK (135/220 steps)
[v2_spatial_native_20env] task 2 trial 27: OK (122/220 steps)
[v2_spatial_native_20env] task 2 trial 28: OK (121/220 steps)
[v2_spatial_native_20env] task 2 trial 29: OK (105/220 steps)
[info] using task orders [0, 1, 2, 3, 4, 5, 6, 7, 8, 9]
[v2_spatial_native_20env] task 3 trial 00: x (220/220 steps)
[v2_spatial_native_20env] task 3 trial 01: x (220/220 steps)
[v2_spatial_native_20env] task 3 trial 02: OK (112/220 steps)
[v2_spatial_native_20env] task 3 trial 03: x (220/220 steps)
[v2_spatial_native_20env] task 3 trial 04: OK (115/220 steps)
[v2_spatial_native_20env] task 3 trial 05: x (220/220 steps)
[v2_spatial_native_20env] task 3 trial 06: x (220/220 steps)
[v2_spatial_native_20env] task 3 trial 07: x (220/220 steps)
[v2_spatial_native_20env] task 3 trial 08: OK (111/220 steps)
[v2_spatial_native_20env] task 3 trial 09: x (220/220 steps)
[v2_spatial_native_20env] task 3 trial 10: OK (109/220 steps)
[v2_spatial_native_20env] task 3 trial 11: OK (112/220 steps)
[v2_spatial_native_20env] task 3 trial 12: OK (124/220 steps)
[v2_spatial_native_20env] task 3 trial 13: OK (164/220 steps)
[v2_spatial_native_20env] task 3 trial 14: x (220/220 steps)
[v2_spatial_native_20env] task 3 trial 15: x (220/220 steps)
[v2_spatial_native_20env] task 3 trial 16: x (220/220 steps)
[v2_spatial_native_20env] task 3 trial 17: x (220/220 steps)
[v2_spatial_native_20env] task 3 trial 18: x (220/220 steps)
[v2_spatial_native_20env] task 3 trial 19: x (220/220 steps)
[v2_spatial_native_20env] task 3 trial 20: x (220/220 steps)
[v2_spatial_native_20env] task 3 trial 21: x (220/220 steps)
[v2_spatial_native_20env] task 3 trial 22: x (220/220 steps)
[v2_spatial_native_20env] task 3 trial 23: x (220/220 steps)
[v2_spatial_native_20env] task 3 trial 24: x (220/220 steps)
[v2_spatial_native_20env] task 3 trial 25: x (220/220 steps)
[v2_spatial_native_20env] task 3 trial 26: x (220/220 steps)
[v2_spatial_native_20env] task 3 trial 27: x (220/220 steps)
[v2_spatial_native_20env] task 3 trial 28: x (220/220 steps)
[v2_spatial_native_20env] task 3 trial 29: x (220/220 steps)
[info] using task orders [0, 1, 2, 3, 4, 5, 6, 7, 8, 9]
[v2_spatial_native_20env] task 4 trial 00: x (220/220 steps)
[v2_spatial_native_20env] task 4 trial 01: OK (210/220 steps)
[v2_spatial_native_20env] task 4 trial 02: x (220/220 steps)
[v2_spatial_native_20env] task 4 trial 03: x (220/220 steps)
[v2_spatial_native_20env] task 4 trial 04: x (220/220 steps)
[v2_spatial_native_20env] task 4 trial 05: x (220/220 steps)
[v2_spatial_native_20env] task 4 trial 06: x (220/220 steps)
[v2_spatial_native_20env] task 4 trial 07: x (220/220 steps)
[v2_spatial_native_20env] task 4 trial 08: x (220/220 steps)
[v2_spatial_native_20env] task 4 trial 09: x (220/220 steps)
[v2_spatial_native_20env] task 4 trial 10: x (220/220 steps)
[v2_spatial_native_20env] task 4 trial 11: x (220/220 steps)
[v2_spatial_native_20env] task 4 trial 12: x (220/220 steps)
[v2_spatial_native_20env] task 4 trial 13: x (220/220 steps)
[v2_spatial_native_20env] task 4 trial 14: x (220/220 steps)
[v2_spatial_native_20env] task 4 trial 15: x (220/220 steps)
[v2_spatial_native_20env] task 4 trial 16: x (220/220 steps)
[v2_spatial_native_20env] task 4 trial 17: x (220/220 steps)
[v2_spatial_native_20env] task 4 trial 18: x (220/220 steps)
[v2_spatial_native_20env] task 4 trial 19: x (220/220 steps)
[v2_spatial_native_20env] task 4 trial 20: x (220/220 steps)
[v2_spatial_native_20env] task 4 trial 21: x (220/220 steps)
[v2_spatial_native_20env] task 4 trial 22: x (220/220 steps)
[v2_spatial_native_20env] task 4 trial 23: x (220/220 steps)
[v2_spatial_native_20env] task 4 trial 24: x (220/220 steps)
[v2_spatial_native_20env] task 4 trial 25: x (220/220 steps)
[v2_spatial_native_20env] task 4 trial 26: x (220/220 steps)
[v2_spatial_native_20env] task 4 trial 27: x (220/220 steps)
[v2_spatial_native_20env] task 4 trial 28: x (220/220 steps)
[v2_spatial_native_20env] task 4 trial 29: x (220/220 steps)
[info] using task orders [0, 1, 2, 3, 4, 5, 6, 7, 8, 9]
[v2_spatial_native_20env] task 5 trial 00: x (220/220 steps)
[v2_spatial_native_20env] task 5 trial 01: x (220/220 steps)
[v2_spatial_native_20env] task 5 trial 02: x (220/220 steps)
[v2_spatial_native_20env] task 5 trial 03: x (220/220 steps)
[v2_spatial_native_20env] task 5 trial 04: x (220/220 steps)
[v2_spatial_native_20env] task 5 trial 05: x (220/220 steps)
[v2_spatial_native_20env] task 5 trial 06: x (220/220 steps)
[v2_spatial_native_20env] task 5 trial 07: x (220/220 steps)
[v2_spatial_native_20env] task 5 trial 08: x (220/220 steps)
[v2_spatial_native_20env] task 5 trial 09: x (220/220 steps)
[v2_spatial_native_20env] task 5 trial 10: x (220/220 steps)
[v2_spatial_native_20env] task 5 trial 11: x (220/220 steps)
[v2_spatial_native_20env] task 5 trial 12: x (220/220 steps)
[v2_spatial_native_20env] task 5 trial 13: x (220/220 steps)
[v2_spatial_native_20env] task 5 trial 14: x (220/220 steps)
[v2_spatial_native_20env] task 5 trial 15: x (220/220 steps)
[v2_spatial_native_20env] task 5 trial 16: x (220/220 steps)
[v2_spatial_native_20env] task 5 trial 17: x (220/220 steps)
[v2_spatial_native_20env] task 5 trial 18: x (220/220 steps)
[v2_spatial_native_20env] task 5 trial 19: x (220/220 steps)
[v2_spatial_native_20env] task 5 trial 20: x (220/220 steps)
[v2_spatial_native_20env] task 5 trial 21: x (220/220 steps)
[v2_spatial_native_20env] task 5 trial 22: x (220/220 steps)
[v2_spatial_native_20env] task 5 trial 23: x (220/220 steps)
[v2_spatial_native_20env] task 5 trial 24: x (220/220 steps)
[v2_spatial_native_20env] task 5 trial 25: x (220/220 steps)
[v2_spatial_native_20env] task 5 trial 26: x (220/220 steps)
[v2_spatial_native_20env] task 5 trial 27: x (220/220 steps)
[v2_spatial_native_20env] task 5 trial 28: x (220/220 steps)
[v2_spatial_native_20env] task 5 trial 29: x (220/220 steps)
[info] using task orders [0, 1, 2, 3, 4, 5, 6, 7, 8, 9]
[v2_spatial_native_20env] task 6 trial 00: OK (135/220 steps)
[v2_spatial_native_20env] task 6 trial 01: x (220/220 steps)
[v2_spatial_native_20env] task 6 trial 02: OK (114/220 steps)
[v2_spatial_native_20env] task 6 trial 03: x (220/220 steps)
[v2_spatial_native_20env] task 6 trial 04: OK (127/220 steps)
[v2_spatial_native_20env] task 6 trial 05: OK (128/220 steps)
[v2_spatial_native_20env] task 6 trial 06: OK (180/220 steps)
[v2_spatial_native_20env] task 6 trial 07: OK (129/220 steps)
[v2_spatial_native_20env] task 6 trial 08: x (220/220 steps)
[v2_spatial_native_20env] task 6 trial 09: OK (145/220 steps)
[v2_spatial_native_20env] task 6 trial 10: x (220/220 steps)
[v2_spatial_native_20env] task 6 trial 11: OK (133/220 steps)
[v2_spatial_native_20env] task 6 trial 12: x (220/220 steps)
[v2_spatial_native_20env] task 6 trial 13: OK (134/220 steps)
[v2_spatial_native_20env] task 6 trial 14: OK (127/220 steps)
[v2_spatial_native_20env] task 6 trial 15: OK (152/220 steps)
[v2_spatial_native_20env] task 6 trial 16: OK (117/220 steps)
[v2_spatial_native_20env] task 6 trial 17: x (220/220 steps)
[v2_spatial_native_20env] task 6 trial 18: x (220/220 steps)
[v2_spatial_native_20env] task 6 trial 19: OK (135/220 steps)
[v2_spatial_native_20env] task 6 trial 20: OK (128/220 steps)
[v2_spatial_native_20env] task 6 trial 21: x (220/220 steps)
[v2_spatial_native_20env] task 6 trial 22: OK (125/220 steps)
[v2_spatial_native_20env] task 6 trial 23: x (220/220 steps)
[v2_spatial_native_20env] task 6 trial 24: OK (123/220 steps)
[v2_spatial_native_20env] task 6 trial 25: OK (127/220 steps)
[v2_spatial_native_20env] task 6 trial 26: OK (144/220 steps)
[v2_spatial_native_20env] task 6 trial 27: OK (134/220 steps)
[v2_spatial_native_20env] task 6 trial 28: OK (124/220 steps)
[v2_spatial_native_20env] task 6 trial 29: x (220/220 steps)
[info] using task orders [0, 1, 2, 3, 4, 5, 6, 7, 8, 9]
[v2_spatial_native_20env] task 7 trial 00: OK (131/220 steps)
[v2_spatial_native_20env] task 7 trial 01: OK (146/220 steps)
[v2_spatial_native_20env] task 7 trial 02: OK (150/220 steps)
[v2_spatial_native_20env] task 7 trial 03: OK (162/220 steps)
[v2_spatial_native_20env] task 7 trial 04: OK (146/220 steps)
[v2_spatial_native_20env] task 7 trial 05: x (220/220 steps)
[v2_spatial_native_20env] task 7 trial 06: OK (132/220 steps)
[v2_spatial_native_20env] task 7 trial 07: OK (153/220 steps)
[v2_spatial_native_20env] task 7 trial 08: x (220/220 steps)
[v2_spatial_native_20env] task 7 trial 09: OK (169/220 steps)
[v2_spatial_native_20env] task 7 trial 10: x (220/220 steps)
[v2_spatial_native_20env] task 7 trial 11: x (220/220 steps)
[v2_spatial_native_20env] task 7 trial 12: OK (123/220 steps)
[v2_spatial_native_20env] task 7 trial 13: x (220/220 steps)
[v2_spatial_native_20env] task 7 trial 14: x (220/220 steps)
[v2_spatial_native_20env] task 7 trial 15: OK (140/220 steps)
[v2_spatial_native_20env] task 7 trial 16: OK (136/220 steps)
[v2_spatial_native_20env] task 7 trial 17: OK (134/220 steps)
[v2_spatial_native_20env] task 7 trial 18: x (220/220 steps)
[v2_spatial_native_20env] task 7 trial 19: x (220/220 steps)
[v2_spatial_native_20env] task 7 trial 20: x (220/220 steps)
[v2_spatial_native_20env] task 7 trial 21: OK (133/220 steps)
[v2_spatial_native_20env] task 7 trial 22: x (220/220 steps)
[v2_spatial_native_20env] task 7 trial 23: OK (168/220 steps)
[v2_spatial_native_20env] task 7 trial 24: OK (132/220 steps)
[v2_spatial_native_20env] task 7 trial 25: x (220/220 steps)
[v2_spatial_native_20env] task 7 trial 26: x (220/220 steps)
[v2_spatial_native_20env] task 7 trial 27: OK (143/220 steps)
[v2_spatial_native_20env] task 7 trial 28: x (220/220 steps)
[v2_spatial_native_20env] task 7 trial 29: OK (134/220 steps)
[info] using task orders [0, 1, 2, 3, 4, 5, 6, 7, 8, 9]
[v2_spatial_native_20env] task 8 trial 00: OK (126/220 steps)
[v2_spatial_native_20env] task 8 trial 01: x (220/220 steps)
[v2_spatial_native_20env] task 8 trial 02: x (220/220 steps)
[v2_spatial_native_20env] task 8 trial 03: x (220/220 steps)
[v2_spatial_native_20env] task 8 trial 04: x (220/220 steps)
[v2_spatial_native_20env] task 8 trial 05: x (220/220 steps)
[v2_spatial_native_20env] task 8 trial 06: OK (113/220 steps)
[v2_spatial_native_20env] task 8 trial 07: OK (112/220 steps)
[v2_spatial_native_20env] task 8 trial 08: x (220/220 steps)
[v2_spatial_native_20env] task 8 trial 09: OK (121/220 steps)
[v2_spatial_native_20env] task 8 trial 10: x (220/220 steps)
[v2_spatial_native_20env] task 8 trial 11: x (220/220 steps)
[v2_spatial_native_20env] task 8 trial 12: OK (113/220 steps)
[v2_spatial_native_20env] task 8 trial 13: x (220/220 steps)
[v2_spatial_native_20env] task 8 trial 14: x (220/220 steps)
[v2_spatial_native_20env] task 8 trial 15: x (220/220 steps)
[v2_spatial_native_20env] task 8 trial 16: x (220/220 steps)
[v2_spatial_native_20env] task 8 trial 17: x (220/220 steps)
[v2_spatial_native_20env] task 8 trial 18: x (220/220 steps)
[v2_spatial_native_20env] task 8 trial 19: x (220/220 steps)
[v2_spatial_native_20env] task 8 trial 20: x (220/220 steps)
[v2_spatial_native_20env] task 8 trial 21: x (220/220 steps)
[v2_spatial_native_20env] task 8 trial 22: x (220/220 steps)
[v2_spatial_native_20env] task 8 trial 23: x (220/220 steps)
[v2_spatial_native_20env] task 8 trial 24: OK (125/220 steps)
[v2_spatial_native_20env] task 8 trial 25: OK (126/220 steps)
[v2_spatial_native_20env] task 8 trial 26: OK (112/220 steps)
[v2_spatial_native_20env] task 8 trial 27: x (220/220 steps)
[v2_spatial_native_20env] task 8 trial 28: x (220/220 steps)
[v2_spatial_native_20env] task 8 trial 29: x (220/220 steps)
[info] using task orders [0, 1, 2, 3, 4, 5, 6, 7, 8, 9]
[v2_spatial_native_20env] task 9 trial 00: x (220/220 steps)
[v2_spatial_native_20env] task 9 trial 01: x (220/220 steps)
[v2_spatial_native_20env] task 9 trial 02: x (220/220 steps)
[v2_spatial_native_20env] task 9 trial 03: x (220/220 steps)
[v2_spatial_native_20env] task 9 trial 04: x (220/220 steps)
[v2_spatial_native_20env] task 9 trial 05: x (220/220 steps)
[v2_spatial_native_20env] task 9 trial 06: x (220/220 steps)
[v2_spatial_native_20env] task 9 trial 07: x (220/220 steps)
[v2_spatial_native_20env] task 9 trial 08: x (220/220 steps)
[v2_spatial_native_20env] task 9 trial 09: x (220/220 steps)
[v2_spatial_native_20env] task 9 trial 10: x (220/220 steps)
[v2_spatial_native_20env] task 9 trial 11: x (220/220 steps)
[v2_spatial_native_20env] task 9 trial 12: x (220/220 steps)
[v2_spatial_native_20env] task 9 trial 13: x (220/220 steps)
[v2_spatial_native_20env] task 9 trial 14: x (220/220 steps)
[v2_spatial_native_20env] task 9 trial 15: OK (148/220 steps)
[v2_spatial_native_20env] task 9 trial 16: x (220/220 steps)
[v2_spatial_native_20env] task 9 trial 17: x (220/220 steps)
[v2_spatial_native_20env] task 9 trial 18: x (220/220 steps)
[v2_spatial_native_20env] task 9 trial 19: x (220/220 steps)
[v2_spatial_native_20env] task 9 trial 20: x (220/220 steps)
[v2_spatial_native_20env] task 9 trial 21: x (220/220 steps)
[v2_spatial_native_20env] task 9 trial 22: x (220/220 steps)
[v2_spatial_native_20env] task 9 trial 23: x (220/220 steps)
[v2_spatial_native_20env] task 9 trial 24: x (220/220 steps)
[v2_spatial_native_20env] task 9 trial 25: x (220/220 steps)
[v2_spatial_native_20env] task 9 trial 26: x (220/220 steps)
[v2_spatial_native_20env] task 9 trial 27: x (220/220 steps)
[v2_spatial_native_20env] task 9 trial 28: x (220/220 steps)
[v2_spatial_native_20env] task 9 trial 29: x (220/220 steps)
[v2_spatial_native_20env] diagnostics: 82/300 ok | fail_at_cap=218 fail_early=0 | succ_median=128.5/220
--> v2_spatial_native_20env: 27.3% (220 steps @ 20 Hz = 11.0 s, replan every 10)


SUMMARY (matched wall-clock, chunk-driven replan)
  v2_spatial_native_20env  27.3%
