[suite] libero_10 -> grid_flow30_long_native_20env_out/multirate_libero_10.json
[robosuite WARNING] No private macro file found! (__init__.py:7)
WARNING:robosuite_logs:No private macro file found!
[robosuite WARNING] It is recommended to use a private macro file (__init__.py:8)
WARNING:robosuite_logs:It is recommended to use a private macro file
[robosuite WARNING] To setup, run: python /home/user/anaconda3/envs/vla_smolvla_libero/lib/python3.12/site-packages/robosuite/scripts/setup_macros.py (__init__.py:9)
WARNING:robosuite_logs:To setup, run: python /home/user/anaconda3/envs/vla_smolvla_libero/lib/python3.12/site-packages/robosuite/scripts/setup_macros.py

============================================================
ARM flow30_long_native_20env
============================================================
[stats] flow30_long_native_20env: normalizing with lerobot/libero_10_image
Fetching 4 files:   0%|          | 0/4 [00:00<?, ?it/s]Fetching 4 files: 100%|██████████| 4/4 [00:00<00:00, 98112.37it/s]
`torch_dtype` is deprecated! Use `dtype` instead!
Loading  HuggingFaceTB/SmolVLM2-500M-Video-Instruct weights ...
Loading weights:   0%|          | 0/489 [00:00<?, ?it/s]Loading weights:  71%|███████▏  | 349/489 [00:00<00:00, 3481.30it/s]Loading weights: 100%|██████████| 489/489 [00:00<00:00, 3879.54it/s]
Warning: You are sending unauthenticated requests to the HF Hub. Please set a HF_TOKEN to enable higher rate limits and faster downloads.
WARNING:huggingface_hub.utils._http:Warning: You are sending unauthenticated requests to the HF Hub. Please set a HF_TOKEN to enable higher rate limits and faster downloads.
Reducing the number of VLM layers to 16 ...
Loading weights from local directory
[info] using task orders [0, 1, 2, 3, 4, 5, 6, 7, 8, 9]
Local assets not found. Downloading from HuggingFace Hub...
Assets already downloaded at /home/user/.cache/libero/assets
[flow30_long_native_20env] settle window scaled to 10 steps (0.50 s at 20 Hz)
[flow30_long_native_20env] task 0 trial 00: OK (308/520 steps)
[flow30_long_native_20env] task 0 trial 01: x (520/520 steps)
[flow30_long_native_20env] task 0 trial 02: x (520/520 steps)
[flow30_long_native_20env] task 0 trial 03: OK (259/520 steps)
[flow30_long_native_20env] task 0 trial 04: OK (387/520 steps)
[flow30_long_native_20env] task 0 trial 05: x (520/520 steps)
[flow30_long_native_20env] task 0 trial 06: x (520/520 steps)
[flow30_long_native_20env] task 0 trial 07: x (520/520 steps)
[flow30_long_native_20env] task 0 trial 08: x (520/520 steps)
[flow30_long_native_20env] task 0 trial 09: OK (263/520 steps)
[flow30_long_native_20env] task 0 trial 10: OK (258/520 steps)
[flow30_long_native_20env] task 0 trial 11: x (520/520 steps)
[flow30_long_native_20env] task 0 trial 12: OK (278/520 steps)
[flow30_long_native_20env] task 0 trial 13: OK (261/520 steps)
[flow30_long_native_20env] task 0 trial 14: x (520/520 steps)
[flow30_long_native_20env] task 0 trial 15: x (520/520 steps)
[flow30_long_native_20env] task 0 trial 16: x (520/520 steps)
[flow30_long_native_20env] task 0 trial 17: x (520/520 steps)
[flow30_long_native_20env] task 0 trial 18: x (520/520 steps)
[flow30_long_native_20env] task 0 trial 19: OK (269/520 steps)
[flow30_long_native_20env] task 0 trial 20: x (520/520 steps)
[flow30_long_native_20env] task 0 trial 21: x (520/520 steps)
[flow30_long_native_20env] task 0 trial 22: OK (260/520 steps)
[flow30_long_native_20env] task 0 trial 23: x (520/520 steps)
[flow30_long_native_20env] task 0 trial 24: x (520/520 steps)
[flow30_long_native_20env] task 0 trial 25: OK (239/520 steps)
[flow30_long_native_20env] task 0 trial 26: OK (259/520 steps)
[flow30_long_native_20env] task 0 trial 27: x (520/520 steps)
[flow30_long_native_20env] task 0 trial 28: x (520/520 steps)
[flow30_long_native_20env] task 0 trial 29: OK (282/520 steps)
[info] using task orders [0, 1, 2, 3, 4, 5, 6, 7, 8, 9]
[flow30_long_native_20env] task 1 trial 00: x (520/520 steps)
[flow30_long_native_20env] task 1 trial 01: x (520/520 steps)
[flow30_long_native_20env] task 1 trial 02: OK (272/520 steps)
[flow30_long_native_20env] task 1 trial 03: OK (243/520 steps)
[flow30_long_native_20env] task 1 trial 04: OK (236/520 steps)
[flow30_long_native_20env] task 1 trial 05: OK (235/520 steps)
[flow30_long_native_20env] task 1 trial 06: x (520/520 steps)
[flow30_long_native_20env] task 1 trial 07: OK (240/520 steps)
[flow30_long_native_20env] task 1 trial 08: OK (248/520 steps)
[flow30_long_native_20env] task 1 trial 09: x (520/520 steps)
[flow30_long_native_20env] task 1 trial 10: OK (511/520 steps)
[flow30_long_native_20env] task 1 trial 11: OK (251/520 steps)
[flow30_long_native_20env] task 1 trial 12: OK (241/520 steps)
[flow30_long_native_20env] task 1 trial 13: x (520/520 steps)
[flow30_long_native_20env] task 1 trial 14: OK (241/520 steps)
[flow30_long_native_20env] task 1 trial 15: OK (287/520 steps)
[flow30_long_native_20env] task 1 trial 16: x (520/520 steps)
[flow30_long_native_20env] task 1 trial 17: OK (234/520 steps)
[flow30_long_native_20env] task 1 trial 18: OK (223/520 steps)
[flow30_long_native_20env] task 1 trial 19: OK (247/520 steps)
[flow30_long_native_20env] task 1 trial 20: OK (243/520 steps)
[flow30_long_native_20env] task 1 trial 21: OK (243/520 steps)
[flow30_long_native_20env] task 1 trial 22: OK (241/520 steps)
[flow30_long_native_20env] task 1 trial 23: OK (233/520 steps)
[flow30_long_native_20env] task 1 trial 24: OK (233/520 steps)
[flow30_long_native_20env] task 1 trial 25: OK (239/520 steps)
[flow30_long_native_20env] task 1 trial 26: x (520/520 steps)
[flow30_long_native_20env] task 1 trial 27: OK (234/520 steps)
[flow30_long_native_20env] task 1 trial 28: OK (241/520 steps)
[flow30_long_native_20env] task 1 trial 29: OK (245/520 steps)
[info] using task orders [0, 1, 2, 3, 4, 5, 6, 7, 8, 9]
[flow30_long_native_20env] task 2 trial 00: OK (232/520 steps)
[flow30_long_native_20env] task 2 trial 01: OK (252/520 steps)
[flow30_long_native_20env] task 2 trial 02: OK (248/520 steps)
[flow30_long_native_20env] task 2 trial 03: OK (243/520 steps)
[flow30_long_native_20env] task 2 trial 04: OK (233/520 steps)
[flow30_long_native_20env] task 2 trial 05: OK (231/520 steps)
[flow30_long_native_20env] task 2 trial 06: OK (246/520 steps)
[flow30_long_native_20env] task 2 trial 07: OK (252/520 steps)
[flow30_long_native_20env] task 2 trial 08: OK (224/520 steps)
[flow30_long_native_20env] task 2 trial 09: x (520/520 steps)
[flow30_long_native_20env] task 2 trial 10: OK (240/520 steps)
[flow30_long_native_20env] task 2 trial 11: OK (243/520 steps)
[flow30_long_native_20env] task 2 trial 12: OK (236/520 steps)
[flow30_long_native_20env] task 2 trial 13: OK (225/520 steps)
[flow30_long_native_20env] task 2 trial 14: x (520/520 steps)
[flow30_long_native_20env] task 2 trial 15: OK (215/520 steps)
[flow30_long_native_20env] task 2 trial 16: OK (243/520 steps)
[flow30_long_native_20env] task 2 trial 17: x (520/520 steps)
[flow30_long_native_20env] task 2 trial 18: OK (231/520 steps)
[flow30_long_native_20env] task 2 trial 19: OK (234/520 steps)
[flow30_long_native_20env] task 2 trial 20: OK (232/520 steps)
[flow30_long_native_20env] task 2 trial 21: OK (213/520 steps)
[flow30_long_native_20env] task 2 trial 22: OK (223/520 steps)
[flow30_long_native_20env] task 2 trial 23: OK (238/520 steps)
[flow30_long_native_20env] task 2 trial 24: OK (253/520 steps)
[flow30_long_native_20env] task 2 trial 25: OK (224/520 steps)
[flow30_long_native_20env] task 2 trial 26: OK (230/520 steps)
[flow30_long_native_20env] task 2 trial 27: OK (228/520 steps)
[flow30_long_native_20env] task 2 trial 28: OK (225/520 steps)
[flow30_long_native_20env] task 2 trial 29: OK (248/520 steps)
[info] using task orders [0, 1, 2, 3, 4, 5, 6, 7, 8, 9]
[flow30_long_native_20env] task 3 trial 00: x (520/520 steps)
[flow30_long_native_20env] task 3 trial 01: OK (227/520 steps)
[flow30_long_native_20env] task 3 trial 02: OK (259/520 steps)
[flow30_long_native_20env] task 3 trial 03: OK (218/520 steps)
[flow30_long_native_20env] task 3 trial 04: OK (256/520 steps)
[flow30_long_native_20env] task 3 trial 05: x (520/520 steps)
[flow30_long_native_20env] task 3 trial 06: OK (208/520 steps)
[flow30_long_native_20env] task 3 trial 07: OK (252/520 steps)
[flow30_long_native_20env] task 3 trial 08: OK (227/520 steps)
[flow30_long_native_20env] task 3 trial 09: OK (225/520 steps)
[flow30_long_native_20env] task 3 trial 10: OK (233/520 steps)
[flow30_long_native_20env] task 3 trial 11: OK (277/520 steps)
[flow30_long_native_20env] task 3 trial 12: OK (223/520 steps)
[flow30_long_native_20env] task 3 trial 13: OK (500/520 steps)
[flow30_long_native_20env] task 3 trial 14: OK (460/520 steps)
[flow30_long_native_20env] task 3 trial 15: OK (205/520 steps)
[flow30_long_native_20env] task 3 trial 16: OK (209/520 steps)
[flow30_long_native_20env] task 3 trial 17: OK (203/520 steps)
[flow30_long_native_20env] task 3 trial 18: OK (442/520 steps)
[flow30_long_native_20env] task 3 trial 19: x (520/520 steps)
[flow30_long_native_20env] task 3 trial 20: OK (224/520 steps)
[flow30_long_native_20env] task 3 trial 21: OK (211/520 steps)
[flow30_long_native_20env] task 3 trial 22: OK (201/520 steps)
[flow30_long_native_20env] task 3 trial 23: x (520/520 steps)
[flow30_long_native_20env] task 3 trial 24: OK (199/520 steps)
[flow30_long_native_20env] task 3 trial 25: OK (220/520 steps)
[flow30_long_native_20env] task 3 trial 26: x (520/520 steps)
[flow30_long_native_20env] task 3 trial 27: OK (226/520 steps)
[flow30_long_native_20env] task 3 trial 28: OK (212/520 steps)
[flow30_long_native_20env] task 3 trial 29: x (520/520 steps)
[info] using task orders [0, 1, 2, 3, 4, 5, 6, 7, 8, 9]
[flow30_long_native_20env] task 4 trial 00: OK (225/520 steps)
[flow30_long_native_20env] task 4 trial 01: OK (218/520 steps)
[flow30_long_native_20env] task 4 trial 02: x (520/520 steps)
[flow30_long_native_20env] task 4 trial 03: OK (223/520 steps)
[flow30_long_native_20env] task 4 trial 04: OK (238/520 steps)
[flow30_long_native_20env] task 4 trial 05: OK (234/520 steps)
[flow30_long_native_20env] task 4 trial 06: OK (234/520 steps)
[flow30_long_native_20env] task 4 trial 07: x (520/520 steps)
[flow30_long_native_20env] task 4 trial 08: x (520/520 steps)
[flow30_long_native_20env] task 4 trial 09: x (520/520 steps)
[flow30_long_native_20env] task 4 trial 10: OK (224/520 steps)
[flow30_long_native_20env] task 4 trial 11: x (520/520 steps)
[flow30_long_native_20env] task 4 trial 12: OK (214/520 steps)
[flow30_long_native_20env] task 4 trial 13: OK (233/520 steps)
[flow30_long_native_20env] task 4 trial 14: x (520/520 steps)
[flow30_long_native_20env] task 4 trial 15: x (520/520 steps)
[flow30_long_native_20env] task 4 trial 16: OK (219/520 steps)
[flow30_long_native_20env] task 4 trial 17: OK (234/520 steps)
[flow30_long_native_20env] task 4 trial 18: x (520/520 steps)
[flow30_long_native_20env] task 4 trial 19: x (520/520 steps)
[flow30_long_native_20env] task 4 trial 20: x (520/520 steps)
[flow30_long_native_20env] task 4 trial 21: x (520/520 steps)
[flow30_long_native_20env] task 4 trial 22: x (520/520 steps)
[flow30_long_native_20env] task 4 trial 23: OK (245/520 steps)
[flow30_long_native_20env] task 4 trial 24: OK (216/520 steps)
[flow30_long_native_20env] task 4 trial 25: OK (223/520 steps)
[flow30_long_native_20env] task 4 trial 26: x (520/520 steps)
[flow30_long_native_20env] task 4 trial 27: x (520/520 steps)
[flow30_long_native_20env] task 4 trial 28: x (520/520 steps)
[flow30_long_native_20env] task 4 trial 29: x (520/520 steps)
[info] using task orders [0, 1, 2, 3, 4, 5, 6, 7, 8, 9]
[flow30_long_native_20env] task 5 trial 00: OK (165/520 steps)
[flow30_long_native_20env] task 5 trial 01: OK (166/520 steps)
[flow30_long_native_20env] task 5 trial 02: OK (198/520 steps)
[flow30_long_native_20env] task 5 trial 03: OK (171/520 steps)
[flow30_long_native_20env] task 5 trial 04: OK (165/520 steps)
[flow30_long_native_20env] task 5 trial 05: OK (166/520 steps)
[flow30_long_native_20env] task 5 trial 06: OK (169/520 steps)
[flow30_long_native_20env] task 5 trial 07: OK (237/520 steps)
[flow30_long_native_20env] task 5 trial 08: OK (168/520 steps)
[flow30_long_native_20env] task 5 trial 09: OK (172/520 steps)
[flow30_long_native_20env] task 5 trial 10: OK (190/520 steps)
[flow30_long_native_20env] task 5 trial 11: OK (151/520 steps)
[flow30_long_native_20env] task 5 trial 12: OK (155/520 steps)
[flow30_long_native_20env] task 5 trial 13: OK (145/520 steps)
[flow30_long_native_20env] task 5 trial 14: OK (177/520 steps)
[flow30_long_native_20env] task 5 trial 15: OK (165/520 steps)
[flow30_long_native_20env] task 5 trial 16: OK (196/520 steps)
[flow30_long_native_20env] task 5 trial 17: OK (175/520 steps)
[flow30_long_native_20env] task 5 trial 18: OK (173/520 steps)
[flow30_long_native_20env] task 5 trial 19: x (520/520 steps)
[flow30_long_native_20env] task 5 trial 20: OK (171/520 steps)
[flow30_long_native_20env] task 5 trial 21: OK (168/520 steps)
[flow30_long_native_20env] task 5 trial 22: OK (170/520 steps)
[flow30_long_native_20env] task 5 trial 23: x (520/520 steps)
[flow30_long_native_20env] task 5 trial 24: OK (152/520 steps)
[flow30_long_native_20env] task 5 trial 25: OK (155/520 steps)
[flow30_long_native_20env] task 5 trial 26: x (520/520 steps)
[flow30_long_native_20env] task 5 trial 27: OK (169/520 steps)
[flow30_long_native_20env] task 5 trial 28: OK (159/520 steps)
[flow30_long_native_20env] task 5 trial 29: OK (168/520 steps)
[info] using task orders [0, 1, 2, 3, 4, 5, 6, 7, 8, 9]
[flow30_long_native_20env] task 6 trial 00: OK (232/520 steps)
[flow30_long_native_20env] task 6 trial 01: OK (211/520 steps)
[flow30_long_native_20env] task 6 trial 02: OK (229/520 steps)
[flow30_long_native_20env] task 6 trial 03: OK (287/520 steps)
[flow30_long_native_20env] task 6 trial 04: x (520/520 steps)
[flow30_long_native_20env] task 6 trial 05: OK (205/520 steps)
[flow30_long_native_20env] task 6 trial 06: OK (202/520 steps)
[flow30_long_native_20env] task 6 trial 07: OK (214/520 steps)
[flow30_long_native_20env] task 6 trial 08: OK (224/520 steps)
[flow30_long_native_20env] task 6 trial 09: OK (223/520 steps)
[flow30_long_native_20env] task 6 trial 10: x (520/520 steps)
[flow30_long_native_20env] task 6 trial 11: OK (214/520 steps)
[flow30_long_native_20env] task 6 trial 12: OK (344/520 steps)
[flow30_long_native_20env] task 6 trial 13: x (520/520 steps)
[flow30_long_native_20env] task 6 trial 14: x (520/520 steps)
[flow30_long_native_20env] task 6 trial 15: OK (328/520 steps)
[flow30_long_native_20env] task 6 trial 16: x (520/520 steps)
[flow30_long_native_20env] task 6 trial 17: OK (240/520 steps)
[flow30_long_native_20env] task 6 trial 18: OK (208/520 steps)
[flow30_long_native_20env] task 6 trial 19: x (520/520 steps)
[flow30_long_native_20env] task 6 trial 20: x (520/520 steps)
[flow30_long_native_20env] task 6 trial 21: OK (218/520 steps)
[flow30_long_native_20env] task 6 trial 22: x (520/520 steps)
[flow30_long_native_20env] task 6 trial 23: OK (306/520 steps)
[flow30_long_native_20env] task 6 trial 24: x (520/520 steps)
[flow30_long_native_20env] task 6 trial 25: OK (218/520 steps)
[flow30_long_native_20env] task 6 trial 26: x (520/520 steps)
[flow30_long_native_20env] task 6 trial 27: x (520/520 steps)
[flow30_long_native_20env] task 6 trial 28: OK (228/520 steps)
[flow30_long_native_20env] task 6 trial 29: x (520/520 steps)
[info] using task orders [0, 1, 2, 3, 4, 5, 6, 7, 8, 9]
[flow30_long_native_20env] task 7 trial 00: OK (243/520 steps)
[flow30_long_native_20env] task 7 trial 01: OK (242/520 steps)
[flow30_long_native_20env] task 7 trial 02: x (520/520 steps)
[flow30_long_native_20env] task 7 trial 03: x (520/520 steps)
[flow30_long_native_20env] task 7 trial 04: OK (269/520 steps)
[flow30_long_native_20env] task 7 trial 05: x (520/520 steps)
[flow30_long_native_20env] task 7 trial 06: OK (238/520 steps)
[flow30_long_native_20env] task 7 trial 07: OK (243/520 steps)
[flow30_long_native_20env] task 7 trial 08: x (520/520 steps)
[flow30_long_native_20env] task 7 trial 09: OK (246/520 steps)
[flow30_long_native_20env] task 7 trial 10: x (520/520 steps)
[flow30_long_native_20env] task 7 trial 11: OK (262/520 steps)
[flow30_long_native_20env] task 7 trial 12: x (520/520 steps)
[flow30_long_native_20env] task 7 trial 13: OK (239/520 steps)
[flow30_long_native_20env] task 7 trial 14: x (520/520 steps)
[flow30_long_native_20env] task 7 trial 15: x (520/520 steps)
[flow30_long_native_20env] task 7 trial 16: x (520/520 steps)
[flow30_long_native_20env] task 7 trial 17: OK (222/520 steps)
[flow30_long_native_20env] task 7 trial 18: OK (241/520 steps)
[flow30_long_native_20env] task 7 trial 19: OK (236/520 steps)
[flow30_long_native_20env] task 7 trial 20: x (520/520 steps)
[flow30_long_native_20env] task 7 trial 21: x (520/520 steps)
[flow30_long_native_20env] task 7 trial 22: x (520/520 steps)
[flow30_long_native_20env] task 7 trial 23: OK (260/520 steps)
[flow30_long_native_20env] task 7 trial 24: OK (261/520 steps)
[flow30_long_native_20env] task 7 trial 25: OK (252/520 steps)
[flow30_long_native_20env] task 7 trial 26: OK (249/520 steps)
[flow30_long_native_20env] task 7 trial 27: OK (231/520 steps)
[flow30_long_native_20env] task 7 trial 28: x (520/520 steps)
[flow30_long_native_20env] task 7 trial 29: x (520/520 steps)
[info] using task orders [0, 1, 2, 3, 4, 5, 6, 7, 8, 9]
[flow30_long_native_20env] task 8 trial 00: x (520/520 steps)
[flow30_long_native_20env] task 8 trial 01: OK (396/520 steps)
[flow30_long_native_20env] task 8 trial 02: x (520/520 steps)
[flow30_long_native_20env] task 8 trial 03: x (520/520 steps)
[flow30_long_native_20env] task 8 trial 04: x (520/520 steps)
[flow30_long_native_20env] task 8 trial 05: x (520/520 steps)
[flow30_long_native_20env] task 8 trial 06: x (520/520 steps)
[flow30_long_native_20env] task 8 trial 07: OK (392/520 steps)
[flow30_long_native_20env] task 8 trial 08: OK (441/520 steps)
[flow30_long_native_20env] task 8 trial 09: x (520/520 steps)
[flow30_long_native_20env] task 8 trial 10: x (520/520 steps)
[flow30_long_native_20env] task 8 trial 11: x (520/520 steps)
[flow30_long_native_20env] task 8 trial 12: x (520/520 steps)
[flow30_long_native_20env] task 8 trial 13: x (520/520 steps)
[flow30_long_native_20env] task 8 trial 14: x (520/520 steps)
[flow30_long_native_20env] task 8 trial 15: OK (370/520 steps)
[flow30_long_native_20env] task 8 trial 16: OK (400/520 steps)
[flow30_long_native_20env] task 8 trial 17: x (520/520 steps)
[flow30_long_native_20env] task 8 trial 18: x (520/520 steps)
[flow30_long_native_20env] task 8 trial 19: OK (380/520 steps)
[flow30_long_native_20env] task 8 trial 20: x (520/520 steps)
[flow30_long_native_20env] task 8 trial 21: x (520/520 steps)
[flow30_long_native_20env] task 8 trial 22: OK (378/520 steps)
[flow30_long_native_20env] task 8 trial 23: OK (408/520 steps)
[flow30_long_native_20env] task 8 trial 24: x (520/520 steps)
[flow30_long_native_20env] task 8 trial 25: OK (427/520 steps)
[flow30_long_native_20env] task 8 trial 26: OK (435/520 steps)
[flow30_long_native_20env] task 8 trial 27: OK (402/520 steps)
[flow30_long_native_20env] task 8 trial 28: x (520/520 steps)
[flow30_long_native_20env] task 8 trial 29: x (520/520 steps)
[info] using task orders [0, 1, 2, 3, 4, 5, 6, 7, 8, 9]
[flow30_long_native_20env] task 9 trial 00: OK (267/520 steps)
[flow30_long_native_20env] task 9 trial 01: OK (238/520 steps)
[flow30_long_native_20env] task 9 trial 02: x (520/520 steps)
[flow30_long_native_20env] task 9 trial 03: OK (266/520 steps)
[flow30_long_native_20env] task 9 trial 04: OK (245/520 steps)
[flow30_long_native_20env] task 9 trial 05: OK (302/520 steps)
[flow30_long_native_20env] task 9 trial 06: OK (270/520 steps)
[flow30_long_native_20env] task 9 trial 07: OK (257/520 steps)
[flow30_long_native_20env] task 9 trial 08: OK (267/520 steps)
[flow30_long_native_20env] task 9 trial 09: OK (252/520 steps)
[flow30_long_native_20env] task 9 trial 10: OK (254/520 steps)
[flow30_long_native_20env] task 9 trial 11: x (520/520 steps)
[flow30_long_native_20env] task 9 trial 12: x (520/520 steps)
[flow30_long_native_20env] task 9 trial 13: OK (259/520 steps)
[flow30_long_native_20env] task 9 trial 14: OK (251/520 steps)
[flow30_long_native_20env] task 9 trial 15: OK (253/520 steps)
[flow30_long_native_20env] task 9 trial 16: x (520/520 steps)
[flow30_long_native_20env] task 9 trial 17: x (520/520 steps)
[flow30_long_native_20env] task 9 trial 18: OK (268/520 steps)
[flow30_long_native_20env] task 9 trial 19: x (520/520 steps)
[flow30_long_native_20env] task 9 trial 20: OK (280/520 steps)
[flow30_long_native_20env] task 9 trial 21: OK (258/520 steps)
[flow30_long_native_20env] task 9 trial 22: OK (253/520 steps)
[flow30_long_native_20env] task 9 trial 23: x (520/520 steps)
[flow30_long_native_20env] task 9 trial 24: OK (248/520 steps)
[flow30_long_native_20env] task 9 trial 25: OK (267/520 steps)
[flow30_long_native_20env] task 9 trial 26: OK (244/520 steps)
[flow30_long_native_20env] task 9 trial 27: OK (255/520 steps)
[flow30_long_native_20env] task 9 trial 28: OK (254/520 steps)
[flow30_long_native_20env] task 9 trial 29: OK (256/520 steps)
[flow30_long_native_20env] diagnostics: 195/300 ok | fail_at_cap=105 fail_early=0 | succ_median=238.0/520
--> flow30_long_native_20env: 65.0% (520 steps @ 20 Hz = 11.0 s, replan every 10)


SUMMARY (matched wall-clock, chunk-driven replan)
  flow30_long_native_20env  65.0%
