[suite] libero_spatial -> head2head_audit_out/multirate_honest.json
[robosuite WARNING] No private macro file found! (__init__.py:7)
WARNING:robosuite_logs:No private macro file found!
[robosuite WARNING] It is recommended to use a private macro file (__init__.py:8)
WARNING:robosuite_logs:It is recommended to use a private macro file
[robosuite WARNING] To setup, run: python /home/user/anaconda3/envs/vla_smolvla_libero/lib/python3.12/site-packages/robosuite/scripts/setup_macros.py (__init__.py:9)
WARNING:robosuite_logs:To setup, run: python /home/user/anaconda3/envs/vla_smolvla_libero/lib/python3.12/site-packages/robosuite/scripts/setup_macros.py

============================================================
ARM asrc_native_20env
============================================================
[stats] asrc_native_20env: normalizing with lerobot/libero_spatial_image
Fetching 4 files:   0%|          | 0/4 [00:00<?, ?it/s]Fetching 4 files: 100%|██████████| 4/4 [00:00<00:00, 84733.41it/s]
Warning: You are sending unauthenticated requests to the HF Hub. Please set a HF_TOKEN to enable higher rate limits and faster downloads.
WARNING:huggingface_hub.utils._http:Warning: You are sending unauthenticated requests to the HF Hub. Please set a HF_TOKEN to enable higher rate limits and faster downloads.
`torch_dtype` is deprecated! Use `dtype` instead!
Loading  HuggingFaceTB/SmolVLM2-500M-Video-Instruct weights ...
Loading weights:   0%|          | 0/489 [00:00<?, ?it/s]Loading weights: 100%|██████████| 489/489 [00:00<00:00, 7849.42it/s]
Reducing the number of VLM layers to 16 ...
Loading  HuggingFaceTB/SmolVLM2-500M-Video-Instruct weights ...
Loading weights:   0%|          | 0/489 [00:00<?, ?it/s]Loading weights: 100%|██████████| 489/489 [00:00<00:00, 8213.09it/s]
Reducing the number of VLM layers to 16 ...
Loading weights from local directory
[asrc_native_20env] variant=asrc n_fourier=6 re-integrates at 20.0 Hz (native ODE re-integration, NOT alias folding)
[info] using task orders [0, 1, 2, 3, 4, 5, 6, 7, 8, 9]
Local assets not found. Downloading from HuggingFace Hub...
Assets already downloaded at /home/user/.cache/libero/assets
[asrc_native_20env] settle window scaled to 10 steps (0.50 s at 20 Hz)
[asrc_native_20env] task 0 trial 00: OK (81/220 steps)
[asrc_native_20env] task 0 trial 01: OK (74/220 steps)
[asrc_native_20env] task 0 trial 02: x (220/220 steps)
[asrc_native_20env] task 0 trial 03: OK (74/220 steps)
[asrc_native_20env] task 0 trial 04: OK (76/220 steps)
[asrc_native_20env] task 0 trial 05: OK (71/220 steps)
[asrc_native_20env] task 0 trial 06: OK (72/220 steps)
[asrc_native_20env] task 0 trial 07: OK (78/220 steps)
[asrc_native_20env] task 0 trial 08: OK (70/220 steps)
[asrc_native_20env] task 0 trial 09: OK (74/220 steps)
[asrc_native_20env] task 0 trial 10: OK (81/220 steps)
[asrc_native_20env] task 0 trial 11: OK (75/220 steps)
[asrc_native_20env] task 0 trial 12: OK (82/220 steps)
[asrc_native_20env] task 0 trial 13: OK (79/220 steps)
[asrc_native_20env] task 0 trial 14: x (220/220 steps)
[asrc_native_20env] task 0 trial 15: OK (74/220 steps)
[asrc_native_20env] task 0 trial 16: OK (78/220 steps)
[asrc_native_20env] task 0 trial 17: x (220/220 steps)
[asrc_native_20env] task 0 trial 18: OK (79/220 steps)
[asrc_native_20env] task 0 trial 19: OK (215/220 steps)
[info] using task orders [0, 1, 2, 3, 4, 5, 6, 7, 8, 9]
[asrc_native_20env] task 1 trial 00: OK (116/220 steps)
[asrc_native_20env] task 1 trial 01: OK (104/220 steps)
[asrc_native_20env] task 1 trial 02: OK (113/220 steps)
[asrc_native_20env] task 1 trial 03: OK (113/220 steps)
[asrc_native_20env] task 1 trial 04: OK (114/220 steps)
[asrc_native_20env] task 1 trial 05: OK (112/220 steps)
[asrc_native_20env] task 1 trial 06: OK (112/220 steps)
[asrc_native_20env] task 1 trial 07: OK (113/220 steps)
[asrc_native_20env] task 1 trial 08: OK (131/220 steps)
[asrc_native_20env] task 1 trial 09: OK (112/220 steps)
[asrc_native_20env] task 1 trial 10: OK (113/220 steps)
[asrc_native_20env] task 1 trial 11: OK (104/220 steps)
[asrc_native_20env] task 1 trial 12: x (220/220 steps)
[asrc_native_20env] task 1 trial 13: x (220/220 steps)
[asrc_native_20env] task 1 trial 14: OK (121/220 steps)
[asrc_native_20env] task 1 trial 15: OK (106/220 steps)
[asrc_native_20env] task 1 trial 16: OK (119/220 steps)
[asrc_native_20env] task 1 trial 17: OK (116/220 steps)
[asrc_native_20env] task 1 trial 18: OK (111/220 steps)
[asrc_native_20env] task 1 trial 19: x (220/220 steps)
[info] using task orders [0, 1, 2, 3, 4, 5, 6, 7, 8, 9]
[asrc_native_20env] task 2 trial 00: OK (93/220 steps)
[asrc_native_20env] task 2 trial 01: OK (102/220 steps)
[asrc_native_20env] task 2 trial 02: OK (91/220 steps)
[asrc_native_20env] task 2 trial 03: OK (91/220 steps)
[asrc_native_20env] task 2 trial 04: OK (98/220 steps)
[asrc_native_20env] task 2 trial 05: OK (97/220 steps)
[asrc_native_20env] task 2 trial 06: OK (98/220 steps)
[asrc_native_20env] task 2 trial 07: OK (94/220 steps)
[asrc_native_20env] task 2 trial 08: OK (103/220 steps)
[asrc_native_20env] task 2 trial 09: OK (100/220 steps)
[asrc_native_20env] task 2 trial 10: OK (102/220 steps)
[asrc_native_20env] task 2 trial 11: OK (91/220 steps)
[asrc_native_20env] task 2 trial 12: OK (92/220 steps)
[asrc_native_20env] task 2 trial 13: OK (99/220 steps)
[asrc_native_20env] task 2 trial 14: OK (95/220 steps)
[asrc_native_20env] task 2 trial 15: OK (97/220 steps)
[asrc_native_20env] task 2 trial 16: OK (89/220 steps)
[asrc_native_20env] task 2 trial 17: OK (96/220 steps)
[asrc_native_20env] task 2 trial 18: OK (92/220 steps)
[asrc_native_20env] task 2 trial 19: OK (97/220 steps)
[info] using task orders [0, 1, 2, 3, 4, 5, 6, 7, 8, 9]
[asrc_native_20env] task 3 trial 00: OK (89/220 steps)
[asrc_native_20env] task 3 trial 01: x (220/220 steps)
[asrc_native_20env] task 3 trial 02: OK (86/220 steps)
[asrc_native_20env] task 3 trial 03: OK (88/220 steps)
[asrc_native_20env] task 3 trial 04: OK (84/220 steps)
[asrc_native_20env] task 3 trial 05: OK (80/220 steps)
[asrc_native_20env] task 3 trial 06: OK (87/220 steps)
[asrc_native_20env] task 3 trial 07: OK (87/220 steps)
[asrc_native_20env] task 3 trial 08: OK (88/220 steps)
[asrc_native_20env] task 3 trial 09: OK (90/220 steps)
[asrc_native_20env] task 3 trial 10: OK (85/220 steps)
[asrc_native_20env] task 3 trial 11: OK (83/220 steps)
[asrc_native_20env] task 3 trial 12: OK (91/220 steps)
[asrc_native_20env] task 3 trial 13: x (220/220 steps)
[asrc_native_20env] task 3 trial 14: OK (84/220 steps)
[asrc_native_20env] task 3 trial 15: OK (89/220 steps)
[asrc_native_20env] task 3 trial 16: OK (86/220 steps)
[asrc_native_20env] task 3 trial 17: OK (82/220 steps)
[asrc_native_20env] task 3 trial 18: OK (83/220 steps)
[asrc_native_20env] task 3 trial 19: OK (85/220 steps)
[info] using task orders [0, 1, 2, 3, 4, 5, 6, 7, 8, 9]
[asrc_native_20env] task 4 trial 00: OK (126/220 steps)
[asrc_native_20env] task 4 trial 01: OK (131/220 steps)
[asrc_native_20env] task 4 trial 02: OK (118/220 steps)
[asrc_native_20env] task 4 trial 03: OK (131/220 steps)
[asrc_native_20env] task 4 trial 04: OK (122/220 steps)
[asrc_native_20env] task 4 trial 05: x (220/220 steps)
[asrc_native_20env] task 4 trial 06: OK (124/220 steps)
[asrc_native_20env] task 4 trial 07: OK (121/220 steps)
[asrc_native_20env] task 4 trial 08: x (220/220 steps)
[asrc_native_20env] task 4 trial 09: OK (145/220 steps)
[asrc_native_20env] task 4 trial 10: OK (142/220 steps)
[asrc_native_20env] task 4 trial 11: OK (134/220 steps)
[asrc_native_20env] task 4 trial 12: OK (131/220 steps)
[asrc_native_20env] task 4 trial 13: OK (132/220 steps)
[asrc_native_20env] task 4 trial 14: OK (122/220 steps)
[asrc_native_20env] task 4 trial 15: x (220/220 steps)
[asrc_native_20env] task 4 trial 16: OK (128/220 steps)
[asrc_native_20env] task 4 trial 17: OK (132/220 steps)
[asrc_native_20env] task 4 trial 18: OK (127/220 steps)
[asrc_native_20env] task 4 trial 19: OK (127/220 steps)
[info] using task orders [0, 1, 2, 3, 4, 5, 6, 7, 8, 9]
[asrc_native_20env] task 5 trial 00: x (220/220 steps)
[asrc_native_20env] task 5 trial 01: x (220/220 steps)
[asrc_native_20env] task 5 trial 02: x (220/220 steps)
[asrc_native_20env] task 5 trial 03: x (220/220 steps)
[asrc_native_20env] task 5 trial 04: x (220/220 steps)
[asrc_native_20env] task 5 trial 05: x (220/220 steps)
[asrc_native_20env] task 5 trial 06: x (220/220 steps)
[asrc_native_20env] task 5 trial 07: x (220/220 steps)
[asrc_native_20env] task 5 trial 08: x (220/220 steps)
[asrc_native_20env] task 5 trial 09: x (220/220 steps)
[asrc_native_20env] task 5 trial 10: x (220/220 steps)
[asrc_native_20env] task 5 trial 11: x (220/220 steps)
[asrc_native_20env] task 5 trial 12: x (220/220 steps)
[asrc_native_20env] task 5 trial 13: x (220/220 steps)
[asrc_native_20env] task 5 trial 14: OK (93/220 steps)
[asrc_native_20env] task 5 trial 15: x (220/220 steps)
[asrc_native_20env] task 5 trial 16: x (220/220 steps)
[asrc_native_20env] task 5 trial 17: x (220/220 steps)
[asrc_native_20env] task 5 trial 18: x (220/220 steps)
[asrc_native_20env] task 5 trial 19: x (220/220 steps)
[info] using task orders [0, 1, 2, 3, 4, 5, 6, 7, 8, 9]
[asrc_native_20env] task 6 trial 00: OK (107/220 steps)
[asrc_native_20env] task 6 trial 01: OK (102/220 steps)
[asrc_native_20env] task 6 trial 02: OK (103/220 steps)
[asrc_native_20env] task 6 trial 03: OK (112/220 steps)
[asrc_native_20env] task 6 trial 04: OK (105/220 steps)
[asrc_native_20env] task 6 trial 05: OK (115/220 steps)
[asrc_native_20env] task 6 trial 06: OK (114/220 steps)
[asrc_native_20env] task 6 trial 07: OK (108/220 steps)
[asrc_native_20env] task 6 trial 08: x (220/220 steps)
[asrc_native_20env] task 6 trial 09: OK (107/220 steps)
[asrc_native_20env] task 6 trial 10: OK (111/220 steps)
[asrc_native_20env] task 6 trial 11: OK (103/220 steps)
[asrc_native_20env] task 6 trial 12: OK (108/220 steps)
[asrc_native_20env] task 6 trial 13: OK (107/220 steps)
[asrc_native_20env] task 6 trial 14: OK (108/220 steps)
[asrc_native_20env] task 6 trial 15: x (220/220 steps)
[asrc_native_20env] task 6 trial 16: OK (102/220 steps)
[asrc_native_20env] task 6 trial 17: OK (112/220 steps)
[asrc_native_20env] task 6 trial 18: OK (107/220 steps)
[asrc_native_20env] task 6 trial 19: OK (102/220 steps)
[info] using task orders [0, 1, 2, 3, 4, 5, 6, 7, 8, 9]
[asrc_native_20env] task 7 trial 00: OK (120/220 steps)
[asrc_native_20env] task 7 trial 01: OK (121/220 steps)
[asrc_native_20env] task 7 trial 02: OK (125/220 steps)
[asrc_native_20env] task 7 trial 03: OK (115/220 steps)
[asrc_native_20env] task 7 trial 04: OK (125/220 steps)
[asrc_native_20env] task 7 trial 05: x (220/220 steps)
[asrc_native_20env] task 7 trial 06: OK (126/220 steps)
[asrc_native_20env] task 7 trial 07: OK (126/220 steps)
[asrc_native_20env] task 7 trial 08: OK (119/220 steps)
[asrc_native_20env] task 7 trial 09: OK (117/220 steps)
[asrc_native_20env] task 7 trial 10: OK (125/220 steps)
[asrc_native_20env] task 7 trial 11: OK (131/220 steps)
[asrc_native_20env] task 7 trial 12: OK (116/220 steps)
[asrc_native_20env] task 7 trial 13: x (220/220 steps)
[asrc_native_20env] task 7 trial 14: x (220/220 steps)
[asrc_native_20env] task 7 trial 15: OK (120/220 steps)
[asrc_native_20env] task 7 trial 16: OK (116/220 steps)
[asrc_native_20env] task 7 trial 17: OK (125/220 steps)
[asrc_native_20env] task 7 trial 18: OK (128/220 steps)
[asrc_native_20env] task 7 trial 19: x (220/220 steps)
[info] using task orders [0, 1, 2, 3, 4, 5, 6, 7, 8, 9]
[asrc_native_20env] task 8 trial 00: OK (99/220 steps)
[asrc_native_20env] task 8 trial 01: x (220/220 steps)
[asrc_native_20env] task 8 trial 02: OK (149/220 steps)
[asrc_native_20env] task 8 trial 03: OK (93/220 steps)
[asrc_native_20env] task 8 trial 04: x (220/220 steps)
[asrc_native_20env] task 8 trial 05: OK (96/220 steps)
[asrc_native_20env] task 8 trial 06: x (220/220 steps)
[asrc_native_20env] task 8 trial 07: x (220/220 steps)
[asrc_native_20env] task 8 trial 08: x (220/220 steps)
[asrc_native_20env] task 8 trial 09: OK (95/220 steps)
[asrc_native_20env] task 8 trial 10: OK (91/220 steps)
[asrc_native_20env] task 8 trial 11: OK (93/220 steps)
[asrc_native_20env] task 8 trial 12: x (220/220 steps)
[asrc_native_20env] task 8 trial 13: OK (95/220 steps)
[asrc_native_20env] task 8 trial 14: x (220/220 steps)
[asrc_native_20env] task 8 trial 15: OK (91/220 steps)
[asrc_native_20env] task 8 trial 16: OK (92/220 steps)
[asrc_native_20env] task 8 trial 17: OK (123/220 steps)
[asrc_native_20env] task 8 trial 18: OK (92/220 steps)
[asrc_native_20env] task 8 trial 19: OK (98/220 steps)
[info] using task orders [0, 1, 2, 3, 4, 5, 6, 7, 8, 9]
[asrc_native_20env] task 9 trial 00: OK (126/220 steps)
[asrc_native_20env] task 9 trial 01: x (220/220 steps)
[asrc_native_20env] task 9 trial 02: OK (130/220 steps)
[asrc_native_20env] task 9 trial 03: OK (122/220 steps)
[asrc_native_20env] task 9 trial 04: OK (120/220 steps)
[asrc_native_20env] task 9 trial 05: OK (120/220 steps)
[asrc_native_20env] task 9 trial 06: OK (133/220 steps)
[asrc_native_20env] task 9 trial 07: OK (129/220 steps)
[asrc_native_20env] task 9 trial 08: OK (125/220 steps)
[asrc_native_20env] task 9 trial 09: OK (124/220 steps)
[asrc_native_20env] task 9 trial 10: x (220/220 steps)
[asrc_native_20env] task 9 trial 11: OK (126/220 steps)
[asrc_native_20env] task 9 trial 12: x (220/220 steps)
[asrc_native_20env] task 9 trial 13: OK (127/220 steps)
[asrc_native_20env] task 9 trial 14: OK (129/220 steps)
[asrc_native_20env] task 9 trial 15: OK (120/220 steps)
[asrc_native_20env] task 9 trial 16: OK (127/220 steps)
[asrc_native_20env] task 9 trial 17: x (220/220 steps)
[asrc_native_20env] task 9 trial 18: x (220/220 steps)
[asrc_native_20env] task 9 trial 19: OK (124/220 steps)
[asrc_native_20env] diagnostics: 152/200 ok | fail_at_cap=48 fail_early=0 | succ_median=107.0/220
--> asrc_native_20env: 76.0% (220 steps @ 20 Hz = 11.0 s, replan every 10)


============================================================
ARM asrc_cadmag_folding_40env
============================================================
[stats] asrc_cadmag_folding_40env: normalizing with lerobot/libero_spatial_image
Fetching 4 files:   0%|          | 0/4 [00:00<?, ?it/s]Fetching 4 files: 100%|██████████| 4/4 [00:00<00:00, 111107.39it/s]
Loading  HuggingFaceTB/SmolVLM2-500M-Video-Instruct weights ...
Loading weights:   0%|          | 0/489 [00:00<?, ?it/s]Loading weights: 100%|██████████| 489/489 [00:00<00:00, 7798.83it/s]
Reducing the number of VLM layers to 16 ...
Loading  HuggingFaceTB/SmolVLM2-500M-Video-Instruct weights ...
Loading weights:   0%|          | 0/489 [00:00<?, ?it/s]Loading weights: 100%|██████████| 489/489 [00:00<00:00, 8869.37it/s]
Reducing the number of VLM layers to 16 ...
Loading weights from local directory
[asrc_cadmag_folding_40env] variant=asrc n_fourier=6 re-integrates at 40.0 Hz (native ODE re-integration, NOT alias folding)
[asrc_cadmag_folding_40env] magscale: raw pose deltas x2 (restores native per-step travel)
[asrc_cadmag_folding_40env] resolved-cadence: 20 Hz decisions in a 40 Hz sim (1 query per 2 env steps); intermediates taken from the plan
[info] using task orders [0, 1, 2, 3, 4, 5, 6, 7, 8, 9]
[asrc_cadmag_folding_40env] settle window scaled to 20 steps (0.50 s at 40 Hz)
[asrc_cadmag_folding_40env] task 0 trial 00: OK (160/440 steps)
[asrc_cadmag_folding_40env] task 0 trial 01: OK (152/440 steps)
[asrc_cadmag_folding_40env] task 0 trial 02: x (440/440 steps)
[asrc_cadmag_folding_40env] task 0 trial 03: OK (151/440 steps)
[asrc_cadmag_folding_40env] task 0 trial 04: OK (160/440 steps)
[asrc_cadmag_folding_40env] task 0 trial 05: OK (147/440 steps)
[asrc_cadmag_folding_40env] task 0 trial 06: OK (142/440 steps)
[asrc_cadmag_folding_40env] task 0 trial 07: OK (167/440 steps)
[asrc_cadmag_folding_40env] task 0 trial 08: OK (362/440 steps)
[asrc_cadmag_folding_40env] task 0 trial 09: OK (147/440 steps)
[asrc_cadmag_folding_40env] task 0 trial 10: OK (157/440 steps)
[asrc_cadmag_folding_40env] task 0 trial 11: OK (156/440 steps)
[asrc_cadmag_folding_40env] task 0 trial 12: OK (164/440 steps)
[asrc_cadmag_folding_40env] task 0 trial 13: OK (157/440 steps)
[asrc_cadmag_folding_40env] task 0 trial 14: x (440/440 steps)
[asrc_cadmag_folding_40env] task 0 trial 15: OK (152/440 steps)
[asrc_cadmag_folding_40env] task 0 trial 16: OK (153/440 steps)
[asrc_cadmag_folding_40env] task 0 trial 17: OK (152/440 steps)
[asrc_cadmag_folding_40env] task 0 trial 18: OK (158/440 steps)
[asrc_cadmag_folding_40env] task 0 trial 19: x (440/440 steps)
[info] using task orders [0, 1, 2, 3, 4, 5, 6, 7, 8, 9]
[asrc_cadmag_folding_40env] task 1 trial 00: OK (230/440 steps)
[asrc_cadmag_folding_40env] task 1 trial 01: OK (318/440 steps)
[asrc_cadmag_folding_40env] task 1 trial 02: x (440/440 steps)
[asrc_cadmag_folding_40env] task 1 trial 03: OK (216/440 steps)
[asrc_cadmag_folding_40env] task 1 trial 04: OK (226/440 steps)
[asrc_cadmag_folding_40env] task 1 trial 05: OK (220/440 steps)
[asrc_cadmag_folding_40env] task 1 trial 06: OK (224/440 steps)
[asrc_cadmag_folding_40env] task 1 trial 07: OK (221/440 steps)
[asrc_cadmag_folding_40env] task 1 trial 08: OK (209/440 steps)
[asrc_cadmag_folding_40env] task 1 trial 09: x (440/440 steps)
[asrc_cadmag_folding_40env] task 1 trial 10: x (440/440 steps)
[asrc_cadmag_folding_40env] task 1 trial 11: OK (212/440 steps)
[asrc_cadmag_folding_40env] task 1 trial 12: OK (215/440 steps)
[asrc_cadmag_folding_40env] task 1 trial 13: OK (228/440 steps)
[asrc_cadmag_folding_40env] task 1 trial 14: OK (231/440 steps)
[asrc_cadmag_folding_40env] task 1 trial 15: OK (208/440 steps)
[asrc_cadmag_folding_40env] task 1 trial 16: OK (346/440 steps)
[asrc_cadmag_folding_40env] task 1 trial 17: OK (259/440 steps)
[asrc_cadmag_folding_40env] task 1 trial 18: OK (217/440 steps)
[asrc_cadmag_folding_40env] task 1 trial 19: x (440/440 steps)
[info] using task orders [0, 1, 2, 3, 4, 5, 6, 7, 8, 9]
[asrc_cadmag_folding_40env] task 2 trial 00: OK (182/440 steps)
[asrc_cadmag_folding_40env] task 2 trial 01: OK (213/440 steps)
[asrc_cadmag_folding_40env] task 2 trial 02: OK (188/440 steps)
[asrc_cadmag_folding_40env] task 2 trial 03: OK (179/440 steps)
[asrc_cadmag_folding_40env] task 2 trial 04: OK (194/440 steps)
[asrc_cadmag_folding_40env] task 2 trial 05: OK (191/440 steps)
[asrc_cadmag_folding_40env] task 2 trial 06: OK (187/440 steps)
[asrc_cadmag_folding_40env] task 2 trial 07: OK (197/440 steps)
[asrc_cadmag_folding_40env] task 2 trial 08: OK (214/440 steps)
[asrc_cadmag_folding_40env] task 2 trial 09: OK (195/440 steps)
[asrc_cadmag_folding_40env] task 2 trial 10: OK (208/440 steps)
[asrc_cadmag_folding_40env] task 2 trial 11: OK (189/440 steps)
[asrc_cadmag_folding_40env] task 2 trial 12: OK (183/440 steps)
[asrc_cadmag_folding_40env] task 2 trial 13: x (440/440 steps)
[asrc_cadmag_folding_40env] task 2 trial 14: OK (191/440 steps)
[asrc_cadmag_folding_40env] task 2 trial 15: OK (191/440 steps)
[asrc_cadmag_folding_40env] task 2 trial 16: OK (182/440 steps)
[asrc_cadmag_folding_40env] task 2 trial 17: OK (202/440 steps)
[asrc_cadmag_folding_40env] task 2 trial 18: x (440/440 steps)
[asrc_cadmag_folding_40env] task 2 trial 19: OK (200/440 steps)
[info] using task orders [0, 1, 2, 3, 4, 5, 6, 7, 8, 9]
[asrc_cadmag_folding_40env] task 3 trial 00: x (440/440 steps)
[asrc_cadmag_folding_40env] task 3 trial 01: OK (175/440 steps)
[asrc_cadmag_folding_40env] task 3 trial 02: OK (168/440 steps)
[asrc_cadmag_folding_40env] task 3 trial 03: OK (170/440 steps)
[asrc_cadmag_folding_40env] task 3 trial 04: OK (165/440 steps)
[asrc_cadmag_folding_40env] task 3 trial 05: OK (162/440 steps)
[asrc_cadmag_folding_40env] task 3 trial 06: OK (175/440 steps)
[asrc_cadmag_folding_40env] task 3 trial 07: OK (178/440 steps)
[asrc_cadmag_folding_40env] task 3 trial 08: OK (175/440 steps)
[asrc_cadmag_folding_40env] task 3 trial 09: OK (179/440 steps)
[asrc_cadmag_folding_40env] task 3 trial 10: OK (180/440 steps)
[asrc_cadmag_folding_40env] task 3 trial 11: OK (169/440 steps)
[asrc_cadmag_folding_40env] task 3 trial 12: OK (184/440 steps)
[asrc_cadmag_folding_40env] task 3 trial 13: x (440/440 steps)
[asrc_cadmag_folding_40env] task 3 trial 14: OK (173/440 steps)
[asrc_cadmag_folding_40env] task 3 trial 15: x (440/440 steps)
[asrc_cadmag_folding_40env] task 3 trial 16: OK (192/440 steps)
[asrc_cadmag_folding_40env] task 3 trial 17: OK (168/440 steps)
[asrc_cadmag_folding_40env] task 3 trial 18: OK (166/440 steps)
[asrc_cadmag_folding_40env] task 3 trial 19: OK (169/440 steps)
[info] using task orders [0, 1, 2, 3, 4, 5, 6, 7, 8, 9]
[asrc_cadmag_folding_40env] task 4 trial 00: OK (247/440 steps)
[asrc_cadmag_folding_40env] task 4 trial 01: OK (269/440 steps)
[asrc_cadmag_folding_40env] task 4 trial 02: OK (246/440 steps)
[asrc_cadmag_folding_40env] task 4 trial 03: x (440/440 steps)
[asrc_cadmag_folding_40env] task 4 trial 04: OK (252/440 steps)
[asrc_cadmag_folding_40env] task 4 trial 05: x (440/440 steps)
[asrc_cadmag_folding_40env] task 4 trial 06: OK (254/440 steps)
[asrc_cadmag_folding_40env] task 4 trial 07: OK (240/440 steps)
[asrc_cadmag_folding_40env] task 4 trial 08: x (440/440 steps)
[asrc_cadmag_folding_40env] task 4 trial 09: x (440/440 steps)
[asrc_cadmag_folding_40env] task 4 trial 10: OK (427/440 steps)
[asrc_cadmag_folding_40env] task 4 trial 11: x (440/440 steps)
[asrc_cadmag_folding_40env] task 4 trial 12: OK (274/440 steps)
[asrc_cadmag_folding_40env] task 4 trial 13: OK (263/440 steps)
[asrc_cadmag_folding_40env] task 4 trial 14: OK (249/440 steps)
[asrc_cadmag_folding_40env] task 4 trial 15: x (440/440 steps)
[asrc_cadmag_folding_40env] task 4 trial 16: OK (264/440 steps)
[asrc_cadmag_folding_40env] task 4 trial 17: OK (265/440 steps)
[asrc_cadmag_folding_40env] task 4 trial 18: OK (247/440 steps)
[asrc_cadmag_folding_40env] task 4 trial 19: OK (251/440 steps)
[info] using task orders [0, 1, 2, 3, 4, 5, 6, 7, 8, 9]
[asrc_cadmag_folding_40env] task 5 trial 00: x (440/440 steps)
[asrc_cadmag_folding_40env] task 5 trial 01: x (440/440 steps)
[asrc_cadmag_folding_40env] task 5 trial 02: x (440/440 steps)
[asrc_cadmag_folding_40env] task 5 trial 03: x (440/440 steps)
[asrc_cadmag_folding_40env] task 5 trial 04: x (440/440 steps)
[asrc_cadmag_folding_40env] task 5 trial 05: x (440/440 steps)
[asrc_cadmag_folding_40env] task 5 trial 06: OK (191/440 steps)
[asrc_cadmag_folding_40env] task 5 trial 07: x (440/440 steps)
[asrc_cadmag_folding_40env] task 5 trial 08: x (440/440 steps)
[asrc_cadmag_folding_40env] task 5 trial 09: x (440/440 steps)
[asrc_cadmag_folding_40env] task 5 trial 10: x (440/440 steps)
[asrc_cadmag_folding_40env] task 5 trial 11: x (440/440 steps)
[asrc_cadmag_folding_40env] task 5 trial 12: x (440/440 steps)
[asrc_cadmag_folding_40env] task 5 trial 13: x (440/440 steps)
[asrc_cadmag_folding_40env] task 5 trial 14: OK (192/440 steps)
[asrc_cadmag_folding_40env] task 5 trial 15: x (440/440 steps)
[asrc_cadmag_folding_40env] task 5 trial 16: x (440/440 steps)
[asrc_cadmag_folding_40env] task 5 trial 17: x (440/440 steps)
[asrc_cadmag_folding_40env] task 5 trial 18: x (440/440 steps)
[asrc_cadmag_folding_40env] task 5 trial 19: x (440/440 steps)
[info] using task orders [0, 1, 2, 3, 4, 5, 6, 7, 8, 9]
[asrc_cadmag_folding_40env] task 6 trial 00: OK (209/440 steps)
[asrc_cadmag_folding_40env] task 6 trial 01: OK (200/440 steps)
[asrc_cadmag_folding_40env] task 6 trial 02: OK (209/440 steps)
[asrc_cadmag_folding_40env] task 6 trial 03: OK (221/440 steps)
[asrc_cadmag_folding_40env] task 6 trial 04: OK (217/440 steps)
[asrc_cadmag_folding_40env] task 6 trial 05: OK (238/440 steps)
[asrc_cadmag_folding_40env] task 6 trial 06: OK (231/440 steps)
[asrc_cadmag_folding_40env] task 6 trial 07: OK (211/440 steps)
[asrc_cadmag_folding_40env] task 6 trial 08: OK (209/440 steps)
[asrc_cadmag_folding_40env] task 6 trial 09: OK (211/440 steps)
[asrc_cadmag_folding_40env] task 6 trial 10: OK (221/440 steps)
[asrc_cadmag_folding_40env] task 6 trial 11: OK (201/440 steps)
[asrc_cadmag_folding_40env] task 6 trial 12: OK (219/440 steps)
[asrc_cadmag_folding_40env] task 6 trial 13: OK (264/440 steps)
[asrc_cadmag_folding_40env] task 6 trial 14: OK (220/440 steps)
[asrc_cadmag_folding_40env] task 6 trial 15: OK (204/440 steps)
[asrc_cadmag_folding_40env] task 6 trial 16: OK (201/440 steps)
[asrc_cadmag_folding_40env] task 6 trial 17: OK (229/440 steps)
[asrc_cadmag_folding_40env] task 6 trial 18: OK (217/440 steps)
[asrc_cadmag_folding_40env] task 6 trial 19: OK (209/440 steps)
[info] using task orders [0, 1, 2, 3, 4, 5, 6, 7, 8, 9]
[asrc_cadmag_folding_40env] task 7 trial 00: OK (245/440 steps)
[asrc_cadmag_folding_40env] task 7 trial 01: OK (237/440 steps)
[asrc_cadmag_folding_40env] task 7 trial 02: OK (247/440 steps)
[asrc_cadmag_folding_40env] task 7 trial 03: OK (234/440 steps)
[asrc_cadmag_folding_40env] task 7 trial 04: OK (250/440 steps)
[asrc_cadmag_folding_40env] task 7 trial 05: OK (219/440 steps)
[asrc_cadmag_folding_40env] task 7 trial 06: OK (251/440 steps)
[asrc_cadmag_folding_40env] task 7 trial 07: OK (248/440 steps)
[asrc_cadmag_folding_40env] task 7 trial 08: OK (230/440 steps)
[asrc_cadmag_folding_40env] task 7 trial 09: OK (240/440 steps)
[asrc_cadmag_folding_40env] task 7 trial 10: OK (246/440 steps)
[asrc_cadmag_folding_40env] task 7 trial 11: x (440/440 steps)
[asrc_cadmag_folding_40env] task 7 trial 12: OK (233/440 steps)
[asrc_cadmag_folding_40env] task 7 trial 13: x (440/440 steps)
[asrc_cadmag_folding_40env] task 7 trial 14: x (440/440 steps)
[asrc_cadmag_folding_40env] task 7 trial 15: OK (254/440 steps)
[asrc_cadmag_folding_40env] task 7 trial 16: OK (238/440 steps)
[asrc_cadmag_folding_40env] task 7 trial 17: OK (248/440 steps)
[asrc_cadmag_folding_40env] task 7 trial 18: x (440/440 steps)
[asrc_cadmag_folding_40env] task 7 trial 19: OK (246/440 steps)
[info] using task orders [0, 1, 2, 3, 4, 5, 6, 7, 8, 9]
[asrc_cadmag_folding_40env] task 8 trial 00: OK (188/440 steps)
[asrc_cadmag_folding_40env] task 8 trial 01: OK (197/440 steps)
[asrc_cadmag_folding_40env] task 8 trial 02: x (440/440 steps)
[asrc_cadmag_folding_40env] task 8 trial 03: OK (181/440 steps)
[asrc_cadmag_folding_40env] task 8 trial 04: x (440/440 steps)
[asrc_cadmag_folding_40env] task 8 trial 05: x (440/440 steps)
[asrc_cadmag_folding_40env] task 8 trial 06: x (440/440 steps)
[asrc_cadmag_folding_40env] task 8 trial 07: x (440/440 steps)
[asrc_cadmag_folding_40env] task 8 trial 08: x (440/440 steps)
[asrc_cadmag_folding_40env] task 8 trial 09: x (440/440 steps)
[asrc_cadmag_folding_40env] task 8 trial 10: x (440/440 steps)
[asrc_cadmag_folding_40env] task 8 trial 11: OK (194/440 steps)
[asrc_cadmag_folding_40env] task 8 trial 12: x (440/440 steps)
[asrc_cadmag_folding_40env] task 8 trial 13: x (440/440 steps)
[asrc_cadmag_folding_40env] task 8 trial 14: OK (189/440 steps)
[asrc_cadmag_folding_40env] task 8 trial 15: x (440/440 steps)
[asrc_cadmag_folding_40env] task 8 trial 16: x (440/440 steps)
[asrc_cadmag_folding_40env] task 8 trial 17: OK (225/440 steps)
[asrc_cadmag_folding_40env] task 8 trial 18: OK (185/440 steps)
[asrc_cadmag_folding_40env] task 8 trial 19: OK (193/440 steps)
[info] using task orders [0, 1, 2, 3, 4, 5, 6, 7, 8, 9]
[asrc_cadmag_folding_40env] task 9 trial 00: x (440/440 steps)
[asrc_cadmag_folding_40env] task 9 trial 01: OK (257/440 steps)
[asrc_cadmag_folding_40env] task 9 trial 02: x (440/440 steps)
[asrc_cadmag_folding_40env] task 9 trial 03: OK (255/440 steps)
[asrc_cadmag_folding_40env] task 9 trial 04: x (440/440 steps)
[asrc_cadmag_folding_40env] task 9 trial 05: OK (245/440 steps)
[asrc_cadmag_folding_40env] task 9 trial 06: OK (253/440 steps)
[asrc_cadmag_folding_40env] task 9 trial 07: OK (254/440 steps)
[asrc_cadmag_folding_40env] task 9 trial 08: OK (254/440 steps)
[asrc_cadmag_folding_40env] task 9 trial 09: OK (249/440 steps)
[asrc_cadmag_folding_40env] task 9 trial 10: x (440/440 steps)
[asrc_cadmag_folding_40env] task 9 trial 11: OK (247/440 steps)
[asrc_cadmag_folding_40env] task 9 trial 12: OK (242/440 steps)
[asrc_cadmag_folding_40env] task 9 trial 13: OK (256/440 steps)
[asrc_cadmag_folding_40env] task 9 trial 14: OK (244/440 steps)
[asrc_cadmag_folding_40env] task 9 trial 15: OK (245/440 steps)
[asrc_cadmag_folding_40env] task 9 trial 16: x (440/440 steps)
[asrc_cadmag_folding_40env] task 9 trial 17: x (440/440 steps)
[asrc_cadmag_folding_40env] task 9 trial 18: OK (253/440 steps)
[asrc_cadmag_folding_40env] task 9 trial 19: OK (251/440 steps)
[asrc_cadmag_folding_40env] cadence check: 27983 policy queries, 27870 resolved intermediates, 113 starved of 55966 env steps
[asrc_cadmag_folding_40env] diagnostics: 142/200 ok | fail_at_cap=58 fail_early=0 | succ_median=212.5/440
--> asrc_cadmag_folding_40env: 71.0% (440 steps @ 40 Hz = 11.0 s, replan every 20)


============================================================
ARM asrc_mag_folding_10env
============================================================
[stats] asrc_mag_folding_10env: normalizing with lerobot/libero_spatial_image
Fetching 4 files:   0%|          | 0/4 [00:00<?, ?it/s]Fetching 4 files: 100%|██████████| 4/4 [00:00<00:00, 107546.26it/s]
Loading  HuggingFaceTB/SmolVLM2-500M-Video-Instruct weights ...
Loading weights:   0%|          | 0/489 [00:00<?, ?it/s]Loading weights: 100%|██████████| 489/489 [00:00<00:00, 8677.32it/s]
Reducing the number of VLM layers to 16 ...
Loading  HuggingFaceTB/SmolVLM2-500M-Video-Instruct weights ...
Loading weights:   0%|          | 0/489 [00:00<?, ?it/s]Loading weights: 100%|██████████| 489/489 [00:00<00:00, 9045.31it/s]
Reducing the number of VLM layers to 16 ...
Loading weights from local directory
[asrc_mag_folding_10env] variant=asrc n_fourier=6 re-integrates at 10.0 Hz (native ODE re-integration, NOT alias folding)
[asrc_mag_folding_10env] magscale: raw pose deltas x0.5 (restores native per-step travel)
[info] using task orders [0, 1, 2, 3, 4, 5, 6, 7, 8, 9]
[asrc_mag_folding_10env] settle window scaled to 5 steps (0.50 s at 10 Hz)
[asrc_mag_folding_10env] task 0 trial 00: OK (48/110 steps)
[asrc_mag_folding_10env] task 0 trial 01: OK (46/110 steps)
[asrc_mag_folding_10env] task 0 trial 02: x (110/110 steps)
[asrc_mag_folding_10env] task 0 trial 03: OK (47/110 steps)
[asrc_mag_folding_10env] task 0 trial 04: OK (44/110 steps)
[asrc_mag_folding_10env] task 0 trial 05: x (110/110 steps)
[asrc_mag_folding_10env] task 0 trial 06: x (110/110 steps)
[asrc_mag_folding_10env] task 0 trial 07: OK (86/110 steps)
[asrc_mag_folding_10env] task 0 trial 08: x (110/110 steps)
[asrc_mag_folding_10env] task 0 trial 09: x (110/110 steps)
[asrc_mag_folding_10env] task 0 trial 10: OK (55/110 steps)
[asrc_mag_folding_10env] task 0 trial 11: OK (45/110 steps)
[asrc_mag_folding_10env] task 0 trial 12: OK (49/110 steps)
[asrc_mag_folding_10env] task 0 trial 13: OK (51/110 steps)
[asrc_mag_folding_10env] task 0 trial 14: x (110/110 steps)
[asrc_mag_folding_10env] task 0 trial 15: OK (46/110 steps)
[asrc_mag_folding_10env] task 0 trial 16: OK (53/110 steps)
[asrc_mag_folding_10env] task 0 trial 17: x (110/110 steps)
[asrc_mag_folding_10env] task 0 trial 18: OK (45/110 steps)
[asrc_mag_folding_10env] task 0 trial 19: x (110/110 steps)
[info] using task orders [0, 1, 2, 3, 4, 5, 6, 7, 8, 9]
[asrc_mag_folding_10env] task 1 trial 00: OK (68/110 steps)
[asrc_mag_folding_10env] task 1 trial 01: x (110/110 steps)
[asrc_mag_folding_10env] task 1 trial 02: x (110/110 steps)
[asrc_mag_folding_10env] task 1 trial 03: OK (108/110 steps)
[asrc_mag_folding_10env] task 1 trial 04: x (110/110 steps)
[asrc_mag_folding_10env] task 1 trial 05: OK (66/110 steps)
[asrc_mag_folding_10env] task 1 trial 06: x (110/110 steps)
[asrc_mag_folding_10env] task 1 trial 07: OK (64/110 steps)
[asrc_mag_folding_10env] task 1 trial 08: x (110/110 steps)
[asrc_mag_folding_10env] task 1 trial 09: OK (68/110 steps)
[asrc_mag_folding_10env] task 1 trial 10: x (110/110 steps)
[asrc_mag_folding_10env] task 1 trial 11: x (110/110 steps)
[asrc_mag_folding_10env] task 1 trial 12: OK (66/110 steps)
[asrc_mag_folding_10env] task 1 trial 13: OK (68/110 steps)
[asrc_mag_folding_10env] task 1 trial 14: OK (77/110 steps)
[asrc_mag_folding_10env] task 1 trial 15: OK (63/110 steps)
[asrc_mag_folding_10env] task 1 trial 16: x (110/110 steps)
[asrc_mag_folding_10env] task 1 trial 17: OK (71/110 steps)
[asrc_mag_folding_10env] task 1 trial 18: OK (69/110 steps)
[asrc_mag_folding_10env] task 1 trial 19: OK (70/110 steps)
[info] using task orders [0, 1, 2, 3, 4, 5, 6, 7, 8, 9]
[asrc_mag_folding_10env] task 2 trial 00: OK (54/110 steps)
[asrc_mag_folding_10env] task 2 trial 01: OK (57/110 steps)
[asrc_mag_folding_10env] task 2 trial 02: OK (62/110 steps)
[asrc_mag_folding_10env] task 2 trial 03: OK (64/110 steps)
[asrc_mag_folding_10env] task 2 trial 04: OK (57/110 steps)
[asrc_mag_folding_10env] task 2 trial 05: OK (59/110 steps)
[asrc_mag_folding_10env] task 2 trial 06: OK (58/110 steps)
[asrc_mag_folding_10env] task 2 trial 07: OK (58/110 steps)
[asrc_mag_folding_10env] task 2 trial 08: OK (58/110 steps)
[asrc_mag_folding_10env] task 2 trial 09: x (110/110 steps)
[asrc_mag_folding_10env] task 2 trial 10: OK (58/110 steps)
[asrc_mag_folding_10env] task 2 trial 11: OK (53/110 steps)
[asrc_mag_folding_10env] task 2 trial 12: OK (57/110 steps)
[asrc_mag_folding_10env] task 2 trial 13: x (110/110 steps)
[asrc_mag_folding_10env] task 2 trial 14: OK (55/110 steps)
[asrc_mag_folding_10env] task 2 trial 15: OK (55/110 steps)
[asrc_mag_folding_10env] task 2 trial 16: OK (52/110 steps)
[asrc_mag_folding_10env] task 2 trial 17: OK (58/110 steps)
[asrc_mag_folding_10env] task 2 trial 18: OK (54/110 steps)
[asrc_mag_folding_10env] task 2 trial 19: OK (57/110 steps)
[info] using task orders [0, 1, 2, 3, 4, 5, 6, 7, 8, 9]
[asrc_mag_folding_10env] task 3 trial 00: OK (52/110 steps)
[asrc_mag_folding_10env] task 3 trial 01: OK (55/110 steps)
[asrc_mag_folding_10env] task 3 trial 02: OK (52/110 steps)
[asrc_mag_folding_10env] task 3 trial 03: OK (52/110 steps)
[asrc_mag_folding_10env] task 3 trial 04: OK (52/110 steps)
[asrc_mag_folding_10env] task 3 trial 05: OK (48/110 steps)
[asrc_mag_folding_10env] task 3 trial 06: OK (51/110 steps)
[asrc_mag_folding_10env] task 3 trial 07: OK (52/110 steps)
[asrc_mag_folding_10env] task 3 trial 08: OK (53/110 steps)
[asrc_mag_folding_10env] task 3 trial 09: OK (54/110 steps)
[asrc_mag_folding_10env] task 3 trial 10: OK (53/110 steps)
[asrc_mag_folding_10env] task 3 trial 11: OK (51/110 steps)
[asrc_mag_folding_10env] task 3 trial 12: OK (54/110 steps)
[asrc_mag_folding_10env] task 3 trial 13: OK (52/110 steps)
[asrc_mag_folding_10env] task 3 trial 14: OK (50/110 steps)
[asrc_mag_folding_10env] task 3 trial 15: OK (52/110 steps)
[asrc_mag_folding_10env] task 3 trial 16: OK (51/110 steps)
[asrc_mag_folding_10env] task 3 trial 17: OK (51/110 steps)
[asrc_mag_folding_10env] task 3 trial 18: OK (50/110 steps)
[asrc_mag_folding_10env] task 3 trial 19: OK (53/110 steps)
[info] using task orders [0, 1, 2, 3, 4, 5, 6, 7, 8, 9]
[asrc_mag_folding_10env] task 4 trial 00: OK (75/110 steps)
[asrc_mag_folding_10env] task 4 trial 01: OK (79/110 steps)
[asrc_mag_folding_10env] task 4 trial 02: x (110/110 steps)
[asrc_mag_folding_10env] task 4 trial 03: OK (80/110 steps)
[asrc_mag_folding_10env] task 4 trial 04: OK (73/110 steps)
[asrc_mag_folding_10env] task 4 trial 05: x (110/110 steps)
[asrc_mag_folding_10env] task 4 trial 06: OK (78/110 steps)
[asrc_mag_folding_10env] task 4 trial 07: OK (73/110 steps)
[asrc_mag_folding_10env] task 4 trial 08: x (110/110 steps)
[asrc_mag_folding_10env] task 4 trial 09: x (110/110 steps)
[asrc_mag_folding_10env] task 4 trial 10: x (110/110 steps)
[asrc_mag_folding_10env] task 4 trial 11: x (110/110 steps)
[asrc_mag_folding_10env] task 4 trial 12: OK (76/110 steps)
[asrc_mag_folding_10env] task 4 trial 13: OK (83/110 steps)
[asrc_mag_folding_10env] task 4 trial 14: OK (76/110 steps)
[asrc_mag_folding_10env] task 4 trial 15: x (110/110 steps)
[asrc_mag_folding_10env] task 4 trial 16: OK (83/110 steps)
[asrc_mag_folding_10env] task 4 trial 17: x (110/110 steps)
[asrc_mag_folding_10env] task 4 trial 18: x (110/110 steps)
[asrc_mag_folding_10env] task 4 trial 19: OK (76/110 steps)
[info] using task orders [0, 1, 2, 3, 4, 5, 6, 7, 8, 9]
[asrc_mag_folding_10env] task 5 trial 00: x (110/110 steps)
[asrc_mag_folding_10env] task 5 trial 01: x (110/110 steps)
[asrc_mag_folding_10env] task 5 trial 02: x (110/110 steps)
[asrc_mag_folding_10env] task 5 trial 03: x (110/110 steps)
[asrc_mag_folding_10env] task 5 trial 04: x (110/110 steps)
[asrc_mag_folding_10env] task 5 trial 05: x (110/110 steps)
[asrc_mag_folding_10env] task 5 trial 06: OK (55/110 steps)
[asrc_mag_folding_10env] task 5 trial 07: OK (54/110 steps)
[asrc_mag_folding_10env] task 5 trial 08: x (110/110 steps)
[asrc_mag_folding_10env] task 5 trial 09: x (110/110 steps)
[asrc_mag_folding_10env] task 5 trial 10: x (110/110 steps)
[asrc_mag_folding_10env] task 5 trial 11: x (110/110 steps)
[asrc_mag_folding_10env] task 5 trial 12: x (110/110 steps)
[asrc_mag_folding_10env] task 5 trial 13: x (110/110 steps)
[asrc_mag_folding_10env] task 5 trial 14: OK (55/110 steps)
[asrc_mag_folding_10env] task 5 trial 15: x (110/110 steps)
[asrc_mag_folding_10env] task 5 trial 16: x (110/110 steps)
[asrc_mag_folding_10env] task 5 trial 17: x (110/110 steps)
[asrc_mag_folding_10env] task 5 trial 18: x (110/110 steps)
[asrc_mag_folding_10env] task 5 trial 19: x (110/110 steps)
[info] using task orders [0, 1, 2, 3, 4, 5, 6, 7, 8, 9]
[asrc_mag_folding_10env] task 6 trial 00: OK (63/110 steps)
[asrc_mag_folding_10env] task 6 trial 01: x (110/110 steps)
[asrc_mag_folding_10env] task 6 trial 02: OK (65/110 steps)
[asrc_mag_folding_10env] task 6 trial 03: OK (63/110 steps)
[asrc_mag_folding_10env] task 6 trial 04: OK (64/110 steps)
[asrc_mag_folding_10env] task 6 trial 05: OK (67/110 steps)
[asrc_mag_folding_10env] task 6 trial 06: OK (67/110 steps)
[asrc_mag_folding_10env] task 6 trial 07: OK (63/110 steps)
[asrc_mag_folding_10env] task 6 trial 08: OK (63/110 steps)
[asrc_mag_folding_10env] task 6 trial 09: OK (63/110 steps)
[asrc_mag_folding_10env] task 6 trial 10: OK (64/110 steps)
[asrc_mag_folding_10env] task 6 trial 11: OK (65/110 steps)
[asrc_mag_folding_10env] task 6 trial 12: OK (64/110 steps)
[asrc_mag_folding_10env] task 6 trial 13: OK (63/110 steps)
[asrc_mag_folding_10env] task 6 trial 14: OK (66/110 steps)
[asrc_mag_folding_10env] task 6 trial 15: OK (61/110 steps)
[asrc_mag_folding_10env] task 6 trial 16: OK (66/110 steps)
[asrc_mag_folding_10env] task 6 trial 17: OK (66/110 steps)
[asrc_mag_folding_10env] task 6 trial 18: OK (73/110 steps)
[asrc_mag_folding_10env] task 6 trial 19: OK (62/110 steps)
[info] using task orders [0, 1, 2, 3, 4, 5, 6, 7, 8, 9]
[asrc_mag_folding_10env] task 7 trial 00: OK (73/110 steps)
[asrc_mag_folding_10env] task 7 trial 01: OK (71/110 steps)
[asrc_mag_folding_10env] task 7 trial 02: OK (76/110 steps)
[asrc_mag_folding_10env] task 7 trial 03: OK (69/110 steps)
[asrc_mag_folding_10env] task 7 trial 04: OK (72/110 steps)
[asrc_mag_folding_10env] task 7 trial 05: x (110/110 steps)
[asrc_mag_folding_10env] task 7 trial 06: OK (73/110 steps)
[asrc_mag_folding_10env] task 7 trial 07: OK (68/110 steps)
[asrc_mag_folding_10env] task 7 trial 08: OK (71/110 steps)
[asrc_mag_folding_10env] task 7 trial 09: x (110/110 steps)
[asrc_mag_folding_10env] task 7 trial 10: OK (75/110 steps)
[asrc_mag_folding_10env] task 7 trial 11: OK (73/110 steps)
[asrc_mag_folding_10env] task 7 trial 12: OK (69/110 steps)
[asrc_mag_folding_10env] task 7 trial 13: x (110/110 steps)
[asrc_mag_folding_10env] task 7 trial 14: OK (67/110 steps)
[asrc_mag_folding_10env] task 7 trial 15: x (110/110 steps)
[asrc_mag_folding_10env] task 7 trial 16: OK (69/110 steps)
[asrc_mag_folding_10env] task 7 trial 17: OK (72/110 steps)
[asrc_mag_folding_10env] task 7 trial 18: OK (72/110 steps)
[asrc_mag_folding_10env] task 7 trial 19: x (110/110 steps)
[info] using task orders [0, 1, 2, 3, 4, 5, 6, 7, 8, 9]
[asrc_mag_folding_10env] task 8 trial 00: x (110/110 steps)
[asrc_mag_folding_10env] task 8 trial 01: x (110/110 steps)
[asrc_mag_folding_10env] task 8 trial 02: x (110/110 steps)
[asrc_mag_folding_10env] task 8 trial 03: x (110/110 steps)
[asrc_mag_folding_10env] task 8 trial 04: x (110/110 steps)
[asrc_mag_folding_10env] task 8 trial 05: OK (54/110 steps)
[asrc_mag_folding_10env] task 8 trial 06: x (110/110 steps)
[asrc_mag_folding_10env] task 8 trial 07: x (110/110 steps)
[asrc_mag_folding_10env] task 8 trial 08: x (110/110 steps)
[asrc_mag_folding_10env] task 8 trial 09: x (110/110 steps)
[asrc_mag_folding_10env] task 8 trial 10: x (110/110 steps)
[asrc_mag_folding_10env] task 8 trial 11: x (110/110 steps)
[asrc_mag_folding_10env] task 8 trial 12: x (110/110 steps)
[asrc_mag_folding_10env] task 8 trial 13: OK (55/110 steps)
[asrc_mag_folding_10env] task 8 trial 14: x (110/110 steps)
[asrc_mag_folding_10env] task 8 trial 15: x (110/110 steps)
[asrc_mag_folding_10env] task 8 trial 16: x (110/110 steps)
[asrc_mag_folding_10env] task 8 trial 17: OK (53/110 steps)
[asrc_mag_folding_10env] task 8 trial 18: OK (71/110 steps)
[asrc_mag_folding_10env] task 8 trial 19: x (110/110 steps)
[info] using task orders [0, 1, 2, 3, 4, 5, 6, 7, 8, 9]
[asrc_mag_folding_10env] task 9 trial 00: x (110/110 steps)
[asrc_mag_folding_10env] task 9 trial 01: OK (106/110 steps)
[asrc_mag_folding_10env] task 9 trial 02: x (110/110 steps)
[asrc_mag_folding_10env] task 9 trial 03: OK (76/110 steps)
[asrc_mag_folding_10env] task 9 trial 04: x (110/110 steps)
[asrc_mag_folding_10env] task 9 trial 05: OK (74/110 steps)
[asrc_mag_folding_10env] task 9 trial 06: OK (74/110 steps)
[asrc_mag_folding_10env] task 9 trial 07: x (110/110 steps)
[asrc_mag_folding_10env] task 9 trial 08: x (110/110 steps)
[asrc_mag_folding_10env] task 9 trial 09: x (110/110 steps)
[asrc_mag_folding_10env] task 9 trial 10: x (110/110 steps)
[asrc_mag_folding_10env] task 9 trial 11: x (110/110 steps)
[asrc_mag_folding_10env] task 9 trial 12: x (110/110 steps)
[asrc_mag_folding_10env] task 9 trial 13: OK (77/110 steps)
[asrc_mag_folding_10env] task 9 trial 14: x (110/110 steps)
[asrc_mag_folding_10env] task 9 trial 15: OK (74/110 steps)
[asrc_mag_folding_10env] task 9 trial 16: OK (78/110 steps)
[asrc_mag_folding_10env] task 9 trial 17: x (110/110 steps)
[asrc_mag_folding_10env] task 9 trial 18: x (110/110 steps)
[asrc_mag_folding_10env] task 9 trial 19: OK (75/110 steps)
[asrc_mag_folding_10env] diagnostics: 122/200 ok | fail_at_cap=78 fail_early=0 | succ_median=63.0/110
--> asrc_mag_folding_10env: 61.0% (110 steps @ 10 Hz = 11.0 s, replan every 5)


SUMMARY (matched wall-clock, chunk-driven replan)
  asrc_native_20env       76.0%
  asrc_cadmag_folding_40env  71.0%
  asrc_mag_folding_10env  61.0%
