Fetching 4 files:   0%|          | 0/4 [00:00<?, ?it/s]Warning: You are sending unauthenticated requests to the HF Hub. Please set a HF_TOKEN to enable higher rate limits and faster downloads.
Fetching 4 files:  25%|██▌       | 1/4 [00:02<00:06,  2.22s/it]Fetching 4 files: 100%|██████████| 4/4 [00:02<00:00,  1.80it/s]
`torch_dtype` is deprecated! Use `dtype` instead!
Loading  HuggingFaceTB/SmolVLM2-500M-Video-Instruct weights ...
Loading weights:   0%|          | 0/489 [00:00<?, ?it/s]Loading weights: 100%|██████████| 489/489 [00:00<00:00, 6801.48it/s]
[robosuite WARNING] No private macro file found! (__init__.py:7)
WARNING:robosuite_logs:No private macro file found!
[robosuite WARNING] It is recommended to use a private macro file (__init__.py:8)
WARNING:robosuite_logs:It is recommended to use a private macro file
[robosuite WARNING] To setup, run: python /home/user/anaconda3/envs/vla_smolvla_libero/lib/python3.12/site-packages/robosuite/scripts/setup_macros.py (__init__.py:9)
WARNING:robosuite_logs:To setup, run: python /home/user/anaconda3/envs/vla_smolvla_libero/lib/python3.12/site-packages/robosuite/scripts/setup_macros.py
Reducing the number of VLM layers to 16 ...
Loading weights from local directory
[info] using task orders [0, 1, 2, 3, 4, 5, 6, 7, 8, 9]
Local assets not found. Downloading from HuggingFace Hub...
Assets already downloaded at /home/user/.cache/libero/assets
[flow_s0] task3 trial00: OK
[flow_s0] task3 trial01: OK
[flow_s0] task3 trial02: OK
[flow_s0] task3 trial03: OK
[flow_s0] task3 trial04: OK
[flow_s0] task3 trial05: OK
[flow_s0] task3 trial06: OK
[flow_s0] task3 trial07: OK
[flow_s0] task3 trial08: OK
[flow_s0] task3 trial09: OK
[flow_s0] task3 trial10: OK
[flow_s0] task3 trial11: OK
[flow_s0] task3 trial12: OK
[flow_s0] task3 trial13: x
[flow_s0] task3 trial14: OK
[flow_s0] task3 trial15: OK
[flow_s0] task3 trial16: OK
[flow_s0] task3 trial17: OK
[flow_s0] task3 trial18: OK
[flow_s0] task3 trial19: OK
[flow_s0] task3 trial20: OK
[flow_s0] task3 trial21: OK
[flow_s0] task3 trial22: OK
[flow_s0] task3 trial23: OK
[flow_s0] task3 trial24: OK
[flow_s0] task3 trial25: OK
[flow_s0] task3 trial26: OK
[flow_s0] task3 trial27: OK
[flow_s0] task3 trial28: OK
[flow_s0] task3 trial29: OK
[flow_s0] task3 trial30: OK
[flow_s0] task3 trial31: OK
[flow_s0] task3 trial32: OK
[flow_s0] task3 trial33: OK
[flow_s0] task3 trial34: OK
[flow_s0] task3 trial35: OK
[flow_s0] task3 trial36: OK
[flow_s0] task3 trial37: OK
[flow_s0] task3 trial38: x
[flow_s0] task3 trial39: OK
[flow_s0] task3 trial40: OK
[flow_s0] task3 trial41: OK
[flow_s0] task3 trial42: OK
[flow_s0] task3 trial43: OK
[flow_s0] task3 trial44: OK
[flow_s0] task3 trial45: OK
[flow_s0] task3 trial46: OK
[flow_s0] task3 trial47: OK
[flow_s0] task3 trial48: OK
[flow_s0] task3 trial49: OK
[info] using task orders [0, 1, 2, 3, 4, 5, 6, 7, 8, 9]
[flow_s0] task5 trial00: x
[flow_s0] task5 trial01: x
[flow_s0] task5 trial02: x
[flow_s0] task5 trial03: x
[flow_s0] task5 trial04: x
[flow_s0] task5 trial05: x
[flow_s0] task5 trial06: x
[flow_s0] task5 trial07: x
[flow_s0] task5 trial08: x
[flow_s0] task5 trial09: x
[flow_s0] task5 trial10: x
[flow_s0] task5 trial11: x
[flow_s0] task5 trial12: x
[flow_s0] task5 trial13: x
[flow_s0] task5 trial14: OK
[flow_s0] task5 trial15: x
[flow_s0] task5 trial16: x
[flow_s0] task5 trial17: x
[flow_s0] task5 trial18: x
[flow_s0] task5 trial19: x
[flow_s0] task5 trial20: OK
[flow_s0] task5 trial21: x
[flow_s0] task5 trial22: x
[flow_s0] task5 trial23: x
[flow_s0] task5 trial24: x
[flow_s0] task5 trial25: x
[flow_s0] task5 trial26: x
[flow_s0] task5 trial27: x
[flow_s0] task5 trial28: x
[flow_s0] task5 trial29: x
[flow_s0] task5 trial30: x
[flow_s0] task5 trial31: x
[flow_s0] task5 trial32: x
[flow_s0] task5 trial33: x
[flow_s0] task5 trial34: x
[flow_s0] task5 trial35: x
[flow_s0] task5 trial36: x
[flow_s0] task5 trial37: x
[flow_s0] task5 trial38: x
[flow_s0] task5 trial39: x
[flow_s0] task5 trial40: x
[flow_s0] task5 trial41: x
[flow_s0] task5 trial42: x
[flow_s0] task5 trial43: x
[flow_s0] task5 trial44: x
[flow_s0] task5 trial45: x
[flow_s0] task5 trial46: x
[flow_s0] task5 trial47: x
[flow_s0] task5 trial48: x
[flow_s0] task5 trial49: x
Loading  HuggingFaceTB/SmolVLM2-500M-Video-Instruct weights ...
Loading weights:   0%|          | 0/489 [00:00<?, ?it/s]Loading weights: 100%|██████████| 489/489 [00:00<00:00, 6843.86it/s]
Reducing the number of VLM layers to 16 ...
Loading  HuggingFaceTB/SmolVLM2-500M-Video-Instruct weights ...
Loading weights:   0%|          | 0/489 [00:00<?, ?it/s]Loading weights: 100%|██████████| 489/489 [00:00<00:00, 6767.98it/s]
Reducing the number of VLM layers to 16 ...
Loading weights from local directory
[info] using task orders [0, 1, 2, 3, 4, 5, 6, 7, 8, 9]
[til_s0] task3 trial00: OK
[til_s0] task3 trial01: x
[til_s0] task3 trial02: x
[til_s0] task3 trial03: OK
[til_s0] task3 trial04: OK
[til_s0] task3 trial05: OK
[til_s0] task3 trial06: OK
[til_s0] task3 trial07: x
[til_s0] task3 trial08: OK
[til_s0] task3 trial09: x
[til_s0] task3 trial10: OK
[til_s0] task3 trial11: OK
[til_s0] task3 trial12: OK
[til_s0] task3 trial13: OK
[til_s0] task3 trial14: x
[til_s0] task3 trial15: x
[til_s0] task3 trial16: OK
[til_s0] task3 trial17: x
[til_s0] task3 trial18: OK
[til_s0] task3 trial19: x
[til_s0] task3 trial20: x
[til_s0] task3 trial21: OK
[til_s0] task3 trial22: OK
[til_s0] task3 trial23: x
[til_s0] task3 trial24: OK
[til_s0] task3 trial25: x
[til_s0] task3 trial26: OK
[til_s0] task3 trial27: x
[til_s0] task3 trial28: x
[til_s0] task3 trial29: x
[til_s0] task3 trial30: OK
[til_s0] task3 trial31: OK
[til_s0] task3 trial32: OK
[til_s0] task3 trial33: OK
[til_s0] task3 trial34: OK
[til_s0] task3 trial35: x
[til_s0] task3 trial36: x
[til_s0] task3 trial37: OK
[til_s0] task3 trial38: x
[til_s0] task3 trial39: OK
[til_s0] task3 trial40: OK
[til_s0] task3 trial41: x
[til_s0] task3 trial42: x
[til_s0] task3 trial43: OK
[til_s0] task3 trial44: OK
[til_s0] task3 trial45: OK
[til_s0] task3 trial46: OK
[til_s0] task3 trial47: x
[til_s0] task3 trial48: OK
[til_s0] task3 trial49: OK
[info] using task orders [0, 1, 2, 3, 4, 5, 6, 7, 8, 9]
[til_s0] task5 trial00: OK
[til_s0] task5 trial01: x
[til_s0] task5 trial02: x
[til_s0] task5 trial03: x
[til_s0] task5 trial04: x
[til_s0] task5 trial05: x
[til_s0] task5 trial06: x
[til_s0] task5 trial07: OK
[til_s0] task5 trial08: x
[til_s0] task5 trial09: OK
[til_s0] task5 trial10: x
[til_s0] task5 trial11: OK
[til_s0] task5 trial12: OK
[til_s0] task5 trial13: x
[til_s0] task5 trial14: x
[til_s0] task5 trial15: x
[til_s0] task5 trial16: x
[til_s0] task5 trial17: OK
[til_s0] task5 trial18: x
[til_s0] task5 trial19: x
[til_s0] task5 trial20: x
[til_s0] task5 trial21: OK
[til_s0] task5 trial22: x
[til_s0] task5 trial23: x
[til_s0] task5 trial24: x
[til_s0] task5 trial25: OK
[til_s0] task5 trial26: x
[til_s0] task5 trial27: x
[til_s0] task5 trial28: x
[til_s0] task5 trial29: x
[til_s0] task5 trial30: x
[til_s0] task5 trial31: x
[til_s0] task5 trial32: x
[til_s0] task5 trial33: x
[til_s0] task5 trial34: x
[til_s0] task5 trial35: x
[til_s0] task5 trial36: x
[til_s0] task5 trial37: x
[til_s0] task5 trial38: OK
[til_s0] task5 trial39: x
[til_s0] task5 trial40: x
[til_s0] task5 trial41: x
[til_s0] task5 trial42: x
[til_s0] task5 trial43: x
[til_s0] task5 trial44: x
[til_s0] task5 trial45: x
[til_s0] task5 trial46: OK
[til_s0] task5 trial47: OK
[til_s0] task5 trial48: x
[til_s0] task5 trial49: x
[height-screen] DONE
