[suite] libero_spatial -> ksweep_k0p7_out/multirate_honest.json
[robosuite WARNING] No private macro file found! (__init__.py:7)
WARNING:robosuite_logs:No private macro file found!
[robosuite WARNING] It is recommended to use a private macro file (__init__.py:8)
WARNING:robosuite_logs:It is recommended to use a private macro file
[robosuite WARNING] To setup, run: python /home/user/anaconda3/envs/vla_smolvla_libero/lib/python3.12/site-packages/robosuite/scripts/setup_macros.py (__init__.py:9)
WARNING:robosuite_logs:To setup, run: python /home/user/anaconda3/envs/vla_smolvla_libero/lib/python3.12/site-packages/robosuite/scripts/setup_macros.py

============================================================
ARM asrc_mag_folding_10env
============================================================
[stats] asrc_mag_folding_10env: normalizing with lerobot/libero_spatial_image
Fetching 4 files:   0%|          | 0/4 [00:00<?, ?it/s]Fetching 4 files: 100%|██████████| 4/4 [00:00<00:00, 86928.58it/s]
Warning: You are sending unauthenticated requests to the HF Hub. Please set a HF_TOKEN to enable higher rate limits and faster downloads.
WARNING:huggingface_hub.utils._http:Warning: You are sending unauthenticated requests to the HF Hub. Please set a HF_TOKEN to enable higher rate limits and faster downloads.
`torch_dtype` is deprecated! Use `dtype` instead!
Loading  HuggingFaceTB/SmolVLM2-500M-Video-Instruct weights ...
Loading weights:   0%|          | 0/489 [00:00<?, ?it/s]Loading weights:  52%|█████▏    | 253/489 [00:00<00:00, 2494.02it/s]Loading weights: 100%|██████████| 489/489 [00:00<00:00, 3187.41it/s]
Reducing the number of VLM layers to 16 ...
Loading  HuggingFaceTB/SmolVLM2-500M-Video-Instruct weights ...
Loading weights:   0%|          | 0/489 [00:00<?, ?it/s]Loading weights:  53%|█████▎    | 260/489 [00:00<00:00, 2599.38it/s]Loading weights: 100%|██████████| 489/489 [00:00<00:00, 2984.70it/s]
Reducing the number of VLM layers to 16 ...
Loading weights from local directory
[asrc_mag_folding_10env] variant=asrc n_fourier=6 re-integrates at 10.0 Hz (native ODE re-integration, NOT alias folding)
[asrc_mag_folding_10env] magscale: raw pose deltas x0.7 (restores native per-step travel)
[info] using task orders [0, 1, 2, 3, 4, 5, 6, 7, 8, 9]
Local assets not found. Downloading from HuggingFace Hub...
Assets already downloaded at /home/user/.cache/libero/assets
[asrc_mag_folding_10env] settle window scaled to 5 steps (0.50 s at 10 Hz)
[asrc_mag_folding_10env] task 0 trial 00: x (110/110 steps)
[asrc_mag_folding_10env] task 0 trial 01: OK (95/110 steps)
[asrc_mag_folding_10env] task 0 trial 02: x (110/110 steps)
[asrc_mag_folding_10env] task 0 trial 03: x (110/110 steps)
[asrc_mag_folding_10env] task 0 trial 04: x (110/110 steps)
[info] using task orders [0, 1, 2, 3, 4, 5, 6, 7, 8, 9]
[asrc_mag_folding_10env] task 1 trial 00: OK (99/110 steps)
[asrc_mag_folding_10env] task 1 trial 01: x (110/110 steps)
[asrc_mag_folding_10env] task 1 trial 02: x (110/110 steps)
[asrc_mag_folding_10env] task 1 trial 03: x (110/110 steps)
[asrc_mag_folding_10env] task 1 trial 04: x (110/110 steps)
[info] using task orders [0, 1, 2, 3, 4, 5, 6, 7, 8, 9]
[asrc_mag_folding_10env] task 2 trial 00: OK (47/110 steps)
[asrc_mag_folding_10env] task 2 trial 01: OK (52/110 steps)
[asrc_mag_folding_10env] task 2 trial 02: OK (48/110 steps)
[asrc_mag_folding_10env] task 2 trial 03: OK (47/110 steps)
[asrc_mag_folding_10env] task 2 trial 04: OK (48/110 steps)
[info] using task orders [0, 1, 2, 3, 4, 5, 6, 7, 8, 9]
[asrc_mag_folding_10env] task 3 trial 00: x (110/110 steps)
[asrc_mag_folding_10env] task 3 trial 01: OK (49/110 steps)
[asrc_mag_folding_10env] task 3 trial 02: x (110/110 steps)
[asrc_mag_folding_10env] task 3 trial 03: OK (47/110 steps)
[asrc_mag_folding_10env] task 3 trial 04: x (110/110 steps)
[info] using task orders [0, 1, 2, 3, 4, 5, 6, 7, 8, 9]
[asrc_mag_folding_10env] task 4 trial 00: x (110/110 steps)
[asrc_mag_folding_10env] task 4 trial 01: x (110/110 steps)
[asrc_mag_folding_10env] task 4 trial 02: x (110/110 steps)
[asrc_mag_folding_10env] task 4 trial 03: x (110/110 steps)
[asrc_mag_folding_10env] task 4 trial 04: x (110/110 steps)
[info] using task orders [0, 1, 2, 3, 4, 5, 6, 7, 8, 9]
[asrc_mag_folding_10env] task 5 trial 00: x (110/110 steps)
[asrc_mag_folding_10env] task 5 trial 01: x (110/110 steps)
[asrc_mag_folding_10env] task 5 trial 02: x (110/110 steps)
[asrc_mag_folding_10env] task 5 trial 03: x (110/110 steps)
[asrc_mag_folding_10env] task 5 trial 04: x (110/110 steps)
[info] using task orders [0, 1, 2, 3, 4, 5, 6, 7, 8, 9]
[asrc_mag_folding_10env] task 6 trial 00: x (110/110 steps)
[asrc_mag_folding_10env] task 6 trial 01: x (110/110 steps)
[asrc_mag_folding_10env] task 6 trial 02: OK (64/110 steps)
[asrc_mag_folding_10env] task 6 trial 03: OK (58/110 steps)
[asrc_mag_folding_10env] task 6 trial 04: OK (99/110 steps)
[info] using task orders [0, 1, 2, 3, 4, 5, 6, 7, 8, 9]
[asrc_mag_folding_10env] task 7 trial 00: OK (58/110 steps)
[asrc_mag_folding_10env] task 7 trial 01: x (110/110 steps)
[asrc_mag_folding_10env] task 7 trial 02: x (110/110 steps)
[asrc_mag_folding_10env] task 7 trial 03: x (110/110 steps)
[asrc_mag_folding_10env] task 7 trial 04: x (110/110 steps)
[info] using task orders [0, 1, 2, 3, 4, 5, 6, 7, 8, 9]
[asrc_mag_folding_10env] task 8 trial 00: x (110/110 steps)
[asrc_mag_folding_10env] task 8 trial 01: x (110/110 steps)
[asrc_mag_folding_10env] task 8 trial 02: x (110/110 steps)
[asrc_mag_folding_10env] task 8 trial 03: x (110/110 steps)
[asrc_mag_folding_10env] task 8 trial 04: x (110/110 steps)
[info] using task orders [0, 1, 2, 3, 4, 5, 6, 7, 8, 9]
[asrc_mag_folding_10env] task 9 trial 00: x (110/110 steps)
[asrc_mag_folding_10env] task 9 trial 01: x (110/110 steps)
[asrc_mag_folding_10env] task 9 trial 02: x (110/110 steps)
[asrc_mag_folding_10env] task 9 trial 03: x (110/110 steps)
[asrc_mag_folding_10env] task 9 trial 04: x (110/110 steps)
[asrc_mag_folding_10env] diagnostics: 13/50 ok | fail_at_cap=37 fail_early=0 | succ_median=52.0/110
--> asrc_mag_folding_10env: 26.0% (110 steps @ 10 Hz = 11.0 s, replan every 5)


SUMMARY (matched wall-clock, chunk-driven replan)
  asrc_mag_folding_10env  26.0%
