[suite] libero_spatial -> ksweep_k0p3_out/multirate_honest.json
[robosuite WARNING] No private macro file found! (__init__.py:7)
WARNING:robosuite_logs:No private macro file found!
[robosuite WARNING] It is recommended to use a private macro file (__init__.py:8)
WARNING:robosuite_logs:It is recommended to use a private macro file
[robosuite WARNING] To setup, run: python /home/user/anaconda3/envs/vla_smolvla_libero/lib/python3.12/site-packages/robosuite/scripts/setup_macros.py (__init__.py:9)
WARNING:robosuite_logs:To setup, run: python /home/user/anaconda3/envs/vla_smolvla_libero/lib/python3.12/site-packages/robosuite/scripts/setup_macros.py

============================================================
ARM asrc_mag_folding_10env
============================================================
[stats] asrc_mag_folding_10env: normalizing with lerobot/libero_spatial_image
Fetching 4 files:   0%|          | 0/4 [00:00<?, ?it/s]Fetching 4 files: 100%|██████████| 4/4 [00:00<00:00, 86928.58it/s]
`torch_dtype` is deprecated! Use `dtype` instead!
Loading  HuggingFaceTB/SmolVLM2-500M-Video-Instruct weights ...
Loading weights:   0%|          | 0/489 [00:00<?, ?it/s]Loading weights:  49%|████▊     | 238/489 [00:00<00:00, 2376.91it/s]Loading weights: 100%|██████████| 489/489 [00:00<00:00, 2761.42it/s]
Warning: You are sending unauthenticated requests to the HF Hub. Please set a HF_TOKEN to enable higher rate limits and faster downloads.
WARNING:huggingface_hub.utils._http:Warning: You are sending unauthenticated requests to the HF Hub. Please set a HF_TOKEN to enable higher rate limits and faster downloads.
Reducing the number of VLM layers to 16 ...
Loading  HuggingFaceTB/SmolVLM2-500M-Video-Instruct weights ...
Loading weights:   0%|          | 0/489 [00:00<?, ?it/s]Loading weights:  52%|█████▏    | 255/489 [00:00<00:00, 2518.45it/s]Loading weights: 100%|██████████| 489/489 [00:00<00:00, 2883.17it/s]
Reducing the number of VLM layers to 16 ...
Loading weights from local directory
[asrc_mag_folding_10env] variant=asrc n_fourier=6 re-integrates at 10.0 Hz (native ODE re-integration, NOT alias folding)
[asrc_mag_folding_10env] magscale: raw pose deltas x0.3 (restores native per-step travel)
[info] using task orders [0, 1, 2, 3, 4, 5, 6, 7, 8, 9]
Local assets not found. Downloading from HuggingFace Hub...
Assets already downloaded at /home/user/.cache/libero/assets
[asrc_mag_folding_10env] settle window scaled to 5 steps (0.50 s at 10 Hz)
[asrc_mag_folding_10env] task 0 trial 00: OK (90/110 steps)
[asrc_mag_folding_10env] task 0 trial 01: OK (85/110 steps)
[asrc_mag_folding_10env] task 0 trial 02: x (110/110 steps)
[asrc_mag_folding_10env] task 0 trial 03: x (110/110 steps)
[asrc_mag_folding_10env] task 0 trial 04: x (110/110 steps)
[info] using task orders [0, 1, 2, 3, 4, 5, 6, 7, 8, 9]
[asrc_mag_folding_10env] task 1 trial 00: x (110/110 steps)
[asrc_mag_folding_10env] task 1 trial 01: x (110/110 steps)
[asrc_mag_folding_10env] task 1 trial 02: OK (87/110 steps)
[asrc_mag_folding_10env] task 1 trial 03: x (110/110 steps)
[asrc_mag_folding_10env] task 1 trial 04: x (110/110 steps)
[info] using task orders [0, 1, 2, 3, 4, 5, 6, 7, 8, 9]
[asrc_mag_folding_10env] task 2 trial 00: OK (75/110 steps)
[asrc_mag_folding_10env] task 2 trial 01: OK (77/110 steps)
[asrc_mag_folding_10env] task 2 trial 02: x (110/110 steps)
[asrc_mag_folding_10env] task 2 trial 03: OK (71/110 steps)
[asrc_mag_folding_10env] task 2 trial 04: x (110/110 steps)
[info] using task orders [0, 1, 2, 3, 4, 5, 6, 7, 8, 9]
[asrc_mag_folding_10env] task 3 trial 00: x (110/110 steps)
[asrc_mag_folding_10env] task 3 trial 01: x (110/110 steps)
[asrc_mag_folding_10env] task 3 trial 02: x (110/110 steps)
[asrc_mag_folding_10env] task 3 trial 03: OK (67/110 steps)
[asrc_mag_folding_10env] task 3 trial 04: OK (68/110 steps)
[info] using task orders [0, 1, 2, 3, 4, 5, 6, 7, 8, 9]
[asrc_mag_folding_10env] task 4 trial 00: OK (95/110 steps)
[asrc_mag_folding_10env] task 4 trial 01: x (110/110 steps)
[asrc_mag_folding_10env] task 4 trial 02: x (110/110 steps)
[asrc_mag_folding_10env] task 4 trial 03: OK (95/110 steps)
[asrc_mag_folding_10env] task 4 trial 04: x (110/110 steps)
[info] using task orders [0, 1, 2, 3, 4, 5, 6, 7, 8, 9]
[asrc_mag_folding_10env] task 5 trial 00: OK (94/110 steps)
[asrc_mag_folding_10env] task 5 trial 01: x (110/110 steps)
[asrc_mag_folding_10env] task 5 trial 02: x (110/110 steps)
[asrc_mag_folding_10env] task 5 trial 03: x (110/110 steps)
[asrc_mag_folding_10env] task 5 trial 04: OK (80/110 steps)
[info] using task orders [0, 1, 2, 3, 4, 5, 6, 7, 8, 9]
[asrc_mag_folding_10env] task 6 trial 00: x (110/110 steps)
[asrc_mag_folding_10env] task 6 trial 01: x (110/110 steps)
[asrc_mag_folding_10env] task 6 trial 02: x (110/110 steps)
[asrc_mag_folding_10env] task 6 trial 03: x (110/110 steps)
[asrc_mag_folding_10env] task 6 trial 04: OK (82/110 steps)
[info] using task orders [0, 1, 2, 3, 4, 5, 6, 7, 8, 9]
[asrc_mag_folding_10env] task 7 trial 00: OK (99/110 steps)
[asrc_mag_folding_10env] task 7 trial 01: x (110/110 steps)
[asrc_mag_folding_10env] task 7 trial 02: x (110/110 steps)
[asrc_mag_folding_10env] task 7 trial 03: x (110/110 steps)
[asrc_mag_folding_10env] task 7 trial 04: x (110/110 steps)
[info] using task orders [0, 1, 2, 3, 4, 5, 6, 7, 8, 9]
[asrc_mag_folding_10env] task 8 trial 00: OK (71/110 steps)
[asrc_mag_folding_10env] task 8 trial 01: OK (73/110 steps)
[asrc_mag_folding_10env] task 8 trial 02: OK (82/110 steps)
[asrc_mag_folding_10env] task 8 trial 03: x (110/110 steps)
[asrc_mag_folding_10env] task 8 trial 04: x (110/110 steps)
[info] using task orders [0, 1, 2, 3, 4, 5, 6, 7, 8, 9]
[asrc_mag_folding_10env] task 9 trial 00: OK (100/110 steps)
[asrc_mag_folding_10env] task 9 trial 01: x (110/110 steps)
[asrc_mag_folding_10env] task 9 trial 02: x (110/110 steps)
[asrc_mag_folding_10env] task 9 trial 03: x (110/110 steps)
[asrc_mag_folding_10env] task 9 trial 04: OK (93/110 steps)
[asrc_mag_folding_10env] diagnostics: 19/50 ok | fail_at_cap=31 fail_early=0 | succ_median=82.0/110
--> asrc_mag_folding_10env: 38.0% (110 steps @ 10 Hz = 11.0 s, replan every 5)


SUMMARY (matched wall-clock, chunk-driven replan)
  asrc_mag_folding_10env  38.0%
