eart150 pid 3969351
spline150 pid 3969352
N150_LAUNCHED
[suite] libero_spatial -> spline150_rp5_out/multirate_honest.json
[suite] libero_spatial -> eart150_rp5_out/multirate_honest.json
[robosuite WARNING] No private macro file found! (__init__.py:7)
WARNING:robosuite_logs:No private macro file found!
[robosuite WARNING] It is recommended to use a private macro file (__init__.py:8)
WARNING:robosuite_logs:It is recommended to use a private macro file
[robosuite WARNING] To setup, run: python /home/user/anaconda3/envs/vla_smolvla_libero/lib/python3.12/site-packages/robosuite/scripts/setup_macros.py (__init__.py:9)
WARNING:robosuite_logs:To setup, run: python /home/user/anaconda3/envs/vla_smolvla_libero/lib/python3.12/site-packages/robosuite/scripts/setup_macros.py
[robosuite WARNING] No private macro file found! (__init__.py:7)
WARNING:robosuite_logs:No private macro file found!
[robosuite WARNING] It is recommended to use a private macro file (__init__.py:8)
WARNING:robosuite_logs:It is recommended to use a private macro file
[robosuite WARNING] To setup, run: python /home/user/anaconda3/envs/vla_smolvla_libero/lib/python3.12/site-packages/robosuite/scripts/setup_macros.py (__init__.py:9)
WARNING:robosuite_logs:To setup, run: python /home/user/anaconda3/envs/vla_smolvla_libero/lib/python3.12/site-packages/robosuite/scripts/setup_macros.py

============================================================
ARM flow30_sm_10env
============================================================
[stats] flow30_sm_10env: normalizing with lerobot/libero_spatial_image

============================================================
ARM flow30_eart_10env
============================================================
[stats] flow30_eart_10env: normalizing with lerobot/libero_spatial_image
Fetching 4 files:   0%|          | 0/4 [00:00<?, ?it/s]Fetching 4 files: 100%|██████████| 4/4 [00:00<00:00, 86037.01it/s]
Fetching 4 files:   0%|          | 0/4 [00:00<?, ?it/s]Fetching 4 files: 100%|██████████| 4/4 [00:00<00:00, 60567.57it/s]
Warning: You are sending unauthenticated requests to the HF Hub. Please set a HF_TOKEN to enable higher rate limits and faster downloads.
WARNING:huggingface_hub.utils._http:Warning: You are sending unauthenticated requests to the HF Hub. Please set a HF_TOKEN to enable higher rate limits and faster downloads.
Warning: You are sending unauthenticated requests to the HF Hub. Please set a HF_TOKEN to enable higher rate limits and faster downloads.
WARNING:huggingface_hub.utils._http:Warning: You are sending unauthenticated requests to the HF Hub. Please set a HF_TOKEN to enable higher rate limits and faster downloads.
`torch_dtype` is deprecated! Use `dtype` instead!
`torch_dtype` is deprecated! Use `dtype` instead!
Loading  HuggingFaceTB/SmolVLM2-500M-Video-Instruct weights ...
Loading weights:   0%|          | 0/489 [00:00<?, ?it/s]Loading  HuggingFaceTB/SmolVLM2-500M-Video-Instruct weights ...
Loading weights:   0%|          | 0/489 [00:00<?, ?it/s]Loading weights:  79%|███████▉  | 388/489 [00:00<00:00, 3867.86it/s]Loading weights: 100%|██████████| 489/489 [00:00<00:00, 4067.63it/s]
Loading weights:  94%|█████████▍| 459/489 [00:00<00:00, 4589.10it/s]Loading weights: 100%|██████████| 489/489 [00:00<00:00, 4638.33it/s]
Reducing the number of VLM layers to 16 ...
Loading weights from local directory
[flow30_sm_10env] spline resample -> 25 steps, pose deltas rescaled
[flow30_sm_10env] magscale: raw pose deltas x0.5 (restores native per-step travel)
[info] using task orders [0, 1, 2, 3, 4, 5, 6, 7, 8, 9]
Local assets not found. Downloading from HuggingFace Hub...
Assets already downloaded at /home/user/.cache/libero/assets
[flow30_sm_10env] settle window scaled to 5 steps (0.50 s at 10 Hz)
[flow30_sm_10env] task 0 trial 00: OK (42/110 steps)
Reducing the number of VLM layers to 16 ...
Loading weights from local directory
[flow30_eart_10env] spline resample -> 25 steps, pose deltas rescaled
[flow30_eart_10env] magscale: raw pose deltas x0.5 (restores native per-step travel)
[flow30_eart_10env] EART: gripper re-timed to cell midpoints (event error <= 50 ms)
[info] using task orders [0, 1, 2, 3, 4, 5, 6, 7, 8, 9]
Local assets not found. Downloading from HuggingFace Hub...
Assets already downloaded at /home/user/.cache/libero/assets
[flow30_eart_10env] settle window scaled to 5 steps (0.50 s at 10 Hz)
[flow30_eart_10env] task 0 trial 00: OK (42/110 steps)
[flow30_sm_10env] task 0 trial 01: OK (42/110 steps)
[flow30_eart_10env] task 0 trial 01: OK (45/110 steps)
[flow30_sm_10env] task 0 trial 02: x (110/110 steps)
[flow30_sm_10env] task 0 trial 03: OK (42/110 steps)
[flow30_eart_10env] task 0 trial 02: x (110/110 steps)
[flow30_sm_10env] task 0 trial 04: OK (39/110 steps)
[flow30_eart_10env] task 0 trial 03: OK (43/110 steps)
[flow30_sm_10env] task 0 trial 05: OK (43/110 steps)
[flow30_eart_10env] task 0 trial 04: OK (39/110 steps)
[flow30_sm_10env] task 0 trial 06: OK (40/110 steps)
[flow30_eart_10env] task 0 trial 05: OK (39/110 steps)
[flow30_sm_10env] task 0 trial 07: OK (42/110 steps)
[flow30_sm_10env] task 0 trial 08: OK (42/110 steps)
[flow30_eart_10env] task 0 trial 06: OK (40/110 steps)
[flow30_sm_10env] task 0 trial 09: OK (42/110 steps)
[flow30_eart_10env] task 0 trial 07: OK (41/110 steps)
[flow30_sm_10env] task 0 trial 10: x (110/110 steps)
[flow30_eart_10env] task 0 trial 08: OK (43/110 steps)
[flow30_sm_10env] task 0 trial 11: OK (43/110 steps)
[flow30_eart_10env] task 0 trial 09: OK (40/110 steps)
[flow30_sm_10env] task 0 trial 12: OK (44/110 steps)
[flow30_eart_10env] task 0 trial 10: OK (35/110 steps)
[flow30_sm_10env] task 0 trial 13: x (110/110 steps)
[flow30_eart_10env] task 0 trial 11: OK (43/110 steps)
[flow30_sm_10env] task 0 trial 14: OK (43/110 steps)
[flow30_eart_10env] task 0 trial 12: OK (43/110 steps)
[info] using task orders [0, 1, 2, 3, 4, 5, 6, 7, 8, 9]
[flow30_sm_10env] task 1 trial 00: OK (61/110 steps)
[flow30_eart_10env] task 0 trial 13: x (110/110 steps)
[flow30_sm_10env] task 1 trial 01: x (110/110 steps)
[flow30_eart_10env] task 0 trial 14: OK (41/110 steps)
[flow30_sm_10env] task 1 trial 02: OK (62/110 steps)
[flow30_sm_10env] task 1 trial 03: OK (60/110 steps)
[info] using task orders [0, 1, 2, 3, 4, 5, 6, 7, 8, 9]
[flow30_eart_10env] task 1 trial 00: OK (61/110 steps)
[flow30_sm_10env] task 1 trial 04: OK (63/110 steps)
[flow30_eart_10env] task 1 trial 01: OK (58/110 steps)
[flow30_sm_10env] task 1 trial 05: OK (61/110 steps)
[flow30_eart_10env] task 1 trial 02: OK (63/110 steps)
[flow30_sm_10env] task 1 trial 06: OK (60/110 steps)
[flow30_sm_10env] task 1 trial 07: OK (59/110 steps)
[flow30_eart_10env] task 1 trial 03: OK (60/110 steps)
[flow30_sm_10env] task 1 trial 08: x (110/110 steps)
[flow30_eart_10env] task 1 trial 04: OK (61/110 steps)
[flow30_sm_10env] task 1 trial 09: OK (61/110 steps)
[flow30_eart_10env] task 1 trial 05: OK (60/110 steps)
[flow30_sm_10env] task 1 trial 10: OK (60/110 steps)
[flow30_eart_10env] task 1 trial 06: OK (59/110 steps)
[flow30_sm_10env] task 1 trial 11: x (110/110 steps)
[flow30_eart_10env] task 1 trial 07: OK (59/110 steps)
[flow30_sm_10env] task 1 trial 12: OK (60/110 steps)
[flow30_eart_10env] task 1 trial 08: OK (57/110 steps)
[flow30_sm_10env] task 1 trial 13: OK (62/110 steps)
[flow30_sm_10env] task 1 trial 14: OK (60/110 steps)
[flow30_eart_10env] task 1 trial 09: OK (62/110 steps)
[info] using task orders [0, 1, 2, 3, 4, 5, 6, 7, 8, 9]
[flow30_sm_10env] task 2 trial 00: OK (54/110 steps)
[flow30_eart_10env] task 1 trial 10: OK (64/110 steps)
[flow30_sm_10env] task 2 trial 01: OK (57/110 steps)
[flow30_eart_10env] task 1 trial 11: OK (60/110 steps)
[flow30_sm_10env] task 2 trial 02: OK (51/110 steps)
[flow30_sm_10env] task 2 trial 03: OK (51/110 steps)
[flow30_eart_10env] task 1 trial 12: OK (60/110 steps)
[flow30_sm_10env] task 2 trial 04: OK (52/110 steps)
[flow30_eart_10env] task 1 trial 13: OK (64/110 steps)
[flow30_sm_10env] task 2 trial 05: OK (54/110 steps)
[flow30_eart_10env] task 1 trial 14: OK (58/110 steps)
[flow30_sm_10env] task 2 trial 06: OK (52/110 steps)
[flow30_sm_10env] task 2 trial 07: OK (53/110 steps)
[info] using task orders [0, 1, 2, 3, 4, 5, 6, 7, 8, 9]
[flow30_eart_10env] task 2 trial 00: OK (53/110 steps)
[flow30_sm_10env] task 2 trial 08: OK (59/110 steps)
[flow30_eart_10env] task 2 trial 01: OK (58/110 steps)
[flow30_sm_10env] task 2 trial 09: OK (55/110 steps)
[flow30_sm_10env] task 2 trial 10: OK (56/110 steps)
[flow30_eart_10env] task 2 trial 02: OK (51/110 steps)
[flow30_sm_10env] task 2 trial 11: OK (55/110 steps)
[flow30_eart_10env] task 2 trial 03: OK (51/110 steps)
[flow30_sm_10env] task 2 trial 12: OK (49/110 steps)
[flow30_eart_10env] task 2 trial 04: OK (52/110 steps)
[flow30_sm_10env] task 2 trial 13: OK (57/110 steps)
[flow30_sm_10env] task 2 trial 14: OK (53/110 steps)
[flow30_eart_10env] task 2 trial 05: OK (56/110 steps)
[flow30_eart_10env] task 2 trial 06: OK (49/110 steps)
[info] using task orders [0, 1, 2, 3, 4, 5, 6, 7, 8, 9]
[flow30_sm_10env] task 3 trial 00: OK (48/110 steps)
[flow30_sm_10env] task 3 trial 01: OK (48/110 steps)
[flow30_eart_10env] task 2 trial 07: OK (52/110 steps)
[flow30_sm_10env] task 3 trial 02: x (110/110 steps)
[flow30_eart_10env] task 2 trial 08: OK (57/110 steps)
[flow30_sm_10env] task 3 trial 03: OK (47/110 steps)
[flow30_eart_10env] task 2 trial 09: OK (54/110 steps)
[flow30_sm_10env] task 3 trial 04: OK (49/110 steps)
[flow30_sm_10env] task 3 trial 05: OK (46/110 steps)
[flow30_eart_10env] task 2 trial 10: OK (57/110 steps)
[flow30_sm_10env] task 3 trial 06: OK (50/110 steps)
[flow30_eart_10env] task 2 trial 11: OK (53/110 steps)
[flow30_sm_10env] task 3 trial 07: x (110/110 steps)
[flow30_eart_10env] task 2 trial 12: OK (48/110 steps)
[flow30_sm_10env] task 3 trial 08: OK (48/110 steps)
[flow30_eart_10env] task 2 trial 13: OK (55/110 steps)
[flow30_sm_10env] task 3 trial 09: OK (46/110 steps)
[flow30_eart_10env] task 2 trial 14: OK (51/110 steps)
[flow30_sm_10env] task 3 trial 10: OK (45/110 steps)
[flow30_sm_10env] task 3 trial 11: OK (45/110 steps)
[info] using task orders [0, 1, 2, 3, 4, 5, 6, 7, 8, 9]
[flow30_eart_10env] task 3 trial 00: OK (48/110 steps)
[flow30_sm_10env] task 3 trial 12: OK (47/110 steps)
[flow30_eart_10env] task 3 trial 01: OK (49/110 steps)
[flow30_sm_10env] task 3 trial 13: OK (47/110 steps)
[flow30_sm_10env] task 3 trial 14: OK (46/110 steps)
[flow30_eart_10env] task 3 trial 02: x (110/110 steps)
[info] using task orders [0, 1, 2, 3, 4, 5, 6, 7, 8, 9]
[flow30_sm_10env] task 4 trial 00: OK (72/110 steps)
[flow30_eart_10env] task 3 trial 03: OK (48/110 steps)
[flow30_sm_10env] task 4 trial 01: x (110/110 steps)
[flow30_eart_10env] task 3 trial 04: OK (50/110 steps)
[flow30_sm_10env] task 4 trial 02: OK (72/110 steps)
[flow30_eart_10env] task 3 trial 05: OK (45/110 steps)
[flow30_sm_10env] task 4 trial 03: OK (74/110 steps)
[flow30_eart_10env] task 3 trial 06: x (110/110 steps)
[flow30_sm_10env] task 4 trial 04: OK (74/110 steps)
[flow30_eart_10env] task 3 trial 07: OK (45/110 steps)
[flow30_sm_10env] task 4 trial 05: OK (70/110 steps)
[flow30_eart_10env] task 3 trial 08: OK (48/110 steps)
[flow30_sm_10env] task 4 trial 06: OK (71/110 steps)
[flow30_eart_10env] task 3 trial 09: OK (46/110 steps)
[flow30_sm_10env] task 4 trial 07: OK (69/110 steps)
[flow30_eart_10env] task 3 trial 10: OK (45/110 steps)
[flow30_sm_10env] task 4 trial 08: OK (67/110 steps)
[flow30_eart_10env] task 3 trial 11: OK (44/110 steps)
[flow30_sm_10env] task 4 trial 09: OK (75/110 steps)
[flow30_eart_10env] task 3 trial 12: OK (47/110 steps)
[flow30_sm_10env] task 4 trial 10: x (110/110 steps)
[flow30_eart_10env] task 3 trial 13: OK (48/110 steps)
[flow30_sm_10env] task 4 trial 11: OK (72/110 steps)
[flow30_eart_10env] task 3 trial 14: OK (47/110 steps)
[flow30_sm_10env] task 4 trial 12: OK (73/110 steps)
[info] using task orders [0, 1, 2, 3, 4, 5, 6, 7, 8, 9]
[flow30_eart_10env] task 4 trial 00: OK (72/110 steps)
[flow30_sm_10env] task 4 trial 13: OK (80/110 steps)
[flow30_sm_10env] task 4 trial 14: OK (69/110 steps)
[flow30_eart_10env] task 4 trial 01: x (110/110 steps)
[info] using task orders [0, 1, 2, 3, 4, 5, 6, 7, 8, 9]
[flow30_sm_10env] task 5 trial 00: x (110/110 steps)
[flow30_eart_10env] task 4 trial 02: OK (72/110 steps)
[flow30_sm_10env] task 5 trial 01: OK (108/110 steps)
[flow30_eart_10env] task 4 trial 03: OK (74/110 steps)
[flow30_sm_10env] task 5 trial 02: x (110/110 steps)
[flow30_eart_10env] task 4 trial 04: OK (75/110 steps)
[flow30_sm_10env] task 5 trial 03: x (110/110 steps)
[flow30_eart_10env] task 4 trial 05: OK (69/110 steps)
[flow30_sm_10env] task 5 trial 04: x (110/110 steps)
[flow30_eart_10env] task 4 trial 06: OK (72/110 steps)
[flow30_sm_10env] task 5 trial 05: OK (57/110 steps)
[flow30_sm_10env] task 5 trial 06: OK (55/110 steps)
[flow30_eart_10env] task 4 trial 07: OK (70/110 steps)
[flow30_sm_10env] task 5 trial 07: x (110/110 steps)
[flow30_eart_10env] task 4 trial 08: OK (69/110 steps)
[flow30_sm_10env] task 5 trial 08: x (110/110 steps)
[flow30_eart_10env] task 4 trial 09: OK (73/110 steps)
[flow30_sm_10env] task 5 trial 09: x (110/110 steps)
[flow30_eart_10env] task 4 trial 10: x (110/110 steps)
[flow30_sm_10env] task 5 trial 10: x (110/110 steps)
[flow30_eart_10env] task 4 trial 11: OK (70/110 steps)
[flow30_sm_10env] task 5 trial 11: x (110/110 steps)
[flow30_sm_10env] task 5 trial 12: OK (51/110 steps)
[flow30_eart_10env] task 4 trial 12: OK (74/110 steps)
[flow30_sm_10env] task 5 trial 13: x (110/110 steps)
[flow30_eart_10env] task 4 trial 13: OK (76/110 steps)
[flow30_sm_10env] task 5 trial 14: OK (53/110 steps)
[info] using task orders [0, 1, 2, 3, 4, 5, 6, 7, 8, 9]
[flow30_sm_10env] task 6 trial 00: OK (60/110 steps)
[flow30_eart_10env] task 4 trial 14: OK (72/110 steps)
[flow30_sm_10env] task 6 trial 01: OK (60/110 steps)
[flow30_sm_10env] task 6 trial 02: OK (55/110 steps)
[info] using task orders [0, 1, 2, 3, 4, 5, 6, 7, 8, 9]
[flow30_eart_10env] task 5 trial 00: x (110/110 steps)
[flow30_sm_10env] task 6 trial 03: OK (57/110 steps)
[flow30_sm_10env] task 6 trial 04: OK (54/110 steps)
[flow30_eart_10env] task 5 trial 01: x (110/110 steps)
[flow30_sm_10env] task 6 trial 05: OK (62/110 steps)
[flow30_sm_10env] task 6 trial 06: OK (63/110 steps)
[flow30_eart_10env] task 5 trial 02: x (110/110 steps)
[flow30_sm_10env] task 6 trial 07: OK (64/110 steps)
[flow30_eart_10env] task 5 trial 03: x (110/110 steps)
[flow30_sm_10env] task 6 trial 08: x (110/110 steps)
[flow30_sm_10env] task 6 trial 09: OK (56/110 steps)
[flow30_eart_10env] task 5 trial 04: x (110/110 steps)
[flow30_sm_10env] task 6 trial 10: OK (58/110 steps)
[flow30_eart_10env] task 5 trial 05: OK (48/110 steps)
[flow30_sm_10env] task 6 trial 11: OK (52/110 steps)
[flow30_sm_10env] task 6 trial 12: OK (57/110 steps)
[flow30_eart_10env] task 5 trial 06: OK (53/110 steps)
[flow30_sm_10env] task 6 trial 13: OK (57/110 steps)
[flow30_eart_10env] task 5 trial 07: x (110/110 steps)
[flow30_sm_10env] task 6 trial 14: x (110/110 steps)
[info] using task orders [0, 1, 2, 3, 4, 5, 6, 7, 8, 9]
[flow30_sm_10env] task 7 trial 00: OK (64/110 steps)
[flow30_eart_10env] task 5 trial 08: x (110/110 steps)
[flow30_sm_10env] task 7 trial 01: OK (68/110 steps)
[flow30_eart_10env] task 5 trial 09: x (110/110 steps)
[flow30_sm_10env] task 7 trial 02: OK (67/110 steps)
[flow30_sm_10env] task 7 trial 03: OK (59/110 steps)
[flow30_eart_10env] task 5 trial 10: x (110/110 steps)
[flow30_sm_10env] task 7 trial 04: OK (65/110 steps)
[flow30_sm_10env] task 7 trial 05: OK (65/110 steps)
[flow30_eart_10env] task 5 trial 11: x (110/110 steps)
[flow30_sm_10env] task 7 trial 06: OK (66/110 steps)
[flow30_eart_10env] task 5 trial 12: OK (52/110 steps)
[flow30_sm_10env] task 7 trial 07: OK (67/110 steps)
[flow30_sm_10env] task 7 trial 08: OK (69/110 steps)
[flow30_eart_10env] task 5 trial 13: x (110/110 steps)
[flow30_sm_10env] task 7 trial 09: OK (66/110 steps)
[flow30_eart_10env] task 5 trial 14: OK (49/110 steps)
[flow30_sm_10env] task 7 trial 10: OK (68/110 steps)
[info] using task orders [0, 1, 2, 3, 4, 5, 6, 7, 8, 9]
[flow30_eart_10env] task 6 trial 00: OK (59/110 steps)
[flow30_sm_10env] task 7 trial 11: OK (68/110 steps)
[flow30_eart_10env] task 6 trial 01: OK (56/110 steps)
[flow30_sm_10env] task 7 trial 12: OK (64/110 steps)
[flow30_eart_10env] task 6 trial 02: OK (55/110 steps)
[flow30_sm_10env] task 7 trial 13: OK (64/110 steps)
[flow30_sm_10env] task 7 trial 14: OK (64/110 steps)
[flow30_eart_10env] task 6 trial 03: OK (60/110 steps)
[info] using task orders [0, 1, 2, 3, 4, 5, 6, 7, 8, 9]
[flow30_sm_10env] task 8 trial 00: OK (52/110 steps)
[flow30_eart_10env] task 6 trial 04: OK (54/110 steps)
[flow30_sm_10env] task 8 trial 01: OK (52/110 steps)
[flow30_eart_10env] task 6 trial 05: OK (61/110 steps)
[flow30_sm_10env] task 8 trial 02: x (110/110 steps)
[flow30_eart_10env] task 6 trial 06: OK (60/110 steps)
[flow30_sm_10env] task 8 trial 03: OK (51/110 steps)
[flow30_eart_10env] task 6 trial 07: OK (57/110 steps)
[flow30_sm_10env] task 8 trial 04: x (110/110 steps)
[flow30_sm_10env] task 8 trial 05: OK (49/110 steps)
[flow30_eart_10env] task 6 trial 08: x (110/110 steps)
[flow30_sm_10env] task 8 trial 06: OK (50/110 steps)
[flow30_eart_10env] task 6 trial 09: OK (56/110 steps)
[flow30_sm_10env] task 8 trial 07: OK (49/110 steps)
[flow30_eart_10env] task 6 trial 10: OK (56/110 steps)
[flow30_sm_10env] task 8 trial 08: x (110/110 steps)
[flow30_sm_10env] task 8 trial 09: OK (49/110 steps)
[flow30_eart_10env] task 6 trial 11: OK (56/110 steps)
[flow30_sm_10env] task 8 trial 10: OK (51/110 steps)
[flow30_eart_10env] task 6 trial 12: OK (57/110 steps)
[flow30_sm_10env] task 8 trial 11: OK (53/110 steps)
[flow30_eart_10env] task 6 trial 13: OK (54/110 steps)
[flow30_sm_10env] task 8 trial 12: OK (50/110 steps)
[flow30_eart_10env] task 6 trial 14: OK (60/110 steps)
[flow30_sm_10env] task 8 trial 13: x (110/110 steps)
[flow30_sm_10env] task 8 trial 14: OK (51/110 steps)
[info] using task orders [0, 1, 2, 3, 4, 5, 6, 7, 8, 9]
[flow30_eart_10env] task 7 trial 00: OK (63/110 steps)
[info] using task orders [0, 1, 2, 3, 4, 5, 6, 7, 8, 9]
[flow30_sm_10env] task 9 trial 00: OK (68/110 steps)
[flow30_eart_10env] task 7 trial 01: OK (68/110 steps)
[flow30_sm_10env] task 9 trial 01: OK (66/110 steps)
[flow30_eart_10env] task 7 trial 02: OK (66/110 steps)
[flow30_sm_10env] task 9 trial 02: OK (69/110 steps)
[flow30_sm_10env] task 9 trial 03: OK (67/110 steps)
[flow30_eart_10env] task 7 trial 03: OK (63/110 steps)
[flow30_sm_10env] task 9 trial 04: x (110/110 steps)
[flow30_eart_10env] task 7 trial 04: OK (66/110 steps)
[flow30_sm_10env] task 9 trial 05: OK (66/110 steps)
[flow30_eart_10env] task 7 trial 05: OK (63/110 steps)
[flow30_sm_10env] task 9 trial 06: x (110/110 steps)
[flow30_eart_10env] task 7 trial 06: OK (67/110 steps)
[flow30_sm_10env] task 9 trial 07: OK (65/110 steps)
[flow30_eart_10env] task 7 trial 07: OK (63/110 steps)
[flow30_sm_10env] task 9 trial 08: OK (67/110 steps)
[flow30_sm_10env] task 9 trial 09: OK (65/110 steps)
[flow30_eart_10env] task 7 trial 08: OK (70/110 steps)
[flow30_sm_10env] task 9 trial 10: OK (68/110 steps)
[flow30_eart_10env] task 7 trial 09: OK (66/110 steps)
[flow30_sm_10env] task 9 trial 11: OK (70/110 steps)
[flow30_eart_10env] task 7 trial 10: OK (66/110 steps)
[flow30_sm_10env] task 9 trial 12: OK (67/110 steps)
[flow30_sm_10env] task 9 trial 13: OK (66/110 steps)
[flow30_eart_10env] task 7 trial 11: OK (68/110 steps)
[flow30_sm_10env] task 9 trial 14: OK (64/110 steps)
[flow30_sm_10env] diagnostics: 122/150 ok | fail_at_cap=28 fail_early=0 | succ_median=57.5/110
--> flow30_sm_10env: 81.3% (110 steps @ 10 Hz = 11.0 s, replan every 5)


SUMMARY (matched wall-clock, chunk-driven replan)
  flow30_sm_10env         81.3%
[flow30_eart_10env] task 7 trial 12: OK (70/110 steps)
[flow30_eart_10env] task 7 trial 13: OK (63/110 steps)
[flow30_eart_10env] task 7 trial 14: OK (65/110 steps)
[info] using task orders [0, 1, 2, 3, 4, 5, 6, 7, 8, 9]
[flow30_eart_10env] task 8 trial 00: OK (50/110 steps)
[flow30_eart_10env] task 8 trial 01: OK (51/110 steps)
[flow30_eart_10env] task 8 trial 02: x (110/110 steps)
[flow30_eart_10env] task 8 trial 03: OK (51/110 steps)
[flow30_eart_10env] task 8 trial 04: x (110/110 steps)
[flow30_eart_10env] task 8 trial 05: OK (49/110 steps)
[flow30_eart_10env] task 8 trial 06: OK (50/110 steps)
[flow30_eart_10env] task 8 trial 07: OK (50/110 steps)
[flow30_eart_10env] task 8 trial 08: OK (50/110 steps)
[flow30_eart_10env] task 8 trial 09: OK (49/110 steps)
[flow30_eart_10env] task 8 trial 10: OK (50/110 steps)
[flow30_eart_10env] task 8 trial 11: OK (51/110 steps)
[flow30_eart_10env] task 8 trial 12: OK (52/110 steps)
[flow30_eart_10env] task 8 trial 13: OK (48/110 steps)
[flow30_eart_10env] task 8 trial 14: OK (51/110 steps)
[info] using task orders [0, 1, 2, 3, 4, 5, 6, 7, 8, 9]
[flow30_eart_10env] task 9 trial 00: OK (67/110 steps)
[flow30_eart_10env] task 9 trial 01: OK (66/110 steps)
[flow30_eart_10env] task 9 trial 02: OK (70/110 steps)
[flow30_eart_10env] task 9 trial 03: OK (63/110 steps)
[flow30_eart_10env] task 9 trial 04: OK (68/110 steps)
[flow30_eart_10env] task 9 trial 05: OK (63/110 steps)
[flow30_eart_10env] task 9 trial 06: OK (71/110 steps)
[flow30_eart_10env] task 9 trial 07: OK (68/110 steps)
[flow30_eart_10env] task 9 trial 08: x (110/110 steps)
[flow30_eart_10env] task 9 trial 09: OK (64/110 steps)
[flow30_eart_10env] task 9 trial 10: OK (65/110 steps)
[flow30_eart_10env] task 9 trial 11: OK (69/110 steps)
[flow30_eart_10env] task 9 trial 12: x (110/110 steps)
[flow30_eart_10env] task 9 trial 13: OK (66/110 steps)
[flow30_eart_10env] task 9 trial 14: OK (65/110 steps)
[flow30_eart_10env] diagnostics: 128/150 ok | fail_at_cap=22 fail_early=0 | succ_median=57.0/110
--> flow30_eart_10env: 85.3% (110 steps @ 10 Hz = 11.0 s, replan every 5)


SUMMARY (matched wall-clock, chunk-driven replan)
  flow30_eart_10env       85.3%
