Fetching 4 files:   0%|          | 0/4 [00:00<?, ?it/s]Fetching 4 files: 100%|██████████| 4/4 [00:00<00:00, 108240.10it/s]
Warning: You are sending unauthenticated requests to the HF Hub. Please set a HF_TOKEN to enable higher rate limits and faster downloads.
WARNING:huggingface_hub.utils._http:Warning: You are sending unauthenticated requests to the HF Hub. Please set a HF_TOKEN to enable higher rate limits and faster downloads.
`torch_dtype` is deprecated! Use `dtype` instead!

==========================================
RUNNING ARM: naive_legacy_flow_40hz @ 40 Hz
==========================================
Loading  HuggingFaceTB/SmolVLM2-500M-Video-Instruct weights ...
Loading weights:   0%|          | 0/489 [00:00<?, ?it/s]Loading weights: 100%|██████████| 489/489 [00:00<00:00, 5990.01it/s]
[robosuite WARNING] No private macro file found! (__init__.py:7)
WARNING:robosuite_logs:No private macro file found!
[robosuite WARNING] It is recommended to use a private macro file (__init__.py:8)
WARNING:robosuite_logs:It is recommended to use a private macro file
[robosuite WARNING] To setup, run: python /home/user/anaconda3/envs/vla_smolvla_libero/lib/python3.12/site-packages/robosuite/scripts/setup_macros.py (__init__.py:9)
WARNING:robosuite_logs:To setup, run: python /home/user/anaconda3/envs/vla_smolvla_libero/lib/python3.12/site-packages/robosuite/scripts/setup_macros.py
Reducing the number of VLM layers to 16 ...
Loading weights from local directory
Configured Naive Legacy Rescaling (scale = 0.50)
[info] using task orders [0, 1, 2, 3, 4, 5, 6, 7, 8, 9]
Local assets not found. Downloading from HuggingFace Hub...
Assets already downloaded at /home/user/.cache/libero/assets
[naive_legacy_flow_40hz] Task 0 Trial 00: x (220 steps)
[naive_legacy_flow_40hz] Task 0 Trial 01: x (220 steps)
[info] using task orders [0, 1, 2, 3, 4, 5, 6, 7, 8, 9]
[naive_legacy_flow_40hz] Task 1 Trial 00: x (220 steps)
[naive_legacy_flow_40hz] Task 1 Trial 01: x (220 steps)
[info] using task orders [0, 1, 2, 3, 4, 5, 6, 7, 8, 9]
[naive_legacy_flow_40hz] Task 2 Trial 00: OK (129 steps)
[naive_legacy_flow_40hz] Task 2 Trial 01: x (220 steps)
[info] using task orders [0, 1, 2, 3, 4, 5, 6, 7, 8, 9]
[naive_legacy_flow_40hz] Task 3 Trial 00: x (220 steps)
[naive_legacy_flow_40hz] Task 3 Trial 01: x (220 steps)
[info] using task orders [0, 1, 2, 3, 4, 5, 6, 7, 8, 9]
[naive_legacy_flow_40hz] Task 4 Trial 00: x (220 steps)
[naive_legacy_flow_40hz] Task 4 Trial 01: x (220 steps)
[info] using task orders [0, 1, 2, 3, 4, 5, 6, 7, 8, 9]
[naive_legacy_flow_40hz] Task 5 Trial 00: x (220 steps)
[naive_legacy_flow_40hz] Task 5 Trial 01: x (220 steps)
[info] using task orders [0, 1, 2, 3, 4, 5, 6, 7, 8, 9]
[naive_legacy_flow_40hz] Task 6 Trial 00: x (220 steps)
[naive_legacy_flow_40hz] Task 6 Trial 01: x (220 steps)
[info] using task orders [0, 1, 2, 3, 4, 5, 6, 7, 8, 9]
[naive_legacy_flow_40hz] Task 7 Trial 00: x (220 steps)
[naive_legacy_flow_40hz] Task 7 Trial 01: x (220 steps)
[info] using task orders [0, 1, 2, 3, 4, 5, 6, 7, 8, 9]
[naive_legacy_flow_40hz] Task 8 Trial 00: x (220 steps)
[naive_legacy_flow_40hz] Task 8 Trial 01: x (220 steps)
[info] using task orders [0, 1, 2, 3, 4, 5, 6, 7, 8, 9]
[naive_legacy_flow_40hz] Task 9 Trial 00: x (220 steps)
[naive_legacy_flow_40hz] Task 9 Trial 01: x (220 steps)
--> ARM naive_legacy_flow_40hz AGGREGATE RESULT: 5.0%


==========================================
RUNNING ARM: til_s0_deeponet_40hz @ 40 Hz
==========================================
Loading  HuggingFaceTB/SmolVLM2-500M-Video-Instruct weights ...
Loading weights:   0%|          | 0/489 [00:00<?, ?it/s]Loading weights: 100%|██████████| 489/489 [00:00<00:00, 6212.26it/s]
Reducing the number of VLM layers to 16 ...
Loading  HuggingFaceTB/SmolVLM2-500M-Video-Instruct weights ...
Loading weights:   0%|          | 0/489 [00:00<?, ?it/s]Loading weights: 100%|██████████| 489/489 [00:00<00:00, 6634.62it/s]
Reducing the number of VLM layers to 16 ...
Loading weights from local directory
Configured DeepONet Rate Integration for 40 Hz
[info] using task orders [0, 1, 2, 3, 4, 5, 6, 7, 8, 9]
[til_s0_deeponet_40hz] Task 0 Trial 00: x (220 steps)
[til_s0_deeponet_40hz] Task 0 Trial 01: OK (136 steps)
[info] using task orders [0, 1, 2, 3, 4, 5, 6, 7, 8, 9]
[til_s0_deeponet_40hz] Task 1 Trial 00: x (220 steps)
[til_s0_deeponet_40hz] Task 1 Trial 01: x (220 steps)
[info] using task orders [0, 1, 2, 3, 4, 5, 6, 7, 8, 9]
[til_s0_deeponet_40hz] Task 2 Trial 00: x (220 steps)
[til_s0_deeponet_40hz] Task 2 Trial 01: OK (182 steps)
[info] using task orders [0, 1, 2, 3, 4, 5, 6, 7, 8, 9]
[til_s0_deeponet_40hz] Task 3 Trial 00: OK (174 steps)
[til_s0_deeponet_40hz] Task 3 Trial 01: x (220 steps)
[info] using task orders [0, 1, 2, 3, 4, 5, 6, 7, 8, 9]
[til_s0_deeponet_40hz] Task 4 Trial 00: x (220 steps)
[til_s0_deeponet_40hz] Task 4 Trial 01: x (220 steps)
[info] using task orders [0, 1, 2, 3, 4, 5, 6, 7, 8, 9]
[til_s0_deeponet_40hz] Task 5 Trial 00: x (220 steps)
[til_s0_deeponet_40hz] Task 5 Trial 01: x (220 steps)
[info] using task orders [0, 1, 2, 3, 4, 5, 6, 7, 8, 9]
[til_s0_deeponet_40hz] Task 6 Trial 00: OK (205 steps)
[til_s0_deeponet_40hz] Task 6 Trial 01: x (220 steps)
[info] using task orders [0, 1, 2, 3, 4, 5, 6, 7, 8, 9]
[til_s0_deeponet_40hz] Task 7 Trial 00: x (220 steps)
[til_s0_deeponet_40hz] Task 7 Trial 01: x (220 steps)
[info] using task orders [0, 1, 2, 3, 4, 5, 6, 7, 8, 9]
[til_s0_deeponet_40hz] Task 8 Trial 00: OK (178 steps)
[til_s0_deeponet_40hz] Task 8 Trial 01: OK (161 steps)
[info] using task orders [0, 1, 2, 3, 4, 5, 6, 7, 8, 9]
[til_s0_deeponet_40hz] Task 9 Trial 00: OK (215 steps)
[til_s0_deeponet_40hz] Task 9 Trial 01: x (220 steps)
--> ARM til_s0_deeponet_40hz AGGREGATE RESULT: 35.0%


HEAD-TO-HEAD BENCHMARK FOR 40 HZ COMPLETE!
