[suite] libero_object -> object30_out/multirate_libero_object.json
[robosuite WARNING] No private macro file found! (__init__.py:7)
WARNING:robosuite_logs:No private macro file found!
[robosuite WARNING] It is recommended to use a private macro file (__init__.py:8)
WARNING:robosuite_logs:It is recommended to use a private macro file
[robosuite WARNING] To setup, run: python /home/user/anaconda3/envs/vla_smolvla_libero/lib/python3.12/site-packages/robosuite/scripts/setup_macros.py (__init__.py:9)
WARNING:robosuite_logs:To setup, run: python /home/user/anaconda3/envs/vla_smolvla_libero/lib/python3.12/site-packages/robosuite/scripts/setup_macros.py

============================================================
ARM asrc_object_cadmag_folding_30env
============================================================
[stats] asrc_object_cadmag_folding_30env: normalizing with lerobot/libero_object_image
Fetching 4 files:   0%|          | 0/4 [00:00<?, ?it/s]Fetching 4 files: 100%|██████████| 4/4 [00:00<00:00, 90200.09it/s]
`torch_dtype` is deprecated! Use `dtype` instead!
Loading  HuggingFaceTB/SmolVLM2-500M-Video-Instruct weights ...
Loading weights:   0%|          | 0/489 [00:00<?, ?it/s]Loading weights: 100%|██████████| 489/489 [00:00<00:00, 5741.83it/s]
Warning: You are sending unauthenticated requests to the HF Hub. Please set a HF_TOKEN to enable higher rate limits and faster downloads.
WARNING:huggingface_hub.utils._http:Warning: You are sending unauthenticated requests to the HF Hub. Please set a HF_TOKEN to enable higher rate limits and faster downloads.
Reducing the number of VLM layers to 16 ...
Loading  HuggingFaceTB/SmolVLM2-500M-Video-Instruct weights ...
Loading weights:   0%|          | 0/489 [00:00<?, ?it/s]Loading weights: 100%|██████████| 489/489 [00:00<00:00, 6053.39it/s]
Reducing the number of VLM layers to 16 ...
Loading weights from local directory
[asrc_object_cadmag_folding_30env] variant=asrc n_fourier=6 re-integrates at 30.0 Hz (native ODE re-integration, NOT alias folding)
[asrc_object_cadmag_folding_30env] magscale: raw pose deltas x1.5 (restores native per-step travel)
[asrc_object_cadmag_folding_30env] resolved-cadence: 20 Hz decisions in a 30 Hz sim (1 query per 1.5 env steps, NON-INTEGER: integer hold cannot express this); intermediates taken from the plan
[info] using task orders [0, 1, 2, 3, 4, 5, 6, 7, 8, 9]
Local assets not found. Downloading from HuggingFace Hub...
Assets already downloaded at /home/user/.cache/libero/assets
[asrc_object_cadmag_folding_30env] settle window scaled to 15 steps (0.50 s at 30 Hz)
[asrc_object_cadmag_folding_30env] task 0 trial 00: x (420/420 steps)
[asrc_object_cadmag_folding_30env] task 0 trial 01: OK (198/420 steps)
[asrc_object_cadmag_folding_30env] task 0 trial 02: OK (218/420 steps)
[asrc_object_cadmag_folding_30env] task 0 trial 03: OK (241/420 steps)
[asrc_object_cadmag_folding_30env] task 0 trial 04: x (420/420 steps)
[asrc_object_cadmag_folding_30env] task 0 trial 05: OK (176/420 steps)
[asrc_object_cadmag_folding_30env] task 0 trial 06: OK (199/420 steps)
[asrc_object_cadmag_folding_30env] task 0 trial 07: OK (224/420 steps)
[asrc_object_cadmag_folding_30env] task 0 trial 08: OK (237/420 steps)
[asrc_object_cadmag_folding_30env] task 0 trial 09: OK (200/420 steps)
[asrc_object_cadmag_folding_30env] task 0 trial 10: OK (216/420 steps)
[asrc_object_cadmag_folding_30env] task 0 trial 11: OK (222/420 steps)
[asrc_object_cadmag_folding_30env] task 0 trial 12: OK (250/420 steps)
[asrc_object_cadmag_folding_30env] task 0 trial 13: x (420/420 steps)
[asrc_object_cadmag_folding_30env] task 0 trial 14: OK (254/420 steps)
[info] using task orders [0, 1, 2, 3, 4, 5, 6, 7, 8, 9]
[asrc_object_cadmag_folding_30env] task 1 trial 00: x (420/420 steps)
[asrc_object_cadmag_folding_30env] task 1 trial 01: OK (256/420 steps)
[asrc_object_cadmag_folding_30env] task 1 trial 02: x (420/420 steps)
[asrc_object_cadmag_folding_30env] task 1 trial 03: OK (254/420 steps)
[asrc_object_cadmag_folding_30env] task 1 trial 04: OK (233/420 steps)
[asrc_object_cadmag_folding_30env] task 1 trial 05: OK (368/420 steps)
[asrc_object_cadmag_folding_30env] task 1 trial 06: OK (184/420 steps)
[asrc_object_cadmag_folding_30env] task 1 trial 07: OK (296/420 steps)
[asrc_object_cadmag_folding_30env] task 1 trial 08: x (420/420 steps)
[asrc_object_cadmag_folding_30env] task 1 trial 09: OK (339/420 steps)
[asrc_object_cadmag_folding_30env] task 1 trial 10: OK (345/420 steps)
[asrc_object_cadmag_folding_30env] task 1 trial 11: x (420/420 steps)
[asrc_object_cadmag_folding_30env] task 1 trial 12: x (420/420 steps)
[asrc_object_cadmag_folding_30env] task 1 trial 13: x (420/420 steps)
[asrc_object_cadmag_folding_30env] task 1 trial 14: x (420/420 steps)
[info] using task orders [0, 1, 2, 3, 4, 5, 6, 7, 8, 9]
[asrc_object_cadmag_folding_30env] task 2 trial 00: OK (175/420 steps)
[asrc_object_cadmag_folding_30env] task 2 trial 01: x (420/420 steps)
[asrc_object_cadmag_folding_30env] task 2 trial 02: OK (183/420 steps)
[asrc_object_cadmag_folding_30env] task 2 trial 03: OK (178/420 steps)
[asrc_object_cadmag_folding_30env] task 2 trial 04: OK (167/420 steps)
[asrc_object_cadmag_folding_30env] task 2 trial 05: OK (183/420 steps)
[asrc_object_cadmag_folding_30env] task 2 trial 06: OK (182/420 steps)
[asrc_object_cadmag_folding_30env] task 2 trial 07: OK (168/420 steps)
[asrc_object_cadmag_folding_30env] task 2 trial 08: OK (171/420 steps)
[asrc_object_cadmag_folding_30env] task 2 trial 09: OK (172/420 steps)
[asrc_object_cadmag_folding_30env] task 2 trial 10: OK (173/420 steps)
[asrc_object_cadmag_folding_30env] task 2 trial 11: OK (174/420 steps)
[asrc_object_cadmag_folding_30env] task 2 trial 12: OK (179/420 steps)
[asrc_object_cadmag_folding_30env] task 2 trial 13: OK (166/420 steps)
[asrc_object_cadmag_folding_30env] task 2 trial 14: OK (181/420 steps)
[info] using task orders [0, 1, 2, 3, 4, 5, 6, 7, 8, 9]
[asrc_object_cadmag_folding_30env] task 3 trial 00: OK (184/420 steps)
[asrc_object_cadmag_folding_30env] task 3 trial 01: OK (181/420 steps)
[asrc_object_cadmag_folding_30env] task 3 trial 02: OK (185/420 steps)
[asrc_object_cadmag_folding_30env] task 3 trial 03: OK (194/420 steps)
[asrc_object_cadmag_folding_30env] task 3 trial 04: OK (201/420 steps)
[asrc_object_cadmag_folding_30env] task 3 trial 05: OK (184/420 steps)
[asrc_object_cadmag_folding_30env] task 3 trial 06: OK (198/420 steps)
[asrc_object_cadmag_folding_30env] task 3 trial 07: OK (185/420 steps)
[asrc_object_cadmag_folding_30env] task 3 trial 08: OK (179/420 steps)
[asrc_object_cadmag_folding_30env] task 3 trial 09: OK (189/420 steps)
[asrc_object_cadmag_folding_30env] task 3 trial 10: OK (241/420 steps)
[asrc_object_cadmag_folding_30env] task 3 trial 11: OK (240/420 steps)
[asrc_object_cadmag_folding_30env] task 3 trial 12: OK (186/420 steps)
[asrc_object_cadmag_folding_30env] task 3 trial 13: OK (185/420 steps)
[asrc_object_cadmag_folding_30env] task 3 trial 14: x (420/420 steps)
[info] using task orders [0, 1, 2, 3, 4, 5, 6, 7, 8, 9]
[asrc_object_cadmag_folding_30env] task 4 trial 00: OK (212/420 steps)
[asrc_object_cadmag_folding_30env] task 4 trial 01: OK (204/420 steps)
[asrc_object_cadmag_folding_30env] task 4 trial 02: OK (204/420 steps)
[asrc_object_cadmag_folding_30env] task 4 trial 03: OK (214/420 steps)
[asrc_object_cadmag_folding_30env] task 4 trial 04: OK (206/420 steps)
[asrc_object_cadmag_folding_30env] task 4 trial 05: OK (206/420 steps)
[asrc_object_cadmag_folding_30env] task 4 trial 06: OK (203/420 steps)
[asrc_object_cadmag_folding_30env] task 4 trial 07: OK (207/420 steps)
[asrc_object_cadmag_folding_30env] task 4 trial 08: OK (203/420 steps)
[asrc_object_cadmag_folding_30env] task 4 trial 09: OK (212/420 steps)
[asrc_object_cadmag_folding_30env] task 4 trial 10: OK (202/420 steps)
[asrc_object_cadmag_folding_30env] task 4 trial 11: OK (205/420 steps)
[asrc_object_cadmag_folding_30env] task 4 trial 12: OK (207/420 steps)
[asrc_object_cadmag_folding_30env] task 4 trial 13: x (420/420 steps)
[asrc_object_cadmag_folding_30env] task 4 trial 14: OK (221/420 steps)
[info] using task orders [0, 1, 2, 3, 4, 5, 6, 7, 8, 9]
[asrc_object_cadmag_folding_30env] task 5 trial 00: OK (191/420 steps)
[asrc_object_cadmag_folding_30env] task 5 trial 01: OK (190/420 steps)
[asrc_object_cadmag_folding_30env] task 5 trial 02: OK (196/420 steps)
[asrc_object_cadmag_folding_30env] task 5 trial 03: OK (207/420 steps)
[asrc_object_cadmag_folding_30env] task 5 trial 04: OK (200/420 steps)
[asrc_object_cadmag_folding_30env] task 5 trial 05: OK (208/420 steps)
[asrc_object_cadmag_folding_30env] task 5 trial 06: OK (185/420 steps)
[asrc_object_cadmag_folding_30env] task 5 trial 07: OK (258/420 steps)
[asrc_object_cadmag_folding_30env] task 5 trial 08: OK (190/420 steps)
[asrc_object_cadmag_folding_30env] task 5 trial 09: OK (227/420 steps)
[asrc_object_cadmag_folding_30env] task 5 trial 10: x (420/420 steps)
[asrc_object_cadmag_folding_30env] task 5 trial 11: OK (202/420 steps)
[asrc_object_cadmag_folding_30env] task 5 trial 12: OK (199/420 steps)
[asrc_object_cadmag_folding_30env] task 5 trial 13: OK (179/420 steps)
[asrc_object_cadmag_folding_30env] task 5 trial 14: x (420/420 steps)
[info] using task orders [0, 1, 2, 3, 4, 5, 6, 7, 8, 9]
[asrc_object_cadmag_folding_30env] task 6 trial 00: OK (235/420 steps)
[asrc_object_cadmag_folding_30env] task 6 trial 01: OK (235/420 steps)
[asrc_object_cadmag_folding_30env] task 6 trial 02: OK (219/420 steps)
[asrc_object_cadmag_folding_30env] task 6 trial 03: OK (231/420 steps)
[asrc_object_cadmag_folding_30env] task 6 trial 04: OK (224/420 steps)
[asrc_object_cadmag_folding_30env] task 6 trial 05: OK (215/420 steps)
[asrc_object_cadmag_folding_30env] task 6 trial 06: OK (226/420 steps)
[asrc_object_cadmag_folding_30env] task 6 trial 07: OK (219/420 steps)
[asrc_object_cadmag_folding_30env] task 6 trial 08: OK (228/420 steps)
[asrc_object_cadmag_folding_30env] task 6 trial 09: OK (212/420 steps)
[asrc_object_cadmag_folding_30env] task 6 trial 10: OK (231/420 steps)
[asrc_object_cadmag_folding_30env] task 6 trial 11: OK (215/420 steps)
[asrc_object_cadmag_folding_30env] task 6 trial 12: OK (281/420 steps)
[asrc_object_cadmag_folding_30env] task 6 trial 13: OK (225/420 steps)
[asrc_object_cadmag_folding_30env] task 6 trial 14: OK (220/420 steps)
[info] using task orders [0, 1, 2, 3, 4, 5, 6, 7, 8, 9]
[asrc_object_cadmag_folding_30env] task 7 trial 00: x (420/420 steps)
[asrc_object_cadmag_folding_30env] task 7 trial 01: x (420/420 steps)
[asrc_object_cadmag_folding_30env] task 7 trial 02: OK (276/420 steps)
[asrc_object_cadmag_folding_30env] task 7 trial 03: OK (209/420 steps)
[asrc_object_cadmag_folding_30env] task 7 trial 04: OK (208/420 steps)
[asrc_object_cadmag_folding_30env] task 7 trial 05: OK (198/420 steps)
[asrc_object_cadmag_folding_30env] task 7 trial 06: OK (206/420 steps)
[asrc_object_cadmag_folding_30env] task 7 trial 07: OK (191/420 steps)
[asrc_object_cadmag_folding_30env] task 7 trial 08: OK (210/420 steps)
[asrc_object_cadmag_folding_30env] task 7 trial 09: OK (206/420 steps)
[asrc_object_cadmag_folding_30env] task 7 trial 10: OK (213/420 steps)
[asrc_object_cadmag_folding_30env] task 7 trial 11: OK (187/420 steps)
[asrc_object_cadmag_folding_30env] task 7 trial 12: OK (213/420 steps)
[asrc_object_cadmag_folding_30env] task 7 trial 13: x (420/420 steps)
[asrc_object_cadmag_folding_30env] task 7 trial 14: OK (209/420 steps)
[info] using task orders [0, 1, 2, 3, 4, 5, 6, 7, 8, 9]
[asrc_object_cadmag_folding_30env] task 8 trial 00: x (420/420 steps)
[asrc_object_cadmag_folding_30env] task 8 trial 01: OK (222/420 steps)
[asrc_object_cadmag_folding_30env] task 8 trial 02: x (420/420 steps)
[asrc_object_cadmag_folding_30env] task 8 trial 03: OK (314/420 steps)
[asrc_object_cadmag_folding_30env] task 8 trial 04: OK (230/420 steps)
[asrc_object_cadmag_folding_30env] task 8 trial 05: OK (328/420 steps)
[asrc_object_cadmag_folding_30env] task 8 trial 06: x (420/420 steps)
[asrc_object_cadmag_folding_30env] task 8 trial 07: OK (222/420 steps)
[asrc_object_cadmag_folding_30env] task 8 trial 08: OK (225/420 steps)
[asrc_object_cadmag_folding_30env] task 8 trial 09: OK (229/420 steps)
[asrc_object_cadmag_folding_30env] task 8 trial 10: x (420/420 steps)
[asrc_object_cadmag_folding_30env] task 8 trial 11: OK (397/420 steps)
[asrc_object_cadmag_folding_30env] task 8 trial 12: OK (291/420 steps)
[asrc_object_cadmag_folding_30env] task 8 trial 13: OK (301/420 steps)
[asrc_object_cadmag_folding_30env] task 8 trial 14: OK (226/420 steps)
[info] using task orders [0, 1, 2, 3, 4, 5, 6, 7, 8, 9]
[asrc_object_cadmag_folding_30env] task 9 trial 00: x (420/420 steps)
[asrc_object_cadmag_folding_30env] task 9 trial 01: x (420/420 steps)
[asrc_object_cadmag_folding_30env] task 9 trial 02: OK (192/420 steps)
[asrc_object_cadmag_folding_30env] task 9 trial 03: OK (204/420 steps)
[asrc_object_cadmag_folding_30env] task 9 trial 04: x (420/420 steps)
[asrc_object_cadmag_folding_30env] task 9 trial 05: OK (271/420 steps)
[asrc_object_cadmag_folding_30env] task 9 trial 06: OK (192/420 steps)
[asrc_object_cadmag_folding_30env] task 9 trial 07: x (420/420 steps)
[asrc_object_cadmag_folding_30env] task 9 trial 08: x (420/420 steps)
[asrc_object_cadmag_folding_30env] task 9 trial 09: OK (173/420 steps)
[asrc_object_cadmag_folding_30env] task 9 trial 10: x (420/420 steps)
[asrc_object_cadmag_folding_30env] task 9 trial 11: x (420/420 steps)
[asrc_object_cadmag_folding_30env] task 9 trial 12: x (420/420 steps)
[asrc_object_cadmag_folding_30env] task 9 trial 13: OK (205/420 steps)
[asrc_object_cadmag_folding_30env] task 9 trial 14: OK (263/420 steps)
[asrc_object_cadmag_folding_30env] cadence check: 25773 policy queries, 12833 resolved intermediates, 53 starved of 38659 env steps
[asrc_object_cadmag_folding_30env] diagnostics: 120/150 ok | fail_at_cap=30 fail_early=0 | succ_median=207.0/420
--> asrc_object_cadmag_folding_30env: 80.0% (420 steps @ 30 Hz = 11.0 s, replan every 15)


============================================================
ARM asrc_object_cadmag_spline_30env
============================================================
[stats] asrc_object_cadmag_spline_30env: normalizing with lerobot/libero_object_image
Fetching 4 files:   0%|          | 0/4 [00:00<?, ?it/s]Fetching 4 files: 100%|██████████| 4/4 [00:00<00:00, 55188.21it/s]
Loading  HuggingFaceTB/SmolVLM2-500M-Video-Instruct weights ...
Loading weights:   0%|          | 0/489 [00:00<?, ?it/s]Loading weights: 100%|██████████| 489/489 [00:00<00:00, 5833.06it/s]
Reducing the number of VLM layers to 16 ...
Loading  HuggingFaceTB/SmolVLM2-500M-Video-Instruct weights ...
Loading weights:   0%|          | 0/489 [00:00<?, ?it/s]Loading weights: 100%|██████████| 489/489 [00:00<00:00, 5867.10it/s]
Reducing the number of VLM layers to 16 ...
Loading weights from local directory
[asrc_object_cadmag_spline_30env] variant=asrc n_fourier=6 re-integrates at 20.0 Hz (native ODE re-integration, NOT alias folding)
[asrc_object_cadmag_spline_30env] spline resample -> 75 steps, pose deltas rescaled
[asrc_object_cadmag_spline_30env] magscale: raw pose deltas x1.5 (restores native per-step travel)
[asrc_object_cadmag_spline_30env] resolved-cadence: 20 Hz decisions in a 30 Hz sim (1 query per 1.5 env steps, NON-INTEGER: integer hold cannot express this); intermediates taken from the plan
[info] using task orders [0, 1, 2, 3, 4, 5, 6, 7, 8, 9]
[asrc_object_cadmag_spline_30env] settle window scaled to 15 steps (0.50 s at 30 Hz)
[asrc_object_cadmag_spline_30env] task 0 trial 00: x (420/420 steps)
[asrc_object_cadmag_spline_30env] task 0 trial 01: OK (200/420 steps)
[asrc_object_cadmag_spline_30env] task 0 trial 02: OK (207/420 steps)
[asrc_object_cadmag_spline_30env] task 0 trial 03: OK (301/420 steps)
[asrc_object_cadmag_spline_30env] task 0 trial 04: OK (310/420 steps)
[asrc_object_cadmag_spline_30env] task 0 trial 05: OK (274/420 steps)
[asrc_object_cadmag_spline_30env] task 0 trial 06: OK (200/420 steps)
[asrc_object_cadmag_spline_30env] task 0 trial 07: OK (220/420 steps)
[asrc_object_cadmag_spline_30env] task 0 trial 08: OK (248/420 steps)
[asrc_object_cadmag_spline_30env] task 0 trial 09: OK (201/420 steps)
[asrc_object_cadmag_spline_30env] task 0 trial 10: OK (219/420 steps)
[asrc_object_cadmag_spline_30env] task 0 trial 11: OK (209/420 steps)
[asrc_object_cadmag_spline_30env] task 0 trial 12: x (420/420 steps)
[asrc_object_cadmag_spline_30env] task 0 trial 13: OK (196/420 steps)
[asrc_object_cadmag_spline_30env] task 0 trial 14: x (420/420 steps)
[info] using task orders [0, 1, 2, 3, 4, 5, 6, 7, 8, 9]
[asrc_object_cadmag_spline_30env] task 1 trial 00: x (420/420 steps)
[asrc_object_cadmag_spline_30env] task 1 trial 01: OK (197/420 steps)
[asrc_object_cadmag_spline_30env] task 1 trial 02: OK (241/420 steps)
[asrc_object_cadmag_spline_30env] task 1 trial 03: OK (240/420 steps)
[asrc_object_cadmag_spline_30env] task 1 trial 04: OK (292/420 steps)
[asrc_object_cadmag_spline_30env] task 1 trial 05: x (420/420 steps)
[asrc_object_cadmag_spline_30env] task 1 trial 06: OK (182/420 steps)
[asrc_object_cadmag_spline_30env] task 1 trial 07: OK (242/420 steps)
[asrc_object_cadmag_spline_30env] task 1 trial 08: x (420/420 steps)
[asrc_object_cadmag_spline_30env] task 1 trial 09: x (420/420 steps)
[asrc_object_cadmag_spline_30env] task 1 trial 10: OK (290/420 steps)
[asrc_object_cadmag_spline_30env] task 1 trial 11: x (420/420 steps)
[asrc_object_cadmag_spline_30env] task 1 trial 12: OK (406/420 steps)
[asrc_object_cadmag_spline_30env] task 1 trial 13: OK (249/420 steps)
[asrc_object_cadmag_spline_30env] task 1 trial 14: x (420/420 steps)
[info] using task orders [0, 1, 2, 3, 4, 5, 6, 7, 8, 9]
[asrc_object_cadmag_spline_30env] task 2 trial 00: OK (171/420 steps)
[asrc_object_cadmag_spline_30env] task 2 trial 01: x (420/420 steps)
[asrc_object_cadmag_spline_30env] task 2 trial 02: OK (174/420 steps)
[asrc_object_cadmag_spline_30env] task 2 trial 03: OK (175/420 steps)
[asrc_object_cadmag_spline_30env] task 2 trial 04: OK (164/420 steps)
[asrc_object_cadmag_spline_30env] task 2 trial 05: OK (182/420 steps)
[asrc_object_cadmag_spline_30env] task 2 trial 06: OK (183/420 steps)
[asrc_object_cadmag_spline_30env] task 2 trial 07: OK (167/420 steps)
[asrc_object_cadmag_spline_30env] task 2 trial 08: OK (188/420 steps)
[asrc_object_cadmag_spline_30env] task 2 trial 09: OK (160/420 steps)
[asrc_object_cadmag_spline_30env] task 2 trial 10: OK (229/420 steps)
[asrc_object_cadmag_spline_30env] task 2 trial 11: OK (168/420 steps)
[asrc_object_cadmag_spline_30env] task 2 trial 12: OK (176/420 steps)
[asrc_object_cadmag_spline_30env] task 2 trial 13: OK (166/420 steps)
[asrc_object_cadmag_spline_30env] task 2 trial 14: OK (184/420 steps)
[info] using task orders [0, 1, 2, 3, 4, 5, 6, 7, 8, 9]
[asrc_object_cadmag_spline_30env] task 3 trial 00: OK (182/420 steps)
[asrc_object_cadmag_spline_30env] task 3 trial 01: OK (175/420 steps)
[asrc_object_cadmag_spline_30env] task 3 trial 02: OK (179/420 steps)
[asrc_object_cadmag_spline_30env] task 3 trial 03: OK (185/420 steps)
[asrc_object_cadmag_spline_30env] task 3 trial 04: OK (201/420 steps)
[asrc_object_cadmag_spline_30env] task 3 trial 05: OK (185/420 steps)
[asrc_object_cadmag_spline_30env] task 3 trial 06: OK (189/420 steps)
[asrc_object_cadmag_spline_30env] task 3 trial 07: OK (180/420 steps)
[asrc_object_cadmag_spline_30env] task 3 trial 08: OK (178/420 steps)
[asrc_object_cadmag_spline_30env] task 3 trial 09: OK (193/420 steps)
[asrc_object_cadmag_spline_30env] task 3 trial 10: OK (195/420 steps)
[asrc_object_cadmag_spline_30env] task 3 trial 11: OK (235/420 steps)
[asrc_object_cadmag_spline_30env] task 3 trial 12: OK (185/420 steps)
[asrc_object_cadmag_spline_30env] task 3 trial 13: OK (186/420 steps)
[asrc_object_cadmag_spline_30env] task 3 trial 14: x (420/420 steps)
[info] using task orders [0, 1, 2, 3, 4, 5, 6, 7, 8, 9]
[asrc_object_cadmag_spline_30env] task 4 trial 00: OK (209/420 steps)
[asrc_object_cadmag_spline_30env] task 4 trial 01: OK (231/420 steps)
[asrc_object_cadmag_spline_30env] task 4 trial 02: OK (202/420 steps)
[asrc_object_cadmag_spline_30env] task 4 trial 03: OK (214/420 steps)
[asrc_object_cadmag_spline_30env] task 4 trial 04: OK (198/420 steps)
[asrc_object_cadmag_spline_30env] task 4 trial 05: OK (203/420 steps)
[asrc_object_cadmag_spline_30env] task 4 trial 06: OK (202/420 steps)
[asrc_object_cadmag_spline_30env] task 4 trial 07: OK (204/420 steps)
[asrc_object_cadmag_spline_30env] task 4 trial 08: OK (199/420 steps)
[asrc_object_cadmag_spline_30env] task 4 trial 09: OK (213/420 steps)
[asrc_object_cadmag_spline_30env] task 4 trial 10: OK (203/420 steps)
[asrc_object_cadmag_spline_30env] task 4 trial 11: OK (299/420 steps)
[asrc_object_cadmag_spline_30env] task 4 trial 12: OK (208/420 steps)
[asrc_object_cadmag_spline_30env] task 4 trial 13: x (420/420 steps)
[asrc_object_cadmag_spline_30env] task 4 trial 14: OK (212/420 steps)
[info] using task orders [0, 1, 2, 3, 4, 5, 6, 7, 8, 9]
[asrc_object_cadmag_spline_30env] task 5 trial 00: OK (193/420 steps)
[asrc_object_cadmag_spline_30env] task 5 trial 01: OK (178/420 steps)
[asrc_object_cadmag_spline_30env] task 5 trial 02: OK (192/420 steps)
[asrc_object_cadmag_spline_30env] task 5 trial 03: OK (187/420 steps)
[asrc_object_cadmag_spline_30env] task 5 trial 04: OK (181/420 steps)
[asrc_object_cadmag_spline_30env] task 5 trial 05: OK (193/420 steps)
[asrc_object_cadmag_spline_30env] task 5 trial 06: OK (182/420 steps)
[asrc_object_cadmag_spline_30env] task 5 trial 07: OK (251/420 steps)
[asrc_object_cadmag_spline_30env] task 5 trial 08: OK (189/420 steps)
[asrc_object_cadmag_spline_30env] task 5 trial 09: OK (160/420 steps)
[asrc_object_cadmag_spline_30env] task 5 trial 10: x (420/420 steps)
[asrc_object_cadmag_spline_30env] task 5 trial 11: OK (200/420 steps)
[asrc_object_cadmag_spline_30env] task 5 trial 12: OK (190/420 steps)
[asrc_object_cadmag_spline_30env] task 5 trial 13: OK (178/420 steps)
[asrc_object_cadmag_spline_30env] task 5 trial 14: x (420/420 steps)
[info] using task orders [0, 1, 2, 3, 4, 5, 6, 7, 8, 9]
[asrc_object_cadmag_spline_30env] task 6 trial 00: OK (232/420 steps)
[asrc_object_cadmag_spline_30env] task 6 trial 01: OK (243/420 steps)
[asrc_object_cadmag_spline_30env] task 6 trial 02: OK (207/420 steps)
[asrc_object_cadmag_spline_30env] task 6 trial 03: x (420/420 steps)
[asrc_object_cadmag_spline_30env] task 6 trial 04: OK (219/420 steps)
[asrc_object_cadmag_spline_30env] task 6 trial 05: OK (217/420 steps)
[asrc_object_cadmag_spline_30env] task 6 trial 06: OK (221/420 steps)
[asrc_object_cadmag_spline_30env] task 6 trial 07: OK (210/420 steps)
[asrc_object_cadmag_spline_30env] task 6 trial 08: OK (228/420 steps)
[asrc_object_cadmag_spline_30env] task 6 trial 09: OK (215/420 steps)
[asrc_object_cadmag_spline_30env] task 6 trial 10: OK (224/420 steps)
[asrc_object_cadmag_spline_30env] task 6 trial 11: OK (207/420 steps)
[asrc_object_cadmag_spline_30env] task 6 trial 12: OK (231/420 steps)
[asrc_object_cadmag_spline_30env] task 6 trial 13: OK (216/420 steps)
[asrc_object_cadmag_spline_30env] task 6 trial 14: OK (206/420 steps)
[info] using task orders [0, 1, 2, 3, 4, 5, 6, 7, 8, 9]
[asrc_object_cadmag_spline_30env] task 7 trial 00: x (420/420 steps)
[asrc_object_cadmag_spline_30env] task 7 trial 01: x (420/420 steps)
[asrc_object_cadmag_spline_30env] task 7 trial 02: x (420/420 steps)
[asrc_object_cadmag_spline_30env] task 7 trial 03: x (420/420 steps)
[asrc_object_cadmag_spline_30env] task 7 trial 04: OK (204/420 steps)
[asrc_object_cadmag_spline_30env] task 7 trial 05: OK (204/420 steps)
[asrc_object_cadmag_spline_30env] task 7 trial 06: OK (217/420 steps)
[asrc_object_cadmag_spline_30env] task 7 trial 07: x (420/420 steps)
[asrc_object_cadmag_spline_30env] task 7 trial 08: OK (206/420 steps)
[asrc_object_cadmag_spline_30env] task 7 trial 09: OK (205/420 steps)
[asrc_object_cadmag_spline_30env] task 7 trial 10: OK (199/420 steps)
[asrc_object_cadmag_spline_30env] task 7 trial 11: x (420/420 steps)
[asrc_object_cadmag_spline_30env] task 7 trial 12: OK (214/420 steps)
[asrc_object_cadmag_spline_30env] task 7 trial 13: x (420/420 steps)
[asrc_object_cadmag_spline_30env] task 7 trial 14: OK (213/420 steps)
[info] using task orders [0, 1, 2, 3, 4, 5, 6, 7, 8, 9]
[asrc_object_cadmag_spline_30env] task 8 trial 00: OK (346/420 steps)
[asrc_object_cadmag_spline_30env] task 8 trial 01: OK (219/420 steps)
[asrc_object_cadmag_spline_30env] task 8 trial 02: OK (230/420 steps)
[asrc_object_cadmag_spline_30env] task 8 trial 03: OK (301/420 steps)
[asrc_object_cadmag_spline_30env] task 8 trial 04: OK (231/420 steps)
[asrc_object_cadmag_spline_30env] task 8 trial 05: x (420/420 steps)
[asrc_object_cadmag_spline_30env] task 8 trial 06: x (420/420 steps)
[asrc_object_cadmag_spline_30env] task 8 trial 07: OK (224/420 steps)
[asrc_object_cadmag_spline_30env] task 8 trial 08: OK (304/420 steps)
[asrc_object_cadmag_spline_30env] task 8 trial 09: OK (223/420 steps)
[asrc_object_cadmag_spline_30env] task 8 trial 10: OK (227/420 steps)
[asrc_object_cadmag_spline_30env] task 8 trial 11: OK (301/420 steps)
[asrc_object_cadmag_spline_30env] task 8 trial 12: OK (284/420 steps)
[asrc_object_cadmag_spline_30env] task 8 trial 13: x (420/420 steps)
[asrc_object_cadmag_spline_30env] task 8 trial 14: OK (218/420 steps)
[info] using task orders [0, 1, 2, 3, 4, 5, 6, 7, 8, 9]
[asrc_object_cadmag_spline_30env] task 9 trial 00: x (420/420 steps)
[asrc_object_cadmag_spline_30env] task 9 trial 01: x (420/420 steps)
[asrc_object_cadmag_spline_30env] task 9 trial 02: x (420/420 steps)
[asrc_object_cadmag_spline_30env] task 9 trial 03: OK (195/420 steps)
[asrc_object_cadmag_spline_30env] task 9 trial 04: x (420/420 steps)
[asrc_object_cadmag_spline_30env] task 9 trial 05: x (420/420 steps)
[asrc_object_cadmag_spline_30env] task 9 trial 06: OK (176/420 steps)
[asrc_object_cadmag_spline_30env] task 9 trial 07: OK (199/420 steps)
[asrc_object_cadmag_spline_30env] task 9 trial 08: x (420/420 steps)
[asrc_object_cadmag_spline_30env] task 9 trial 09: OK (211/420 steps)
[asrc_object_cadmag_spline_30env] task 9 trial 10: x (420/420 steps)
[asrc_object_cadmag_spline_30env] task 9 trial 11: OK (200/420 steps)
[asrc_object_cadmag_spline_30env] task 9 trial 12: x (420/420 steps)
[asrc_object_cadmag_spline_30env] task 9 trial 13: OK (202/420 steps)
[asrc_object_cadmag_spline_30env] task 9 trial 14: x (420/420 steps)
[asrc_object_cadmag_spline_30env] cadence check: 26026 policy queries, 12980 resolved intermediates, 33 starved of 39039 env steps
[asrc_object_cadmag_spline_30env] diagnostics: 116/150 ok | fail_at_cap=34 fail_early=0 | succ_median=204.0/420
--> asrc_object_cadmag_spline_30env: 77.3% (420 steps @ 30 Hz = 11.0 s, replan every 15)


============================================================
ARM asrc_object_native_20env
============================================================
[stats] asrc_object_native_20env: normalizing with lerobot/libero_object_image
Fetching 4 files:   0%|          | 0/4 [00:00<?, ?it/s]Fetching 4 files: 100%|██████████| 4/4 [00:00<00:00, 84733.41it/s]
Loading  HuggingFaceTB/SmolVLM2-500M-Video-Instruct weights ...
Loading weights:   0%|          | 0/489 [00:00<?, ?it/s]Loading weights: 100%|██████████| 489/489 [00:00<00:00, 5674.02it/s]
Reducing the number of VLM layers to 16 ...
Loading  HuggingFaceTB/SmolVLM2-500M-Video-Instruct weights ...
Loading weights:   0%|          | 0/489 [00:00<?, ?it/s]Loading weights: 100%|██████████| 489/489 [00:00<00:00, 5440.67it/s]
Reducing the number of VLM layers to 16 ...
Loading weights from local directory
[asrc_object_native_20env] variant=asrc n_fourier=6 re-integrates at 20.0 Hz (native ODE re-integration, NOT alias folding)
[info] using task orders [0, 1, 2, 3, 4, 5, 6, 7, 8, 9]
[asrc_object_native_20env] settle window scaled to 10 steps (0.50 s at 20 Hz)
[asrc_object_native_20env] task 0 trial 00: x (280/280 steps)
[asrc_object_native_20env] task 0 trial 01: OK (134/280 steps)
[asrc_object_native_20env] task 0 trial 02: OK (144/280 steps)
[asrc_object_native_20env] task 0 trial 03: x (280/280 steps)
[asrc_object_native_20env] task 0 trial 04: x (280/280 steps)
[asrc_object_native_20env] task 0 trial 05: x (280/280 steps)
[asrc_object_native_20env] task 0 trial 06: OK (142/280 steps)
[asrc_object_native_20env] task 0 trial 07: OK (142/280 steps)
[asrc_object_native_20env] task 0 trial 08: OK (125/280 steps)
[asrc_object_native_20env] task 0 trial 09: OK (141/280 steps)
[asrc_object_native_20env] task 0 trial 10: OK (133/280 steps)
[asrc_object_native_20env] task 0 trial 11: OK (135/280 steps)
[asrc_object_native_20env] task 0 trial 12: OK (126/280 steps)
[asrc_object_native_20env] task 0 trial 13: OK (143/280 steps)
[asrc_object_native_20env] task 0 trial 14: OK (129/280 steps)
[info] using task orders [0, 1, 2, 3, 4, 5, 6, 7, 8, 9]
[asrc_object_native_20env] task 1 trial 00: OK (201/280 steps)
[asrc_object_native_20env] task 1 trial 01: OK (156/280 steps)
[asrc_object_native_20env] task 1 trial 02: x (280/280 steps)
[asrc_object_native_20env] task 1 trial 03: OK (200/280 steps)
[asrc_object_native_20env] task 1 trial 04: x (280/280 steps)
[asrc_object_native_20env] task 1 trial 05: OK (166/280 steps)
[asrc_object_native_20env] task 1 trial 06: OK (121/280 steps)
[asrc_object_native_20env] task 1 trial 07: OK (226/280 steps)
[asrc_object_native_20env] task 1 trial 08: OK (242/280 steps)
[asrc_object_native_20env] task 1 trial 09: x (280/280 steps)
[asrc_object_native_20env] task 1 trial 10: OK (222/280 steps)
[asrc_object_native_20env] task 1 trial 11: OK (226/280 steps)
[asrc_object_native_20env] task 1 trial 12: x (280/280 steps)
[asrc_object_native_20env] task 1 trial 13: OK (162/280 steps)
[asrc_object_native_20env] task 1 trial 14: x (280/280 steps)
[info] using task orders [0, 1, 2, 3, 4, 5, 6, 7, 8, 9]
[asrc_object_native_20env] task 2 trial 00: OK (116/280 steps)
[asrc_object_native_20env] task 2 trial 01: OK (116/280 steps)
[asrc_object_native_20env] task 2 trial 02: OK (115/280 steps)
[asrc_object_native_20env] task 2 trial 03: OK (118/280 steps)
[asrc_object_native_20env] task 2 trial 04: OK (112/280 steps)
[asrc_object_native_20env] task 2 trial 05: OK (120/280 steps)
[asrc_object_native_20env] task 2 trial 06: OK (120/280 steps)
[asrc_object_native_20env] task 2 trial 07: OK (109/280 steps)
[asrc_object_native_20env] task 2 trial 08: OK (110/280 steps)
[asrc_object_native_20env] task 2 trial 09: OK (116/280 steps)
[asrc_object_native_20env] task 2 trial 10: OK (115/280 steps)
[asrc_object_native_20env] task 2 trial 11: OK (111/280 steps)
[asrc_object_native_20env] task 2 trial 12: OK (111/280 steps)
[asrc_object_native_20env] task 2 trial 13: OK (111/280 steps)
[asrc_object_native_20env] task 2 trial 14: x (280/280 steps)
[info] using task orders [0, 1, 2, 3, 4, 5, 6, 7, 8, 9]
[asrc_object_native_20env] task 3 trial 00: OK (119/280 steps)
[asrc_object_native_20env] task 3 trial 01: OK (122/280 steps)
[asrc_object_native_20env] task 3 trial 02: OK (120/280 steps)
[asrc_object_native_20env] task 3 trial 03: OK (122/280 steps)
[asrc_object_native_20env] task 3 trial 04: OK (129/280 steps)
[asrc_object_native_20env] task 3 trial 05: OK (122/280 steps)
[asrc_object_native_20env] task 3 trial 06: OK (125/280 steps)
[asrc_object_native_20env] task 3 trial 07: OK (121/280 steps)
[asrc_object_native_20env] task 3 trial 08: OK (118/280 steps)
[asrc_object_native_20env] task 3 trial 09: OK (132/280 steps)
[asrc_object_native_20env] task 3 trial 10: OK (126/280 steps)
[asrc_object_native_20env] task 3 trial 11: OK (179/280 steps)
[asrc_object_native_20env] task 3 trial 12: OK (122/280 steps)
[asrc_object_native_20env] task 3 trial 13: OK (122/280 steps)
[asrc_object_native_20env] task 3 trial 14: x (280/280 steps)
[info] using task orders [0, 1, 2, 3, 4, 5, 6, 7, 8, 9]
[asrc_object_native_20env] task 4 trial 00: OK (133/280 steps)
[asrc_object_native_20env] task 4 trial 01: OK (133/280 steps)
[asrc_object_native_20env] task 4 trial 02: OK (131/280 steps)
[asrc_object_native_20env] task 4 trial 03: OK (137/280 steps)
[asrc_object_native_20env] task 4 trial 04: OK (132/280 steps)
[asrc_object_native_20env] task 4 trial 05: OK (135/280 steps)
[asrc_object_native_20env] task 4 trial 06: OK (132/280 steps)
[asrc_object_native_20env] task 4 trial 07: OK (134/280 steps)
[asrc_object_native_20env] task 4 trial 08: OK (135/280 steps)
[asrc_object_native_20env] task 4 trial 09: OK (134/280 steps)
[asrc_object_native_20env] task 4 trial 10: OK (132/280 steps)
[asrc_object_native_20env] task 4 trial 11: OK (132/280 steps)
[asrc_object_native_20env] task 4 trial 12: OK (133/280 steps)
[asrc_object_native_20env] task 4 trial 13: OK (142/280 steps)
[asrc_object_native_20env] task 4 trial 14: OK (144/280 steps)
[info] using task orders [0, 1, 2, 3, 4, 5, 6, 7, 8, 9]
[asrc_object_native_20env] task 5 trial 00: OK (125/280 steps)
[asrc_object_native_20env] task 5 trial 01: OK (116/280 steps)
[asrc_object_native_20env] task 5 trial 02: OK (126/280 steps)
[asrc_object_native_20env] task 5 trial 03: OK (127/280 steps)
[asrc_object_native_20env] task 5 trial 04: OK (119/280 steps)
[asrc_object_native_20env] task 5 trial 05: OK (129/280 steps)
[asrc_object_native_20env] task 5 trial 06: OK (118/280 steps)
[asrc_object_native_20env] task 5 trial 07: OK (166/280 steps)
[asrc_object_native_20env] task 5 trial 08: OK (120/280 steps)
[asrc_object_native_20env] task 5 trial 09: OK (119/280 steps)
[asrc_object_native_20env] task 5 trial 10: OK (238/280 steps)
[asrc_object_native_20env] task 5 trial 11: OK (132/280 steps)
[asrc_object_native_20env] task 5 trial 12: OK (168/280 steps)
[asrc_object_native_20env] task 5 trial 13: OK (128/280 steps)
[asrc_object_native_20env] task 5 trial 14: x (280/280 steps)
[info] using task orders [0, 1, 2, 3, 4, 5, 6, 7, 8, 9]
[asrc_object_native_20env] task 6 trial 00: OK (152/280 steps)
[asrc_object_native_20env] task 6 trial 01: OK (154/280 steps)
[asrc_object_native_20env] task 6 trial 02: OK (146/280 steps)
[asrc_object_native_20env] task 6 trial 03: OK (148/280 steps)
[asrc_object_native_20env] task 6 trial 04: OK (145/280 steps)
[asrc_object_native_20env] task 6 trial 05: OK (141/280 steps)
[asrc_object_native_20env] task 6 trial 06: OK (151/280 steps)
[asrc_object_native_20env] task 6 trial 07: OK (141/280 steps)
[asrc_object_native_20env] task 6 trial 08: OK (151/280 steps)
[asrc_object_native_20env] task 6 trial 09: OK (150/280 steps)
[asrc_object_native_20env] task 6 trial 10: OK (143/280 steps)
[asrc_object_native_20env] task 6 trial 11: OK (156/280 steps)
[asrc_object_native_20env] task 6 trial 12: OK (152/280 steps)
[asrc_object_native_20env] task 6 trial 13: OK (144/280 steps)
[asrc_object_native_20env] task 6 trial 14: OK (146/280 steps)
[info] using task orders [0, 1, 2, 3, 4, 5, 6, 7, 8, 9]
[asrc_object_native_20env] task 7 trial 00: x (280/280 steps)
[asrc_object_native_20env] task 7 trial 01: x (280/280 steps)
[asrc_object_native_20env] task 7 trial 02: OK (194/280 steps)
[asrc_object_native_20env] task 7 trial 03: x (280/280 steps)
[asrc_object_native_20env] task 7 trial 04: OK (135/280 steps)
[asrc_object_native_20env] task 7 trial 05: OK (166/280 steps)
[asrc_object_native_20env] task 7 trial 06: OK (138/280 steps)
[asrc_object_native_20env] task 7 trial 07: x (280/280 steps)
[asrc_object_native_20env] task 7 trial 08: OK (137/280 steps)
[asrc_object_native_20env] task 7 trial 09: x (280/280 steps)
[asrc_object_native_20env] task 7 trial 10: x (280/280 steps)
[asrc_object_native_20env] task 7 trial 11: x (280/280 steps)
[asrc_object_native_20env] task 7 trial 12: x (280/280 steps)
[asrc_object_native_20env] task 7 trial 13: OK (138/280 steps)
[asrc_object_native_20env] task 7 trial 14: OK (139/280 steps)
[info] using task orders [0, 1, 2, 3, 4, 5, 6, 7, 8, 9]
[asrc_object_native_20env] task 8 trial 00: x (280/280 steps)
[asrc_object_native_20env] task 8 trial 01: OK (145/280 steps)
[asrc_object_native_20env] task 8 trial 02: x (280/280 steps)
[asrc_object_native_20env] task 8 trial 03: OK (150/280 steps)
[asrc_object_native_20env] task 8 trial 04: OK (154/280 steps)
[asrc_object_native_20env] task 8 trial 05: x (280/280 steps)
[asrc_object_native_20env] task 8 trial 06: OK (193/280 steps)
[asrc_object_native_20env] task 8 trial 07: OK (150/280 steps)
[asrc_object_native_20env] task 8 trial 08: OK (150/280 steps)
[asrc_object_native_20env] task 8 trial 09: OK (151/280 steps)
[asrc_object_native_20env] task 8 trial 10: OK (147/280 steps)
[asrc_object_native_20env] task 8 trial 11: OK (200/280 steps)
[asrc_object_native_20env] task 8 trial 12: OK (151/280 steps)
[asrc_object_native_20env] task 8 trial 13: OK (152/280 steps)
[asrc_object_native_20env] task 8 trial 14: OK (147/280 steps)
[info] using task orders [0, 1, 2, 3, 4, 5, 6, 7, 8, 9]
[asrc_object_native_20env] task 9 trial 00: OK (116/280 steps)
[asrc_object_native_20env] task 9 trial 01: OK (130/280 steps)
[asrc_object_native_20env] task 9 trial 02: OK (127/280 steps)
[asrc_object_native_20env] task 9 trial 03: OK (133/280 steps)
[asrc_object_native_20env] task 9 trial 04: OK (144/280 steps)
[asrc_object_native_20env] task 9 trial 05: OK (177/280 steps)
[asrc_object_native_20env] task 9 trial 06: OK (122/280 steps)
[asrc_object_native_20env] task 9 trial 07: OK (171/280 steps)
[asrc_object_native_20env] task 9 trial 08: OK (118/280 steps)
[asrc_object_native_20env] task 9 trial 09: OK (113/280 steps)
[asrc_object_native_20env] task 9 trial 10: x (280/280 steps)
[asrc_object_native_20env] task 9 trial 11: OK (128/280 steps)
[asrc_object_native_20env] task 9 trial 12: x (280/280 steps)
[asrc_object_native_20env] task 9 trial 13: OK (152/280 steps)
[asrc_object_native_20env] task 9 trial 14: x (280/280 steps)
[asrc_object_native_20env] diagnostics: 124/150 ok | fail_at_cap=26 fail_early=0 | succ_median=134.5/280
--> asrc_object_native_20env: 82.7% (280 steps @ 20 Hz = 11.0 s, replan every 10)


SUMMARY (matched wall-clock, chunk-driven replan)
  asrc_object_cadmag_folding_30env  80.0%
  asrc_object_cadmag_spline_30env  77.3%
  asrc_object_native_20env  82.7%
