[replan] OVERRIDE: 50 env steps (default would be 10 at 20 Hz)
[suite] libero_object -> ol_v2_object_native_20env_out/multirate_libero_object.json
[robosuite WARNING] No private macro file found! (__init__.py:7)
WARNING:robosuite_logs:No private macro file found!
[robosuite WARNING] It is recommended to use a private macro file (__init__.py:8)
WARNING:robosuite_logs:It is recommended to use a private macro file
[robosuite WARNING] To setup, run: python /home/user/anaconda3/envs/vla_smolvla_libero/lib/python3.12/site-packages/robosuite/scripts/setup_macros.py (__init__.py:9)
WARNING:robosuite_logs:To setup, run: python /home/user/anaconda3/envs/vla_smolvla_libero/lib/python3.12/site-packages/robosuite/scripts/setup_macros.py

============================================================
ARM v2_object_native_20env
============================================================
[stats] v2_object_native_20env: normalizing with lerobot/libero_object_image
Fetching 4 files:   0%|          | 0/4 [00:00<?, ?it/s]Fetching 4 files: 100%|██████████| 4/4 [00:00<00:00, 101067.57it/s]
Warning: You are sending unauthenticated requests to the HF Hub. Please set a HF_TOKEN to enable higher rate limits and faster downloads.
WARNING:huggingface_hub.utils._http:Warning: You are sending unauthenticated requests to the HF Hub. Please set a HF_TOKEN to enable higher rate limits and faster downloads.
`torch_dtype` is deprecated! Use `dtype` instead!
Loading  HuggingFaceTB/SmolVLM2-500M-Video-Instruct weights ...
Loading weights:   0%|          | 0/489 [00:00<?, ?it/s]Loading weights: 100%|██████████| 489/489 [00:00<00:00, 6192.13it/s]
Reducing the number of VLM layers to 16 ...
Loading  HuggingFaceTB/SmolVLM2-500M-Video-Instruct weights ...
Loading weights:   0%|          | 0/489 [00:00<?, ?it/s]Loading weights: 100%|██████████| 489/489 [00:00<00:00, 7967.12it/s]
Reducing the number of VLM layers to 16 ...
Loading weights from local directory
[info] using task orders [0, 1, 2, 3, 4, 5, 6, 7, 8, 9]
Local assets not found. Downloading from HuggingFace Hub...
Assets already downloaded at /home/user/.cache/libero/assets
[v2_object_native_20env] settle window scaled to 10 steps (0.50 s at 20 Hz)
[v2_object_native_20env] task 0 trial 00: OK (143/280 steps)
[v2_object_native_20env] task 0 trial 01: x (280/280 steps)
[v2_object_native_20env] task 0 trial 02: x (280/280 steps)
[v2_object_native_20env] task 0 trial 03: OK (140/280 steps)
[v2_object_native_20env] task 0 trial 04: OK (141/280 steps)
[v2_object_native_20env] task 0 trial 05: x (280/280 steps)
[v2_object_native_20env] task 0 trial 06: OK (148/280 steps)
[v2_object_native_20env] task 0 trial 07: x (280/280 steps)
[v2_object_native_20env] task 0 trial 08: x (280/280 steps)
[v2_object_native_20env] task 0 trial 09: OK (144/280 steps)
[v2_object_native_20env] task 0 trial 10: x (280/280 steps)
[v2_object_native_20env] task 0 trial 11: x (280/280 steps)
[v2_object_native_20env] task 0 trial 12: x (280/280 steps)
[v2_object_native_20env] task 0 trial 13: x (280/280 steps)
[v2_object_native_20env] task 0 trial 14: x (280/280 steps)
[v2_object_native_20env] task 0 trial 15: x (280/280 steps)
[v2_object_native_20env] task 0 trial 16: x (280/280 steps)
[v2_object_native_20env] task 0 trial 17: x (280/280 steps)
[v2_object_native_20env] task 0 trial 18: x (280/280 steps)
[v2_object_native_20env] task 0 trial 19: OK (144/280 steps)
[v2_object_native_20env] task 0 trial 20: x (280/280 steps)
[v2_object_native_20env] task 0 trial 21: OK (142/280 steps)
[v2_object_native_20env] task 0 trial 22: OK (143/280 steps)
[v2_object_native_20env] task 0 trial 23: x (280/280 steps)
[v2_object_native_20env] task 0 trial 24: x (280/280 steps)
[v2_object_native_20env] task 0 trial 25: OK (145/280 steps)
[v2_object_native_20env] task 0 trial 26: x (280/280 steps)
[v2_object_native_20env] task 0 trial 27: x (280/280 steps)
[v2_object_native_20env] task 0 trial 28: x (280/280 steps)
[v2_object_native_20env] task 0 trial 29: OK (127/280 steps)
[info] using task orders [0, 1, 2, 3, 4, 5, 6, 7, 8, 9]
[v2_object_native_20env] task 1 trial 00: x (280/280 steps)
[v2_object_native_20env] task 1 trial 01: OK (122/280 steps)
[v2_object_native_20env] task 1 trial 02: x (280/280 steps)
[v2_object_native_20env] task 1 trial 03: x (280/280 steps)
[v2_object_native_20env] task 1 trial 04: x (280/280 steps)
[v2_object_native_20env] task 1 trial 05: x (280/280 steps)
[v2_object_native_20env] task 1 trial 06: x (280/280 steps)
[v2_object_native_20env] task 1 trial 07: x (280/280 steps)
[v2_object_native_20env] task 1 trial 08: x (280/280 steps)
[v2_object_native_20env] task 1 trial 09: x (280/280 steps)
[v2_object_native_20env] task 1 trial 10: x (280/280 steps)
[v2_object_native_20env] task 1 trial 11: x (280/280 steps)
[v2_object_native_20env] task 1 trial 12: x (280/280 steps)
[v2_object_native_20env] task 1 trial 13: x (280/280 steps)
[v2_object_native_20env] task 1 trial 14: x (280/280 steps)
[v2_object_native_20env] task 1 trial 15: x (280/280 steps)
[v2_object_native_20env] task 1 trial 16: x (280/280 steps)
[v2_object_native_20env] task 1 trial 17: OK (131/280 steps)
[v2_object_native_20env] task 1 trial 18: x (280/280 steps)
[v2_object_native_20env] task 1 trial 19: x (280/280 steps)
[v2_object_native_20env] task 1 trial 20: x (280/280 steps)
[v2_object_native_20env] task 1 trial 21: x (280/280 steps)
[v2_object_native_20env] task 1 trial 22: x (280/280 steps)
[v2_object_native_20env] task 1 trial 23: x (280/280 steps)
[v2_object_native_20env] task 1 trial 24: x (280/280 steps)
[v2_object_native_20env] task 1 trial 25: x (280/280 steps)
[v2_object_native_20env] task 1 trial 26: x (280/280 steps)
[v2_object_native_20env] task 1 trial 27: x (280/280 steps)
[v2_object_native_20env] task 1 trial 28: x (280/280 steps)
[v2_object_native_20env] task 1 trial 29: x (280/280 steps)
[info] using task orders [0, 1, 2, 3, 4, 5, 6, 7, 8, 9]
[v2_object_native_20env] task 2 trial 00: x (280/280 steps)
[v2_object_native_20env] task 2 trial 01: x (280/280 steps)
[v2_object_native_20env] task 2 trial 02: OK (117/280 steps)
[v2_object_native_20env] task 2 trial 03: x (280/280 steps)
[v2_object_native_20env] task 2 trial 04: OK (128/280 steps)
[v2_object_native_20env] task 2 trial 05: OK (125/280 steps)
[v2_object_native_20env] task 2 trial 06: x (280/280 steps)
[v2_object_native_20env] task 2 trial 07: OK (122/280 steps)
[v2_object_native_20env] task 2 trial 08: x (280/280 steps)
[v2_object_native_20env] task 2 trial 09: x (280/280 steps)
[v2_object_native_20env] task 2 trial 10: OK (125/280 steps)
[v2_object_native_20env] task 2 trial 11: x (280/280 steps)
[v2_object_native_20env] task 2 trial 12: x (280/280 steps)
[v2_object_native_20env] task 2 trial 13: OK (110/280 steps)
[v2_object_native_20env] task 2 trial 14: OK (125/280 steps)
[v2_object_native_20env] task 2 trial 15: OK (183/280 steps)
[v2_object_native_20env] task 2 trial 16: OK (133/280 steps)
[v2_object_native_20env] task 2 trial 17: OK (120/280 steps)
[v2_object_native_20env] task 2 trial 18: x (280/280 steps)
[v2_object_native_20env] task 2 trial 19: x (280/280 steps)
[v2_object_native_20env] task 2 trial 20: OK (119/280 steps)
[v2_object_native_20env] task 2 trial 21: x (280/280 steps)
[v2_object_native_20env] task 2 trial 22: OK (126/280 steps)
[v2_object_native_20env] task 2 trial 23: OK (114/280 steps)
[v2_object_native_20env] task 2 trial 24: OK (127/280 steps)
[v2_object_native_20env] task 2 trial 25: x (280/280 steps)
[v2_object_native_20env] task 2 trial 26: OK (124/280 steps)
[v2_object_native_20env] task 2 trial 27: x (280/280 steps)
[v2_object_native_20env] task 2 trial 28: x (280/280 steps)
[v2_object_native_20env] task 2 trial 29: OK (121/280 steps)
[info] using task orders [0, 1, 2, 3, 4, 5, 6, 7, 8, 9]
[v2_object_native_20env] task 3 trial 00: x (280/280 steps)
[v2_object_native_20env] task 3 trial 01: x (280/280 steps)
[v2_object_native_20env] task 3 trial 02: x (280/280 steps)
[v2_object_native_20env] task 3 trial 03: x (280/280 steps)
[v2_object_native_20env] task 3 trial 04: x (280/280 steps)
[v2_object_native_20env] task 3 trial 05: OK (188/280 steps)
[v2_object_native_20env] task 3 trial 06: x (280/280 steps)
[v2_object_native_20env] task 3 trial 07: OK (123/280 steps)
[v2_object_native_20env] task 3 trial 08: x (280/280 steps)
[v2_object_native_20env] task 3 trial 09: OK (143/280 steps)
[v2_object_native_20env] task 3 trial 10: x (280/280 steps)
[v2_object_native_20env] task 3 trial 11: OK (188/280 steps)
[v2_object_native_20env] task 3 trial 12: x (280/280 steps)
[v2_object_native_20env] task 3 trial 13: x (280/280 steps)
[v2_object_native_20env] task 3 trial 14: x (280/280 steps)
[v2_object_native_20env] task 3 trial 15: x (280/280 steps)
[v2_object_native_20env] task 3 trial 16: OK (123/280 steps)
[v2_object_native_20env] task 3 trial 17: x (280/280 steps)
[v2_object_native_20env] task 3 trial 18: x (280/280 steps)
[v2_object_native_20env] task 3 trial 19: x (280/280 steps)
[v2_object_native_20env] task 3 trial 20: x (280/280 steps)
[v2_object_native_20env] task 3 trial 21: x (280/280 steps)
[v2_object_native_20env] task 3 trial 22: x (280/280 steps)
[v2_object_native_20env] task 3 trial 23: x (280/280 steps)
[v2_object_native_20env] task 3 trial 24: x (280/280 steps)
[v2_object_native_20env] task 3 trial 25: x (280/280 steps)
[v2_object_native_20env] task 3 trial 26: OK (123/280 steps)
[v2_object_native_20env] task 3 trial 27: x (280/280 steps)
[v2_object_native_20env] task 3 trial 28: x (280/280 steps)
[v2_object_native_20env] task 3 trial 29: x (280/280 steps)
[info] using task orders [0, 1, 2, 3, 4, 5, 6, 7, 8, 9]
[v2_object_native_20env] task 4 trial 00: x (280/280 steps)
[v2_object_native_20env] task 4 trial 01: OK (143/280 steps)
[v2_object_native_20env] task 4 trial 02: OK (146/280 steps)
[v2_object_native_20env] task 4 trial 03: OK (144/280 steps)
[v2_object_native_20env] task 4 trial 04: OK (140/280 steps)
[v2_object_native_20env] task 4 trial 05: OK (142/280 steps)
[v2_object_native_20env] task 4 trial 06: OK (142/280 steps)
[v2_object_native_20env] task 4 trial 07: OK (142/280 steps)
[v2_object_native_20env] task 4 trial 08: x (280/280 steps)
[v2_object_native_20env] task 4 trial 09: x (280/280 steps)
[v2_object_native_20env] task 4 trial 10: x (280/280 steps)
[v2_object_native_20env] task 4 trial 11: x (280/280 steps)
[v2_object_native_20env] task 4 trial 12: OK (143/280 steps)
[v2_object_native_20env] task 4 trial 13: OK (141/280 steps)
[v2_object_native_20env] task 4 trial 14: OK (144/280 steps)
[v2_object_native_20env] task 4 trial 15: x (280/280 steps)
[v2_object_native_20env] task 4 trial 16: x (280/280 steps)
[v2_object_native_20env] task 4 trial 17: OK (146/280 steps)
[v2_object_native_20env] task 4 trial 18: x (280/280 steps)
[v2_object_native_20env] task 4 trial 19: x (280/280 steps)
[v2_object_native_20env] task 4 trial 20: x (280/280 steps)
[v2_object_native_20env] task 4 trial 21: OK (142/280 steps)
[v2_object_native_20env] task 4 trial 22: OK (146/280 steps)
[v2_object_native_20env] task 4 trial 23: OK (140/280 steps)
[v2_object_native_20env] task 4 trial 24: OK (144/280 steps)
[v2_object_native_20env] task 4 trial 25: OK (142/280 steps)
[v2_object_native_20env] task 4 trial 26: OK (151/280 steps)
[v2_object_native_20env] task 4 trial 27: OK (141/280 steps)
[v2_object_native_20env] task 4 trial 28: OK (143/280 steps)
[v2_object_native_20env] task 4 trial 29: OK (143/280 steps)
[info] using task orders [0, 1, 2, 3, 4, 5, 6, 7, 8, 9]
[v2_object_native_20env] task 5 trial 00: x (280/280 steps)
[v2_object_native_20env] task 5 trial 01: x (280/280 steps)
[v2_object_native_20env] task 5 trial 02: x (280/280 steps)
[v2_object_native_20env] task 5 trial 03: x (280/280 steps)
[v2_object_native_20env] task 5 trial 04: x (280/280 steps)
[v2_object_native_20env] task 5 trial 05: x (280/280 steps)
[v2_object_native_20env] task 5 trial 06: x (280/280 steps)
[v2_object_native_20env] task 5 trial 07: x (280/280 steps)
[v2_object_native_20env] task 5 trial 08: x (280/280 steps)
[v2_object_native_20env] task 5 trial 09: x (280/280 steps)
[v2_object_native_20env] task 5 trial 10: x (280/280 steps)
[v2_object_native_20env] task 5 trial 11: x (280/280 steps)
[v2_object_native_20env] task 5 trial 12: x (280/280 steps)
[v2_object_native_20env] task 5 trial 13: x (280/280 steps)
[v2_object_native_20env] task 5 trial 14: x (280/280 steps)
[v2_object_native_20env] task 5 trial 15: x (280/280 steps)
[v2_object_native_20env] task 5 trial 16: x (280/280 steps)
[v2_object_native_20env] task 5 trial 17: x (280/280 steps)
[v2_object_native_20env] task 5 trial 18: x (280/280 steps)
[v2_object_native_20env] task 5 trial 19: x (280/280 steps)
[v2_object_native_20env] task 5 trial 20: x (280/280 steps)
[v2_object_native_20env] task 5 trial 21: x (280/280 steps)
[v2_object_native_20env] task 5 trial 22: x (280/280 steps)
[v2_object_native_20env] task 5 trial 23: x (280/280 steps)
[v2_object_native_20env] task 5 trial 24: x (280/280 steps)
[v2_object_native_20env] task 5 trial 25: x (280/280 steps)
[v2_object_native_20env] task 5 trial 26: x (280/280 steps)
[v2_object_native_20env] task 5 trial 27: x (280/280 steps)
[v2_object_native_20env] task 5 trial 28: x (280/280 steps)
[v2_object_native_20env] task 5 trial 29: x (280/280 steps)
[info] using task orders [0, 1, 2, 3, 4, 5, 6, 7, 8, 9]
[v2_object_native_20env] task 6 trial 00: OK (149/280 steps)
[v2_object_native_20env] task 6 trial 01: OK (143/280 steps)
[v2_object_native_20env] task 6 trial 02: OK (144/280 steps)
[v2_object_native_20env] task 6 trial 03: OK (144/280 steps)
[v2_object_native_20env] task 6 trial 04: OK (143/280 steps)
[v2_object_native_20env] task 6 trial 05: x (280/280 steps)
[v2_object_native_20env] task 6 trial 06: OK (147/280 steps)
[v2_object_native_20env] task 6 trial 07: OK (147/280 steps)
[v2_object_native_20env] task 6 trial 08: OK (148/280 steps)
[v2_object_native_20env] task 6 trial 09: OK (145/280 steps)
[v2_object_native_20env] task 6 trial 10: OK (148/280 steps)
[v2_object_native_20env] task 6 trial 11: OK (144/280 steps)
[v2_object_native_20env] task 6 trial 12: OK (150/280 steps)
[v2_object_native_20env] task 6 trial 13: OK (145/280 steps)
[v2_object_native_20env] task 6 trial 14: x (280/280 steps)
[v2_object_native_20env] task 6 trial 15: OK (145/280 steps)
[v2_object_native_20env] task 6 trial 16: OK (147/280 steps)
[v2_object_native_20env] task 6 trial 17: OK (143/280 steps)
[v2_object_native_20env] task 6 trial 18: OK (152/280 steps)
[v2_object_native_20env] task 6 trial 19: OK (148/280 steps)
[v2_object_native_20env] task 6 trial 20: x (280/280 steps)
[v2_object_native_20env] task 6 trial 21: OK (143/280 steps)
[v2_object_native_20env] task 6 trial 22: OK (144/280 steps)
[v2_object_native_20env] task 6 trial 23: OK (146/280 steps)
[v2_object_native_20env] task 6 trial 24: OK (146/280 steps)
[v2_object_native_20env] task 6 trial 25: x (280/280 steps)
[v2_object_native_20env] task 6 trial 26: x (280/280 steps)
[v2_object_native_20env] task 6 trial 27: x (280/280 steps)
[v2_object_native_20env] task 6 trial 28: OK (145/280 steps)
[v2_object_native_20env] task 6 trial 29: OK (145/280 steps)
[info] using task orders [0, 1, 2, 3, 4, 5, 6, 7, 8, 9]
[v2_object_native_20env] task 7 trial 00: x (280/280 steps)
[v2_object_native_20env] task 7 trial 01: x (280/280 steps)
[v2_object_native_20env] task 7 trial 02: x (280/280 steps)
[v2_object_native_20env] task 7 trial 03: x (280/280 steps)
[v2_object_native_20env] task 7 trial 04: x (280/280 steps)
[v2_object_native_20env] task 7 trial 05: OK (132/280 steps)
[v2_object_native_20env] task 7 trial 06: x (280/280 steps)
[v2_object_native_20env] task 7 trial 07: OK (139/280 steps)
[v2_object_native_20env] task 7 trial 08: OK (137/280 steps)
[v2_object_native_20env] task 7 trial 09: x (280/280 steps)
[v2_object_native_20env] task 7 trial 10: OK (139/280 steps)
[v2_object_native_20env] task 7 trial 11: OK (137/280 steps)
[v2_object_native_20env] task 7 trial 12: OK (138/280 steps)
[v2_object_native_20env] task 7 trial 13: x (280/280 steps)
[v2_object_native_20env] task 7 trial 14: OK (141/280 steps)
[v2_object_native_20env] task 7 trial 15: OK (138/280 steps)
[v2_object_native_20env] task 7 trial 16: OK (139/280 steps)
[v2_object_native_20env] task 7 trial 17: OK (143/280 steps)
[v2_object_native_20env] task 7 trial 18: x (280/280 steps)
[v2_object_native_20env] task 7 trial 19: x (280/280 steps)
[v2_object_native_20env] task 7 trial 20: x (280/280 steps)
[v2_object_native_20env] task 7 trial 21: OK (129/280 steps)
[v2_object_native_20env] task 7 trial 22: x (280/280 steps)
[v2_object_native_20env] task 7 trial 23: OK (141/280 steps)
[v2_object_native_20env] task 7 trial 24: x (280/280 steps)
[v2_object_native_20env] task 7 trial 25: x (280/280 steps)
[v2_object_native_20env] task 7 trial 26: OK (131/280 steps)
[v2_object_native_20env] task 7 trial 27: OK (130/280 steps)
[v2_object_native_20env] task 7 trial 28: x (280/280 steps)
[v2_object_native_20env] task 7 trial 29: x (280/280 steps)
[info] using task orders [0, 1, 2, 3, 4, 5, 6, 7, 8, 9]
[v2_object_native_20env] task 8 trial 00: OK (147/280 steps)
[v2_object_native_20env] task 8 trial 01: OK (160/280 steps)
[v2_object_native_20env] task 8 trial 02: x (280/280 steps)
[v2_object_native_20env] task 8 trial 03: x (280/280 steps)
[v2_object_native_20env] task 8 trial 04: OK (145/280 steps)
[v2_object_native_20env] task 8 trial 05: x (280/280 steps)
[v2_object_native_20env] task 8 trial 06: OK (145/280 steps)
[v2_object_native_20env] task 8 trial 07: x (280/280 steps)
[v2_object_native_20env] task 8 trial 08: OK (150/280 steps)
[v2_object_native_20env] task 8 trial 09: OK (147/280 steps)
[v2_object_native_20env] task 8 trial 10: OK (152/280 steps)
[v2_object_native_20env] task 8 trial 11: x (280/280 steps)
[v2_object_native_20env] task 8 trial 12: OK (146/280 steps)
[v2_object_native_20env] task 8 trial 13: OK (154/280 steps)
[v2_object_native_20env] task 8 trial 14: OK (145/280 steps)
[v2_object_native_20env] task 8 trial 15: OK (148/280 steps)
[v2_object_native_20env] task 8 trial 16: OK (148/280 steps)
[v2_object_native_20env] task 8 trial 17: OK (144/280 steps)
[v2_object_native_20env] task 8 trial 18: x (280/280 steps)
[v2_object_native_20env] task 8 trial 19: x (280/280 steps)
[v2_object_native_20env] task 8 trial 20: OK (143/280 steps)
[v2_object_native_20env] task 8 trial 21: OK (164/280 steps)
[v2_object_native_20env] task 8 trial 22: OK (154/280 steps)
[v2_object_native_20env] task 8 trial 23: x (280/280 steps)
[v2_object_native_20env] task 8 trial 24: OK (160/280 steps)
[v2_object_native_20env] task 8 trial 25: OK (146/280 steps)
[v2_object_native_20env] task 8 trial 26: OK (150/280 steps)
[v2_object_native_20env] task 8 trial 27: x (280/280 steps)
[v2_object_native_20env] task 8 trial 28: x (280/280 steps)
[v2_object_native_20env] task 8 trial 29: OK (151/280 steps)
[info] using task orders [0, 1, 2, 3, 4, 5, 6, 7, 8, 9]
[v2_object_native_20env] task 9 trial 00: x (280/280 steps)
[v2_object_native_20env] task 9 trial 01: x (280/280 steps)
[v2_object_native_20env] task 9 trial 02: x (280/280 steps)
[v2_object_native_20env] task 9 trial 03: OK (118/280 steps)
[v2_object_native_20env] task 9 trial 04: x (280/280 steps)
[v2_object_native_20env] task 9 trial 05: x (280/280 steps)
[v2_object_native_20env] task 9 trial 06: x (280/280 steps)
[v2_object_native_20env] task 9 trial 07: x (280/280 steps)
[v2_object_native_20env] task 9 trial 08: x (280/280 steps)
[v2_object_native_20env] task 9 trial 09: x (280/280 steps)
[v2_object_native_20env] task 9 trial 10: x (280/280 steps)
[v2_object_native_20env] task 9 trial 11: OK (134/280 steps)
[v2_object_native_20env] task 9 trial 12: OK (135/280 steps)
[v2_object_native_20env] task 9 trial 13: x (280/280 steps)
[v2_object_native_20env] task 9 trial 14: x (280/280 steps)
[v2_object_native_20env] task 9 trial 15: x (280/280 steps)
[v2_object_native_20env] task 9 trial 16: x (280/280 steps)
[v2_object_native_20env] task 9 trial 17: x (280/280 steps)
[v2_object_native_20env] task 9 trial 18: x (280/280 steps)
[v2_object_native_20env] task 9 trial 19: x (280/280 steps)
[v2_object_native_20env] task 9 trial 20: x (280/280 steps)
[v2_object_native_20env] task 9 trial 21: OK (131/280 steps)
[v2_object_native_20env] task 9 trial 22: x (280/280 steps)
[v2_object_native_20env] task 9 trial 23: x (280/280 steps)
[v2_object_native_20env] task 9 trial 24: x (280/280 steps)
[v2_object_native_20env] task 9 trial 25: x (280/280 steps)
[v2_object_native_20env] task 9 trial 26: x (280/280 steps)
[v2_object_native_20env] task 9 trial 27: x (280/280 steps)
[v2_object_native_20env] task 9 trial 28: x (280/280 steps)
[v2_object_native_20env] task 9 trial 29: x (280/280 steps)
[v2_object_native_20env] diagnostics: 116/300 ok | fail_at_cap=184 fail_early=0 | succ_median=143.0/280
--> v2_object_native_20env: 38.7% (280 steps @ 20 Hz = 11.0 s, replan every 50)


SUMMARY (matched wall-clock, chunk-driven replan)
  v2_object_native_20env  38.7%
