[replan] OVERRIDE: 100 env steps (default would be 10 at 20 Hz)
[suite] libero_spatial -> olf_asrc_cadmag_folding_40env_out/multirate_honest.json
[robosuite WARNING] No private macro file found! (__init__.py:7)
WARNING:robosuite_logs:No private macro file found!
[robosuite WARNING] It is recommended to use a private macro file (__init__.py:8)
WARNING:robosuite_logs:It is recommended to use a private macro file
[robosuite WARNING] To setup, run: python /home/user/anaconda3/envs/vla_smolvla_libero/lib/python3.12/site-packages/robosuite/scripts/setup_macros.py (__init__.py:9)
WARNING:robosuite_logs:To setup, run: python /home/user/anaconda3/envs/vla_smolvla_libero/lib/python3.12/site-packages/robosuite/scripts/setup_macros.py

============================================================
ARM asrc_cadmag_folding_40env
============================================================
[stats] asrc_cadmag_folding_40env: normalizing with lerobot/libero_spatial_image
Fetching 4 files:   0%|          | 0/4 [00:00<?, ?it/s]Fetching 4 files: 100%|██████████| 4/4 [00:00<00:00, 103563.06it/s]
Warning: You are sending unauthenticated requests to the HF Hub. Please set a HF_TOKEN to enable higher rate limits and faster downloads.
WARNING:huggingface_hub.utils._http:Warning: You are sending unauthenticated requests to the HF Hub. Please set a HF_TOKEN to enable higher rate limits and faster downloads.
`torch_dtype` is deprecated! Use `dtype` instead!
Loading  HuggingFaceTB/SmolVLM2-500M-Video-Instruct weights ...
Loading weights:   0%|          | 0/489 [00:00<?, ?it/s]Loading weights: 100%|██████████| 489/489 [00:00<00:00, 6386.47it/s]
Reducing the number of VLM layers to 16 ...
Loading  HuggingFaceTB/SmolVLM2-500M-Video-Instruct weights ...
Loading weights:   0%|          | 0/489 [00:00<?, ?it/s]Loading weights: 100%|██████████| 489/489 [00:00<00:00, 5938.67it/s]
Reducing the number of VLM layers to 16 ...
Loading weights from local directory
[asrc_cadmag_folding_40env] variant=asrc n_fourier=6 re-integrates at 40.0 Hz (native ODE re-integration, NOT alias folding)
[asrc_cadmag_folding_40env] magscale: raw pose deltas x2 (restores native per-step travel)
[asrc_cadmag_folding_40env] resolved-cadence: 20 Hz decisions in a 40 Hz sim (1 query per 2 env steps); intermediates taken from the plan
[info] using task orders [0, 1, 2, 3, 4, 5, 6, 7, 8, 9]
Local assets not found. Downloading from HuggingFace Hub...
Assets already downloaded at /home/user/.cache/libero/assets
[asrc_cadmag_folding_40env] settle window scaled to 20 steps (0.50 s at 40 Hz)
[asrc_cadmag_folding_40env] task 0 trial 00: OK (312/440 steps)
[asrc_cadmag_folding_40env] task 0 trial 01: x (440/440 steps)
[asrc_cadmag_folding_40env] task 0 trial 02: x (440/440 steps)
[asrc_cadmag_folding_40env] task 0 trial 03: OK (154/440 steps)
[asrc_cadmag_folding_40env] task 0 trial 04: OK (150/440 steps)
[asrc_cadmag_folding_40env] task 0 trial 05: x (440/440 steps)
[asrc_cadmag_folding_40env] task 0 trial 06: x (440/440 steps)
[asrc_cadmag_folding_40env] task 0 trial 07: OK (274/440 steps)
[asrc_cadmag_folding_40env] task 0 trial 08: x (440/440 steps)
[asrc_cadmag_folding_40env] task 0 trial 09: x (440/440 steps)
[asrc_cadmag_folding_40env] task 0 trial 10: x (440/440 steps)
[asrc_cadmag_folding_40env] task 0 trial 11: OK (141/440 steps)
[asrc_cadmag_folding_40env] task 0 trial 12: x (440/440 steps)
[asrc_cadmag_folding_40env] task 0 trial 13: x (440/440 steps)
[asrc_cadmag_folding_40env] task 0 trial 14: x (440/440 steps)
[asrc_cadmag_folding_40env] task 0 trial 15: x (440/440 steps)
[asrc_cadmag_folding_40env] task 0 trial 16: OK (151/440 steps)
[asrc_cadmag_folding_40env] task 0 trial 17: x (440/440 steps)
[asrc_cadmag_folding_40env] task 0 trial 18: x (440/440 steps)
[asrc_cadmag_folding_40env] task 0 trial 19: OK (357/440 steps)
[asrc_cadmag_folding_40env] task 0 trial 20: OK (183/440 steps)
[asrc_cadmag_folding_40env] task 0 trial 21: OK (158/440 steps)
[asrc_cadmag_folding_40env] task 0 trial 22: x (440/440 steps)
[asrc_cadmag_folding_40env] task 0 trial 23: x (440/440 steps)
[asrc_cadmag_folding_40env] task 0 trial 24: x (440/440 steps)
[asrc_cadmag_folding_40env] task 0 trial 25: x (440/440 steps)
[asrc_cadmag_folding_40env] task 0 trial 26: x (440/440 steps)
[asrc_cadmag_folding_40env] task 0 trial 27: x (440/440 steps)
[asrc_cadmag_folding_40env] task 0 trial 28: OK (147/440 steps)
[asrc_cadmag_folding_40env] task 0 trial 29: OK (144/440 steps)
[info] using task orders [0, 1, 2, 3, 4, 5, 6, 7, 8, 9]
[asrc_cadmag_folding_40env] task 1 trial 00: OK (212/440 steps)
[asrc_cadmag_folding_40env] task 1 trial 01: x (440/440 steps)
[asrc_cadmag_folding_40env] task 1 trial 02: x (440/440 steps)
[asrc_cadmag_folding_40env] task 1 trial 03: x (440/440 steps)
[asrc_cadmag_folding_40env] task 1 trial 04: OK (233/440 steps)
[asrc_cadmag_folding_40env] task 1 trial 05: OK (217/440 steps)
[asrc_cadmag_folding_40env] task 1 trial 06: OK (208/440 steps)
[asrc_cadmag_folding_40env] task 1 trial 07: OK (215/440 steps)
[asrc_cadmag_folding_40env] task 1 trial 08: OK (196/440 steps)
[asrc_cadmag_folding_40env] task 1 trial 09: OK (207/440 steps)
[asrc_cadmag_folding_40env] task 1 trial 10: x (440/440 steps)
[asrc_cadmag_folding_40env] task 1 trial 11: OK (202/440 steps)
[asrc_cadmag_folding_40env] task 1 trial 12: OK (216/440 steps)
[asrc_cadmag_folding_40env] task 1 trial 13: x (440/440 steps)
[asrc_cadmag_folding_40env] task 1 trial 14: x (440/440 steps)
[asrc_cadmag_folding_40env] task 1 trial 15: OK (239/440 steps)
[asrc_cadmag_folding_40env] task 1 trial 16: x (440/440 steps)
[asrc_cadmag_folding_40env] task 1 trial 17: OK (209/440 steps)
[asrc_cadmag_folding_40env] task 1 trial 18: OK (239/440 steps)
[asrc_cadmag_folding_40env] task 1 trial 19: x (440/440 steps)
[asrc_cadmag_folding_40env] task 1 trial 20: x (440/440 steps)
[asrc_cadmag_folding_40env] task 1 trial 21: x (440/440 steps)
[asrc_cadmag_folding_40env] task 1 trial 22: OK (204/440 steps)
[asrc_cadmag_folding_40env] task 1 trial 23: OK (211/440 steps)
[asrc_cadmag_folding_40env] task 1 trial 24: x (440/440 steps)
[asrc_cadmag_folding_40env] task 1 trial 25: OK (218/440 steps)
[asrc_cadmag_folding_40env] task 1 trial 26: OK (214/440 steps)
[asrc_cadmag_folding_40env] task 1 trial 27: x (440/440 steps)
[asrc_cadmag_folding_40env] task 1 trial 28: OK (228/440 steps)
[asrc_cadmag_folding_40env] task 1 trial 29: x (440/440 steps)
[info] using task orders [0, 1, 2, 3, 4, 5, 6, 7, 8, 9]
[asrc_cadmag_folding_40env] task 2 trial 00: OK (223/440 steps)
[asrc_cadmag_folding_40env] task 2 trial 01: OK (200/440 steps)
[asrc_cadmag_folding_40env] task 2 trial 02: OK (196/440 steps)
[asrc_cadmag_folding_40env] task 2 trial 03: OK (189/440 steps)
[asrc_cadmag_folding_40env] task 2 trial 04: OK (197/440 steps)
[asrc_cadmag_folding_40env] task 2 trial 05: OK (206/440 steps)
[asrc_cadmag_folding_40env] task 2 trial 06: OK (422/440 steps)
[asrc_cadmag_folding_40env] task 2 trial 07: OK (195/440 steps)
[asrc_cadmag_folding_40env] task 2 trial 08: OK (208/440 steps)
[asrc_cadmag_folding_40env] task 2 trial 09: OK (196/440 steps)
[asrc_cadmag_folding_40env] task 2 trial 10: OK (236/440 steps)
[asrc_cadmag_folding_40env] task 2 trial 11: OK (197/440 steps)
[asrc_cadmag_folding_40env] task 2 trial 12: OK (186/440 steps)
[asrc_cadmag_folding_40env] task 2 trial 13: x (440/440 steps)
[asrc_cadmag_folding_40env] task 2 trial 14: OK (182/440 steps)
[asrc_cadmag_folding_40env] task 2 trial 15: OK (367/440 steps)
[asrc_cadmag_folding_40env] task 2 trial 16: OK (198/440 steps)
[asrc_cadmag_folding_40env] task 2 trial 17: OK (197/440 steps)
[asrc_cadmag_folding_40env] task 2 trial 18: OK (215/440 steps)
[asrc_cadmag_folding_40env] task 2 trial 19: OK (213/440 steps)
[asrc_cadmag_folding_40env] task 2 trial 20: OK (202/440 steps)
[asrc_cadmag_folding_40env] task 2 trial 21: OK (212/440 steps)
[asrc_cadmag_folding_40env] task 2 trial 22: OK (180/440 steps)
[asrc_cadmag_folding_40env] task 2 trial 23: OK (207/440 steps)
[asrc_cadmag_folding_40env] task 2 trial 24: OK (203/440 steps)
[asrc_cadmag_folding_40env] task 2 trial 25: OK (191/440 steps)
[asrc_cadmag_folding_40env] task 2 trial 26: OK (212/440 steps)
[asrc_cadmag_folding_40env] task 2 trial 27: OK (182/440 steps)
[asrc_cadmag_folding_40env] task 2 trial 28: OK (212/440 steps)
[asrc_cadmag_folding_40env] task 2 trial 29: x (440/440 steps)
[info] using task orders [0, 1, 2, 3, 4, 5, 6, 7, 8, 9]
[asrc_cadmag_folding_40env] task 3 trial 00: OK (161/440 steps)
[asrc_cadmag_folding_40env] task 3 trial 01: OK (162/440 steps)
[asrc_cadmag_folding_40env] task 3 trial 02: OK (169/440 steps)
[asrc_cadmag_folding_40env] task 3 trial 03: x (440/440 steps)
[asrc_cadmag_folding_40env] task 3 trial 04: OK (164/440 steps)
[asrc_cadmag_folding_40env] task 3 trial 05: OK (160/440 steps)
[asrc_cadmag_folding_40env] task 3 trial 06: OK (161/440 steps)
[asrc_cadmag_folding_40env] task 3 trial 07: OK (159/440 steps)
[asrc_cadmag_folding_40env] task 3 trial 08: OK (163/440 steps)
[asrc_cadmag_folding_40env] task 3 trial 09: OK (155/440 steps)
[asrc_cadmag_folding_40env] task 3 trial 10: OK (171/440 steps)
[asrc_cadmag_folding_40env] task 3 trial 11: x (440/440 steps)
[asrc_cadmag_folding_40env] task 3 trial 12: OK (165/440 steps)
[asrc_cadmag_folding_40env] task 3 trial 13: OK (164/440 steps)
[asrc_cadmag_folding_40env] task 3 trial 14: x (440/440 steps)
[asrc_cadmag_folding_40env] task 3 trial 15: OK (159/440 steps)
[asrc_cadmag_folding_40env] task 3 trial 16: OK (157/440 steps)
[asrc_cadmag_folding_40env] task 3 trial 17: OK (163/440 steps)
[asrc_cadmag_folding_40env] task 3 trial 18: OK (157/440 steps)
[asrc_cadmag_folding_40env] task 3 trial 19: OK (163/440 steps)
[asrc_cadmag_folding_40env] task 3 trial 20: x (440/440 steps)
[asrc_cadmag_folding_40env] task 3 trial 21: OK (157/440 steps)
[asrc_cadmag_folding_40env] task 3 trial 22: OK (164/440 steps)
[asrc_cadmag_folding_40env] task 3 trial 23: OK (166/440 steps)
[asrc_cadmag_folding_40env] task 3 trial 24: OK (165/440 steps)
[asrc_cadmag_folding_40env] task 3 trial 25: OK (162/440 steps)
[asrc_cadmag_folding_40env] task 3 trial 26: OK (158/440 steps)
[asrc_cadmag_folding_40env] task 3 trial 27: x (440/440 steps)
[asrc_cadmag_folding_40env] task 3 trial 28: OK (182/440 steps)
[asrc_cadmag_folding_40env] task 3 trial 29: x (440/440 steps)
[info] using task orders [0, 1, 2, 3, 4, 5, 6, 7, 8, 9]
[asrc_cadmag_folding_40env] task 4 trial 00: OK (376/440 steps)
[asrc_cadmag_folding_40env] task 4 trial 01: OK (364/440 steps)
[asrc_cadmag_folding_40env] task 4 trial 02: x (440/440 steps)
[asrc_cadmag_folding_40env] task 4 trial 03: OK (252/440 steps)
[asrc_cadmag_folding_40env] task 4 trial 04: OK (260/440 steps)
[asrc_cadmag_folding_40env] task 4 trial 05: x (440/440 steps)
[asrc_cadmag_folding_40env] task 4 trial 06: x (440/440 steps)
[asrc_cadmag_folding_40env] task 4 trial 07: x (440/440 steps)
[asrc_cadmag_folding_40env] task 4 trial 08: x (440/440 steps)
[asrc_cadmag_folding_40env] task 4 trial 09: OK (266/440 steps)
[asrc_cadmag_folding_40env] task 4 trial 10: x (440/440 steps)
[asrc_cadmag_folding_40env] task 4 trial 11: OK (246/440 steps)
[asrc_cadmag_folding_40env] task 4 trial 12: x (440/440 steps)
[asrc_cadmag_folding_40env] task 4 trial 13: OK (243/440 steps)
[asrc_cadmag_folding_40env] task 4 trial 14: x (440/440 steps)
[asrc_cadmag_folding_40env] task 4 trial 15: x (440/440 steps)
[asrc_cadmag_folding_40env] task 4 trial 16: OK (267/440 steps)
[asrc_cadmag_folding_40env] task 4 trial 17: OK (422/440 steps)
[asrc_cadmag_folding_40env] task 4 trial 18: OK (232/440 steps)
[asrc_cadmag_folding_40env] task 4 trial 19: OK (244/440 steps)
[asrc_cadmag_folding_40env] task 4 trial 20: OK (238/440 steps)
[asrc_cadmag_folding_40env] task 4 trial 21: x (440/440 steps)
[asrc_cadmag_folding_40env] task 4 trial 22: x (440/440 steps)
[asrc_cadmag_folding_40env] task 4 trial 23: x (440/440 steps)
[asrc_cadmag_folding_40env] task 4 trial 24: x (440/440 steps)
[asrc_cadmag_folding_40env] task 4 trial 25: x (440/440 steps)
[asrc_cadmag_folding_40env] task 4 trial 26: x (440/440 steps)
[asrc_cadmag_folding_40env] task 4 trial 27: x (440/440 steps)
[asrc_cadmag_folding_40env] task 4 trial 28: OK (290/440 steps)
[asrc_cadmag_folding_40env] task 4 trial 29: x (440/440 steps)
[info] using task orders [0, 1, 2, 3, 4, 5, 6, 7, 8, 9]
[asrc_cadmag_folding_40env] task 5 trial 00: OK (191/440 steps)
[asrc_cadmag_folding_40env] task 5 trial 01: x (440/440 steps)
[asrc_cadmag_folding_40env] task 5 trial 02: OK (221/440 steps)
[asrc_cadmag_folding_40env] task 5 trial 03: x (440/440 steps)
[asrc_cadmag_folding_40env] task 5 trial 04: x (440/440 steps)
[asrc_cadmag_folding_40env] task 5 trial 05: x (440/440 steps)
[asrc_cadmag_folding_40env] task 5 trial 06: x (440/440 steps)
[asrc_cadmag_folding_40env] task 5 trial 07: OK (172/440 steps)
[asrc_cadmag_folding_40env] task 5 trial 08: x (440/440 steps)
[asrc_cadmag_folding_40env] task 5 trial 09: x (440/440 steps)
[asrc_cadmag_folding_40env] task 5 trial 10: x (440/440 steps)
[asrc_cadmag_folding_40env] task 5 trial 11: x (440/440 steps)
[asrc_cadmag_folding_40env] task 5 trial 12: x (440/440 steps)
[asrc_cadmag_folding_40env] task 5 trial 13: x (440/440 steps)
[asrc_cadmag_folding_40env] task 5 trial 14: OK (218/440 steps)
[asrc_cadmag_folding_40env] task 5 trial 15: x (440/440 steps)
[asrc_cadmag_folding_40env] task 5 trial 16: x (440/440 steps)
[asrc_cadmag_folding_40env] task 5 trial 17: OK (190/440 steps)
[asrc_cadmag_folding_40env] task 5 trial 18: x (440/440 steps)
[asrc_cadmag_folding_40env] task 5 trial 19: x (440/440 steps)
[asrc_cadmag_folding_40env] task 5 trial 20: x (440/440 steps)
[asrc_cadmag_folding_40env] task 5 trial 21: x (440/440 steps)
[asrc_cadmag_folding_40env] task 5 trial 22: x (440/440 steps)
[asrc_cadmag_folding_40env] task 5 trial 23: x (440/440 steps)
[asrc_cadmag_folding_40env] task 5 trial 24: x (440/440 steps)
[asrc_cadmag_folding_40env] task 5 trial 25: x (440/440 steps)
[asrc_cadmag_folding_40env] task 5 trial 26: x (440/440 steps)
[asrc_cadmag_folding_40env] task 5 trial 27: x (440/440 steps)
[asrc_cadmag_folding_40env] task 5 trial 28: x (440/440 steps)
[asrc_cadmag_folding_40env] task 5 trial 29: x (440/440 steps)
[info] using task orders [0, 1, 2, 3, 4, 5, 6, 7, 8, 9]
[asrc_cadmag_folding_40env] task 6 trial 00: OK (212/440 steps)
[asrc_cadmag_folding_40env] task 6 trial 01: OK (205/440 steps)
[asrc_cadmag_folding_40env] task 6 trial 02: x (440/440 steps)
[asrc_cadmag_folding_40env] task 6 trial 03: OK (223/440 steps)
[asrc_cadmag_folding_40env] task 6 trial 04: OK (216/440 steps)
[asrc_cadmag_folding_40env] task 6 trial 05: OK (220/440 steps)
[asrc_cadmag_folding_40env] task 6 trial 06: x (440/440 steps)
[asrc_cadmag_folding_40env] task 6 trial 07: x (440/440 steps)
[asrc_cadmag_folding_40env] task 6 trial 08: x (440/440 steps)
[asrc_cadmag_folding_40env] task 6 trial 09: OK (211/440 steps)
[asrc_cadmag_folding_40env] task 6 trial 10: x (440/440 steps)
[asrc_cadmag_folding_40env] task 6 trial 11: OK (212/440 steps)
[asrc_cadmag_folding_40env] task 6 trial 12: OK (220/440 steps)
[asrc_cadmag_folding_40env] task 6 trial 13: OK (220/440 steps)
[asrc_cadmag_folding_40env] task 6 trial 14: OK (222/440 steps)
[asrc_cadmag_folding_40env] task 6 trial 15: x (440/440 steps)
[asrc_cadmag_folding_40env] task 6 trial 16: OK (219/440 steps)
[asrc_cadmag_folding_40env] task 6 trial 17: x (440/440 steps)
[asrc_cadmag_folding_40env] task 6 trial 18: x (440/440 steps)
[asrc_cadmag_folding_40env] task 6 trial 19: x (440/440 steps)
[asrc_cadmag_folding_40env] task 6 trial 20: OK (199/440 steps)
[asrc_cadmag_folding_40env] task 6 trial 21: x (440/440 steps)
[asrc_cadmag_folding_40env] task 6 trial 22: x (440/440 steps)
[asrc_cadmag_folding_40env] task 6 trial 23: OK (226/440 steps)
[asrc_cadmag_folding_40env] task 6 trial 24: x (440/440 steps)
[asrc_cadmag_folding_40env] task 6 trial 25: x (440/440 steps)
[asrc_cadmag_folding_40env] task 6 trial 26: OK (222/440 steps)
[asrc_cadmag_folding_40env] task 6 trial 27: x (440/440 steps)
[asrc_cadmag_folding_40env] task 6 trial 28: OK (232/440 steps)
[asrc_cadmag_folding_40env] task 6 trial 29: x (440/440 steps)
[info] using task orders [0, 1, 2, 3, 4, 5, 6, 7, 8, 9]
[asrc_cadmag_folding_40env] task 7 trial 00: OK (245/440 steps)
[asrc_cadmag_folding_40env] task 7 trial 01: OK (239/440 steps)
[asrc_cadmag_folding_40env] task 7 trial 02: OK (225/440 steps)
[asrc_cadmag_folding_40env] task 7 trial 03: x (440/440 steps)
[asrc_cadmag_folding_40env] task 7 trial 04: OK (219/440 steps)
[asrc_cadmag_folding_40env] task 7 trial 05: x (440/440 steps)
[asrc_cadmag_folding_40env] task 7 trial 06: OK (246/440 steps)
[asrc_cadmag_folding_40env] task 7 trial 07: OK (224/440 steps)
[asrc_cadmag_folding_40env] task 7 trial 08: OK (243/440 steps)
[asrc_cadmag_folding_40env] task 7 trial 09: OK (250/440 steps)
[asrc_cadmag_folding_40env] task 7 trial 10: OK (258/440 steps)
[asrc_cadmag_folding_40env] task 7 trial 11: OK (250/440 steps)
[asrc_cadmag_folding_40env] task 7 trial 12: OK (376/440 steps)
[asrc_cadmag_folding_40env] task 7 trial 13: OK (240/440 steps)
[asrc_cadmag_folding_40env] task 7 trial 14: OK (234/440 steps)
[asrc_cadmag_folding_40env] task 7 trial 15: OK (217/440 steps)
[asrc_cadmag_folding_40env] task 7 trial 16: OK (251/440 steps)
[asrc_cadmag_folding_40env] task 7 trial 17: OK (365/440 steps)
[asrc_cadmag_folding_40env] task 7 trial 18: OK (239/440 steps)
[asrc_cadmag_folding_40env] task 7 trial 19: OK (243/440 steps)
[asrc_cadmag_folding_40env] task 7 trial 20: OK (229/440 steps)
[asrc_cadmag_folding_40env] task 7 trial 21: OK (225/440 steps)
[asrc_cadmag_folding_40env] task 7 trial 22: OK (247/440 steps)
[asrc_cadmag_folding_40env] task 7 trial 23: OK (241/440 steps)
[asrc_cadmag_folding_40env] task 7 trial 24: x (440/440 steps)
[asrc_cadmag_folding_40env] task 7 trial 25: OK (232/440 steps)
[asrc_cadmag_folding_40env] task 7 trial 26: x (440/440 steps)
[asrc_cadmag_folding_40env] task 7 trial 27: OK (232/440 steps)
[asrc_cadmag_folding_40env] task 7 trial 28: OK (230/440 steps)
[asrc_cadmag_folding_40env] task 7 trial 29: OK (242/440 steps)
[info] using task orders [0, 1, 2, 3, 4, 5, 6, 7, 8, 9]
[asrc_cadmag_folding_40env] task 8 trial 00: OK (215/440 steps)
[asrc_cadmag_folding_40env] task 8 trial 01: OK (206/440 steps)
[asrc_cadmag_folding_40env] task 8 trial 02: x (440/440 steps)
[asrc_cadmag_folding_40env] task 8 trial 03: OK (179/440 steps)
[asrc_cadmag_folding_40env] task 8 trial 04: x (440/440 steps)
[asrc_cadmag_folding_40env] task 8 trial 05: x (440/440 steps)
[asrc_cadmag_folding_40env] task 8 trial 06: x (440/440 steps)
[asrc_cadmag_folding_40env] task 8 trial 07: OK (291/440 steps)
[asrc_cadmag_folding_40env] task 8 trial 08: OK (197/440 steps)
[asrc_cadmag_folding_40env] task 8 trial 09: OK (196/440 steps)
[asrc_cadmag_folding_40env] task 8 trial 10: x (440/440 steps)
[asrc_cadmag_folding_40env] task 8 trial 11: x (440/440 steps)
[asrc_cadmag_folding_40env] task 8 trial 12: x (440/440 steps)
[asrc_cadmag_folding_40env] task 8 trial 13: OK (200/440 steps)
[asrc_cadmag_folding_40env] task 8 trial 14: OK (198/440 steps)
[asrc_cadmag_folding_40env] task 8 trial 15: OK (195/440 steps)
[asrc_cadmag_folding_40env] task 8 trial 16: x (440/440 steps)
[asrc_cadmag_folding_40env] task 8 trial 17: x (440/440 steps)
[asrc_cadmag_folding_40env] task 8 trial 18: OK (198/440 steps)
[asrc_cadmag_folding_40env] task 8 trial 19: x (440/440 steps)
[asrc_cadmag_folding_40env] task 8 trial 20: x (440/440 steps)
[asrc_cadmag_folding_40env] task 8 trial 21: x (440/440 steps)
[asrc_cadmag_folding_40env] task 8 trial 22: OK (187/440 steps)
[asrc_cadmag_folding_40env] task 8 trial 23: OK (219/440 steps)
[asrc_cadmag_folding_40env] task 8 trial 24: OK (178/440 steps)
[asrc_cadmag_folding_40env] task 8 trial 25: OK (188/440 steps)
[asrc_cadmag_folding_40env] task 8 trial 26: x (440/440 steps)
[asrc_cadmag_folding_40env] task 8 trial 27: OK (197/440 steps)
[asrc_cadmag_folding_40env] task 8 trial 28: x (440/440 steps)
[asrc_cadmag_folding_40env] task 8 trial 29: x (440/440 steps)
[info] using task orders [0, 1, 2, 3, 4, 5, 6, 7, 8, 9]
[asrc_cadmag_folding_40env] task 9 trial 00: x (440/440 steps)
[asrc_cadmag_folding_40env] task 9 trial 01: x (440/440 steps)
[asrc_cadmag_folding_40env] task 9 trial 02: x (440/440 steps)
[asrc_cadmag_folding_40env] task 9 trial 03: x (440/440 steps)
[asrc_cadmag_folding_40env] task 9 trial 04: OK (227/440 steps)
[asrc_cadmag_folding_40env] task 9 trial 05: OK (240/440 steps)
[asrc_cadmag_folding_40env] task 9 trial 06: x (440/440 steps)
[asrc_cadmag_folding_40env] task 9 trial 07: x (440/440 steps)
[asrc_cadmag_folding_40env] task 9 trial 08: x (440/440 steps)
[asrc_cadmag_folding_40env] task 9 trial 09: OK (242/440 steps)
[asrc_cadmag_folding_40env] task 9 trial 10: x (440/440 steps)
[asrc_cadmag_folding_40env] task 9 trial 11: x (440/440 steps)
[asrc_cadmag_folding_40env] task 9 trial 12: x (440/440 steps)
[asrc_cadmag_folding_40env] task 9 trial 13: x (440/440 steps)
[asrc_cadmag_folding_40env] task 9 trial 14: x (440/440 steps)
[asrc_cadmag_folding_40env] task 9 trial 15: OK (228/440 steps)
[asrc_cadmag_folding_40env] task 9 trial 16: x (440/440 steps)
[asrc_cadmag_folding_40env] task 9 trial 17: x (440/440 steps)
[asrc_cadmag_folding_40env] task 9 trial 18: x (440/440 steps)
[asrc_cadmag_folding_40env] task 9 trial 19: OK (229/440 steps)
[asrc_cadmag_folding_40env] task 9 trial 20: x (440/440 steps)
[asrc_cadmag_folding_40env] task 9 trial 21: x (440/440 steps)
[asrc_cadmag_folding_40env] task 9 trial 22: x (440/440 steps)
[asrc_cadmag_folding_40env] task 9 trial 23: OK (249/440 steps)
[asrc_cadmag_folding_40env] task 9 trial 24: x (440/440 steps)
[asrc_cadmag_folding_40env] task 9 trial 25: OK (261/440 steps)
[asrc_cadmag_folding_40env] task 9 trial 26: OK (241/440 steps)
[asrc_cadmag_folding_40env] task 9 trial 27: x (440/440 steps)
[asrc_cadmag_folding_40env] task 9 trial 28: x (440/440 steps)
[asrc_cadmag_folding_40env] task 9 trial 29: OK (227/440 steps)
[asrc_cadmag_folding_40env] cadence check: 47816 policy queries, 47695 resolved intermediates, 120 starved of 95631 env steps
[asrc_cadmag_folding_40env] diagnostics: 163/300 ok | fail_at_cap=137 fail_early=0 | succ_median=212.0/440
--> asrc_cadmag_folding_40env: 54.3% (440 steps @ 40 Hz = 11.0 s, replan every 100)


SUMMARY (matched wall-clock, chunk-driven replan)
  asrc_cadmag_folding_40env  54.3%
