[suite] libero_goal -> pow_goal_asrc_goal_cadmag_folding_40env_out/multirate_libero_goal.json
[robosuite WARNING] No private macro file found! (__init__.py:7)
WARNING:robosuite_logs:No private macro file found!
[robosuite WARNING] It is recommended to use a private macro file (__init__.py:8)
WARNING:robosuite_logs:It is recommended to use a private macro file
[robosuite WARNING] To setup, run: python /home/user/anaconda3/envs/vla_smolvla_libero/lib/python3.12/site-packages/robosuite/scripts/setup_macros.py (__init__.py:9)
WARNING:robosuite_logs:To setup, run: python /home/user/anaconda3/envs/vla_smolvla_libero/lib/python3.12/site-packages/robosuite/scripts/setup_macros.py

============================================================
ARM asrc_goal_cadmag_folding_40env
============================================================
[stats] asrc_goal_cadmag_folding_40env: normalizing with lerobot/libero_goal_image
Fetching 4 files:   0%|          | 0/4 [00:00<?, ?it/s]Fetching 4 files: 100%|██████████| 4/4 [00:00<00:00, 96420.78it/s]
Warning: You are sending unauthenticated requests to the HF Hub. Please set a HF_TOKEN to enable higher rate limits and faster downloads.
WARNING:huggingface_hub.utils._http:Warning: You are sending unauthenticated requests to the HF Hub. Please set a HF_TOKEN to enable higher rate limits and faster downloads.
`torch_dtype` is deprecated! Use `dtype` instead!
Loading  HuggingFaceTB/SmolVLM2-500M-Video-Instruct weights ...
Loading weights:   0%|          | 0/489 [00:00<?, ?it/s]Loading weights: 100%|██████████| 489/489 [00:00<00:00, 8335.76it/s]
Reducing the number of VLM layers to 16 ...
Loading  HuggingFaceTB/SmolVLM2-500M-Video-Instruct weights ...
Loading weights:   0%|          | 0/489 [00:00<?, ?it/s]Loading weights: 100%|██████████| 489/489 [00:00<00:00, 8721.71it/s]
Reducing the number of VLM layers to 16 ...
Loading weights from local directory
[asrc_goal_cadmag_folding_40env] variant=asrc n_fourier=6 re-integrates at 40.0 Hz (native ODE re-integration, NOT alias folding)
[asrc_goal_cadmag_folding_40env] magscale: raw pose deltas x2 (restores native per-step travel)
[asrc_goal_cadmag_folding_40env] resolved-cadence: 20 Hz decisions in a 40 Hz sim (1 query per 2 env steps); intermediates taken from the plan
[info] using task orders [0, 1, 2, 3, 4, 5, 6, 7, 8, 9]
Local assets not found. Downloading from HuggingFace Hub...
Assets already downloaded at /home/user/.cache/libero/assets
[asrc_goal_cadmag_folding_40env] settle window scaled to 20 steps (0.50 s at 40 Hz)
[asrc_goal_cadmag_folding_40env] task 0 trial 00: OK (242/600 steps)
[asrc_goal_cadmag_folding_40env] task 0 trial 01: OK (255/600 steps)
[asrc_goal_cadmag_folding_40env] task 0 trial 02: OK (249/600 steps)
[asrc_goal_cadmag_folding_40env] task 0 trial 03: OK (246/600 steps)
[asrc_goal_cadmag_folding_40env] task 0 trial 04: OK (232/600 steps)
[asrc_goal_cadmag_folding_40env] task 0 trial 05: OK (301/600 steps)
[asrc_goal_cadmag_folding_40env] task 0 trial 06: OK (245/600 steps)
[asrc_goal_cadmag_folding_40env] task 0 trial 07: OK (258/600 steps)
[asrc_goal_cadmag_folding_40env] task 0 trial 08: OK (254/600 steps)
[asrc_goal_cadmag_folding_40env] task 0 trial 09: OK (224/600 steps)
[asrc_goal_cadmag_folding_40env] task 0 trial 10: OK (253/600 steps)
[asrc_goal_cadmag_folding_40env] task 0 trial 11: OK (260/600 steps)
[asrc_goal_cadmag_folding_40env] task 0 trial 12: OK (264/600 steps)
[asrc_goal_cadmag_folding_40env] task 0 trial 13: OK (252/600 steps)
[asrc_goal_cadmag_folding_40env] task 0 trial 14: OK (285/600 steps)
[asrc_goal_cadmag_folding_40env] task 0 trial 15: OK (244/600 steps)
[asrc_goal_cadmag_folding_40env] task 0 trial 16: OK (264/600 steps)
[asrc_goal_cadmag_folding_40env] task 0 trial 17: OK (259/600 steps)
[asrc_goal_cadmag_folding_40env] task 0 trial 18: OK (233/600 steps)
[asrc_goal_cadmag_folding_40env] task 0 trial 19: OK (250/600 steps)
[asrc_goal_cadmag_folding_40env] task 0 trial 20: OK (274/600 steps)
[asrc_goal_cadmag_folding_40env] task 0 trial 21: OK (254/600 steps)
[asrc_goal_cadmag_folding_40env] task 0 trial 22: OK (226/600 steps)
[asrc_goal_cadmag_folding_40env] task 0 trial 23: OK (285/600 steps)
[asrc_goal_cadmag_folding_40env] task 0 trial 24: OK (234/600 steps)
[asrc_goal_cadmag_folding_40env] task 0 trial 25: OK (240/600 steps)
[asrc_goal_cadmag_folding_40env] task 0 trial 26: OK (284/600 steps)
[asrc_goal_cadmag_folding_40env] task 0 trial 27: OK (253/600 steps)
[asrc_goal_cadmag_folding_40env] task 0 trial 28: OK (238/600 steps)
[asrc_goal_cadmag_folding_40env] task 0 trial 29: OK (234/600 steps)
[info] using task orders [0, 1, 2, 3, 4, 5, 6, 7, 8, 9]
[asrc_goal_cadmag_folding_40env] task 1 trial 00: OK (179/600 steps)
[asrc_goal_cadmag_folding_40env] task 1 trial 01: OK (169/600 steps)
[asrc_goal_cadmag_folding_40env] task 1 trial 02: OK (168/600 steps)
[asrc_goal_cadmag_folding_40env] task 1 trial 03: OK (170/600 steps)
[asrc_goal_cadmag_folding_40env] task 1 trial 04: OK (164/600 steps)
[asrc_goal_cadmag_folding_40env] task 1 trial 05: OK (168/600 steps)
[asrc_goal_cadmag_folding_40env] task 1 trial 06: OK (175/600 steps)
[asrc_goal_cadmag_folding_40env] task 1 trial 07: OK (163/600 steps)
[asrc_goal_cadmag_folding_40env] task 1 trial 08: OK (167/600 steps)
[asrc_goal_cadmag_folding_40env] task 1 trial 09: OK (181/600 steps)
[asrc_goal_cadmag_folding_40env] task 1 trial 10: OK (179/600 steps)
[asrc_goal_cadmag_folding_40env] task 1 trial 11: OK (183/600 steps)
[asrc_goal_cadmag_folding_40env] task 1 trial 12: x (600/600 steps)
[asrc_goal_cadmag_folding_40env] task 1 trial 13: OK (166/600 steps)
[asrc_goal_cadmag_folding_40env] task 1 trial 14: OK (187/600 steps)
[asrc_goal_cadmag_folding_40env] task 1 trial 15: OK (183/600 steps)
[asrc_goal_cadmag_folding_40env] task 1 trial 16: OK (171/600 steps)
[asrc_goal_cadmag_folding_40env] task 1 trial 17: OK (173/600 steps)
[asrc_goal_cadmag_folding_40env] task 1 trial 18: OK (191/600 steps)
[asrc_goal_cadmag_folding_40env] task 1 trial 19: OK (155/600 steps)
[asrc_goal_cadmag_folding_40env] task 1 trial 20: OK (179/600 steps)
[asrc_goal_cadmag_folding_40env] task 1 trial 21: OK (180/600 steps)
[asrc_goal_cadmag_folding_40env] task 1 trial 22: OK (170/600 steps)
[asrc_goal_cadmag_folding_40env] task 1 trial 23: OK (171/600 steps)
[asrc_goal_cadmag_folding_40env] task 1 trial 24: OK (166/600 steps)
[asrc_goal_cadmag_folding_40env] task 1 trial 25: OK (173/600 steps)
[asrc_goal_cadmag_folding_40env] task 1 trial 26: OK (172/600 steps)
[asrc_goal_cadmag_folding_40env] task 1 trial 27: OK (171/600 steps)
[asrc_goal_cadmag_folding_40env] task 1 trial 28: OK (184/600 steps)
[asrc_goal_cadmag_folding_40env] task 1 trial 29: x (600/600 steps)
[info] using task orders [0, 1, 2, 3, 4, 5, 6, 7, 8, 9]
[asrc_goal_cadmag_folding_40env] task 2 trial 00: OK (159/600 steps)
[asrc_goal_cadmag_folding_40env] task 2 trial 01: OK (171/600 steps)
[asrc_goal_cadmag_folding_40env] task 2 trial 02: OK (184/600 steps)
[asrc_goal_cadmag_folding_40env] task 2 trial 03: OK (182/600 steps)
[asrc_goal_cadmag_folding_40env] task 2 trial 04: OK (185/600 steps)
[asrc_goal_cadmag_folding_40env] task 2 trial 05: OK (168/600 steps)
[asrc_goal_cadmag_folding_40env] task 2 trial 06: OK (191/600 steps)
[asrc_goal_cadmag_folding_40env] task 2 trial 07: OK (202/600 steps)
[asrc_goal_cadmag_folding_40env] task 2 trial 08: OK (180/600 steps)
[asrc_goal_cadmag_folding_40env] task 2 trial 09: OK (167/600 steps)
[asrc_goal_cadmag_folding_40env] task 2 trial 10: OK (193/600 steps)
[asrc_goal_cadmag_folding_40env] task 2 trial 11: OK (171/600 steps)
[asrc_goal_cadmag_folding_40env] task 2 trial 12: x (600/600 steps)
[asrc_goal_cadmag_folding_40env] task 2 trial 13: OK (187/600 steps)
[asrc_goal_cadmag_folding_40env] task 2 trial 14: OK (178/600 steps)
[asrc_goal_cadmag_folding_40env] task 2 trial 15: x (600/600 steps)
[asrc_goal_cadmag_folding_40env] task 2 trial 16: x (600/600 steps)
[asrc_goal_cadmag_folding_40env] task 2 trial 17: OK (187/600 steps)
[asrc_goal_cadmag_folding_40env] task 2 trial 18: x (600/600 steps)
[asrc_goal_cadmag_folding_40env] task 2 trial 19: OK (173/600 steps)
[asrc_goal_cadmag_folding_40env] task 2 trial 20: OK (176/600 steps)
[asrc_goal_cadmag_folding_40env] task 2 trial 21: OK (174/600 steps)
[asrc_goal_cadmag_folding_40env] task 2 trial 22: OK (196/600 steps)
[asrc_goal_cadmag_folding_40env] task 2 trial 23: OK (170/600 steps)
[asrc_goal_cadmag_folding_40env] task 2 trial 24: OK (162/600 steps)
[asrc_goal_cadmag_folding_40env] task 2 trial 25: OK (174/600 steps)
[asrc_goal_cadmag_folding_40env] task 2 trial 26: x (600/600 steps)
[asrc_goal_cadmag_folding_40env] task 2 trial 27: OK (168/600 steps)
[asrc_goal_cadmag_folding_40env] task 2 trial 28: OK (213/600 steps)
[asrc_goal_cadmag_folding_40env] task 2 trial 29: OK (172/600 steps)
[info] using task orders [0, 1, 2, 3, 4, 5, 6, 7, 8, 9]
[asrc_goal_cadmag_folding_40env] task 3 trial 00: OK (356/600 steps)
[asrc_goal_cadmag_folding_40env] task 3 trial 01: OK (465/600 steps)
[asrc_goal_cadmag_folding_40env] task 3 trial 02: OK (381/600 steps)
[asrc_goal_cadmag_folding_40env] task 3 trial 03: OK (377/600 steps)
[asrc_goal_cadmag_folding_40env] task 3 trial 04: OK (441/600 steps)
[asrc_goal_cadmag_folding_40env] task 3 trial 05: OK (373/600 steps)
[asrc_goal_cadmag_folding_40env] task 3 trial 06: OK (381/600 steps)
[asrc_goal_cadmag_folding_40env] task 3 trial 07: OK (401/600 steps)
[asrc_goal_cadmag_folding_40env] task 3 trial 08: OK (400/600 steps)
[asrc_goal_cadmag_folding_40env] task 3 trial 09: OK (383/600 steps)
[asrc_goal_cadmag_folding_40env] task 3 trial 10: OK (342/600 steps)
[asrc_goal_cadmag_folding_40env] task 3 trial 11: OK (358/600 steps)
[asrc_goal_cadmag_folding_40env] task 3 trial 12: OK (397/600 steps)
[asrc_goal_cadmag_folding_40env] task 3 trial 13: OK (512/600 steps)
[asrc_goal_cadmag_folding_40env] task 3 trial 14: OK (360/600 steps)
[asrc_goal_cadmag_folding_40env] task 3 trial 15: OK (395/600 steps)
[asrc_goal_cadmag_folding_40env] task 3 trial 16: OK (382/600 steps)
[asrc_goal_cadmag_folding_40env] task 3 trial 17: OK (359/600 steps)
[asrc_goal_cadmag_folding_40env] task 3 trial 18: OK (600/600 steps)
[asrc_goal_cadmag_folding_40env] task 3 trial 19: x (600/600 steps)
[asrc_goal_cadmag_folding_40env] task 3 trial 20: x (600/600 steps)
[asrc_goal_cadmag_folding_40env] task 3 trial 21: OK (366/600 steps)
[asrc_goal_cadmag_folding_40env] task 3 trial 22: x (600/600 steps)
[asrc_goal_cadmag_folding_40env] task 3 trial 23: OK (369/600 steps)
[asrc_goal_cadmag_folding_40env] task 3 trial 24: x (600/600 steps)
[asrc_goal_cadmag_folding_40env] task 3 trial 25: OK (379/600 steps)
[asrc_goal_cadmag_folding_40env] task 3 trial 26: OK (381/600 steps)
[asrc_goal_cadmag_folding_40env] task 3 trial 27: x (600/600 steps)
[asrc_goal_cadmag_folding_40env] task 3 trial 28: OK (368/600 steps)
[asrc_goal_cadmag_folding_40env] task 3 trial 29: x (600/600 steps)
[info] using task orders [0, 1, 2, 3, 4, 5, 6, 7, 8, 9]
[asrc_goal_cadmag_folding_40env] task 4 trial 00: OK (202/600 steps)
[asrc_goal_cadmag_folding_40env] task 4 trial 01: OK (181/600 steps)
[asrc_goal_cadmag_folding_40env] task 4 trial 02: OK (185/600 steps)
[asrc_goal_cadmag_folding_40env] task 4 trial 03: OK (195/600 steps)
[asrc_goal_cadmag_folding_40env] task 4 trial 04: OK (185/600 steps)
[asrc_goal_cadmag_folding_40env] task 4 trial 05: OK (180/600 steps)
[asrc_goal_cadmag_folding_40env] task 4 trial 06: OK (192/600 steps)
[asrc_goal_cadmag_folding_40env] task 4 trial 07: OK (190/600 steps)
[asrc_goal_cadmag_folding_40env] task 4 trial 08: OK (185/600 steps)
[asrc_goal_cadmag_folding_40env] task 4 trial 09: OK (184/600 steps)
[asrc_goal_cadmag_folding_40env] task 4 trial 10: OK (186/600 steps)
[asrc_goal_cadmag_folding_40env] task 4 trial 11: OK (187/600 steps)
[asrc_goal_cadmag_folding_40env] task 4 trial 12: OK (180/600 steps)
[asrc_goal_cadmag_folding_40env] task 4 trial 13: OK (193/600 steps)
[asrc_goal_cadmag_folding_40env] task 4 trial 14: OK (188/600 steps)
[asrc_goal_cadmag_folding_40env] task 4 trial 15: OK (182/600 steps)
[asrc_goal_cadmag_folding_40env] task 4 trial 16: OK (171/600 steps)
[asrc_goal_cadmag_folding_40env] task 4 trial 17: OK (191/600 steps)
[asrc_goal_cadmag_folding_40env] task 4 trial 18: OK (189/600 steps)
[asrc_goal_cadmag_folding_40env] task 4 trial 19: OK (175/600 steps)
[asrc_goal_cadmag_folding_40env] task 4 trial 20: OK (189/600 steps)
[asrc_goal_cadmag_folding_40env] task 4 trial 21: OK (184/600 steps)
[asrc_goal_cadmag_folding_40env] task 4 trial 22: OK (181/600 steps)
[asrc_goal_cadmag_folding_40env] task 4 trial 23: OK (180/600 steps)
[asrc_goal_cadmag_folding_40env] task 4 trial 24: OK (160/600 steps)
[asrc_goal_cadmag_folding_40env] task 4 trial 25: OK (199/600 steps)
[asrc_goal_cadmag_folding_40env] task 4 trial 26: x (600/600 steps)
[asrc_goal_cadmag_folding_40env] task 4 trial 27: OK (178/600 steps)
[asrc_goal_cadmag_folding_40env] task 4 trial 28: OK (193/600 steps)
[asrc_goal_cadmag_folding_40env] task 4 trial 29: OK (183/600 steps)
[info] using task orders [0, 1, 2, 3, 4, 5, 6, 7, 8, 9]
[asrc_goal_cadmag_folding_40env] task 5 trial 00: OK (254/600 steps)
[asrc_goal_cadmag_folding_40env] task 5 trial 01: OK (337/600 steps)
[asrc_goal_cadmag_folding_40env] task 5 trial 02: OK (286/600 steps)
[asrc_goal_cadmag_folding_40env] task 5 trial 03: x (600/600 steps)
[asrc_goal_cadmag_folding_40env] task 5 trial 04: OK (257/600 steps)
[asrc_goal_cadmag_folding_40env] task 5 trial 05: OK (244/600 steps)
[asrc_goal_cadmag_folding_40env] task 5 trial 06: OK (230/600 steps)
[asrc_goal_cadmag_folding_40env] task 5 trial 07: x (600/600 steps)
[asrc_goal_cadmag_folding_40env] task 5 trial 08: OK (277/600 steps)
[asrc_goal_cadmag_folding_40env] task 5 trial 09: OK (262/600 steps)
[asrc_goal_cadmag_folding_40env] task 5 trial 10: OK (256/600 steps)
[asrc_goal_cadmag_folding_40env] task 5 trial 11: OK (234/600 steps)
[asrc_goal_cadmag_folding_40env] task 5 trial 12: OK (225/600 steps)
[asrc_goal_cadmag_folding_40env] task 5 trial 13: OK (255/600 steps)
[asrc_goal_cadmag_folding_40env] task 5 trial 14: OK (241/600 steps)
[asrc_goal_cadmag_folding_40env] task 5 trial 15: OK (249/600 steps)
[asrc_goal_cadmag_folding_40env] task 5 trial 16: OK (243/600 steps)
[asrc_goal_cadmag_folding_40env] task 5 trial 17: OK (297/600 steps)
[asrc_goal_cadmag_folding_40env] task 5 trial 18: OK (274/600 steps)
[asrc_goal_cadmag_folding_40env] task 5 trial 19: OK (273/600 steps)
[asrc_goal_cadmag_folding_40env] task 5 trial 20: OK (262/600 steps)
[asrc_goal_cadmag_folding_40env] task 5 trial 21: OK (231/600 steps)
[asrc_goal_cadmag_folding_40env] task 5 trial 22: OK (241/600 steps)
[asrc_goal_cadmag_folding_40env] task 5 trial 23: OK (267/600 steps)
[asrc_goal_cadmag_folding_40env] task 5 trial 24: OK (236/600 steps)
[asrc_goal_cadmag_folding_40env] task 5 trial 25: OK (248/600 steps)
[asrc_goal_cadmag_folding_40env] task 5 trial 26: OK (259/600 steps)
[asrc_goal_cadmag_folding_40env] task 5 trial 27: OK (232/600 steps)
[asrc_goal_cadmag_folding_40env] task 5 trial 28: OK (258/600 steps)
[asrc_goal_cadmag_folding_40env] task 5 trial 29: OK (264/600 steps)
[info] using task orders [0, 1, 2, 3, 4, 5, 6, 7, 8, 9]
[asrc_goal_cadmag_folding_40env] task 6 trial 00: OK (168/600 steps)
[asrc_goal_cadmag_folding_40env] task 6 trial 01: x (600/600 steps)
[asrc_goal_cadmag_folding_40env] task 6 trial 02: x (600/600 steps)
[asrc_goal_cadmag_folding_40env] task 6 trial 03: OK (188/600 steps)
[asrc_goal_cadmag_folding_40env] task 6 trial 04: x (600/600 steps)
[asrc_goal_cadmag_folding_40env] task 6 trial 05: x (600/600 steps)
[asrc_goal_cadmag_folding_40env] task 6 trial 06: OK (160/600 steps)
[asrc_goal_cadmag_folding_40env] task 6 trial 07: OK (191/600 steps)
[asrc_goal_cadmag_folding_40env] task 6 trial 08: OK (169/600 steps)
[asrc_goal_cadmag_folding_40env] task 6 trial 09: OK (205/600 steps)
[asrc_goal_cadmag_folding_40env] task 6 trial 10: OK (165/600 steps)
[asrc_goal_cadmag_folding_40env] task 6 trial 11: OK (183/600 steps)
[asrc_goal_cadmag_folding_40env] task 6 trial 12: x (600/600 steps)
[asrc_goal_cadmag_folding_40env] task 6 trial 13: OK (175/600 steps)
[asrc_goal_cadmag_folding_40env] task 6 trial 14: x (600/600 steps)
[asrc_goal_cadmag_folding_40env] task 6 trial 15: OK (172/600 steps)
[asrc_goal_cadmag_folding_40env] task 6 trial 16: OK (173/600 steps)
[asrc_goal_cadmag_folding_40env] task 6 trial 17: OK (183/600 steps)
[asrc_goal_cadmag_folding_40env] task 6 trial 18: OK (160/600 steps)
[asrc_goal_cadmag_folding_40env] task 6 trial 19: OK (180/600 steps)
[asrc_goal_cadmag_folding_40env] task 6 trial 20: OK (184/600 steps)
[asrc_goal_cadmag_folding_40env] task 6 trial 21: x (600/600 steps)
[asrc_goal_cadmag_folding_40env] task 6 trial 22: OK (177/600 steps)
[asrc_goal_cadmag_folding_40env] task 6 trial 23: x (600/600 steps)
[asrc_goal_cadmag_folding_40env] task 6 trial 24: OK (186/600 steps)
[asrc_goal_cadmag_folding_40env] task 6 trial 25: OK (189/600 steps)
[asrc_goal_cadmag_folding_40env] task 6 trial 26: x (600/600 steps)
[asrc_goal_cadmag_folding_40env] task 6 trial 27: OK (168/600 steps)
[asrc_goal_cadmag_folding_40env] task 6 trial 28: OK (195/600 steps)
[asrc_goal_cadmag_folding_40env] task 6 trial 29: OK (169/600 steps)
[info] using task orders [0, 1, 2, 3, 4, 5, 6, 7, 8, 9]
[asrc_goal_cadmag_folding_40env] task 7 trial 00: OK (162/600 steps)
[asrc_goal_cadmag_folding_40env] task 7 trial 01: OK (265/600 steps)
[asrc_goal_cadmag_folding_40env] task 7 trial 02: OK (143/600 steps)
[asrc_goal_cadmag_folding_40env] task 7 trial 03: OK (146/600 steps)
[asrc_goal_cadmag_folding_40env] task 7 trial 04: OK (133/600 steps)
[asrc_goal_cadmag_folding_40env] task 7 trial 05: OK (197/600 steps)
[asrc_goal_cadmag_folding_40env] task 7 trial 06: OK (146/600 steps)
[asrc_goal_cadmag_folding_40env] task 7 trial 07: OK (173/600 steps)
[asrc_goal_cadmag_folding_40env] task 7 trial 08: OK (199/600 steps)
[asrc_goal_cadmag_folding_40env] task 7 trial 09: OK (139/600 steps)
[asrc_goal_cadmag_folding_40env] task 7 trial 10: OK (157/600 steps)
[asrc_goal_cadmag_folding_40env] task 7 trial 11: OK (164/600 steps)
[asrc_goal_cadmag_folding_40env] task 7 trial 12: OK (142/600 steps)
[asrc_goal_cadmag_folding_40env] task 7 trial 13: OK (180/600 steps)
[asrc_goal_cadmag_folding_40env] task 7 trial 14: OK (157/600 steps)
[asrc_goal_cadmag_folding_40env] task 7 trial 15: OK (148/600 steps)
[asrc_goal_cadmag_folding_40env] task 7 trial 16: OK (150/600 steps)
[asrc_goal_cadmag_folding_40env] task 7 trial 17: OK (155/600 steps)
[asrc_goal_cadmag_folding_40env] task 7 trial 18: OK (159/600 steps)
[asrc_goal_cadmag_folding_40env] task 7 trial 19: OK (149/600 steps)
[asrc_goal_cadmag_folding_40env] task 7 trial 20: OK (152/600 steps)
[asrc_goal_cadmag_folding_40env] task 7 trial 21: OK (138/600 steps)
[asrc_goal_cadmag_folding_40env] task 7 trial 22: OK (144/600 steps)
[asrc_goal_cadmag_folding_40env] task 7 trial 23: OK (151/600 steps)
[asrc_goal_cadmag_folding_40env] task 7 trial 24: OK (149/600 steps)
[asrc_goal_cadmag_folding_40env] task 7 trial 25: OK (141/600 steps)
[asrc_goal_cadmag_folding_40env] task 7 trial 26: x (600/600 steps)
[asrc_goal_cadmag_folding_40env] task 7 trial 27: OK (152/600 steps)
[asrc_goal_cadmag_folding_40env] task 7 trial 28: x (600/600 steps)
[asrc_goal_cadmag_folding_40env] task 7 trial 29: OK (155/600 steps)
[info] using task orders [0, 1, 2, 3, 4, 5, 6, 7, 8, 9]
[asrc_goal_cadmag_folding_40env] task 8 trial 00: OK (149/600 steps)
[asrc_goal_cadmag_folding_40env] task 8 trial 01: OK (143/600 steps)
[asrc_goal_cadmag_folding_40env] task 8 trial 02: OK (153/600 steps)
[asrc_goal_cadmag_folding_40env] task 8 trial 03: OK (141/600 steps)
[asrc_goal_cadmag_folding_40env] task 8 trial 04: OK (144/600 steps)
[asrc_goal_cadmag_folding_40env] task 8 trial 05: OK (158/600 steps)
[asrc_goal_cadmag_folding_40env] task 8 trial 06: OK (142/600 steps)
[asrc_goal_cadmag_folding_40env] task 8 trial 07: OK (154/600 steps)
[asrc_goal_cadmag_folding_40env] task 8 trial 08: OK (139/600 steps)
[asrc_goal_cadmag_folding_40env] task 8 trial 09: OK (144/600 steps)
[asrc_goal_cadmag_folding_40env] task 8 trial 10: OK (145/600 steps)
[asrc_goal_cadmag_folding_40env] task 8 trial 11: OK (144/600 steps)
[asrc_goal_cadmag_folding_40env] task 8 trial 12: OK (160/600 steps)
[asrc_goal_cadmag_folding_40env] task 8 trial 13: OK (155/600 steps)
[asrc_goal_cadmag_folding_40env] task 8 trial 14: OK (150/600 steps)
[asrc_goal_cadmag_folding_40env] task 8 trial 15: OK (151/600 steps)
[asrc_goal_cadmag_folding_40env] task 8 trial 16: OK (145/600 steps)
[asrc_goal_cadmag_folding_40env] task 8 trial 17: OK (150/600 steps)
[asrc_goal_cadmag_folding_40env] task 8 trial 18: OK (258/600 steps)
[asrc_goal_cadmag_folding_40env] task 8 trial 19: OK (137/600 steps)
[asrc_goal_cadmag_folding_40env] task 8 trial 20: OK (164/600 steps)
[asrc_goal_cadmag_folding_40env] task 8 trial 21: OK (146/600 steps)
[asrc_goal_cadmag_folding_40env] task 8 trial 22: OK (145/600 steps)
[asrc_goal_cadmag_folding_40env] task 8 trial 23: OK (144/600 steps)
[asrc_goal_cadmag_folding_40env] task 8 trial 24: OK (148/600 steps)
[asrc_goal_cadmag_folding_40env] task 8 trial 25: OK (143/600 steps)
[asrc_goal_cadmag_folding_40env] task 8 trial 26: x (600/600 steps)
[asrc_goal_cadmag_folding_40env] task 8 trial 27: OK (151/600 steps)
[asrc_goal_cadmag_folding_40env] task 8 trial 28: OK (167/600 steps)
[asrc_goal_cadmag_folding_40env] task 8 trial 29: OK (143/600 steps)
[info] using task orders [0, 1, 2, 3, 4, 5, 6, 7, 8, 9]
[asrc_goal_cadmag_folding_40env] task 9 trial 00: OK (298/600 steps)
[asrc_goal_cadmag_folding_40env] task 9 trial 01: OK (269/600 steps)
[asrc_goal_cadmag_folding_40env] task 9 trial 02: x (600/600 steps)
[asrc_goal_cadmag_folding_40env] task 9 trial 03: OK (293/600 steps)
[asrc_goal_cadmag_folding_40env] task 9 trial 04: OK (287/600 steps)
[asrc_goal_cadmag_folding_40env] task 9 trial 05: OK (267/600 steps)
[asrc_goal_cadmag_folding_40env] task 9 trial 06: OK (267/600 steps)
[asrc_goal_cadmag_folding_40env] task 9 trial 07: OK (286/600 steps)
[asrc_goal_cadmag_folding_40env] task 9 trial 08: OK (294/600 steps)
[asrc_goal_cadmag_folding_40env] task 9 trial 09: OK (293/600 steps)
[asrc_goal_cadmag_folding_40env] task 9 trial 10: OK (282/600 steps)
[asrc_goal_cadmag_folding_40env] task 9 trial 11: OK (264/600 steps)
[asrc_goal_cadmag_folding_40env] task 9 trial 12: OK (455/600 steps)
[asrc_goal_cadmag_folding_40env] task 9 trial 13: OK (316/600 steps)
[asrc_goal_cadmag_folding_40env] task 9 trial 14: OK (278/600 steps)
[asrc_goal_cadmag_folding_40env] task 9 trial 15: OK (261/600 steps)
[asrc_goal_cadmag_folding_40env] task 9 trial 16: OK (260/600 steps)
[asrc_goal_cadmag_folding_40env] task 9 trial 17: OK (277/600 steps)
[asrc_goal_cadmag_folding_40env] task 9 trial 18: OK (281/600 steps)
[asrc_goal_cadmag_folding_40env] task 9 trial 19: x (600/600 steps)
[asrc_goal_cadmag_folding_40env] task 9 trial 20: OK (283/600 steps)
[asrc_goal_cadmag_folding_40env] task 9 trial 21: OK (272/600 steps)
[asrc_goal_cadmag_folding_40env] task 9 trial 22: OK (269/600 steps)
[asrc_goal_cadmag_folding_40env] task 9 trial 23: OK (292/600 steps)
[asrc_goal_cadmag_folding_40env] task 9 trial 24: OK (306/600 steps)
[asrc_goal_cadmag_folding_40env] task 9 trial 25: OK (261/600 steps)
[asrc_goal_cadmag_folding_40env] task 9 trial 26: OK (291/600 steps)
[asrc_goal_cadmag_folding_40env] task 9 trial 27: OK (281/600 steps)
[asrc_goal_cadmag_folding_40env] task 9 trial 28: x (600/600 steps)
[asrc_goal_cadmag_folding_40env] task 9 trial 29: x (600/600 steps)
[asrc_goal_cadmag_folding_40env] cadence check: 39151 policy queries, 39002 resolved intermediates, 148 starved of 78301 env steps
[asrc_goal_cadmag_folding_40env] diagnostics: 268/300 ok | fail_at_cap=32 fail_early=0 | succ_median=187.5/600
--> asrc_goal_cadmag_folding_40env: 89.3% (600 steps @ 40 Hz = 11.0 s, replan every 20)


SUMMARY (matched wall-clock, chunk-driven replan)
  asrc_goal_cadmag_folding_40env  89.3%
