[suite] libero_spatial -> powered_out/multirate_honest.json
[robosuite WARNING] No private macro file found! (__init__.py:7)
WARNING:robosuite_logs:No private macro file found!
[robosuite WARNING] It is recommended to use a private macro file (__init__.py:8)
WARNING:robosuite_logs:It is recommended to use a private macro file
[robosuite WARNING] To setup, run: python /home/user/anaconda3/envs/vla_smolvla_libero/lib/python3.12/site-packages/robosuite/scripts/setup_macros.py (__init__.py:9)
WARNING:robosuite_logs:To setup, run: python /home/user/anaconda3/envs/vla_smolvla_libero/lib/python3.12/site-packages/robosuite/scripts/setup_macros.py

============================================================
ARM asrc_anchor_30env
============================================================
Fetching 4 files:   0%|          | 0/4 [00:00<?, ?it/s]Fetching 4 files: 100%|██████████| 4/4 [00:00<00:00, 96978.13it/s]
Warning: You are sending unauthenticated requests to the HF Hub. Please set a HF_TOKEN to enable higher rate limits and faster downloads.
WARNING:huggingface_hub.utils._http:Warning: You are sending unauthenticated requests to the HF Hub. Please set a HF_TOKEN to enable higher rate limits and faster downloads.
`torch_dtype` is deprecated! Use `dtype` instead!
Loading  HuggingFaceTB/SmolVLM2-500M-Video-Instruct weights ...
Loading weights:   0%|          | 0/489 [00:00<?, ?it/s]Loading weights: 100%|██████████| 489/489 [00:00<00:00, 6573.30it/s]
Reducing the number of VLM layers to 16 ...
Loading  HuggingFaceTB/SmolVLM2-500M-Video-Instruct weights ...
Loading weights:   0%|          | 0/489 [00:00<?, ?it/s]Loading weights: 100%|██████████| 489/489 [00:00<00:00, 6457.83it/s]
Reducing the number of VLM layers to 16 ...
Loading weights from local directory
[asrc_anchor_30env] variant=asrc n_fourier=6 re-integrates at 30.0 Hz (native ODE re-integration, NOT alias folding)
[asrc_anchor_30env] anchor: dt=1/30 integration, trunk rate token pinned to 20 Hz (in-distribution field query, zero interpolation)
[asrc_anchor_30env] magscale: raw pose deltas x1.5 (restores native per-step travel)
[asrc_anchor_30env] resolved-cadence: 20 Hz decisions in a 30 Hz sim (1 query per 1.5 env steps, NON-INTEGER: integer hold cannot express this); intermediates taken from the plan
[info] using task orders [0, 1, 2, 3, 4, 5, 6, 7, 8, 9]
Local assets not found. Downloading from HuggingFace Hub...
Assets already downloaded at /home/user/.cache/libero/assets
[asrc_anchor_30env] settle window scaled to 15 steps (0.50 s at 30 Hz)
[asrc_anchor_30env] task 0 trial 00: OK (115/330 steps)
[asrc_anchor_30env] task 0 trial 01: OK (116/330 steps)
[asrc_anchor_30env] task 0 trial 02: x (330/330 steps)
[asrc_anchor_30env] task 0 trial 03: OK (120/330 steps)
[asrc_anchor_30env] task 0 trial 04: OK (119/330 steps)
[asrc_anchor_30env] task 0 trial 05: OK (109/330 steps)
[asrc_anchor_30env] task 0 trial 06: OK (111/330 steps)
[asrc_anchor_30env] task 0 trial 07: OK (117/330 steps)
[asrc_anchor_30env] task 0 trial 08: x (330/330 steps)
[asrc_anchor_30env] task 0 trial 09: OK (110/330 steps)
[asrc_anchor_30env] task 0 trial 10: OK (116/330 steps)
[asrc_anchor_30env] task 0 trial 11: OK (120/330 steps)
[asrc_anchor_30env] task 0 trial 12: OK (126/330 steps)
[asrc_anchor_30env] task 0 trial 13: OK (126/330 steps)
[asrc_anchor_30env] task 0 trial 14: x (330/330 steps)
[asrc_anchor_30env] task 0 trial 15: OK (117/330 steps)
[asrc_anchor_30env] task 0 trial 16: OK (119/330 steps)
[asrc_anchor_30env] task 0 trial 17: OK (120/330 steps)
[asrc_anchor_30env] task 0 trial 18: OK (199/330 steps)
[asrc_anchor_30env] task 0 trial 19: x (330/330 steps)
[asrc_anchor_30env] task 0 trial 20: OK (130/330 steps)
[asrc_anchor_30env] task 0 trial 21: OK (118/330 steps)
[asrc_anchor_30env] task 0 trial 22: OK (122/330 steps)
[asrc_anchor_30env] task 0 trial 23: OK (118/330 steps)
[asrc_anchor_30env] task 0 trial 24: x (330/330 steps)
[asrc_anchor_30env] task 0 trial 25: x (330/330 steps)
[asrc_anchor_30env] task 0 trial 26: OK (120/330 steps)
[asrc_anchor_30env] task 0 trial 27: OK (114/330 steps)
[asrc_anchor_30env] task 0 trial 28: x (330/330 steps)
[asrc_anchor_30env] task 0 trial 29: OK (112/330 steps)
[info] using task orders [0, 1, 2, 3, 4, 5, 6, 7, 8, 9]
[asrc_anchor_30env] task 1 trial 00: OK (178/330 steps)
[asrc_anchor_30env] task 1 trial 01: OK (162/330 steps)
[asrc_anchor_30env] task 1 trial 02: OK (196/330 steps)
[asrc_anchor_30env] task 1 trial 03: x (330/330 steps)
[asrc_anchor_30env] task 1 trial 04: OK (171/330 steps)
[asrc_anchor_30env] task 1 trial 05: OK (166/330 steps)
[asrc_anchor_30env] task 1 trial 06: OK (174/330 steps)
[asrc_anchor_30env] task 1 trial 07: OK (170/330 steps)
[asrc_anchor_30env] task 1 trial 08: OK (169/330 steps)
[asrc_anchor_30env] task 1 trial 09: x (330/330 steps)
[asrc_anchor_30env] task 1 trial 10: x (330/330 steps)
[asrc_anchor_30env] task 1 trial 11: x (330/330 steps)
[asrc_anchor_30env] task 1 trial 12: OK (167/330 steps)
[asrc_anchor_30env] task 1 trial 13: OK (165/330 steps)
[asrc_anchor_30env] task 1 trial 14: OK (191/330 steps)
[asrc_anchor_30env] task 1 trial 15: OK (164/330 steps)
[asrc_anchor_30env] task 1 trial 16: OK (173/330 steps)
[asrc_anchor_30env] task 1 trial 17: OK (171/330 steps)
[asrc_anchor_30env] task 1 trial 18: OK (164/330 steps)
[asrc_anchor_30env] task 1 trial 19: OK (172/330 steps)
[asrc_anchor_30env] task 1 trial 20: OK (166/330 steps)
[asrc_anchor_30env] task 1 trial 21: OK (167/330 steps)
[asrc_anchor_30env] task 1 trial 22: x (330/330 steps)
[asrc_anchor_30env] task 1 trial 23: x (330/330 steps)
[asrc_anchor_30env] task 1 trial 24: OK (162/330 steps)
[asrc_anchor_30env] task 1 trial 25: OK (167/330 steps)
[asrc_anchor_30env] task 1 trial 26: OK (164/330 steps)
[asrc_anchor_30env] task 1 trial 27: x (330/330 steps)
[asrc_anchor_30env] task 1 trial 28: OK (184/330 steps)
[asrc_anchor_30env] task 1 trial 29: x (330/330 steps)
[info] using task orders [0, 1, 2, 3, 4, 5, 6, 7, 8, 9]
[asrc_anchor_30env] task 2 trial 00: OK (147/330 steps)
[asrc_anchor_30env] task 2 trial 01: OK (160/330 steps)
[asrc_anchor_30env] task 2 trial 02: OK (143/330 steps)
[asrc_anchor_30env] task 2 trial 03: OK (137/330 steps)
[asrc_anchor_30env] task 2 trial 04: OK (151/330 steps)
[asrc_anchor_30env] task 2 trial 05: OK (139/330 steps)
[asrc_anchor_30env] task 2 trial 06: OK (142/330 steps)
[asrc_anchor_30env] task 2 trial 07: OK (154/330 steps)
[asrc_anchor_30env] task 2 trial 08: OK (155/330 steps)
[asrc_anchor_30env] task 2 trial 09: OK (150/330 steps)
[asrc_anchor_30env] task 2 trial 10: OK (156/330 steps)
[asrc_anchor_30env] task 2 trial 11: OK (147/330 steps)
[asrc_anchor_30env] task 2 trial 12: OK (142/330 steps)
[asrc_anchor_30env] task 2 trial 13: x (330/330 steps)
[asrc_anchor_30env] task 2 trial 14: OK (141/330 steps)
[asrc_anchor_30env] task 2 trial 15: OK (151/330 steps)
[asrc_anchor_30env] task 2 trial 16: OK (136/330 steps)
[asrc_anchor_30env] task 2 trial 17: OK (151/330 steps)
[asrc_anchor_30env] task 2 trial 18: OK (142/330 steps)
[asrc_anchor_30env] task 2 trial 19: OK (155/330 steps)
[asrc_anchor_30env] task 2 trial 20: OK (143/330 steps)
[asrc_anchor_30env] task 2 trial 21: OK (147/330 steps)
[asrc_anchor_30env] task 2 trial 22: x (330/330 steps)
[asrc_anchor_30env] task 2 trial 23: OK (145/330 steps)
[asrc_anchor_30env] task 2 trial 24: OK (147/330 steps)
[asrc_anchor_30env] task 2 trial 25: OK (135/330 steps)
[asrc_anchor_30env] task 2 trial 26: OK (138/330 steps)
[asrc_anchor_30env] task 2 trial 27: OK (131/330 steps)
[asrc_anchor_30env] task 2 trial 28: OK (158/330 steps)
[asrc_anchor_30env] task 2 trial 29: OK (149/330 steps)
[info] using task orders [0, 1, 2, 3, 4, 5, 6, 7, 8, 9]
[asrc_anchor_30env] task 3 trial 00: OK (135/330 steps)
[asrc_anchor_30env] task 3 trial 01: x (330/330 steps)
[asrc_anchor_30env] task 3 trial 02: OK (128/330 steps)
[asrc_anchor_30env] task 3 trial 03: OK (132/330 steps)
[asrc_anchor_30env] task 3 trial 04: OK (133/330 steps)
[asrc_anchor_30env] task 3 trial 05: OK (125/330 steps)
[asrc_anchor_30env] task 3 trial 06: OK (133/330 steps)
[asrc_anchor_30env] task 3 trial 07: OK (135/330 steps)
[asrc_anchor_30env] task 3 trial 08: OK (134/330 steps)
[asrc_anchor_30env] task 3 trial 09: OK (137/330 steps)
[asrc_anchor_30env] task 3 trial 10: OK (131/330 steps)
[asrc_anchor_30env] task 3 trial 11: OK (133/330 steps)
[asrc_anchor_30env] task 3 trial 12: OK (138/330 steps)
[asrc_anchor_30env] task 3 trial 13: OK (133/330 steps)
[asrc_anchor_30env] task 3 trial 14: OK (132/330 steps)
[asrc_anchor_30env] task 3 trial 15: x (330/330 steps)
[asrc_anchor_30env] task 3 trial 16: OK (131/330 steps)
[asrc_anchor_30env] task 3 trial 17: OK (125/330 steps)
[asrc_anchor_30env] task 3 trial 18: OK (129/330 steps)
[asrc_anchor_30env] task 3 trial 19: OK (126/330 steps)
[asrc_anchor_30env] task 3 trial 20: OK (127/330 steps)
[asrc_anchor_30env] task 3 trial 21: OK (129/330 steps)
[asrc_anchor_30env] task 3 trial 22: OK (140/330 steps)
[asrc_anchor_30env] task 3 trial 23: OK (137/330 steps)
[asrc_anchor_30env] task 3 trial 24: x (330/330 steps)
[asrc_anchor_30env] task 3 trial 25: x (330/330 steps)
[asrc_anchor_30env] task 3 trial 26: OK (130/330 steps)
[asrc_anchor_30env] task 3 trial 27: x (330/330 steps)
[asrc_anchor_30env] task 3 trial 28: OK (132/330 steps)
[asrc_anchor_30env] task 3 trial 29: OK (130/330 steps)
[info] using task orders [0, 1, 2, 3, 4, 5, 6, 7, 8, 9]
[asrc_anchor_30env] task 4 trial 00: OK (189/330 steps)
[asrc_anchor_30env] task 4 trial 01: OK (200/330 steps)
[asrc_anchor_30env] task 4 trial 02: x (330/330 steps)
[asrc_anchor_30env] task 4 trial 03: OK (208/330 steps)
[asrc_anchor_30env] task 4 trial 04: OK (189/330 steps)
[asrc_anchor_30env] task 4 trial 05: x (330/330 steps)
[asrc_anchor_30env] task 4 trial 06: OK (192/330 steps)
[asrc_anchor_30env] task 4 trial 07: OK (179/330 steps)
[asrc_anchor_30env] task 4 trial 08: OK (195/330 steps)
[asrc_anchor_30env] task 4 trial 09: x (330/330 steps)
[asrc_anchor_30env] task 4 trial 10: OK (209/330 steps)
[asrc_anchor_30env] task 4 trial 11: OK (198/330 steps)
[asrc_anchor_30env] task 4 trial 12: OK (205/330 steps)
[asrc_anchor_30env] task 4 trial 13: OK (207/330 steps)
[asrc_anchor_30env] task 4 trial 14: OK (197/330 steps)
[asrc_anchor_30env] task 4 trial 15: OK (220/330 steps)
[asrc_anchor_30env] task 4 trial 16: OK (196/330 steps)
[asrc_anchor_30env] task 4 trial 17: OK (198/330 steps)
[asrc_anchor_30env] task 4 trial 18: OK (193/330 steps)
[asrc_anchor_30env] task 4 trial 19: OK (191/330 steps)
[asrc_anchor_30env] task 4 trial 20: OK (187/330 steps)
[asrc_anchor_30env] task 4 trial 21: OK (203/330 steps)
[asrc_anchor_30env] task 4 trial 22: OK (187/330 steps)
[asrc_anchor_30env] task 4 trial 23: x (330/330 steps)
[asrc_anchor_30env] task 4 trial 24: OK (216/330 steps)
[asrc_anchor_30env] task 4 trial 25: x (330/330 steps)
[asrc_anchor_30env] task 4 trial 26: x (330/330 steps)
[asrc_anchor_30env] task 4 trial 27: OK (212/330 steps)
[asrc_anchor_30env] task 4 trial 28: OK (209/330 steps)
[asrc_anchor_30env] task 4 trial 29: OK (211/330 steps)
[info] using task orders [0, 1, 2, 3, 4, 5, 6, 7, 8, 9]
[asrc_anchor_30env] task 5 trial 00: x (330/330 steps)
[asrc_anchor_30env] task 5 trial 01: x (330/330 steps)
[asrc_anchor_30env] task 5 trial 02: x (330/330 steps)
[asrc_anchor_30env] task 5 trial 03: x (330/330 steps)
[asrc_anchor_30env] task 5 trial 04: x (330/330 steps)
[asrc_anchor_30env] task 5 trial 05: x (330/330 steps)
[asrc_anchor_30env] task 5 trial 06: x (330/330 steps)
[asrc_anchor_30env] task 5 trial 07: x (330/330 steps)
[asrc_anchor_30env] task 5 trial 08: x (330/330 steps)
[asrc_anchor_30env] task 5 trial 09: x (330/330 steps)
[asrc_anchor_30env] task 5 trial 10: x (330/330 steps)
[asrc_anchor_30env] task 5 trial 11: x (330/330 steps)
[asrc_anchor_30env] task 5 trial 12: x (330/330 steps)
[asrc_anchor_30env] task 5 trial 13: x (330/330 steps)
[asrc_anchor_30env] task 5 trial 14: OK (143/330 steps)
[asrc_anchor_30env] task 5 trial 15: x (330/330 steps)
[asrc_anchor_30env] task 5 trial 16: x (330/330 steps)
[asrc_anchor_30env] task 5 trial 17: x (330/330 steps)
[asrc_anchor_30env] task 5 trial 18: x (330/330 steps)
[asrc_anchor_30env] task 5 trial 19: x (330/330 steps)
[asrc_anchor_30env] task 5 trial 20: x (330/330 steps)
[asrc_anchor_30env] task 5 trial 21: x (330/330 steps)
[asrc_anchor_30env] task 5 trial 22: x (330/330 steps)
[asrc_anchor_30env] task 5 trial 23: OK (155/330 steps)
[asrc_anchor_30env] task 5 trial 24: x (330/330 steps)
[asrc_anchor_30env] task 5 trial 25: x (330/330 steps)
[asrc_anchor_30env] task 5 trial 26: x (330/330 steps)
[asrc_anchor_30env] task 5 trial 27: x (330/330 steps)
[asrc_anchor_30env] task 5 trial 28: x (330/330 steps)
[asrc_anchor_30env] task 5 trial 29: x (330/330 steps)
[info] using task orders [0, 1, 2, 3, 4, 5, 6, 7, 8, 9]
[asrc_anchor_30env] task 6 trial 00: OK (163/330 steps)
[asrc_anchor_30env] task 6 trial 01: OK (164/330 steps)
[asrc_anchor_30env] task 6 trial 02: OK (160/330 steps)
[asrc_anchor_30env] task 6 trial 03: OK (172/330 steps)
[asrc_anchor_30env] task 6 trial 04: OK (159/330 steps)
[asrc_anchor_30env] task 6 trial 05: OK (177/330 steps)
[asrc_anchor_30env] task 6 trial 06: OK (174/330 steps)
[asrc_anchor_30env] task 6 trial 07: OK (163/330 steps)
[asrc_anchor_30env] task 6 trial 08: OK (173/330 steps)
[asrc_anchor_30env] task 6 trial 09: OK (163/330 steps)
[asrc_anchor_30env] task 6 trial 10: OK (169/330 steps)
[asrc_anchor_30env] task 6 trial 11: OK (161/330 steps)
[asrc_anchor_30env] task 6 trial 12: OK (166/330 steps)
[asrc_anchor_30env] task 6 trial 13: OK (173/330 steps)
[asrc_anchor_30env] task 6 trial 14: OK (164/330 steps)
[asrc_anchor_30env] task 6 trial 15: OK (153/330 steps)
[asrc_anchor_30env] task 6 trial 16: OK (153/330 steps)
[asrc_anchor_30env] task 6 trial 17: OK (173/330 steps)
[asrc_anchor_30env] task 6 trial 18: OK (165/330 steps)
[asrc_anchor_30env] task 6 trial 19: OK (158/330 steps)
[asrc_anchor_30env] task 6 trial 20: OK (162/330 steps)
[asrc_anchor_30env] task 6 trial 21: OK (162/330 steps)
[asrc_anchor_30env] task 6 trial 22: OK (158/330 steps)
[asrc_anchor_30env] task 6 trial 23: OK (160/330 steps)
[asrc_anchor_30env] task 6 trial 24: OK (159/330 steps)
[asrc_anchor_30env] task 6 trial 25: OK (166/330 steps)
[asrc_anchor_30env] task 6 trial 26: OK (164/330 steps)
[asrc_anchor_30env] task 6 trial 27: OK (147/330 steps)
[asrc_anchor_30env] task 6 trial 28: x (330/330 steps)
[asrc_anchor_30env] task 6 trial 29: OK (168/330 steps)
[info] using task orders [0, 1, 2, 3, 4, 5, 6, 7, 8, 9]
[asrc_anchor_30env] task 7 trial 00: OK (187/330 steps)
[asrc_anchor_30env] task 7 trial 01: OK (182/330 steps)
[asrc_anchor_30env] task 7 trial 02: OK (190/330 steps)
[asrc_anchor_30env] task 7 trial 03: OK (181/330 steps)
[asrc_anchor_30env] task 7 trial 04: OK (184/330 steps)
[asrc_anchor_30env] task 7 trial 05: OK (174/330 steps)
[asrc_anchor_30env] task 7 trial 06: OK (158/330 steps)
[asrc_anchor_30env] task 7 trial 07: OK (189/330 steps)
[asrc_anchor_30env] task 7 trial 08: OK (183/330 steps)
[asrc_anchor_30env] task 7 trial 09: OK (187/330 steps)
[asrc_anchor_30env] task 7 trial 10: OK (186/330 steps)
[asrc_anchor_30env] task 7 trial 11: OK (188/330 steps)
[asrc_anchor_30env] task 7 trial 12: OK (173/330 steps)
[asrc_anchor_30env] task 7 trial 13: x (330/330 steps)
[asrc_anchor_30env] task 7 trial 14: OK (178/330 steps)
[asrc_anchor_30env] task 7 trial 15: OK (179/330 steps)
[asrc_anchor_30env] task 7 trial 16: OK (184/330 steps)
[asrc_anchor_30env] task 7 trial 17: OK (187/330 steps)
[asrc_anchor_30env] task 7 trial 18: x (330/330 steps)
[asrc_anchor_30env] task 7 trial 19: OK (214/330 steps)
[asrc_anchor_30env] task 7 trial 20: OK (171/330 steps)
[asrc_anchor_30env] task 7 trial 21: x (330/330 steps)
[asrc_anchor_30env] task 7 trial 22: OK (191/330 steps)
[asrc_anchor_30env] task 7 trial 23: OK (181/330 steps)
[asrc_anchor_30env] task 7 trial 24: OK (184/330 steps)
[asrc_anchor_30env] task 7 trial 25: OK (186/330 steps)
[asrc_anchor_30env] task 7 trial 26: OK (178/330 steps)
[asrc_anchor_30env] task 7 trial 27: x (330/330 steps)
[asrc_anchor_30env] task 7 trial 28: OK (194/330 steps)
[asrc_anchor_30env] task 7 trial 29: OK (181/330 steps)
[info] using task orders [0, 1, 2, 3, 4, 5, 6, 7, 8, 9]
[asrc_anchor_30env] task 8 trial 00: x (330/330 steps)
[asrc_anchor_30env] task 8 trial 01: OK (141/330 steps)
[asrc_anchor_30env] task 8 trial 02: x (330/330 steps)
[asrc_anchor_30env] task 8 trial 03: OK (143/330 steps)
[asrc_anchor_30env] task 8 trial 04: x (330/330 steps)
[asrc_anchor_30env] task 8 trial 05: x (330/330 steps)
[asrc_anchor_30env] task 8 trial 06: x (330/330 steps)
[asrc_anchor_30env] task 8 trial 07: x (330/330 steps)
[asrc_anchor_30env] task 8 trial 08: x (330/330 steps)
[asrc_anchor_30env] task 8 trial 09: x (330/330 steps)
[asrc_anchor_30env] task 8 trial 10: OK (139/330 steps)
[asrc_anchor_30env] task 8 trial 11: OK (148/330 steps)
[asrc_anchor_30env] task 8 trial 12: OK (161/330 steps)
[asrc_anchor_30env] task 8 trial 13: OK (147/330 steps)
[asrc_anchor_30env] task 8 trial 14: OK (218/330 steps)
[asrc_anchor_30env] task 8 trial 15: OK (142/330 steps)
[asrc_anchor_30env] task 8 trial 16: OK (251/330 steps)
[asrc_anchor_30env] task 8 trial 17: OK (134/330 steps)
[asrc_anchor_30env] task 8 trial 18: OK (137/330 steps)
[asrc_anchor_30env] task 8 trial 19: OK (153/330 steps)
[asrc_anchor_30env] task 8 trial 20: OK (141/330 steps)
[asrc_anchor_30env] task 8 trial 21: OK (146/330 steps)
[asrc_anchor_30env] task 8 trial 22: OK (133/330 steps)
[asrc_anchor_30env] task 8 trial 23: x (330/330 steps)
[asrc_anchor_30env] task 8 trial 24: OK (193/330 steps)
[asrc_anchor_30env] task 8 trial 25: OK (143/330 steps)
[asrc_anchor_30env] task 8 trial 26: x (330/330 steps)
[asrc_anchor_30env] task 8 trial 27: x (330/330 steps)
[asrc_anchor_30env] task 8 trial 28: OK (242/330 steps)
[asrc_anchor_30env] task 8 trial 29: x (330/330 steps)
[info] using task orders [0, 1, 2, 3, 4, 5, 6, 7, 8, 9]
[asrc_anchor_30env] task 9 trial 00: OK (192/330 steps)
[asrc_anchor_30env] task 9 trial 01: OK (195/330 steps)
[asrc_anchor_30env] task 9 trial 02: OK (191/330 steps)
[asrc_anchor_30env] task 9 trial 03: OK (197/330 steps)
[asrc_anchor_30env] task 9 trial 04: x (330/330 steps)
[asrc_anchor_30env] task 9 trial 05: OK (186/330 steps)
[asrc_anchor_30env] task 9 trial 06: OK (205/330 steps)
[asrc_anchor_30env] task 9 trial 07: OK (200/330 steps)
[asrc_anchor_30env] task 9 trial 08: OK (196/330 steps)
[asrc_anchor_30env] task 9 trial 09: OK (192/330 steps)
[asrc_anchor_30env] task 9 trial 10: x (330/330 steps)
[asrc_anchor_30env] task 9 trial 11: x (330/330 steps)
[asrc_anchor_30env] task 9 trial 12: x (330/330 steps)
[asrc_anchor_30env] task 9 trial 13: OK (190/330 steps)
[asrc_anchor_30env] task 9 trial 14: OK (182/330 steps)
[asrc_anchor_30env] task 9 trial 15: OK (183/330 steps)
[asrc_anchor_30env] task 9 trial 16: OK (194/330 steps)
[asrc_anchor_30env] task 9 trial 17: x (330/330 steps)
[asrc_anchor_30env] task 9 trial 18: x (330/330 steps)
[asrc_anchor_30env] task 9 trial 19: x (330/330 steps)
[asrc_anchor_30env] task 9 trial 20: OK (190/330 steps)
[asrc_anchor_30env] task 9 trial 21: OK (190/330 steps)
[asrc_anchor_30env] task 9 trial 22: OK (179/330 steps)
[asrc_anchor_30env] task 9 trial 23: OK (191/330 steps)
[asrc_anchor_30env] task 9 trial 24: OK (194/330 steps)
[asrc_anchor_30env] task 9 trial 25: OK (195/330 steps)
[asrc_anchor_30env] task 9 trial 26: x (330/330 steps)
[asrc_anchor_30env] task 9 trial 27: OK (191/330 steps)
[asrc_anchor_30env] task 9 trial 28: OK (188/330 steps)
[asrc_anchor_30env] task 9 trial 29: x (330/330 steps)
[asrc_anchor_30env] cadence check: 41697 policy queries, 20740 resolved intermediates, 108 starved of 62545 env steps
[asrc_anchor_30env] diagnostics: 218/300 ok | fail_at_cap=82 fail_early=0 | succ_median=163.5/330
--> asrc_anchor_30env: 72.7% (330 steps @ 30 Hz = 11.0 s, replan every 15)


SUMMARY (matched wall-clock, chunk-driven replan)
  asrc_anchor_30env       72.7%
