[robosuite WARNING] No private macro file found! (__init__.py:7)
[robosuite WARNING] It is recommended to use a private macro file (__init__.py:8)
[robosuite WARNING] To setup, run: python /home/user/anaconda3/envs/vla_smolvla_libero/lib/python3.12/site-packages/robosuite/scripts/setup_macros.py (__init__.py:9)
Gym has been unmaintained since 2022 and does not support NumPy 2.0 amongst other critical functionality.
Please upgrade to Gymnasium, the maintained drop-in replacement of Gym, or contact the authors of your software and request that they upgrade.
See the migration guide at https://gymnasium.farama.org/introduction/migration_guide/ for additional information.
[guard] head modules resolved inside the campaign dir
[info] using task orders [0, 1, 2, 3, 4, 5, 6, 7, 8, 9, 10, 11, 12, 13, 14, 15, 16, 17, 18, 19, 20, 21, 22, 23, 24, 25, 26, 27, 28, 29, 30, 31, 32, 33, 34, 35, 36, 37, 38, 39, 40, 41, 42, 43, 44, 45, 46, 47, 48, 49, 50, 51, 52, 53, 54, 55, 56, 57, 58, 59, 60, 61, 62, 63, 64, 65, 66, 67, 68, 69, 70, 71, 72, 73, 74, 75, 76, 77, 78, 79, 80, 81, 82, 83, 84, 85, 86, 87, 88, 89, 90, 91, 92, 93, 94, 95, 96, 97, 98, 99, 100, 101, 102, 103, 104, 105, 106, 107, 108, 109, 110, 111, 112, 113, 114, 115, 116, 117, 118, 119, 120, 121, 122, 123, 124, 125, 126, 127, 128, 129, 130, 131, 132, 133, 134, 135, 136, 137, 138, 139, 140, 141, 142, 143, 144, 145, 146, 147, 148, 149, 150, 151, 152, 153, 154, 155, 156, 157, 158, 159, 160, 161, 162, 163, 164, 165, 166, 167, 168, 169, 170, 171, 172, 173, 174, 175, 176, 177, 178, 179, 180, 181, 182, 183, 184, 185, 186, 187, 188, 189, 190, 191, 192, 193, 194, 195, 196, 197, 198, 199, 200, 201, 202, 203, 204, 205, 206, 207, 208, 209, 210, 211, 212, 213, 214, 215, 216, 217, 218, 219, 220, 221, 222, 223, 224, 225, 226, 227, 228, 229, 230, 231, 232, 233, 234, 235, 236, 237, 238, 239, 240, 241, 242, 243, 244, 245, 246, 247, 248, 249, 250, 251, 252, 253, 254, 255, 256, 257, 258, 259, 260, 261, 262, 263, 264, 265, 266, 267, 268, 269, 270, 271, 272, 273, 274, 275, 276, 277, 278, 279, 280, 281, 282, 283, 284, 285, 286, 287, 288, 289, 290, 291, 292, 293, 294, 295, 296, 297, 298, 299, 300, 301, 302, 303, 304, 305, 306, 307, 308, 309, 310, 311, 312, 313, 314, 315, 316, 317, 318, 319, 320, 321, 322, 323, 324, 325, 326, 327, 328, 329, 330, 331, 332, 333, 334, 335, 336, 337, 338, 339, 340, 341, 342, 343, 344, 345, 346, 347, 348, 349, 350, 351, 352, 353, 354, 355, 356, 357, 358, 359, 360, 361, 362, 363, 364, 365, 366, 367, 368, 369, 370, 371, 372, 373, 374, 375, 376, 377, 378, 379, 380, 381, 382, 383, 384, 385, 386, 387, 388, 389, 390, 391, 392, 393, 394, 395, 396, 397, 398, 399, 400, 401, 402, 403, 404, 405, 406, 407, 408, 409, 410, 411, 412, 413, 414, 415, 416, 417, 418, 419, 420, 421, 422, 423, 424, 425, 426, 427, 428, 429, 430, 431, 432, 433, 434, 435, 436, 437, 438, 439, 440, 441, 442, 443, 444, 445, 446, 447, 448, 449, 450, 451, 452, 453, 454, 455, 456, 457, 458, 459, 460, 461, 462, 463, 464, 465, 466, 467, 468, 469, 470, 471, 472, 473, 474, 475, 476, 477, 478, 479, 480, 481, 482, 483, 484, 485, 486, 487, 488, 489, 490, 491, 492, 493, 494, 495, 496, 497, 498, 499, 500, 501, 502, 503, 504, 505, 506, 507, 508, 509, 510, 511, 512, 513, 514, 515, 516, 517, 518, 519, 520, 521, 522, 523, 524, 525, 526, 527, 528, 529, 530, 531, 532, 533, 534, 535, 536, 537, 538, 539, 540, 541, 542, 543, 544, 545, 546, 547, 548, 549, 550, 551, 552, 553, 554, 555, 556, 557, 558, 559, 560, 561, 562, 563, 564, 565, 566, 567, 568, 569, 570, 571, 572, 573, 574, 575, 576, 577, 578, 579, 580, 581, 582, 583, 584, 585, 586, 587, 588, 589, 590, 591, 592, 593, 594, 595, 596, 597, 598, 599, 600, 601, 602, 603, 604, 605, 606, 607, 608, 609, 610, 611, 612, 613, 614, 615, 616, 617, 618, 619, 620, 621, 622, 623, 624, 625, 626, 627, 628, 629, 630, 631, 632, 633, 634, 635, 636, 637, 638, 639, 640, 641, 642, 643, 644, 645, 646, 647, 648, 649, 650, 651, 652, 653, 654, 655, 656, 657, 658, 659, 660, 661, 662, 663, 664, 665, 666, 667, 668, 669, 670, 671, 672, 673, 674, 675, 676, 677, 678, 679, 680, 681, 682, 683, 684, 685, 686, 687, 688, 689, 690, 691, 692, 693, 694, 695, 696, 697, 698, 699, 700, 701, 702, 703, 704, 705, 706, 707, 708, 709, 710, 711, 712, 713, 714, 715, 716, 717, 718, 719, 720, 721, 722, 723, 724, 725, 726, 727, 728, 729, 730, 731, 732, 733, 734, 735, 736, 737, 738, 739, 740, 741, 742, 743, 744, 745, 746, 747, 748, 749, 750, 751, 752, 753, 754, 755, 756, 757, 758, 759, 760, 761, 762, 763, 764, 765, 766, 767, 768, 769, 770, 771, 772, 773, 774, 775, 776, 777, 778, 779, 780, 781, 782, 783, 784, 785, 786, 787, 788, 789, 790, 791, 792, 793, 794, 795, 796, 797, 798, 799, 800, 801, 802, 803, 804, 805, 806, 807, 808, 809, 810, 811, 812, 813, 814, 815, 816, 817, 818, 819, 820, 821, 822, 823, 824, 825, 826, 827, 828, 829, 830, 831, 832, 833, 834, 835, 836, 837, 838, 839, 840, 841, 842, 843, 844, 845, 846, 847, 848, 849, 850, 851, 852, 853, 854, 855, 856, 857, 858, 859, 860, 861, 862, 863, 864, 865, 866, 867, 868, 869, 870, 871, 872, 873, 874, 875, 876, 877, 878, 879, 880, 881, 882, 883, 884, 885, 886, 887, 888, 889, 890, 891, 892, 893, 894, 895, 896, 897, 898, 899, 900, 901, 902, 903, 904, 905, 906, 907, 908, 909, 910, 911, 912, 913, 914, 915, 916, 917, 918, 919, 920, 921, 922, 923, 924, 925, 926, 927, 928, 929, 930, 931, 932, 933, 934, 935, 936, 937, 938, 939, 940, 941, 942, 943, 944, 945, 946, 947, 948, 949, 950, 951, 952, 953, 954, 955, 956, 957, 958, 959, 960, 961, 962, 963, 964, 965, 966, 967, 968, 969, 970, 971, 972, 973, 974, 975, 976, 977, 978, 979, 980, 981, 982, 983, 984, 985, 986, 987, 988, 989, 990, 991, 992, 993, 994, 995, 996, 997, 998, 999, 1000, 1001, 1002, 1003, 1004, 1005, 1006, 1007, 1008, 1009, 1010, 1011, 1012, 1013, 1014, 1015, 1016, 1017, 1018, 1019, 1020, 1021, 1022, 1023, 1024, 1025, 1026, 1027, 1028, 1029, 1030, 1031, 1032, 1033, 1034, 1035, 1036, 1037, 1038, 1039, 1040, 1041, 1042, 1043, 1044, 1045, 1046, 1047, 1048, 1049, 1050, 1051, 1052, 1053, 1054, 1055, 1056, 1057, 1058, 1059, 1060, 1061, 1062, 1063, 1064, 1065, 1066, 1067, 1068, 1069, 1070, 1071, 1072, 1073, 1074, 1075, 1076, 1077, 1078, 1079, 1080, 1081, 1082, 1083, 1084, 1085, 1086, 1087, 1088, 1089, 1090, 1091, 1092, 1093, 1094, 1095, 1096, 1097, 1098, 1099, 1100, 1101, 1102, 1103, 1104, 1105, 1106, 1107, 1108, 1109, 1110, 1111, 1112, 1113, 1114, 1115, 1116, 1117, 1118, 1119, 1120, 1121, 1122, 1123, 1124, 1125, 1126, 1127, 1128, 1129, 1130, 1131, 1132, 1133, 1134, 1135, 1136, 1137, 1138, 1139, 1140, 1141, 1142, 1143, 1144, 1145, 1146, 1147, 1148, 1149, 1150, 1151, 1152, 1153, 1154, 1155, 1156, 1157, 1158, 1159, 1160, 1161, 1162, 1163, 1164, 1165, 1166, 1167, 1168, 1169, 1170, 1171, 1172, 1173, 1174, 1175, 1176, 1177, 1178, 1179, 1180, 1181, 1182, 1183, 1184, 1185, 1186, 1187, 1188, 1189, 1190, 1191, 1192, 1193, 1194, 1195, 1196, 1197, 1198, 1199, 1200, 1201, 1202, 1203, 1204, 1205, 1206, 1207, 1208, 1209, 1210, 1211, 1212, 1213, 1214, 1215, 1216, 1217, 1218, 1219, 1220, 1221, 1222, 1223, 1224, 1225, 1226, 1227, 1228, 1229, 1230, 1231, 1232, 1233, 1234, 1235, 1236, 1237, 1238, 1239, 1240, 1241, 1242, 1243, 1244, 1245, 1246, 1247, 1248, 1249, 1250, 1251, 1252, 1253, 1254, 1255, 1256, 1257, 1258, 1259, 1260, 1261, 1262, 1263, 1264, 1265, 1266, 1267, 1268, 1269, 1270, 1271, 1272, 1273, 1274, 1275, 1276, 1277, 1278, 1279, 1280, 1281, 1282, 1283, 1284, 1285, 1286, 1287, 1288, 1289, 1290, 1291, 1292, 1293, 1294, 1295, 1296, 1297, 1298, 1299, 1300, 1301, 1302, 1303, 1304, 1305, 1306, 1307, 1308, 1309, 1310, 1311, 1312, 1313, 1314, 1315, 1316, 1317, 1318, 1319, 1320, 1321, 1322, 1323, 1324, 1325, 1326, 1327, 1328, 1329, 1330, 1331, 1332, 1333, 1334, 1335, 1336, 1337, 1338, 1339, 1340, 1341, 1342, 1343, 1344, 1345, 1346, 1347, 1348, 1349, 1350, 1351, 1352, 1353, 1354, 1355, 1356, 1357, 1358, 1359, 1360, 1361, 1362, 1363, 1364, 1365, 1366, 1367, 1368, 1369, 1370, 1371, 1372, 1373, 1374, 1375, 1376, 1377, 1378, 1379, 1380, 1381, 1382, 1383, 1384, 1385, 1386, 1387, 1388, 1389, 1390, 1391, 1392, 1393, 1394, 1395, 1396, 1397, 1398, 1399, 1400, 1401, 1402, 1403, 1404, 1405, 1406, 1407, 1408, 1409, 1410, 1411, 1412, 1413, 1414, 1415, 1416, 1417, 1418, 1419, 1420, 1421, 1422, 1423, 1424, 1425, 1426, 1427, 1428, 1429, 1430, 1431, 1432, 1433, 1434, 1435, 1436, 1437, 1438, 1439, 1440, 1441, 1442, 1443, 1444, 1445, 1446, 1447, 1448, 1449, 1450, 1451, 1452, 1453, 1454, 1455, 1456, 1457, 1458, 1459, 1460, 1461, 1462, 1463, 1464, 1465, 1466, 1467, 1468, 1469, 1470, 1471, 1472, 1473, 1474, 1475, 1476, 1477, 1478, 1479, 1480, 1481, 1482, 1483, 1484, 1485, 1486, 1487, 1488, 1489, 1490, 1491, 1492, 1493, 1494, 1495, 1496, 1497, 1498, 1499, 1500, 1501, 1502, 1503, 1504, 1505, 1506, 1507, 1508, 1509, 1510, 1511, 1512, 1513, 1514, 1515, 1516, 1517, 1518, 1519, 1520, 1521, 1522, 1523, 1524, 1525, 1526, 1527, 1528, 1529, 1530, 1531, 1532, 1533, 1534, 1535, 1536, 1537, 1538, 1539, 1540, 1541, 1542, 1543, 1544, 1545, 1546, 1547, 1548, 1549, 1550, 1551, 1552, 1553, 1554, 1555, 1556, 1557, 1558, 1559, 1560, 1561, 1562, 1563, 1564, 1565, 1566, 1567, 1568, 1569, 1570, 1571, 1572, 1573, 1574, 1575, 1576, 1577, 1578, 1579, 1580, 1581, 1582, 1583, 1584, 1585, 1586, 1587, 1588, 1589, 1590, 1591, 1592, 1593, 1594, 1595, 1596, 1597, 1598, 1599, 1600, 1601, 1602, 1603, 1604, 1605, 1606, 1607, 1608, 1609, 1610, 1611, 1612, 1613, 1614, 1615, 1616, 1617, 1618, 1619, 1620, 1621, 1622, 1623, 1624, 1625, 1626, 1627, 1628, 1629, 1630, 1631, 1632, 1633, 1634, 1635, 1636, 1637, 1638, 1639, 1640, 1641, 1642, 1643, 1644, 1645, 1646, 1647, 1648, 1649, 1650, 1651, 1652, 1653, 1654, 1655, 1656, 1657, 1658, 1659, 1660, 1661, 1662, 1663, 1664, 1665, 1666, 1667, 1668, 1669, 1670, 1671, 1672, 1673, 1674, 1675, 1676, 1677, 1678, 1679, 1680, 1681, 1682, 1683, 1684, 1685, 1686, 1687, 1688, 1689, 1690, 1691, 1692, 1693, 1694, 1695, 1696, 1697, 1698, 1699, 1700, 1701, 1702, 1703, 1704, 1705, 1706, 1707, 1708, 1709, 1710, 1711, 1712, 1713, 1714, 1715, 1716, 1717, 1718, 1719, 1720, 1721, 1722, 1723, 1724, 1725, 1726, 1727, 1728, 1729, 1730, 1731, 1732, 1733, 1734, 1735, 1736, 1737, 1738, 1739, 1740, 1741, 1742, 1743, 1744, 1745, 1746, 1747, 1748, 1749, 1750, 1751, 1752, 1753, 1754, 1755, 1756, 1757, 1758, 1759, 1760, 1761, 1762, 1763, 1764, 1765, 1766, 1767, 1768, 1769, 1770, 1771, 1772, 1773, 1774, 1775, 1776, 1777, 1778, 1779, 1780, 1781, 1782, 1783, 1784, 1785, 1786, 1787, 1788, 1789, 1790, 1791, 1792, 1793, 1794, 1795, 1796, 1797, 1798, 1799, 1800, 1801, 1802, 1803, 1804, 1805, 1806, 1807, 1808, 1809, 1810, 1811, 1812, 1813, 1814, 1815, 1816, 1817, 1818, 1819, 1820, 1821, 1822, 1823, 1824, 1825, 1826, 1827, 1828, 1829, 1830, 1831, 1832, 1833, 1834, 1835, 1836, 1837, 1838, 1839, 1840, 1841, 1842, 1843, 1844, 1845, 1846, 1847, 1848, 1849, 1850, 1851, 1852, 1853, 1854, 1855, 1856, 1857, 1858, 1859, 1860, 1861, 1862, 1863, 1864, 1865, 1866, 1867, 1868, 1869, 1870, 1871, 1872, 1873, 1874, 1875, 1876, 1877, 1878, 1879, 1880, 1881, 1882, 1883, 1884, 1885, 1886, 1887, 1888, 1889, 1890, 1891, 1892, 1893, 1894, 1895, 1896, 1897, 1898, 1899, 1900, 1901, 1902, 1903, 1904, 1905, 1906, 1907, 1908, 1909, 1910, 1911, 1912, 1913, 1914, 1915, 1916, 1917, 1918, 1919, 1920, 1921, 1922, 1923, 1924, 1925, 1926, 1927, 1928, 1929, 1930, 1931, 1932, 1933, 1934, 1935, 1936, 1937, 1938, 1939, 1940, 1941, 1942, 1943, 1944, 1945, 1946, 1947, 1948, 1949, 1950, 1951, 1952, 1953, 1954, 1955, 1956, 1957, 1958, 1959, 1960, 1961, 1962, 1963, 1964, 1965, 1966, 1967, 1968, 1969, 1970, 1971, 1972, 1973, 1974, 1975, 1976, 1977, 1978, 1979, 1980, 1981, 1982, 1983, 1984, 1985, 1986, 1987, 1988, 1989, 1990, 1991, 1992, 1993, 1994, 1995, 1996, 1997, 1998, 1999, 2000, 2001, 2002, 2003, 2004, 2005, 2006, 2007, 2008, 2009, 2010, 2011, 2012, 2013, 2014, 2015, 2016, 2017, 2018, 2019, 2020, 2021, 2022, 2023, 2024, 2025, 2026, 2027, 2028, 2029, 2030, 2031, 2032, 2033, 2034, 2035, 2036, 2037, 2038, 2039, 2040, 2041, 2042, 2043, 2044, 2045, 2046, 2047, 2048, 2049, 2050, 2051, 2052, 2053, 2054, 2055, 2056, 2057, 2058, 2059, 2060, 2061, 2062, 2063, 2064, 2065, 2066, 2067, 2068, 2069, 2070, 2071, 2072, 2073, 2074, 2075, 2076, 2077, 2078, 2079, 2080, 2081, 2082, 2083, 2084, 2085, 2086, 2087, 2088, 2089, 2090, 2091, 2092, 2093, 2094, 2095, 2096, 2097, 2098, 2099, 2100, 2101, 2102, 2103, 2104, 2105, 2106, 2107, 2108, 2109, 2110, 2111, 2112, 2113, 2114, 2115, 2116, 2117, 2118, 2119, 2120, 2121, 2122, 2123, 2124, 2125, 2126, 2127, 2128, 2129, 2130, 2131, 2132, 2133, 2134, 2135, 2136, 2137, 2138, 2139, 2140, 2141, 2142, 2143, 2144, 2145, 2146, 2147, 2148, 2149, 2150, 2151, 2152, 2153, 2154, 2155, 2156, 2157, 2158, 2159, 2160, 2161, 2162, 2163, 2164, 2165, 2166, 2167, 2168, 2169, 2170, 2171, 2172, 2173, 2174, 2175, 2176, 2177, 2178, 2179, 2180, 2181, 2182, 2183, 2184, 2185, 2186, 2187, 2188, 2189, 2190, 2191, 2192, 2193, 2194, 2195, 2196, 2197, 2198, 2199, 2200, 2201, 2202, 2203, 2204, 2205, 2206, 2207, 2208, 2209, 2210, 2211, 2212, 2213, 2214, 2215, 2216, 2217, 2218, 2219, 2220, 2221, 2222, 2223, 2224, 2225, 2226, 2227, 2228, 2229, 2230, 2231, 2232, 2233, 2234, 2235, 2236, 2237, 2238, 2239, 2240, 2241, 2242, 2243, 2244, 2245, 2246, 2247, 2248, 2249, 2250, 2251, 2252, 2253, 2254, 2255, 2256, 2257, 2258, 2259, 2260, 2261, 2262, 2263, 2264, 2265, 2266, 2267, 2268, 2269, 2270, 2271, 2272, 2273, 2274, 2275, 2276, 2277, 2278, 2279, 2280, 2281, 2282, 2283, 2284, 2285, 2286, 2287, 2288, 2289, 2290, 2291, 2292, 2293, 2294, 2295, 2296, 2297, 2298, 2299, 2300, 2301, 2302, 2303, 2304, 2305, 2306, 2307, 2308, 2309, 2310, 2311, 2312, 2313, 2314, 2315, 2316, 2317, 2318, 2319, 2320, 2321, 2322, 2323, 2324, 2325, 2326, 2327, 2328, 2329, 2330, 2331, 2332, 2333, 2334, 2335, 2336, 2337, 2338, 2339, 2340, 2341, 2342, 2343, 2344, 2345, 2346, 2347, 2348, 2349, 2350, 2351, 2352, 2353, 2354, 2355, 2356, 2357, 2358, 2359, 2360, 2361, 2362, 2363, 2364, 2365, 2366, 2367, 2368, 2369, 2370, 2371, 2372, 2373, 2374, 2375, 2376, 2377, 2378, 2379, 2380, 2381, 2382, 2383, 2384, 2385, 2386, 2387, 2388, 2389, 2390, 2391, 2392, 2393, 2394, 2395, 2396, 2397, 2398, 2399, 2400, 2401]
[plus] n_tasks=2402 verified; evaluating 315 tasks (45/category x 7)
Fetching 4 files:   0%|          | 0/4 [00:00<?, ?it/s]Fetching 4 files: 100%|██████████| 4/4 [00:00<00:00, 96978.13it/s]
`torch_dtype` is deprecated! Use `dtype` instead!
Loading  HuggingFaceTB/SmolVLM2-500M-Video-Instruct weights ...
Loading weights:   0%|          | 0/489 [00:00<?, ?it/s]Loading weights: 100%|██████████| 489/489 [00:00<00:00, 8155.39it/s]
Warning: You are sending unauthenticated requests to the HF Hub. Please set a HF_TOKEN to enable higher rate limits and faster downloads.
WARNING:huggingface_hub.utils._http:Warning: You are sending unauthenticated requests to the HF Hub. Please set a HF_TOKEN to enable higher rate limits and faster downloads.
Reducing the number of VLM layers to 16 ...
Loading  HuggingFaceTB/SmolVLM2-500M-Video-Instruct weights ...
Loading weights:   0%|          | 0/489 [00:00<?, ?it/s]Loading weights: 100%|██████████| 489/489 [00:00<00:00, 8312.12it/s]
Reducing the number of VLM layers to 16 ...
Loading weights from local directory

=== asrc_cadmag_folding_40env | 40 Hz sim | head 40.0 Hz | 440 steps = 11.0s | replan 20 | magscale+cadence ===
[asrc_cadmag_folding_40env]   1/315 Background Texture OK  (256/440)  running 100.0%
[asrc_cadmag_folding_40env]   2/315 Background Texture x   (440/440)  running  50.0%
[asrc_cadmag_folding_40env]   3/315 Background Texture x   (440/440)  running  33.3%
[asrc_cadmag_folding_40env]   4/315 Background Texture x   (440/440)  running  25.0%
[asrc_cadmag_folding_40env]   5/315 Background Texture OK  (160/440)  running  40.0%
[asrc_cadmag_folding_40env]   6/315 Background Texture OK  (159/440)  running  50.0%
[asrc_cadmag_folding_40env]   7/315 Background Texture OK  (184/440)  running  57.1%
[asrc_cadmag_folding_40env]   8/315 Background Texture x   (440/440)  running  50.0%
[asrc_cadmag_folding_40env]   9/315 Background Texture x   (440/440)  running  44.4%
[asrc_cadmag_folding_40env]  10/315 Background Texture OK  (187/440)  running  50.0%
[asrc_cadmag_folding_40env]  11/315 Background Texture x   (440/440)  running  45.5%
[asrc_cadmag_folding_40env]  12/315 Background Texture x   (440/440)  running  41.7%
[asrc_cadmag_folding_40env]  13/315 Background Texture OK  (195/440)  running  46.2%
[asrc_cadmag_folding_40env]  14/315 Background Texture x   (440/440)  running  42.9%
[asrc_cadmag_folding_40env]  15/315 Background Texture OK  (248/440)  running  46.7%
[asrc_cadmag_folding_40env]  16/315 Background Texture x   (440/440)  running  43.8%
[asrc_cadmag_folding_40env]  17/315 Background Texture x   (440/440)  running  41.2%
[asrc_cadmag_folding_40env]  18/315 Background Texture x   (440/440)  running  38.9%
[asrc_cadmag_folding_40env]  19/315 Background Texture OK  (200/440)  running  42.1%
[asrc_cadmag_folding_40env]  20/315 Background Texture OK  (220/440)  running  45.0%
[asrc_cadmag_folding_40env]  21/315 Background Texture x   (440/440)  running  42.9%
[asrc_cadmag_folding_40env]  22/315 Background Texture x   (440/440)  running  40.9%
[asrc_cadmag_folding_40env]  23/315 Background Texture x   (440/440)  running  39.1%
[asrc_cadmag_folding_40env]  24/315 Background Texture x   (440/440)  running  37.5%
[asrc_cadmag_folding_40env]  25/315 Background Texture x   (440/440)  running  36.0%
[asrc_cadmag_folding_40env]  26/315 Background Texture x   (440/440)  running  34.6%
[asrc_cadmag_folding_40env]  27/315 Background Texture x   (440/440)  running  33.3%
[asrc_cadmag_folding_40env]  28/315 Background Texture x   (440/440)  running  32.1%
[asrc_cadmag_folding_40env]  29/315 Background Texture OK  (174/440)  running  34.5%
[asrc_cadmag_folding_40env]  30/315 Background Texture x   (440/440)  running  33.3%
[asrc_cadmag_folding_40env]  31/315 Background Texture x   (440/440)  running  32.3%
[asrc_cadmag_folding_40env]  32/315 Background Texture x   (440/440)  running  31.2%
[asrc_cadmag_folding_40env]  33/315 Background Texture x   (440/440)  running  30.3%
[asrc_cadmag_folding_40env]  34/315 Background Texture x   (440/440)  running  29.4%
[asrc_cadmag_folding_40env]  35/315 Background Texture x   (440/440)  running  28.6%
[asrc_cadmag_folding_40env]  36/315 Background Texture x   (440/440)  running  27.8%
[asrc_cadmag_folding_40env]  37/315 Background Texture x   (440/440)  running  27.0%
[asrc_cadmag_folding_40env]  38/315 Background Texture x   (440/440)  running  26.3%
[asrc_cadmag_folding_40env]  39/315 Background Texture x   (440/440)  running  25.6%
[asrc_cadmag_folding_40env]  40/315 Background Texture x   (440/440)  running  25.0%
[asrc_cadmag_folding_40env]  41/315 Background Texture x   (440/440)  running  24.4%
[asrc_cadmag_folding_40env]  42/315 Background Texture x   (440/440)  running  23.8%
[asrc_cadmag_folding_40env]  43/315 Background Texture x   (440/440)  running  23.3%
[asrc_cadmag_folding_40env]  44/315 Background Texture x   (440/440)  running  22.7%
[asrc_cadmag_folding_40env]  45/315 Background Texture x   (440/440)  running  22.2%
[asrc_cadmag_folding_40env]  46/315 Camera Viewpoints  x   (440/440)  running  21.7%
[asrc_cadmag_folding_40env]  47/315 Camera Viewpoints  x   (440/440)  running  21.3%
[asrc_cadmag_folding_40env]  48/315 Camera Viewpoints  x   (440/440)  running  20.8%
[asrc_cadmag_folding_40env]  49/315 Camera Viewpoints  x   (440/440)  running  20.4%
[asrc_cadmag_folding_40env]  50/315 Camera Viewpoints  x   (440/440)  running  20.0%
[asrc_cadmag_folding_40env]  51/315 Camera Viewpoints  x   (440/440)  running  19.6%
[asrc_cadmag_folding_40env]  52/315 Camera Viewpoints  OK  (170/440)  running  21.2%
[asrc_cadmag_folding_40env]  53/315 Camera Viewpoints  x   (440/440)  running  20.8%
[asrc_cadmag_folding_40env]  54/315 Camera Viewpoints  x   (440/440)  running  20.4%
[asrc_cadmag_folding_40env]  55/315 Camera Viewpoints  x   (440/440)  running  20.0%
[asrc_cadmag_folding_40env]  56/315 Camera Viewpoints  x   (440/440)  running  19.6%
[asrc_cadmag_folding_40env]  57/315 Camera Viewpoints  x   (440/440)  running  19.3%
[asrc_cadmag_folding_40env]  58/315 Camera Viewpoints  x   (440/440)  running  19.0%
[asrc_cadmag_folding_40env]  59/315 Camera Viewpoints  x   (440/440)  running  18.6%
[asrc_cadmag_folding_40env]  60/315 Camera Viewpoints  x   (440/440)  running  18.3%
[asrc_cadmag_folding_40env]  61/315 Camera Viewpoints  x   (440/440)  running  18.0%
[asrc_cadmag_folding_40env]  62/315 Camera Viewpoints  x   (440/440)  running  17.7%
[asrc_cadmag_folding_40env]  63/315 Camera Viewpoints  x   (440/440)  running  17.5%
[asrc_cadmag_folding_40env]  64/315 Camera Viewpoints  x   (440/440)  running  17.2%
[asrc_cadmag_folding_40env]  65/315 Camera Viewpoints  x   (440/440)  running  16.9%
[asrc_cadmag_folding_40env]  66/315 Camera Viewpoints  x   (440/440)  running  16.7%
[asrc_cadmag_folding_40env]  67/315 Camera Viewpoints  x   (440/440)  running  16.4%
[asrc_cadmag_folding_40env]  68/315 Camera Viewpoints  x   (440/440)  running  16.2%
[asrc_cadmag_folding_40env]  69/315 Camera Viewpoints  x   (440/440)  running  15.9%
[asrc_cadmag_folding_40env]  70/315 Camera Viewpoints  x   (440/440)  running  15.7%
[asrc_cadmag_folding_40env]  71/315 Camera Viewpoints  x   (440/440)  running  15.5%
[asrc_cadmag_folding_40env]  72/315 Camera Viewpoints  x   (440/440)  running  15.3%
[asrc_cadmag_folding_40env]  73/315 Camera Viewpoints  OK  (324/440)  running  16.4%
[asrc_cadmag_folding_40env]  74/315 Camera Viewpoints  x   (440/440)  running  16.2%
[asrc_cadmag_folding_40env]  75/315 Camera Viewpoints  x   (440/440)  running  16.0%
[asrc_cadmag_folding_40env]  76/315 Camera Viewpoints  x   (440/440)  running  15.8%
[asrc_cadmag_folding_40env]  77/315 Camera Viewpoints  x   (440/440)  running  15.6%
[asrc_cadmag_folding_40env]  78/315 Camera Viewpoints  x   (440/440)  running  15.4%
[asrc_cadmag_folding_40env]  79/315 Camera Viewpoints  x   (440/440)  running  15.2%
[asrc_cadmag_folding_40env]  80/315 Camera Viewpoints  x   (440/440)  running  15.0%
[asrc_cadmag_folding_40env]  81/315 Camera Viewpoints  x   (440/440)  running  14.8%
[asrc_cadmag_folding_40env]  82/315 Camera Viewpoints  x   (440/440)  running  14.6%
[asrc_cadmag_folding_40env]  83/315 Camera Viewpoints  x   (440/440)  running  14.5%
[asrc_cadmag_folding_40env]  84/315 Camera Viewpoints  x   (440/440)  running  14.3%
[asrc_cadmag_folding_40env]  85/315 Camera Viewpoints  x   (440/440)  running  14.1%
[asrc_cadmag_folding_40env]  86/315 Camera Viewpoints  x   (440/440)  running  14.0%
[asrc_cadmag_folding_40env]  87/315 Camera Viewpoints  x   (440/440)  running  13.8%
[asrc_cadmag_folding_40env]  88/315 Camera Viewpoints  x   (440/440)  running  13.6%
[asrc_cadmag_folding_40env]  89/315 Camera Viewpoints  x   (440/440)  running  13.5%
[asrc_cadmag_folding_40env]  90/315 Camera Viewpoints  x   (440/440)  running  13.3%
[asrc_cadmag_folding_40env]  91/315 Language Instructi x   (440/440)  running  13.2%
[asrc_cadmag_folding_40env]  92/315 Language Instructi OK  (366/440)  running  14.1%
[asrc_cadmag_folding_40env]  93/315 Language Instructi x   (440/440)  running  14.0%
[asrc_cadmag_folding_40env]  94/315 Language Instructi x   (440/440)  running  13.8%
[asrc_cadmag_folding_40env]  95/315 Language Instructi x   (440/440)  running  13.7%
[asrc_cadmag_folding_40env]  96/315 Language Instructi x   (440/440)  running  13.5%
[asrc_cadmag_folding_40env]  97/315 Language Instructi x   (440/440)  running  13.4%
[asrc_cadmag_folding_40env]  98/315 Language Instructi x   (440/440)  running  13.3%
[asrc_cadmag_folding_40env]  99/315 Language Instructi x   (440/440)  running  13.1%
[asrc_cadmag_folding_40env] 100/315 Language Instructi x   (440/440)  running  13.0%
[asrc_cadmag_folding_40env] 101/315 Language Instructi x   (440/440)  running  12.9%
[asrc_cadmag_folding_40env] 102/315 Language Instructi x   (440/440)  running  12.7%
[asrc_cadmag_folding_40env] 103/315 Language Instructi OK  (185/440)  running  13.6%
[asrc_cadmag_folding_40env] 104/315 Language Instructi x   (440/440)  running  13.5%
[asrc_cadmag_folding_40env] 105/315 Language Instructi OK  (191/440)  running  14.3%
[asrc_cadmag_folding_40env] 106/315 Language Instructi x   (440/440)  running  14.2%
[asrc_cadmag_folding_40env] 107/315 Language Instructi x   (440/440)  running  14.0%
[asrc_cadmag_folding_40env] 108/315 Language Instructi x   (440/440)  running  13.9%
[asrc_cadmag_folding_40env] 109/315 Language Instructi x   (440/440)  running  13.8%
[asrc_cadmag_folding_40env] 110/315 Language Instructi x   (440/440)  running  13.6%
[asrc_cadmag_folding_40env] 111/315 Language Instructi x   (440/440)  running  13.5%
[asrc_cadmag_folding_40env] 112/315 Language Instructi x   (440/440)  running  13.4%
[asrc_cadmag_folding_40env] 113/315 Language Instructi x   (440/440)  running  13.3%
[asrc_cadmag_folding_40env] 114/315 Language Instructi x   (440/440)  running  13.2%
[asrc_cadmag_folding_40env] 115/315 Language Instructi x   (440/440)  running  13.0%
[asrc_cadmag_folding_40env] 116/315 Language Instructi x   (440/440)  running  12.9%
[asrc_cadmag_folding_40env] 117/315 Language Instructi OK  (217/440)  running  13.7%
[asrc_cadmag_folding_40env] 118/315 Language Instructi x   (440/440)  running  13.6%
[asrc_cadmag_folding_40env] 119/315 Language Instructi x   (440/440)  running  13.4%
[asrc_cadmag_folding_40env] 120/315 Language Instructi x   (440/440)  running  13.3%
[asrc_cadmag_folding_40env] 121/315 Language Instructi OK  (211/440)  running  14.0%
[asrc_cadmag_folding_40env] 122/315 Language Instructi x   (440/440)  running  13.9%
[asrc_cadmag_folding_40env] 123/315 Language Instructi x   (440/440)  running  13.8%
[asrc_cadmag_folding_40env] 124/315 Language Instructi x   (440/440)  running  13.7%
[asrc_cadmag_folding_40env] 125/315 Language Instructi x   (440/440)  running  13.6%
[asrc_cadmag_folding_40env] 126/315 Language Instructi x   (440/440)  running  13.5%
[asrc_cadmag_folding_40env] 127/315 Language Instructi x   (440/440)  running  13.4%
[asrc_cadmag_folding_40env] 128/315 Language Instructi x   (440/440)  running  13.3%
[asrc_cadmag_folding_40env] 129/315 Language Instructi x   (440/440)  running  13.2%
[asrc_cadmag_folding_40env] 130/315 Language Instructi x   (440/440)  running  13.1%
[asrc_cadmag_folding_40env] 131/315 Language Instructi x   (440/440)  running  13.0%
[asrc_cadmag_folding_40env] 132/315 Language Instructi x   (440/440)  running  12.9%
[asrc_cadmag_folding_40env] 133/315 Language Instructi x   (440/440)  running  12.8%
[asrc_cadmag_folding_40env] 134/315 Language Instructi x   (440/440)  running  12.7%
[asrc_cadmag_folding_40env] 135/315 Language Instructi x   (440/440)  running  12.6%
[asrc_cadmag_folding_40env] 136/315 Light Conditions   OK  (166/440)  running  13.2%
[asrc_cadmag_folding_40env] 137/315 Light Conditions   OK  (172/440)  running  13.9%
[asrc_cadmag_folding_40env] 138/315 Light Conditions   OK  (166/440)  running  14.5%
[asrc_cadmag_folding_40env] 139/315 Light Conditions   x   (440/440)  running  14.4%
[asrc_cadmag_folding_40env] 140/315 Light Conditions   x   (440/440)  running  14.3%
[asrc_cadmag_folding_40env] 141/315 Light Conditions   x   (440/440)  running  14.2%
[asrc_cadmag_folding_40env] 142/315 Light Conditions   OK  (172/440)  running  14.8%
[asrc_cadmag_folding_40env] 143/315 Light Conditions   OK  (199/440)  running  15.4%
[asrc_cadmag_folding_40env] 144/315 Light Conditions   OK  (201/440)  running  16.0%
[asrc_cadmag_folding_40env] 145/315 Light Conditions   OK  (195/440)  running  16.6%
[asrc_cadmag_folding_40env] 146/315 Light Conditions   OK  (196/440)  running  17.1%
[asrc_cadmag_folding_40env] 147/315 Light Conditions   OK  (168/440)  running  17.7%
[asrc_cadmag_folding_40env] 148/315 Light Conditions   OK  (190/440)  running  18.2%
[asrc_cadmag_folding_40env] 149/315 Light Conditions   OK  (189/440)  running  18.8%
[asrc_cadmag_folding_40env] 150/315 Light Conditions   OK  (192/440)  running  19.3%
[asrc_cadmag_folding_40env] 151/315 Light Conditions   OK  (260/440)  running  19.9%
[asrc_cadmag_folding_40env] 152/315 Light Conditions   x   (440/440)  running  19.7%
[asrc_cadmag_folding_40env] 153/315 Light Conditions   OK  (257/440)  running  20.3%
[asrc_cadmag_folding_40env] 154/315 Light Conditions   x   (440/440)  running  20.1%
[asrc_cadmag_folding_40env] 155/315 Light Conditions   OK  (277/440)  running  20.6%
[asrc_cadmag_folding_40env] 156/315 Light Conditions   OK  (251/440)  running  21.2%
[asrc_cadmag_folding_40env] 157/315 Light Conditions   x   (440/440)  running  21.0%
[asrc_cadmag_folding_40env] 158/315 Light Conditions   x   (440/440)  running  20.9%
[asrc_cadmag_folding_40env] 159/315 Light Conditions   x   (440/440)  running  20.8%
[asrc_cadmag_folding_40env] 160/315 Light Conditions   OK  (223/440)  running  21.2%
[asrc_cadmag_folding_40env] 161/315 Light Conditions   OK  (219/440)  running  21.7%
[asrc_cadmag_folding_40env] 162/315 Light Conditions   x   (440/440)  running  21.6%
[asrc_cadmag_folding_40env] 163/315 Light Conditions   x   (440/440)  running  21.5%
[asrc_cadmag_folding_40env] 164/315 Light Conditions   x   (440/440)  running  21.3%
[asrc_cadmag_folding_40env] 165/315 Light Conditions   x   (440/440)  running  21.2%
[asrc_cadmag_folding_40env] 166/315 Light Conditions   x   (440/440)  running  21.1%
[asrc_cadmag_folding_40env] 167/315 Light Conditions   x   (440/440)  running  21.0%
[asrc_cadmag_folding_40env] 168/315 Light Conditions   x   (440/440)  running  20.8%
[asrc_cadmag_folding_40env] 169/315 Light Conditions   x   (440/440)  running  20.7%
[asrc_cadmag_folding_40env] 170/315 Light Conditions   x   (440/440)  running  20.6%
[asrc_cadmag_folding_40env] 171/315 Light Conditions   x   (440/440)  running  20.5%
[asrc_cadmag_folding_40env] 172/315 Light Conditions   x   (440/440)  running  20.3%
[asrc_cadmag_folding_40env] 173/315 Light Conditions   x   (440/440)  running  20.2%
[asrc_cadmag_folding_40env] 174/315 Light Conditions   x   (440/440)  running  20.1%
[asrc_cadmag_folding_40env] 175/315 Light Conditions   x   (440/440)  running  20.0%
[asrc_cadmag_folding_40env] 176/315 Light Conditions   x   (440/440)  running  19.9%
[asrc_cadmag_folding_40env] 177/315 Light Conditions   x   (440/440)  running  19.8%
[asrc_cadmag_folding_40env] 178/315 Light Conditions   x   (440/440)  running  19.7%
[asrc_cadmag_folding_40env] 179/315 Light Conditions   x   (440/440)  running  19.6%
[asrc_cadmag_folding_40env] 180/315 Light Conditions   OK  (280/440)  running  20.0%
[asrc_cadmag_folding_40env] 181/315 Objects Layout     OK  (155/440)  running  20.4%
[asrc_cadmag_folding_40env] 182/315 Objects Layout     x   (440/440)  running  20.3%
[asrc_cadmag_folding_40env] 183/315 Objects Layout     x   (440/440)  running  20.2%
[asrc_cadmag_folding_40env] 184/315 Objects Layout     OK  (425/440)  running  20.7%
[asrc_cadmag_folding_40env] 185/315 Objects Layout     x   (440/440)  running  20.5%
[asrc_cadmag_folding_40env] 186/315 Objects Layout     x   (440/440)  running  20.4%
[asrc_cadmag_folding_40env] 187/315 Objects Layout     x   (440/440)  running  20.3%
[asrc_cadmag_folding_40env] 188/315 Objects Layout     OK  (387/440)  running  20.7%
[asrc_cadmag_folding_40env] 189/315 Objects Layout     OK  (184/440)  running  21.2%
[asrc_cadmag_folding_40env] 190/315 Objects Layout     x   (440/440)  running  21.1%
[asrc_cadmag_folding_40env] 191/315 Objects Layout     x   (440/440)  running  20.9%
[asrc_cadmag_folding_40env] 192/315 Objects Layout     x   (440/440)  running  20.8%
[asrc_cadmag_folding_40env] 193/315 Objects Layout     OK  (254/440)  running  21.2%
[asrc_cadmag_folding_40env] 194/315 Objects Layout     x   (440/440)  running  21.1%
[asrc_cadmag_folding_40env] 195/315 Objects Layout     x   (440/440)  running  21.0%
[asrc_cadmag_folding_40env] 196/315 Objects Layout     OK  (214/440)  running  21.4%
[asrc_cadmag_folding_40env] 197/315 Objects Layout     OK  (216/440)  running  21.8%
[asrc_cadmag_folding_40env] 198/315 Objects Layout     OK  (235/440)  running  22.2%
[asrc_cadmag_folding_40env] 199/315 Objects Layout     x   (440/440)  running  22.1%
[asrc_cadmag_folding_40env] 200/315 Objects Layout     x   (440/440)  running  22.0%
[asrc_cadmag_folding_40env] 201/315 Objects Layout     x   (440/440)  running  21.9%
[asrc_cadmag_folding_40env] 202/315 Objects Layout     x   (440/440)  running  21.8%
[asrc_cadmag_folding_40env] 203/315 Objects Layout     x   (440/440)  running  21.7%
[asrc_cadmag_folding_40env] 204/315 Objects Layout     x   (440/440)  running  21.6%
[asrc_cadmag_folding_40env] 205/315 Objects Layout     x   (440/440)  running  21.5%
[asrc_cadmag_folding_40env] 206/315 Objects Layout     x   (440/440)  running  21.4%
[asrc_cadmag_folding_40env] 207/315 Objects Layout     x   (440/440)  running  21.3%
[asrc_cadmag_folding_40env] 208/315 Objects Layout     x   (440/440)  running  21.2%
[asrc_cadmag_folding_40env] 209/315 Objects Layout     OK  (437/440)  running  21.5%
[asrc_cadmag_folding_40env] 210/315 Objects Layout     x   (440/440)  running  21.4%
[asrc_cadmag_folding_40env] 211/315 Objects Layout     x   (440/440)  running  21.3%
[asrc_cadmag_folding_40env] 212/315 Objects Layout     x   (440/440)  running  21.2%
[asrc_cadmag_folding_40env] 213/315 Objects Layout     x   (440/440)  running  21.1%
[asrc_cadmag_folding_40env] 214/315 Objects Layout     x   (440/440)  running  21.0%
[asrc_cadmag_folding_40env] 215/315 Objects Layout     x   (440/440)  running  20.9%
[asrc_cadmag_folding_40env] 216/315 Objects Layout     x   (440/440)  running  20.8%
[asrc_cadmag_folding_40env] 217/315 Objects Layout     x   (440/440)  running  20.7%
[asrc_cadmag_folding_40env] 218/315 Objects Layout     x   (440/440)  running  20.6%
[asrc_cadmag_folding_40env] 219/315 Objects Layout     x   (440/440)  running  20.5%
[asrc_cadmag_folding_40env] 220/315 Objects Layout     x   (440/440)  running  20.5%
[asrc_cadmag_folding_40env] 221/315 Objects Layout     x   (440/440)  running  20.4%
[asrc_cadmag_folding_40env] 222/315 Objects Layout     x   (440/440)  running  20.3%
[asrc_cadmag_folding_40env] 223/315 Objects Layout     x   (440/440)  running  20.2%
[asrc_cadmag_folding_40env] 224/315 Objects Layout     x   (440/440)  running  20.1%
[asrc_cadmag_folding_40env] 225/315 Objects Layout     x   (440/440)  running  20.0%
[asrc_cadmag_folding_40env] 226/315 Robot Initial Stat x   (440/440)  running  19.9%
[asrc_cadmag_folding_40env] 227/315 Robot Initial Stat x   (440/440)  running  19.8%
[asrc_cadmag_folding_40env] 228/315 Robot Initial Stat x   (440/440)  running  19.7%
[asrc_cadmag_folding_40env] 229/315 Robot Initial Stat x   (440/440)  running  19.7%
[asrc_cadmag_folding_40env] 230/315 Robot Initial Stat x   (440/440)  running  19.6%
[asrc_cadmag_folding_40env] 231/315 Robot Initial Stat x   (440/440)  running  19.5%
[asrc_cadmag_folding_40env] 232/315 Robot Initial Stat x   (440/440)  running  19.4%
[asrc_cadmag_folding_40env] 233/315 Robot Initial Stat x   (440/440)  running  19.3%
[asrc_cadmag_folding_40env] 234/315 Robot Initial Stat x   (440/440)  running  19.2%
[asrc_cadmag_folding_40env] 235/315 Robot Initial Stat x   (440/440)  running  19.1%
[asrc_cadmag_folding_40env] 236/315 Robot Initial Stat x   (440/440)  running  19.1%
[asrc_cadmag_folding_40env] 237/315 Robot Initial Stat x   (440/440)  running  19.0%
[asrc_cadmag_folding_40env] 238/315 Robot Initial Stat x   (440/440)  running  18.9%
[asrc_cadmag_folding_40env] 239/315 Robot Initial Stat x   (440/440)  running  18.8%
[asrc_cadmag_folding_40env] 240/315 Robot Initial Stat x   (440/440)  running  18.8%
[asrc_cadmag_folding_40env] 241/315 Robot Initial Stat x   (440/440)  running  18.7%
[asrc_cadmag_folding_40env] 242/315 Robot Initial Stat x   (440/440)  running  18.6%
[asrc_cadmag_folding_40env] 243/315 Robot Initial Stat x   (440/440)  running  18.5%
[asrc_cadmag_folding_40env] 244/315 Robot Initial Stat x   (440/440)  running  18.4%
[asrc_cadmag_folding_40env] 245/315 Robot Initial Stat x   (440/440)  running  18.4%
[asrc_cadmag_folding_40env] 246/315 Robot Initial Stat x   (440/440)  running  18.3%
[asrc_cadmag_folding_40env] 247/315 Robot Initial Stat x   (440/440)  running  18.2%
[asrc_cadmag_folding_40env] 248/315 Robot Initial Stat x   (440/440)  running  18.1%
[asrc_cadmag_folding_40env] 249/315 Robot Initial Stat x   (440/440)  running  18.1%
[asrc_cadmag_folding_40env] 250/315 Robot Initial Stat x   (440/440)  running  18.0%
[asrc_cadmag_folding_40env] 251/315 Robot Initial Stat x   (440/440)  running  17.9%
[asrc_cadmag_folding_40env] 252/315 Robot Initial Stat x   (440/440)  running  17.9%
[asrc_cadmag_folding_40env] 253/315 Robot Initial Stat x   (440/440)  running  17.8%
[asrc_cadmag_folding_40env] 254/315 Robot Initial Stat x   (440/440)  running  17.7%
[asrc_cadmag_folding_40env] 255/315 Robot Initial Stat x   (440/440)  running  17.6%
[asrc_cadmag_folding_40env] 256/315 Robot Initial Stat x   (440/440)  running  17.6%
[asrc_cadmag_folding_40env] 257/315 Robot Initial Stat x   (440/440)  running  17.5%
[asrc_cadmag_folding_40env] 258/315 Robot Initial Stat x   (440/440)  running  17.4%
[asrc_cadmag_folding_40env] 259/315 Robot Initial Stat x   (440/440)  running  17.4%
[asrc_cadmag_folding_40env] 260/315 Robot Initial Stat x   (440/440)  running  17.3%
[asrc_cadmag_folding_40env] 261/315 Robot Initial Stat x   (440/440)  running  17.2%
[asrc_cadmag_folding_40env] 262/315 Robot Initial Stat x   (440/440)  running  17.2%
[asrc_cadmag_folding_40env] 263/315 Robot Initial Stat x   (440/440)  running  17.1%
[asrc_cadmag_folding_40env] 264/315 Robot Initial Stat x   (440/440)  running  17.0%
[asrc_cadmag_folding_40env] 265/315 Robot Initial Stat x   (440/440)  running  17.0%
[asrc_cadmag_folding_40env] 266/315 Robot Initial Stat x   (440/440)  running  16.9%
[asrc_cadmag_folding_40env] 267/315 Robot Initial Stat x   (440/440)  running  16.9%
[asrc_cadmag_folding_40env] 268/315 Robot Initial Stat x   (440/440)  running  16.8%
[asrc_cadmag_folding_40env] 269/315 Robot Initial Stat x   (440/440)  running  16.7%
[asrc_cadmag_folding_40env] 270/315 Robot Initial Stat x   (440/440)  running  16.7%
/home/user/Desktop/Ayush PH test/third_party/LIBERO-plus/libero/libero/envs/env_wrapper.py:52: DeprecationWarning: The binary mode of fromstring is deprecated, as it behaves surprisingly on unicode inputs. Use frombuffer instead
  x = cv2.imdecode(np.fromstring(x.make_blob(), np.uint8),
[asrc_cadmag_folding_40env] 271/315 Sensor Noise       x   (440/440)  running  16.6%
[asrc_cadmag_folding_40env] 272/315 Sensor Noise       x   (440/440)  running  16.5%
[asrc_cadmag_folding_40env] 273/315 Sensor Noise       x   (440/440)  running  16.5%
[asrc_cadmag_folding_40env] 274/315 Sensor Noise       x   (440/440)  running  16.4%
[asrc_cadmag_folding_40env] 275/315 Sensor Noise       x   (440/440)  running  16.4%
[asrc_cadmag_folding_40env] 276/315 Sensor Noise       x   (440/440)  running  16.3%
[asrc_cadmag_folding_40env] 277/315 Sensor Noise       x   (440/440)  running  16.2%
[asrc_cadmag_folding_40env] 278/315 Sensor Noise       x   (440/440)  running  16.2%
[asrc_cadmag_folding_40env] 279/315 Sensor Noise       x   (440/440)  running  16.1%
[asrc_cadmag_folding_40env] 280/315 Sensor Noise       x   (440/440)  running  16.1%
[asrc_cadmag_folding_40env] 281/315 Sensor Noise       x   (440/440)  running  16.0%
[asrc_cadmag_folding_40env] 282/315 Sensor Noise       x   (440/440)  running  16.0%
[asrc_cadmag_folding_40env] 283/315 Sensor Noise       x   (440/440)  running  15.9%
[asrc_cadmag_folding_40env] 284/315 Sensor Noise       x   (440/440)  running  15.8%
[asrc_cadmag_folding_40env] 285/315 Sensor Noise       x   (440/440)  running  15.8%
[asrc_cadmag_folding_40env] 286/315 Sensor Noise       x   (440/440)  running  15.7%
[asrc_cadmag_folding_40env] 287/315 Sensor Noise       x   (440/440)  running  15.7%
[asrc_cadmag_folding_40env] 288/315 Sensor Noise       x   (440/440)  running  15.6%
[asrc_cadmag_folding_40env] 289/315 Sensor Noise       x   (440/440)  running  15.6%
[asrc_cadmag_folding_40env] 290/315 Sensor Noise       x   (440/440)  running  15.5%
[asrc_cadmag_folding_40env] 291/315 Sensor Noise       x   (440/440)  running  15.5%
[asrc_cadmag_folding_40env] 292/315 Sensor Noise       x   (440/440)  running  15.4%
[asrc_cadmag_folding_40env] 293/315 Sensor Noise       x   (440/440)  running  15.4%
[asrc_cadmag_folding_40env] 294/315 Sensor Noise       x   (440/440)  running  15.3%
[asrc_cadmag_folding_40env] 295/315 Sensor Noise       x   (440/440)  running  15.3%
[asrc_cadmag_folding_40env] 296/315 Sensor Noise       x   (440/440)  running  15.2%
[asrc_cadmag_folding_40env] 297/315 Sensor Noise       x   (440/440)  running  15.2%
[asrc_cadmag_folding_40env] 298/315 Sensor Noise       x   (440/440)  running  15.1%
[asrc_cadmag_folding_40env] 299/315 Sensor Noise       x   (440/440)  running  15.1%
[asrc_cadmag_folding_40env] 300/315 Sensor Noise       x   (440/440)  running  15.0%
[asrc_cadmag_folding_40env] 301/315 Sensor Noise       OK  (307/440)  running  15.3%
[asrc_cadmag_folding_40env] 302/315 Sensor Noise       x   (440/440)  running  15.2%
[asrc_cadmag_folding_40env] 303/315 Sensor Noise       x   (440/440)  running  15.2%
[asrc_cadmag_folding_40env] 304/315 Sensor Noise       x   (440/440)  running  15.1%
[asrc_cadmag_folding_40env] 305/315 Sensor Noise       x   (440/440)  running  15.1%
[asrc_cadmag_folding_40env] 306/315 Sensor Noise       x   (440/440)  running  15.0%
[asrc_cadmag_folding_40env] 307/315 Sensor Noise       x   (440/440)  running  15.0%
[asrc_cadmag_folding_40env] 308/315 Sensor Noise       x   (440/440)  running  14.9%
[asrc_cadmag_folding_40env] 309/315 Sensor Noise       x   (440/440)  running  14.9%
[asrc_cadmag_folding_40env] 310/315 Sensor Noise       x   (440/440)  running  14.8%
[asrc_cadmag_folding_40env] 311/315 Sensor Noise       x   (440/440)  running  14.8%
[asrc_cadmag_folding_40env] 312/315 Sensor Noise       x   (440/440)  running  14.7%
[asrc_cadmag_folding_40env] 313/315 Sensor Noise       x   (440/440)  running  14.7%
[asrc_cadmag_folding_40env] 314/315 Sensor Noise       x   (440/440)  running  14.6%
[asrc_cadmag_folding_40env] 315/315 Sensor Noise       x   (440/440)  running  14.6%
--> asrc_cadmag_folding_40env: 14.6% overall (46/315)
      Background Textures     22.2%
      Camera Viewpoints        4.4%
      Language Instructions   11.1%
      Light Conditions        42.2%
      Objects Layout          20.0%
      Robot Initial States     0.0%
      Sensor Noise             2.2%

SUMMARY (LIBERO-Plus, matched wall-clock)
  asrc_cadmag_folding_40env       14.6%
