[robosuite WARNING] No private macro file found! (__init__.py:7)
WARNING:robosuite_logs:No private macro file found!
[robosuite WARNING] It is recommended to use a private macro file (__init__.py:8)
WARNING:robosuite_logs:It is recommended to use a private macro file
[robosuite WARNING] To setup, run: python /home/user/anaconda3/envs/vla_smolvla_libero/lib/python3.12/site-packages/robosuite/scripts/setup_macros.py (__init__.py:9)
WARNING:robosuite_logs:To setup, run: python /home/user/anaconda3/envs/vla_smolvla_libero/lib/python3.12/site-packages/robosuite/scripts/setup_macros.py
Fetching 4 files:   0%|          | 0/4 [00:00<?, ?it/s]Fetching 4 files: 100%|██████████| 4/4 [00:00<00:00, 93727.46it/s]
Warning: You are sending unauthenticated requests to the HF Hub. Please set a HF_TOKEN to enable higher rate limits and faster downloads.
WARNING:huggingface_hub.utils._http:Warning: You are sending unauthenticated requests to the HF Hub. Please set a HF_TOKEN to enable higher rate limits and faster downloads.
`torch_dtype` is deprecated! Use `dtype` instead!
Loading  HuggingFaceTB/SmolVLM2-500M-Video-Instruct weights ...
Loading weights:   0%|          | 0/489 [00:00<?, ?it/s]Loading weights: 100%|██████████| 489/489 [00:00<00:00, 6852.80it/s]
Reducing the number of VLM layers to 16 ...
Loading  HuggingFaceTB/SmolVLM2-500M-Video-Instruct weights ...
Loading weights:   0%|          | 0/489 [00:00<?, ?it/s]Loading weights: 100%|██████████| 489/489 [00:00<00:00, 6707.07it/s]
Reducing the number of VLM layers to 16 ...
Loading weights from local directory
[info] using task orders [0, 1, 2, 3, 4, 5, 6, 7, 8, 9]
Local assets not found. Downloading from HuggingFace Hub...
Assets already downloaded at /home/user/.cache/libero/assets
  task 0 trial 0: ok=True steps=77
[info] using task orders [0, 1, 2, 3, 4, 5, 6, 7, 8, 9]
  task 0 trial 1: ok=True steps=76
[info] using task orders [0, 1, 2, 3, 4, 5, 6, 7, 8, 9]
  task 0 trial 2: ok=False steps=220
[info] using task orders [0, 1, 2, 3, 4, 5, 6, 7, 8, 9]
  task 0 trial 3: ok=True steps=76
[info] using task orders [0, 1, 2, 3, 4, 5, 6, 7, 8, 9]
  task 0 trial 4: ok=True steps=76
[info] using task orders [0, 1, 2, 3, 4, 5, 6, 7, 8, 9]
  task 1 trial 0: ok=True steps=117
[info] using task orders [0, 1, 2, 3, 4, 5, 6, 7, 8, 9]
  task 1 trial 1: ok=True steps=102
[info] using task orders [0, 1, 2, 3, 4, 5, 6, 7, 8, 9]
  task 1 trial 2: ok=False steps=220
[info] using task orders [0, 1, 2, 3, 4, 5, 6, 7, 8, 9]
  task 1 trial 3: ok=True steps=109
[info] using task orders [0, 1, 2, 3, 4, 5, 6, 7, 8, 9]
  task 1 trial 4: ok=True steps=114
[info] using task orders [0, 1, 2, 3, 4, 5, 6, 7, 8, 9]
  task 2 trial 0: ok=True steps=92
[info] using task orders [0, 1, 2, 3, 4, 5, 6, 7, 8, 9]
  task 2 trial 1: ok=True steps=101
[info] using task orders [0, 1, 2, 3, 4, 5, 6, 7, 8, 9]
  task 2 trial 2: ok=True steps=92
[info] using task orders [0, 1, 2, 3, 4, 5, 6, 7, 8, 9]
  task 2 trial 3: ok=True steps=91
[info] using task orders [0, 1, 2, 3, 4, 5, 6, 7, 8, 9]
  task 2 trial 4: ok=True steps=98
[info] using task orders [0, 1, 2, 3, 4, 5, 6, 7, 8, 9]
  task 3 trial 0: ok=True steps=88
[info] using task orders [0, 1, 2, 3, 4, 5, 6, 7, 8, 9]
  task 3 trial 1: ok=True steps=92
[info] using task orders [0, 1, 2, 3, 4, 5, 6, 7, 8, 9]
  task 3 trial 2: ok=True steps=86
[info] using task orders [0, 1, 2, 3, 4, 5, 6, 7, 8, 9]
  task 3 trial 3: ok=True steps=86
[info] using task orders [0, 1, 2, 3, 4, 5, 6, 7, 8, 9]
  task 3 trial 4: ok=False steps=220
[info] using task orders [0, 1, 2, 3, 4, 5, 6, 7, 8, 9]
  task 4 trial 0: ok=True steps=126
[info] using task orders [0, 1, 2, 3, 4, 5, 6, 7, 8, 9]
  task 4 trial 1: ok=False steps=220
[info] using task orders [0, 1, 2, 3, 4, 5, 6, 7, 8, 9]
  task 4 trial 2: ok=True steps=124
[info] using task orders [0, 1, 2, 3, 4, 5, 6, 7, 8, 9]
  task 4 trial 3: ok=True steps=132
[info] using task orders [0, 1, 2, 3, 4, 5, 6, 7, 8, 9]
  task 4 trial 4: ok=True steps=122
[info] using task orders [0, 1, 2, 3, 4, 5, 6, 7, 8, 9]
  task 5 trial 0: ok=False steps=220
[info] using task orders [0, 1, 2, 3, 4, 5, 6, 7, 8, 9]
  task 5 trial 1: ok=False steps=220
[info] using task orders [0, 1, 2, 3, 4, 5, 6, 7, 8, 9]
  task 5 trial 2: ok=False steps=220
[info] using task orders [0, 1, 2, 3, 4, 5, 6, 7, 8, 9]
  task 5 trial 3: ok=False steps=220
[info] using task orders [0, 1, 2, 3, 4, 5, 6, 7, 8, 9]
  task 5 trial 4: ok=False steps=220
[info] using task orders [0, 1, 2, 3, 4, 5, 6, 7, 8, 9]
  task 6 trial 0: ok=True steps=103
[info] using task orders [0, 1, 2, 3, 4, 5, 6, 7, 8, 9]
  task 6 trial 1: ok=True steps=187
[info] using task orders [0, 1, 2, 3, 4, 5, 6, 7, 8, 9]
  task 6 trial 2: ok=True steps=103
[info] using task orders [0, 1, 2, 3, 4, 5, 6, 7, 8, 9]
  task 6 trial 3: ok=True steps=111
[info] using task orders [0, 1, 2, 3, 4, 5, 6, 7, 8, 9]
  task 6 trial 4: ok=True steps=107
[info] using task orders [0, 1, 2, 3, 4, 5, 6, 7, 8, 9]
  task 7 trial 0: ok=True steps=120
[info] using task orders [0, 1, 2, 3, 4, 5, 6, 7, 8, 9]
  task 7 trial 1: ok=True steps=119
[info] using task orders [0, 1, 2, 3, 4, 5, 6, 7, 8, 9]
  task 7 trial 2: ok=True steps=127
[info] using task orders [0, 1, 2, 3, 4, 5, 6, 7, 8, 9]
  task 7 trial 3: ok=True steps=118
[info] using task orders [0, 1, 2, 3, 4, 5, 6, 7, 8, 9]
  task 7 trial 4: ok=True steps=122
[info] using task orders [0, 1, 2, 3, 4, 5, 6, 7, 8, 9]
  task 8 trial 0: ok=True steps=91
[info] using task orders [0, 1, 2, 3, 4, 5, 6, 7, 8, 9]
  task 8 trial 1: ok=True steps=104
[info] using task orders [0, 1, 2, 3, 4, 5, 6, 7, 8, 9]
  task 8 trial 2: ok=False steps=220
[info] using task orders [0, 1, 2, 3, 4, 5, 6, 7, 8, 9]
  task 8 trial 3: ok=False steps=220
[info] using task orders [0, 1, 2, 3, 4, 5, 6, 7, 8, 9]
  task 8 trial 4: ok=False steps=220
[info] using task orders [0, 1, 2, 3, 4, 5, 6, 7, 8, 9]
  task 9 trial 0: ok=False steps=220
[info] using task orders [0, 1, 2, 3, 4, 5, 6, 7, 8, 9]
  task 9 trial 1: ok=True steps=130
[info] using task orders [0, 1, 2, 3, 4, 5, 6, 7, 8, 9]
  task 9 trial 2: ok=True steps=128
[info] using task orders [0, 1, 2, 3, 4, 5, 6, 7, 8, 9]
  task 9 trial 3: ok=True steps=125
[info] using task orders [0, 1, 2, 3, 4, 5, 6, 7, 8, 9]
  task 9 trial 4: ok=True steps=121
wrote absorbing_latency.json

task  thr      failures: first_trip_step -> runway     successes tripping
  0  thr=  38.90  [(58, 162)]  succ_tripping=1/4
  1  thr=  55.73  [(40, 180)]  succ_tripping=4/4
  2  thr=  48.11  []  succ_tripping=5/5
  3  thr=  41.29  [(78, 142)]  succ_tripping=3/4
  4  thr=  42.10  [(93, 127)]  succ_tripping=1/4
  5: no in-task control, excluded
  6  thr=  13.71  []  succ_tripping=1/5
  7  thr=  40.80  []  succ_tripping=5/5
  8  thr=  36.69  [(71, 149), (107, 113), (71, 149)]  succ_tripping=0/2
  9  thr=  50.17  [(60, 160)]  succ_tripping=4/4
