[replan] OVERRIDE: 5 env steps (default would be 10 at 20 Hz)
[suite] libero_spatial -> r5_asrc_native_20env_out/multirate_honest.json
[robosuite WARNING] No private macro file found! (__init__.py:7)
WARNING:robosuite_logs:No private macro file found!
[robosuite WARNING] It is recommended to use a private macro file (__init__.py:8)
WARNING:robosuite_logs:It is recommended to use a private macro file
[robosuite WARNING] To setup, run: python /home/user/anaconda3/envs/vla_smolvla_libero/lib/python3.12/site-packages/robosuite/scripts/setup_macros.py (__init__.py:9)
WARNING:robosuite_logs:To setup, run: python /home/user/anaconda3/envs/vla_smolvla_libero/lib/python3.12/site-packages/robosuite/scripts/setup_macros.py

============================================================
ARM asrc_native_20env
============================================================
[stats] asrc_native_20env: normalizing with lerobot/libero_spatial_image
Fetching 4 files:   0%|          | 0/4 [00:00<?, ?it/s]Fetching 4 files: 100%|██████████| 4/4 [00:00<00:00, 84733.41it/s]
Warning: You are sending unauthenticated requests to the HF Hub. Please set a HF_TOKEN to enable higher rate limits and faster downloads.
WARNING:huggingface_hub.utils._http:Warning: You are sending unauthenticated requests to the HF Hub. Please set a HF_TOKEN to enable higher rate limits and faster downloads.
`torch_dtype` is deprecated! Use `dtype` instead!
Loading  HuggingFaceTB/SmolVLM2-500M-Video-Instruct weights ...
Loading weights:   0%|          | 0/489 [00:00<?, ?it/s]Loading weights:  56%|█████▌    | 272/489 [00:00<00:00, 2698.82it/s]Loading weights: 100%|██████████| 489/489 [00:00<00:00, 3089.56it/s]
Reducing the number of VLM layers to 16 ...
Loading  HuggingFaceTB/SmolVLM2-500M-Video-Instruct weights ...
Loading weights:   0%|          | 0/489 [00:00<?, ?it/s]Loading weights:  51%|█████▏    | 251/489 [00:00<00:00, 2508.99it/s]Loading weights: 100%|██████████| 489/489 [00:00<00:00, 2912.24it/s]
Reducing the number of VLM layers to 16 ...
Loading weights from local directory
[asrc_native_20env] variant=asrc n_fourier=6 re-integrates at 20.0 Hz (native ODE re-integration, NOT alias folding)
[info] using task orders [0, 1, 2, 3, 4, 5, 6, 7, 8, 9]
Local assets not found. Downloading from HuggingFace Hub...
Assets already downloaded at /home/user/.cache/libero/assets
[asrc_native_20env] settle window scaled to 10 steps (0.50 s at 20 Hz)
[asrc_native_20env] task 0 trial 00: OK (86/520 steps)
[asrc_native_20env] task 0 trial 01: OK (75/520 steps)
[asrc_native_20env] task 0 trial 02: x (520/520 steps)
[asrc_native_20env] task 0 trial 03: OK (77/520 steps)
[asrc_native_20env] task 0 trial 04: OK (248/520 steps)
[asrc_native_20env] task 0 trial 05: OK (79/520 steps)
[asrc_native_20env] task 0 trial 06: OK (74/520 steps)
[asrc_native_20env] task 0 trial 07: OK (226/520 steps)
[asrc_native_20env] task 0 trial 08: OK (73/520 steps)
[asrc_native_20env] task 0 trial 09: x (520/520 steps)
[asrc_native_20env] task 0 trial 10: OK (80/520 steps)
[asrc_native_20env] task 0 trial 11: OK (74/520 steps)
[asrc_native_20env] task 0 trial 12: x (520/520 steps)
[asrc_native_20env] task 0 trial 13: OK (79/520 steps)
[asrc_native_20env] task 0 trial 14: x (520/520 steps)
[asrc_native_20env] task 0 trial 15: OK (74/520 steps)
[asrc_native_20env] task 0 trial 16: OK (76/520 steps)
[asrc_native_20env] task 0 trial 17: x (520/520 steps)
[asrc_native_20env] task 0 trial 18: OK (82/520 steps)
[asrc_native_20env] task 0 trial 19: OK (86/520 steps)
[asrc_native_20env] task 0 trial 20: OK (84/520 steps)
[asrc_native_20env] task 0 trial 21: OK (79/520 steps)
[asrc_native_20env] task 0 trial 22: OK (69/520 steps)
[asrc_native_20env] task 0 trial 23: OK (80/520 steps)
[asrc_native_20env] task 0 trial 24: x (520/520 steps)
[asrc_native_20env] task 0 trial 25: OK (78/520 steps)
[asrc_native_20env] task 0 trial 26: OK (78/520 steps)
[asrc_native_20env] task 0 trial 27: OK (78/520 steps)
[asrc_native_20env] task 0 trial 28: x (520/520 steps)
[asrc_native_20env] task 0 trial 29: OK (74/520 steps)
[info] using task orders [0, 1, 2, 3, 4, 5, 6, 7, 8, 9]
[asrc_native_20env] task 1 trial 00: OK (117/520 steps)
[asrc_native_20env] task 1 trial 01: OK (103/520 steps)
[asrc_native_20env] task 1 trial 02: OK (111/520 steps)
[asrc_native_20env] task 1 trial 03: OK (109/520 steps)
[asrc_native_20env] task 1 trial 04: x (520/520 steps)
[asrc_native_20env] task 1 trial 05: OK (105/520 steps)
[asrc_native_20env] task 1 trial 06: x (520/520 steps)
[asrc_native_20env] task 1 trial 07: OK (110/520 steps)
[asrc_native_20env] task 1 trial 08: OK (104/520 steps)
[asrc_native_20env] task 1 trial 09: x (520/520 steps)
[asrc_native_20env] task 1 trial 10: OK (104/520 steps)
[asrc_native_20env] task 1 trial 11: x (520/520 steps)
[asrc_native_20env] task 1 trial 12: OK (108/520 steps)
[asrc_native_20env] task 1 trial 13: OK (114/520 steps)
[asrc_native_20env] task 1 trial 14: OK (108/520 steps)
[asrc_native_20env] task 1 trial 15: OK (105/520 steps)
[asrc_native_20env] task 1 trial 16: OK (114/520 steps)
[asrc_native_20env] task 1 trial 17: OK (114/520 steps)
[asrc_native_20env] task 1 trial 18: OK (109/520 steps)
[asrc_native_20env] task 1 trial 19: OK (115/520 steps)
[asrc_native_20env] task 1 trial 20: OK (113/520 steps)
[asrc_native_20env] task 1 trial 21: OK (109/520 steps)
[asrc_native_20env] task 1 trial 22: OK (113/520 steps)
[asrc_native_20env] task 1 trial 23: OK (107/520 steps)
[asrc_native_20env] task 1 trial 24: OK (106/520 steps)
[asrc_native_20env] task 1 trial 25: OK (108/520 steps)
[asrc_native_20env] task 1 trial 26: OK (105/520 steps)
[asrc_native_20env] task 1 trial 27: OK (101/520 steps)
[asrc_native_20env] task 1 trial 28: OK (119/520 steps)
[asrc_native_20env] task 1 trial 29: OK (115/520 steps)
[info] using task orders [0, 1, 2, 3, 4, 5, 6, 7, 8, 9]
[asrc_native_20env] task 2 trial 00: OK (94/520 steps)
[asrc_native_20env] task 2 trial 01: OK (100/520 steps)
[asrc_native_20env] task 2 trial 02: OK (94/520 steps)
[asrc_native_20env] task 2 trial 03: OK (92/520 steps)
[asrc_native_20env] task 2 trial 04: OK (101/520 steps)
[asrc_native_20env] task 2 trial 05: OK (100/520 steps)
[asrc_native_20env] task 2 trial 06: OK (99/520 steps)
[asrc_native_20env] task 2 trial 07: OK (97/520 steps)
[asrc_native_20env] task 2 trial 08: OK (108/520 steps)
[asrc_native_20env] task 2 trial 09: OK (101/520 steps)
[asrc_native_20env] task 2 trial 10: OK (100/520 steps)
[asrc_native_20env] task 2 trial 11: OK (95/520 steps)
[asrc_native_20env] task 2 trial 12: OK (93/520 steps)
[asrc_native_20env] task 2 trial 13: OK (217/520 steps)
[asrc_native_20env] task 2 trial 14: OK (97/520 steps)
[asrc_native_20env] task 2 trial 15: OK (96/520 steps)
[asrc_native_20env] task 2 trial 16: OK (89/520 steps)
[asrc_native_20env] task 2 trial 17: OK (99/520 steps)
[asrc_native_20env] task 2 trial 18: OK (200/520 steps)
[asrc_native_20env] task 2 trial 19: OK (96/520 steps)
[asrc_native_20env] task 2 trial 20: OK (96/520 steps)
[asrc_native_20env] task 2 trial 21: OK (99/520 steps)
[asrc_native_20env] task 2 trial 22: x (520/520 steps)
[asrc_native_20env] task 2 trial 23: OK (96/520 steps)
[asrc_native_20env] task 2 trial 24: OK (94/520 steps)
[asrc_native_20env] task 2 trial 25: OK (91/520 steps)
[asrc_native_20env] task 2 trial 26: OK (97/520 steps)
[asrc_native_20env] task 2 trial 27: OK (92/520 steps)
[asrc_native_20env] task 2 trial 28: OK (99/520 steps)
[asrc_native_20env] task 2 trial 29: OK (104/520 steps)
[info] using task orders [0, 1, 2, 3, 4, 5, 6, 7, 8, 9]
[asrc_native_20env] task 3 trial 00: OK (93/520 steps)
[asrc_native_20env] task 3 trial 01: x (520/520 steps)
[asrc_native_20env] task 3 trial 02: OK (91/520 steps)
[asrc_native_20env] task 3 trial 03: OK (86/520 steps)
[asrc_native_20env] task 3 trial 04: OK (87/520 steps)
[asrc_native_20env] task 3 trial 05: OK (85/520 steps)
[asrc_native_20env] task 3 trial 06: OK (92/520 steps)
[asrc_native_20env] task 3 trial 07: x (520/520 steps)
[asrc_native_20env] task 3 trial 08: OK (88/520 steps)
[asrc_native_20env] task 3 trial 09: OK (85/520 steps)
[asrc_native_20env] task 3 trial 10: OK (88/520 steps)
[asrc_native_20env] task 3 trial 11: OK (87/520 steps)
[asrc_native_20env] task 3 trial 12: OK (214/520 steps)
[asrc_native_20env] task 3 trial 13: OK (92/520 steps)
[asrc_native_20env] task 3 trial 14: OK (85/520 steps)
[asrc_native_20env] task 3 trial 15: OK (90/520 steps)
[asrc_native_20env] task 3 trial 16: OK (92/520 steps)
[asrc_native_20env] task 3 trial 17: OK (82/520 steps)
[asrc_native_20env] task 3 trial 18: x (520/520 steps)
[asrc_native_20env] task 3 trial 19: OK (89/520 steps)
[asrc_native_20env] task 3 trial 20: OK (85/520 steps)
[asrc_native_20env] task 3 trial 21: OK (84/520 steps)
[asrc_native_20env] task 3 trial 22: OK (95/520 steps)
[asrc_native_20env] task 3 trial 23: OK (92/520 steps)
[asrc_native_20env] task 3 trial 24: OK (198/520 steps)
[asrc_native_20env] task 3 trial 25: OK (90/520 steps)
[asrc_native_20env] task 3 trial 26: OK (84/520 steps)
[asrc_native_20env] task 3 trial 27: x (520/520 steps)
[asrc_native_20env] task 3 trial 28: OK (87/520 steps)
[asrc_native_20env] task 3 trial 29: OK (84/520 steps)
[info] using task orders [0, 1, 2, 3, 4, 5, 6, 7, 8, 9]
[asrc_native_20env] task 4 trial 00: OK (132/520 steps)
[asrc_native_20env] task 4 trial 01: OK (134/520 steps)
[asrc_native_20env] task 4 trial 02: OK (469/520 steps)
[asrc_native_20env] task 4 trial 03: OK (130/520 steps)
[asrc_native_20env] task 4 trial 04: OK (123/520 steps)
[asrc_native_20env] task 4 trial 05: OK (338/520 steps)
[asrc_native_20env] task 4 trial 06: OK (126/520 steps)
[asrc_native_20env] task 4 trial 07: OK (123/520 steps)
[asrc_native_20env] task 4 trial 08: x (520/520 steps)
[asrc_native_20env] task 4 trial 09: OK (312/520 steps)
[asrc_native_20env] task 4 trial 10: x (520/520 steps)
[asrc_native_20env] task 4 trial 11: OK (136/520 steps)
[asrc_native_20env] task 4 trial 12: OK (137/520 steps)
[asrc_native_20env] task 4 trial 13: x (520/520 steps)
[asrc_native_20env] task 4 trial 14: OK (129/520 steps)
[asrc_native_20env] task 4 trial 15: x (520/520 steps)
[asrc_native_20env] task 4 trial 16: OK (130/520 steps)
[asrc_native_20env] task 4 trial 17: OK (142/520 steps)
[asrc_native_20env] task 4 trial 18: OK (130/520 steps)
[asrc_native_20env] task 4 trial 19: OK (125/520 steps)
[asrc_native_20env] task 4 trial 20: OK (126/520 steps)
[asrc_native_20env] task 4 trial 21: OK (136/520 steps)
[asrc_native_20env] task 4 trial 22: OK (278/520 steps)
[asrc_native_20env] task 4 trial 23: x (520/520 steps)
[asrc_native_20env] task 4 trial 24: x (520/520 steps)
[asrc_native_20env] task 4 trial 25: x (520/520 steps)
[asrc_native_20env] task 4 trial 26: x (520/520 steps)
[asrc_native_20env] task 4 trial 27: x (520/520 steps)
[asrc_native_20env] task 4 trial 28: x (520/520 steps)
[asrc_native_20env] task 4 trial 29: OK (138/520 steps)
[info] using task orders [0, 1, 2, 3, 4, 5, 6, 7, 8, 9]
[asrc_native_20env] task 5 trial 00: x (520/520 steps)
[asrc_native_20env] task 5 trial 01: x (520/520 steps)
[asrc_native_20env] task 5 trial 02: x (520/520 steps)
[asrc_native_20env] task 5 trial 03: x (520/520 steps)
[asrc_native_20env] task 5 trial 04: x (520/520 steps)
[asrc_native_20env] task 5 trial 05: x (520/520 steps)
[asrc_native_20env] task 5 trial 06: OK (93/520 steps)
[asrc_native_20env] task 5 trial 07: x (520/520 steps)
[asrc_native_20env] task 5 trial 08: x (520/520 steps)
[asrc_native_20env] task 5 trial 09: x (520/520 steps)
[asrc_native_20env] task 5 trial 10: x (520/520 steps)
[asrc_native_20env] task 5 trial 11: x (520/520 steps)
[asrc_native_20env] task 5 trial 12: x (520/520 steps)
[asrc_native_20env] task 5 trial 13: OK (297/520 steps)
[asrc_native_20env] task 5 trial 14: OK (94/520 steps)
[asrc_native_20env] task 5 trial 15: x (520/520 steps)
[asrc_native_20env] task 5 trial 16: x (520/520 steps)
[asrc_native_20env] task 5 trial 17: x (520/520 steps)
[asrc_native_20env] task 5 trial 18: OK (329/520 steps)
[asrc_native_20env] task 5 trial 19: x (520/520 steps)
[asrc_native_20env] task 5 trial 20: x (520/520 steps)
[asrc_native_20env] task 5 trial 21: x (520/520 steps)
[asrc_native_20env] task 5 trial 22: x (520/520 steps)
[asrc_native_20env] task 5 trial 23: OK (99/520 steps)
[asrc_native_20env] task 5 trial 24: OK (358/520 steps)
[asrc_native_20env] task 5 trial 25: x (520/520 steps)
[asrc_native_20env] task 5 trial 26: x (520/520 steps)
[asrc_native_20env] task 5 trial 27: x (520/520 steps)
[asrc_native_20env] task 5 trial 28: x (520/520 steps)
[asrc_native_20env] task 5 trial 29: x (520/520 steps)
[info] using task orders [0, 1, 2, 3, 4, 5, 6, 7, 8, 9]
[asrc_native_20env] task 6 trial 00: OK (109/520 steps)
[asrc_native_20env] task 6 trial 01: OK (103/520 steps)
[asrc_native_20env] task 6 trial 02: OK (105/520 steps)
[asrc_native_20env] task 6 trial 03: OK (114/520 steps)
[asrc_native_20env] task 6 trial 04: OK (105/520 steps)
[asrc_native_20env] task 6 trial 05: OK (123/520 steps)
[asrc_native_20env] task 6 trial 06: OK (115/520 steps)
[asrc_native_20env] task 6 trial 07: OK (103/520 steps)
[asrc_native_20env] task 6 trial 08: OK (108/520 steps)
[asrc_native_20env] task 6 trial 09: OK (110/520 steps)
[asrc_native_20env] task 6 trial 10: OK (112/520 steps)
[asrc_native_20env] task 6 trial 11: OK (364/520 steps)
[asrc_native_20env] task 6 trial 12: OK (105/520 steps)
[asrc_native_20env] task 6 trial 13: OK (109/520 steps)
[asrc_native_20env] task 6 trial 14: OK (109/520 steps)
[asrc_native_20env] task 6 trial 15: OK (103/520 steps)
[asrc_native_20env] task 6 trial 16: OK (102/520 steps)
[asrc_native_20env] task 6 trial 17: OK (115/520 steps)
[asrc_native_20env] task 6 trial 18: OK (109/520 steps)
[asrc_native_20env] task 6 trial 19: OK (105/520 steps)
[asrc_native_20env] task 6 trial 20: OK (104/520 steps)
[asrc_native_20env] task 6 trial 21: OK (107/520 steps)
[asrc_native_20env] task 6 trial 22: x (520/520 steps)
[asrc_native_20env] task 6 trial 23: OK (103/520 steps)
[asrc_native_20env] task 6 trial 24: OK (109/520 steps)
[asrc_native_20env] task 6 trial 25: OK (112/520 steps)
[asrc_native_20env] task 6 trial 26: OK (105/520 steps)
[asrc_native_20env] task 6 trial 27: OK (104/520 steps)
[asrc_native_20env] task 6 trial 28: x (520/520 steps)
[asrc_native_20env] task 6 trial 29: OK (107/520 steps)
[info] using task orders [0, 1, 2, 3, 4, 5, 6, 7, 8, 9]
[asrc_native_20env] task 7 trial 00: OK (123/520 steps)
[asrc_native_20env] task 7 trial 01: OK (123/520 steps)
[asrc_native_20env] task 7 trial 02: OK (123/520 steps)
[asrc_native_20env] task 7 trial 03: OK (119/520 steps)
[asrc_native_20env] task 7 trial 04: OK (137/520 steps)
[asrc_native_20env] task 7 trial 05: OK (112/520 steps)
[asrc_native_20env] task 7 trial 06: OK (131/520 steps)
[asrc_native_20env] task 7 trial 07: OK (141/520 steps)
[asrc_native_20env] task 7 trial 08: x (520/520 steps)
[asrc_native_20env] task 7 trial 09: OK (120/520 steps)
[asrc_native_20env] task 7 trial 10: OK (123/520 steps)
[asrc_native_20env] task 7 trial 11: x (520/520 steps)
[asrc_native_20env] task 7 trial 12: OK (118/520 steps)
[asrc_native_20env] task 7 trial 13: x (520/520 steps)
[asrc_native_20env] task 7 trial 14: OK (119/520 steps)
[asrc_native_20env] task 7 trial 15: x (520/520 steps)
[asrc_native_20env] task 7 trial 16: OK (117/520 steps)
[asrc_native_20env] task 7 trial 17: OK (128/520 steps)
[asrc_native_20env] task 7 trial 18: OK (116/520 steps)
[asrc_native_20env] task 7 trial 19: OK (417/520 steps)
[asrc_native_20env] task 7 trial 20: OK (120/520 steps)
[asrc_native_20env] task 7 trial 21: OK (114/520 steps)
[asrc_native_20env] task 7 trial 22: OK (126/520 steps)
[asrc_native_20env] task 7 trial 23: x (520/520 steps)
[asrc_native_20env] task 7 trial 24: x (520/520 steps)
[asrc_native_20env] task 7 trial 25: OK (127/520 steps)
[asrc_native_20env] task 7 trial 26: OK (112/520 steps)
[asrc_native_20env] task 7 trial 27: x (520/520 steps)
[asrc_native_20env] task 7 trial 28: OK (123/520 steps)
[asrc_native_20env] task 7 trial 29: OK (125/520 steps)
[info] using task orders [0, 1, 2, 3, 4, 5, 6, 7, 8, 9]
[asrc_native_20env] task 8 trial 00: OK (96/520 steps)
[asrc_native_20env] task 8 trial 01: x (520/520 steps)
[asrc_native_20env] task 8 trial 02: x (520/520 steps)
[asrc_native_20env] task 8 trial 03: x (520/520 steps)
[asrc_native_20env] task 8 trial 04: x (520/520 steps)
[asrc_native_20env] task 8 trial 05: OK (90/520 steps)
[asrc_native_20env] task 8 trial 06: x (520/520 steps)
[asrc_native_20env] task 8 trial 07: OK (90/520 steps)
[asrc_native_20env] task 8 trial 08: x (520/520 steps)
[asrc_native_20env] task 8 trial 09: x (520/520 steps)
[asrc_native_20env] task 8 trial 10: x (520/520 steps)
[asrc_native_20env] task 8 trial 11: OK (115/520 steps)
[asrc_native_20env] task 8 trial 12: x (520/520 steps)
[asrc_native_20env] task 8 trial 13: OK (93/520 steps)
[asrc_native_20env] task 8 trial 14: x (520/520 steps)
[asrc_native_20env] task 8 trial 15: OK (93/520 steps)
[asrc_native_20env] task 8 trial 16: OK (103/520 steps)
[asrc_native_20env] task 8 trial 17: OK (89/520 steps)
[asrc_native_20env] task 8 trial 18: OK (88/520 steps)
[asrc_native_20env] task 8 trial 19: OK (95/520 steps)
[asrc_native_20env] task 8 trial 20: OK (148/520 steps)
[asrc_native_20env] task 8 trial 21: OK (90/520 steps)
[asrc_native_20env] task 8 trial 22: OK (88/520 steps)
[asrc_native_20env] task 8 trial 23: x (520/520 steps)
[asrc_native_20env] task 8 trial 24: OK (125/520 steps)
[asrc_native_20env] task 8 trial 25: OK (90/520 steps)
[asrc_native_20env] task 8 trial 26: OK (119/520 steps)
[asrc_native_20env] task 8 trial 27: OK (94/520 steps)
[asrc_native_20env] task 8 trial 28: OK (94/520 steps)
[asrc_native_20env] task 8 trial 29: x (520/520 steps)
[info] using task orders [0, 1, 2, 3, 4, 5, 6, 7, 8, 9]
[asrc_native_20env] task 9 trial 00: OK (127/520 steps)
[asrc_native_20env] task 9 trial 01: OK (130/520 steps)
[asrc_native_20env] task 9 trial 02: OK (129/520 steps)
[asrc_native_20env] task 9 trial 03: OK (126/520 steps)
[asrc_native_20env] task 9 trial 04: OK (119/520 steps)
[asrc_native_20env] task 9 trial 05: OK (124/520 steps)
[asrc_native_20env] task 9 trial 06: OK (131/520 steps)
[asrc_native_20env] task 9 trial 07: OK (135/520 steps)
[asrc_native_20env] task 9 trial 08: OK (127/520 steps)
[asrc_native_20env] task 9 trial 09: OK (126/520 steps)
[asrc_native_20env] task 9 trial 10: x (520/520 steps)
[asrc_native_20env] task 9 trial 11: OK (128/520 steps)
[asrc_native_20env] task 9 trial 12: OK (124/520 steps)
[asrc_native_20env] task 9 trial 13: OK (129/520 steps)
[asrc_native_20env] task 9 trial 14: x (520/520 steps)
[asrc_native_20env] task 9 trial 15: OK (125/520 steps)
[asrc_native_20env] task 9 trial 16: OK (129/520 steps)
[asrc_native_20env] task 9 trial 17: OK (127/520 steps)
[asrc_native_20env] task 9 trial 18: x (520/520 steps)
[asrc_native_20env] task 9 trial 19: OK (128/520 steps)
[asrc_native_20env] task 9 trial 20: OK (127/520 steps)
[asrc_native_20env] task 9 trial 21: OK (129/520 steps)
[asrc_native_20env] task 9 trial 22: OK (120/520 steps)
[asrc_native_20env] task 9 trial 23: OK (122/520 steps)
[asrc_native_20env] task 9 trial 24: OK (127/520 steps)
[asrc_native_20env] task 9 trial 25: OK (133/520 steps)
[asrc_native_20env] task 9 trial 26: x (520/520 steps)
[asrc_native_20env] task 9 trial 27: OK (128/520 steps)
[asrc_native_20env] task 9 trial 28: OK (176/520 steps)
[asrc_native_20env] task 9 trial 29: OK (132/520 steps)
[asrc_native_20env] diagnostics: 225/300 ok | fail_at_cap=75 fail_early=0 | succ_median=108.0/520
--> asrc_native_20env: 75.0% (520 steps @ 20 Hz = 11.0 s, replan every 5)


SUMMARY (matched wall-clock, chunk-driven replan)
  asrc_native_20env       75.0%
