[replan] OVERRIDE: 5 env steps (default would be 10 at 20 Hz)
[suite] libero_spatial -> r5_v2_spatial_native_20env_out/multirate_honest.json
[robosuite WARNING] No private macro file found! (__init__.py:7)
WARNING:robosuite_logs:No private macro file found!
[robosuite WARNING] It is recommended to use a private macro file (__init__.py:8)
WARNING:robosuite_logs:It is recommended to use a private macro file
[robosuite WARNING] To setup, run: python /home/user/anaconda3/envs/vla_smolvla_libero/lib/python3.12/site-packages/robosuite/scripts/setup_macros.py (__init__.py:9)
WARNING:robosuite_logs:To setup, run: python /home/user/anaconda3/envs/vla_smolvla_libero/lib/python3.12/site-packages/robosuite/scripts/setup_macros.py

============================================================
ARM v2_spatial_native_20env
============================================================
[stats] v2_spatial_native_20env: normalizing with lerobot/libero_spatial_image
Fetching 4 files:   0%|          | 0/4 [00:00<?, ?it/s]Fetching 4 files: 100%|██████████| 4/4 [00:00<00:00, 81049.35it/s]
Warning: You are sending unauthenticated requests to the HF Hub. Please set a HF_TOKEN to enable higher rate limits and faster downloads.
WARNING:huggingface_hub.utils._http:Warning: You are sending unauthenticated requests to the HF Hub. Please set a HF_TOKEN to enable higher rate limits and faster downloads.
`torch_dtype` is deprecated! Use `dtype` instead!
Loading  HuggingFaceTB/SmolVLM2-500M-Video-Instruct weights ...
Loading weights:   0%|          | 0/489 [00:00<?, ?it/s]Loading weights: 100%|██████████| 489/489 [00:00<00:00, 5991.99it/s]
Reducing the number of VLM layers to 16 ...
Loading  HuggingFaceTB/SmolVLM2-500M-Video-Instruct weights ...
Loading weights:   0%|          | 0/489 [00:00<?, ?it/s]Loading weights: 100%|██████████| 489/489 [00:00<00:00, 7720.36it/s]
Reducing the number of VLM layers to 16 ...
Loading weights from local directory
[info] using task orders [0, 1, 2, 3, 4, 5, 6, 7, 8, 9]
Local assets not found. Downloading from HuggingFace Hub...
Assets already downloaded at /home/user/.cache/libero/assets
[v2_spatial_native_20env] settle window scaled to 10 steps (0.50 s at 20 Hz)
[v2_spatial_native_20env] task 0 trial 00: x (220/220 steps)
[v2_spatial_native_20env] task 0 trial 01: x (220/220 steps)
[v2_spatial_native_20env] task 0 trial 02: x (220/220 steps)
[v2_spatial_native_20env] task 0 trial 03: x (220/220 steps)
[v2_spatial_native_20env] task 0 trial 04: x (220/220 steps)
[v2_spatial_native_20env] task 0 trial 05: x (220/220 steps)
[v2_spatial_native_20env] task 0 trial 06: x (220/220 steps)
[v2_spatial_native_20env] task 0 trial 07: x (220/220 steps)
[v2_spatial_native_20env] task 0 trial 08: x (220/220 steps)
[v2_spatial_native_20env] task 0 trial 09: x (220/220 steps)
[v2_spatial_native_20env] task 0 trial 10: x (220/220 steps)
[v2_spatial_native_20env] task 0 trial 11: x (220/220 steps)
[v2_spatial_native_20env] task 0 trial 12: x (220/220 steps)
[v2_spatial_native_20env] task 0 trial 13: x (220/220 steps)
[v2_spatial_native_20env] task 0 trial 14: x (220/220 steps)
[v2_spatial_native_20env] task 0 trial 15: OK (106/220 steps)
[v2_spatial_native_20env] task 0 trial 16: OK (101/220 steps)
[v2_spatial_native_20env] task 0 trial 17: x (220/220 steps)
