[replan] OVERRIDE: 5 env steps (default would be 10 at 20 Hz)
[suite] libero_object -> r5g_flow30_object_native_20env_out/multirate_libero_object.json
[robosuite WARNING] No private macro file found! (__init__.py:7)
WARNING:robosuite_logs:No private macro file found!
[robosuite WARNING] It is recommended to use a private macro file (__init__.py:8)
WARNING:robosuite_logs:It is recommended to use a private macro file
[robosuite WARNING] To setup, run: python /home/user/anaconda3/envs/vla_smolvla_libero/lib/python3.12/site-packages/robosuite/scripts/setup_macros.py (__init__.py:9)
WARNING:robosuite_logs:To setup, run: python /home/user/anaconda3/envs/vla_smolvla_libero/lib/python3.12/site-packages/robosuite/scripts/setup_macros.py

============================================================
ARM flow30_object_native_20env
============================================================
[stats] flow30_object_native_20env: normalizing with lerobot/libero_object_image
Fetching 4 files:   0%|          | 0/4 [00:00<?, ?it/s]Fetching 4 files: 100%|██████████| 4/4 [00:00<00:00, 89717.73it/s]
`torch_dtype` is deprecated! Use `dtype` instead!
Loading  HuggingFaceTB/SmolVLM2-500M-Video-Instruct weights ...
Loading weights:   0%|          | 0/489 [00:00<?, ?it/s]Loading weights:  99%|█████████▉| 486/489 [00:00<00:00, 4732.57it/s]Loading weights: 100%|██████████| 489/489 [00:00<00:00, 4738.24it/s]
Warning: You are sending unauthenticated requests to the HF Hub. Please set a HF_TOKEN to enable higher rate limits and faster downloads.
WARNING:huggingface_hub.utils._http:Warning: You are sending unauthenticated requests to the HF Hub. Please set a HF_TOKEN to enable higher rate limits and faster downloads.
Reducing the number of VLM layers to 16 ...
Loading weights from local directory
[info] using task orders [0, 1, 2, 3, 4, 5, 6, 7, 8, 9]
Local assets not found. Downloading from HuggingFace Hub...
Assets already downloaded at /home/user/.cache/libero/assets
[flow30_object_native_20env] settle window scaled to 10 steps (0.50 s at 20 Hz)
[flow30_object_native_20env] task 0 trial 00: OK (135/520 steps)
[flow30_object_native_20env] task 0 trial 01: x (520/520 steps)
[flow30_object_native_20env] task 0 trial 02: OK (152/520 steps)
[flow30_object_native_20env] task 0 trial 03: OK (185/520 steps)
[flow30_object_native_20env] task 0 trial 04: OK (141/520 steps)
[flow30_object_native_20env] task 0 trial 05: OK (118/520 steps)
[flow30_object_native_20env] task 0 trial 06: x (520/520 steps)
[flow30_object_native_20env] task 0 trial 07: OK (126/520 steps)
[flow30_object_native_20env] task 0 trial 08: OK (139/520 steps)
[flow30_object_native_20env] task 0 trial 09: OK (150/520 steps)
[flow30_object_native_20env] task 0 trial 10: OK (131/520 steps)
[flow30_object_native_20env] task 0 trial 11: OK (140/520 steps)
[flow30_object_native_20env] task 0 trial 12: OK (240/520 steps)
[flow30_object_native_20env] task 0 trial 13: OK (141/520 steps)
[flow30_object_native_20env] task 0 trial 14: OK (134/520 steps)
[flow30_object_native_20env] task 0 trial 15: OK (133/520 steps)
[flow30_object_native_20env] task 0 trial 16: OK (142/520 steps)
[flow30_object_native_20env] task 0 trial 17: OK (148/520 steps)
[flow30_object_native_20env] task 0 trial 18: OK (148/520 steps)
[flow30_object_native_20env] task 0 trial 19: OK (129/520 steps)
[flow30_object_native_20env] task 0 trial 20: OK (138/520 steps)
[flow30_object_native_20env] task 0 trial 21: OK (452/520 steps)
[flow30_object_native_20env] task 0 trial 22: OK (149/520 steps)
[flow30_object_native_20env] task 0 trial 23: OK (190/520 steps)
[flow30_object_native_20env] task 0 trial 24: OK (225/520 steps)
[flow30_object_native_20env] task 0 trial 25: OK (223/520 steps)
[flow30_object_native_20env] task 0 trial 26: x (520/520 steps)
[flow30_object_native_20env] task 0 trial 27: OK (138/520 steps)
[flow30_object_native_20env] task 0 trial 28: x (520/520 steps)
[flow30_object_native_20env] task 0 trial 29: OK (142/520 steps)
[info] using task orders [0, 1, 2, 3, 4, 5, 6, 7, 8, 9]
[flow30_object_native_20env] task 1 trial 00: OK (132/520 steps)
[flow30_object_native_20env] task 1 trial 01: OK (123/520 steps)
[flow30_object_native_20env] task 1 trial 02: OK (221/520 steps)
[flow30_object_native_20env] task 1 trial 03: OK (213/520 steps)
[flow30_object_native_20env] task 1 trial 04: OK (123/520 steps)
[flow30_object_native_20env] task 1 trial 05: OK (122/520 steps)
[flow30_object_native_20env] task 1 trial 06: x (520/520 steps)
[flow30_object_native_20env] task 1 trial 07: OK (161/520 steps)
[flow30_object_native_20env] task 1 trial 08: OK (172/520 steps)
[flow30_object_native_20env] task 1 trial 09: OK (121/520 steps)
[flow30_object_native_20env] task 1 trial 10: OK (158/520 steps)
[flow30_object_native_20env] task 1 trial 11: OK (163/520 steps)
[flow30_object_native_20env] task 1 trial 12: x (520/520 steps)
[flow30_object_native_20env] task 1 trial 13: OK (123/520 steps)
[flow30_object_native_20env] task 1 trial 14: OK (134/520 steps)
[flow30_object_native_20env] task 1 trial 15: OK (119/520 steps)
[flow30_object_native_20env] task 1 trial 16: x (520/520 steps)
[flow30_object_native_20env] task 1 trial 17: OK (123/520 steps)
[flow30_object_native_20env] task 1 trial 18: x (520/520 steps)
[flow30_object_native_20env] task 1 trial 19: OK (128/520 steps)
[flow30_object_native_20env] task 1 trial 20: OK (163/520 steps)
[flow30_object_native_20env] task 1 trial 21: x (520/520 steps)
[flow30_object_native_20env] task 1 trial 22: OK (152/520 steps)
[flow30_object_native_20env] task 1 trial 23: OK (117/520 steps)
[flow30_object_native_20env] task 1 trial 24: x (520/520 steps)
[flow30_object_native_20env] task 1 trial 25: OK (127/520 steps)
[flow30_object_native_20env] task 1 trial 26: x (520/520 steps)
[flow30_object_native_20env] task 1 trial 27: OK (126/520 steps)
[flow30_object_native_20env] task 1 trial 28: OK (183/520 steps)
[flow30_object_native_20env] task 1 trial 29: OK (172/520 steps)
[info] using task orders [0, 1, 2, 3, 4, 5, 6, 7, 8, 9]
[flow30_object_native_20env] task 2 trial 00: OK (120/520 steps)
[flow30_object_native_20env] task 2 trial 01: OK (128/520 steps)
[flow30_object_native_20env] task 2 trial 02: OK (115/520 steps)
[flow30_object_native_20env] task 2 trial 03: OK (118/520 steps)
[flow30_object_native_20env] task 2 trial 04: OK (114/520 steps)
[flow30_object_native_20env] task 2 trial 05: OK (123/520 steps)
[flow30_object_native_20env] task 2 trial 06: OK (117/520 steps)
[flow30_object_native_20env] task 2 trial 07: OK (113/520 steps)
[flow30_object_native_20env] task 2 trial 08: OK (116/520 steps)
[flow30_object_native_20env] task 2 trial 09: OK (117/520 steps)
[flow30_object_native_20env] task 2 trial 10: OK (109/520 steps)
[flow30_object_native_20env] task 2 trial 11: OK (116/520 steps)
[flow30_object_native_20env] task 2 trial 12: OK (114/520 steps)
[flow30_object_native_20env] task 2 trial 13: OK (118/520 steps)
[flow30_object_native_20env] task 2 trial 14: OK (120/520 steps)
[flow30_object_native_20env] task 2 trial 15: OK (120/520 steps)
[flow30_object_native_20env] task 2 trial 16: OK (121/520 steps)
[flow30_object_native_20env] task 2 trial 17: OK (116/520 steps)
[flow30_object_native_20env] task 2 trial 18: OK (121/520 steps)
[flow30_object_native_20env] task 2 trial 19: OK (121/520 steps)
[flow30_object_native_20env] task 2 trial 20: OK (116/520 steps)
[flow30_object_native_20env] task 2 trial 21: OK (121/520 steps)
[flow30_object_native_20env] task 2 trial 22: OK (114/520 steps)
[flow30_object_native_20env] task 2 trial 23: OK (118/520 steps)
[flow30_object_native_20env] task 2 trial 24: OK (124/520 steps)
[flow30_object_native_20env] task 2 trial 25: OK (121/520 steps)
[flow30_object_native_20env] task 2 trial 26: OK (121/520 steps)
[flow30_object_native_20env] task 2 trial 27: OK (131/520 steps)
[flow30_object_native_20env] task 2 trial 28: x (520/520 steps)
[flow30_object_native_20env] task 2 trial 29: OK (125/520 steps)
[info] using task orders [0, 1, 2, 3, 4, 5, 6, 7, 8, 9]
[flow30_object_native_20env] task 3 trial 00: OK (127/520 steps)
[flow30_object_native_20env] task 3 trial 01: x (520/520 steps)
[flow30_object_native_20env] task 3 trial 02: OK (133/520 steps)
[flow30_object_native_20env] task 3 trial 03: OK (153/520 steps)
[flow30_object_native_20env] task 3 trial 04: x (520/520 steps)
[flow30_object_native_20env] task 3 trial 05: x (520/520 steps)
[flow30_object_native_20env] task 3 trial 06: OK (141/520 steps)
[flow30_object_native_20env] task 3 trial 07: OK (259/520 steps)
[flow30_object_native_20env] task 3 trial 08: OK (121/520 steps)
[flow30_object_native_20env] task 3 trial 09: OK (136/520 steps)
[flow30_object_native_20env] task 3 trial 10: OK (136/520 steps)
[flow30_object_native_20env] task 3 trial 11: OK (179/520 steps)
[flow30_object_native_20env] task 3 trial 12: OK (131/520 steps)
[flow30_object_native_20env] task 3 trial 13: x (520/520 steps)
[flow30_object_native_20env] task 3 trial 14: x (520/520 steps)
[flow30_object_native_20env] task 3 trial 15: OK (129/520 steps)
[flow30_object_native_20env] task 3 trial 16: x (520/520 steps)
[flow30_object_native_20env] task 3 trial 17: OK (151/520 steps)
[flow30_object_native_20env] task 3 trial 18: x (520/520 steps)
[flow30_object_native_20env] task 3 trial 19: OK (136/520 steps)
[flow30_object_native_20env] task 3 trial 20: OK (167/520 steps)
[flow30_object_native_20env] task 3 trial 21: OK (179/520 steps)
[flow30_object_native_20env] task 3 trial 22: OK (168/520 steps)
[flow30_object_native_20env] task 3 trial 23: OK (179/520 steps)
[flow30_object_native_20env] task 3 trial 24: OK (134/520 steps)
[flow30_object_native_20env] task 3 trial 25: OK (126/520 steps)
[flow30_object_native_20env] task 3 trial 26: OK (125/520 steps)
[flow30_object_native_20env] task 3 trial 27: OK (132/520 steps)
[flow30_object_native_20env] task 3 trial 28: OK (132/520 steps)
[flow30_object_native_20env] task 3 trial 29: OK (180/520 steps)
[info] using task orders [0, 1, 2, 3, 4, 5, 6, 7, 8, 9]
[flow30_object_native_20env] task 4 trial 00: OK (138/520 steps)
[flow30_object_native_20env] task 4 trial 01: OK (136/520 steps)
[flow30_object_native_20env] task 4 trial 02: OK (136/520 steps)
[flow30_object_native_20env] task 4 trial 03: OK (137/520 steps)
[flow30_object_native_20env] task 4 trial 04: OK (137/520 steps)
[flow30_object_native_20env] task 4 trial 05: OK (137/520 steps)
[flow30_object_native_20env] task 4 trial 06: OK (132/520 steps)
[flow30_object_native_20env] task 4 trial 07: OK (147/520 steps)
[flow30_object_native_20env] task 4 trial 08: OK (135/520 steps)
[flow30_object_native_20env] task 4 trial 09: OK (145/520 steps)
[flow30_object_native_20env] task 4 trial 10: OK (143/520 steps)
[flow30_object_native_20env] task 4 trial 11: OK (128/520 steps)
[flow30_object_native_20env] task 4 trial 12: OK (129/520 steps)
[flow30_object_native_20env] task 4 trial 13: OK (136/520 steps)
[flow30_object_native_20env] task 4 trial 14: OK (141/520 steps)
[flow30_object_native_20env] task 4 trial 15: OK (143/520 steps)
[flow30_object_native_20env] task 4 trial 16: OK (137/520 steps)
[flow30_object_native_20env] task 4 trial 17: OK (140/520 steps)
[flow30_object_native_20env] task 4 trial 18: OK (149/520 steps)
[flow30_object_native_20env] task 4 trial 19: OK (175/520 steps)
[flow30_object_native_20env] task 4 trial 20: OK (137/520 steps)
[flow30_object_native_20env] task 4 trial 21: OK (140/520 steps)
[flow30_object_native_20env] task 4 trial 22: OK (128/520 steps)
[flow30_object_native_20env] task 4 trial 23: OK (135/520 steps)
[flow30_object_native_20env] task 4 trial 24: OK (146/520 steps)
[flow30_object_native_20env] task 4 trial 25: OK (136/520 steps)
[flow30_object_native_20env] task 4 trial 26: OK (169/520 steps)
[flow30_object_native_20env] task 4 trial 27: x (520/520 steps)
[flow30_object_native_20env] task 4 trial 28: OK (136/520 steps)
[flow30_object_native_20env] task 4 trial 29: OK (136/520 steps)
[info] using task orders [0, 1, 2, 3, 4, 5, 6, 7, 8, 9]
[flow30_object_native_20env] task 5 trial 00: OK (172/520 steps)
[flow30_object_native_20env] task 5 trial 01: OK (127/520 steps)
[flow30_object_native_20env] task 5 trial 02: OK (118/520 steps)
[flow30_object_native_20env] task 5 trial 03: OK (118/520 steps)
[flow30_object_native_20env] task 5 trial 04: OK (241/520 steps)
[flow30_object_native_20env] task 5 trial 05: OK (129/520 steps)
[flow30_object_native_20env] task 5 trial 06: x (520/520 steps)
[flow30_object_native_20env] task 5 trial 07: OK (122/520 steps)
[flow30_object_native_20env] task 5 trial 08: OK (124/520 steps)
[flow30_object_native_20env] task 5 trial 09: OK (458/520 steps)
[flow30_object_native_20env] task 5 trial 10: OK (130/520 steps)
[flow30_object_native_20env] task 5 trial 11: OK (125/520 steps)
[flow30_object_native_20env] task 5 trial 12: OK (143/520 steps)
[flow30_object_native_20env] task 5 trial 13: OK (124/520 steps)
[flow30_object_native_20env] task 5 trial 14: x (520/520 steps)
[flow30_object_native_20env] task 5 trial 15: OK (164/520 steps)
[flow30_object_native_20env] task 5 trial 16: OK (130/520 steps)
[flow30_object_native_20env] task 5 trial 17: OK (126/520 steps)
[flow30_object_native_20env] task 5 trial 18: OK (217/520 steps)
[flow30_object_native_20env] task 5 trial 19: OK (177/520 steps)
[flow30_object_native_20env] task 5 trial 20: OK (129/520 steps)
[flow30_object_native_20env] task 5 trial 21: OK (133/520 steps)
[flow30_object_native_20env] task 5 trial 22: OK (130/520 steps)
[flow30_object_native_20env] task 5 trial 23: OK (177/520 steps)
[flow30_object_native_20env] task 5 trial 24: OK (143/520 steps)
[flow30_object_native_20env] task 5 trial 25: OK (127/520 steps)
[flow30_object_native_20env] task 5 trial 26: OK (134/520 steps)
[flow30_object_native_20env] task 5 trial 27: OK (182/520 steps)
[flow30_object_native_20env] task 5 trial 28: x (520/520 steps)
[flow30_object_native_20env] task 5 trial 29: OK (226/520 steps)
[info] using task orders [0, 1, 2, 3, 4, 5, 6, 7, 8, 9]
[flow30_object_native_20env] task 6 trial 00: OK (153/520 steps)
[flow30_object_native_20env] task 6 trial 01: OK (151/520 steps)
[flow30_object_native_20env] task 6 trial 02: OK (149/520 steps)
[flow30_object_native_20env] task 6 trial 03: OK (151/520 steps)
[flow30_object_native_20env] task 6 trial 04: OK (142/520 steps)
[flow30_object_native_20env] task 6 trial 05: OK (146/520 steps)
[flow30_object_native_20env] task 6 trial 06: OK (164/520 steps)
[flow30_object_native_20env] task 6 trial 07: OK (149/520 steps)
[flow30_object_native_20env] task 6 trial 08: OK (165/520 steps)
[flow30_object_native_20env] task 6 trial 09: OK (150/520 steps)
[flow30_object_native_20env] task 6 trial 10: OK (154/520 steps)
[flow30_object_native_20env] task 6 trial 11: OK (148/520 steps)
[flow30_object_native_20env] task 6 trial 12: OK (150/520 steps)
[flow30_object_native_20env] task 6 trial 13: OK (146/520 steps)
[flow30_object_native_20env] task 6 trial 14: OK (149/520 steps)
[flow30_object_native_20env] task 6 trial 15: OK (142/520 steps)
[flow30_object_native_20env] task 6 trial 16: OK (168/520 steps)
[flow30_object_native_20env] task 6 trial 17: OK (142/520 steps)
[flow30_object_native_20env] task 6 trial 18: OK (143/520 steps)
[flow30_object_native_20env] task 6 trial 19: OK (155/520 steps)
[flow30_object_native_20env] task 6 trial 20: OK (138/520 steps)
[flow30_object_native_20env] task 6 trial 21: OK (164/520 steps)
[flow30_object_native_20env] task 6 trial 22: OK (160/520 steps)
[flow30_object_native_20env] task 6 trial 23: OK (159/520 steps)
[flow30_object_native_20env] task 6 trial 24: OK (168/520 steps)
[flow30_object_native_20env] task 6 trial 25: x (520/520 steps)
[flow30_object_native_20env] task 6 trial 26: OK (147/520 steps)
[flow30_object_native_20env] task 6 trial 27: OK (147/520 steps)
[flow30_object_native_20env] task 6 trial 28: OK (148/520 steps)
[flow30_object_native_20env] task 6 trial 29: OK (148/520 steps)
[info] using task orders [0, 1, 2, 3, 4, 5, 6, 7, 8, 9]
[flow30_object_native_20env] task 7 trial 00: OK (132/520 steps)
[flow30_object_native_20env] task 7 trial 01: OK (124/520 steps)
[flow30_object_native_20env] task 7 trial 02: OK (145/520 steps)
[flow30_object_native_20env] task 7 trial 03: OK (123/520 steps)
[flow30_object_native_20env] task 7 trial 04: x (520/520 steps)
[flow30_object_native_20env] task 7 trial 05: OK (131/520 steps)
[flow30_object_native_20env] task 7 trial 06: x (520/520 steps)
[flow30_object_native_20env] task 7 trial 07: OK (128/520 steps)
[flow30_object_native_20env] task 7 trial 08: OK (124/520 steps)
[flow30_object_native_20env] task 7 trial 09: OK (130/520 steps)
[flow30_object_native_20env] task 7 trial 10: x (520/520 steps)
[flow30_object_native_20env] task 7 trial 11: OK (123/520 steps)
[flow30_object_native_20env] task 7 trial 12: OK (125/520 steps)
[flow30_object_native_20env] task 7 trial 13: OK (122/520 steps)
[flow30_object_native_20env] task 7 trial 14: OK (122/520 steps)
[flow30_object_native_20env] task 7 trial 15: OK (122/520 steps)
[flow30_object_native_20env] task 7 trial 16: OK (120/520 steps)
[flow30_object_native_20env] task 7 trial 17: OK (136/520 steps)
[flow30_object_native_20env] task 7 trial 18: x (520/520 steps)
[flow30_object_native_20env] task 7 trial 19: OK (137/520 steps)
[flow30_object_native_20env] task 7 trial 20: OK (165/520 steps)
[flow30_object_native_20env] task 7 trial 21: OK (130/520 steps)
[flow30_object_native_20env] task 7 trial 22: OK (121/520 steps)
[flow30_object_native_20env] task 7 trial 23: OK (128/520 steps)
[flow30_object_native_20env] task 7 trial 24: x (520/520 steps)
[flow30_object_native_20env] task 7 trial 25: OK (136/520 steps)
[flow30_object_native_20env] task 7 trial 26: OK (134/520 steps)
[flow30_object_native_20env] task 7 trial 27: OK (128/520 steps)
[flow30_object_native_20env] task 7 trial 28: OK (120/520 steps)
[flow30_object_native_20env] task 7 trial 29: OK (121/520 steps)
[info] using task orders [0, 1, 2, 3, 4, 5, 6, 7, 8, 9]
[flow30_object_native_20env] task 8 trial 00: OK (143/520 steps)
[flow30_object_native_20env] task 8 trial 01: OK (146/520 steps)
[flow30_object_native_20env] task 8 trial 02: OK (147/520 steps)
[flow30_object_native_20env] task 8 trial 03: OK (152/520 steps)
[flow30_object_native_20env] task 8 trial 04: OK (171/520 steps)
[flow30_object_native_20env] task 8 trial 05: OK (153/520 steps)
[flow30_object_native_20env] task 8 trial 06: OK (152/520 steps)
[flow30_object_native_20env] task 8 trial 07: OK (157/520 steps)
[flow30_object_native_20env] task 8 trial 08: OK (160/520 steps)
[flow30_object_native_20env] task 8 trial 09: OK (143/520 steps)
[flow30_object_native_20env] task 8 trial 10: OK (145/520 steps)
[flow30_object_native_20env] task 8 trial 11: OK (137/520 steps)
[flow30_object_native_20env] task 8 trial 12: OK (146/520 steps)
[flow30_object_native_20env] task 8 trial 13: OK (151/520 steps)
[flow30_object_native_20env] task 8 trial 14: OK (138/520 steps)
[flow30_object_native_20env] task 8 trial 15: OK (151/520 steps)
[flow30_object_native_20env] task 8 trial 16: OK (143/520 steps)
[flow30_object_native_20env] task 8 trial 17: OK (153/520 steps)
[flow30_object_native_20env] task 8 trial 18: OK (138/520 steps)
[flow30_object_native_20env] task 8 trial 19: OK (149/520 steps)
[flow30_object_native_20env] task 8 trial 20: OK (146/520 steps)
[flow30_object_native_20env] task 8 trial 21: OK (149/520 steps)
[flow30_object_native_20env] task 8 trial 22: OK (149/520 steps)
[flow30_object_native_20env] task 8 trial 23: OK (143/520 steps)
[flow30_object_native_20env] task 8 trial 24: OK (148/520 steps)
[flow30_object_native_20env] task 8 trial 25: OK (145/520 steps)
[flow30_object_native_20env] task 8 trial 26: OK (141/520 steps)
[flow30_object_native_20env] task 8 trial 27: OK (138/520 steps)
[flow30_object_native_20env] task 8 trial 28: OK (150/520 steps)
[flow30_object_native_20env] task 8 trial 29: OK (152/520 steps)
[info] using task orders [0, 1, 2, 3, 4, 5, 6, 7, 8, 9]
[flow30_object_native_20env] task 9 trial 00: x (520/520 steps)
[flow30_object_native_20env] task 9 trial 01: OK (117/520 steps)
[flow30_object_native_20env] task 9 trial 02: OK (117/520 steps)
[flow30_object_native_20env] task 9 trial 03: OK (119/520 steps)
[flow30_object_native_20env] task 9 trial 04: OK (125/520 steps)
[flow30_object_native_20env] task 9 trial 05: x (520/520 steps)
[flow30_object_native_20env] task 9 trial 06: x (520/520 steps)
[flow30_object_native_20env] task 9 trial 07: OK (126/520 steps)
[flow30_object_native_20env] task 9 trial 08: OK (121/520 steps)
[flow30_object_native_20env] task 9 trial 09: OK (127/520 steps)
[flow30_object_native_20env] task 9 trial 10: OK (135/520 steps)
[flow30_object_native_20env] task 9 trial 11: OK (135/520 steps)
[flow30_object_native_20env] task 9 trial 12: OK (121/520 steps)
[flow30_object_native_20env] task 9 trial 13: OK (138/520 steps)
[flow30_object_native_20env] task 9 trial 14: OK (123/520 steps)
[flow30_object_native_20env] task 9 trial 15: OK (113/520 steps)
[flow30_object_native_20env] task 9 trial 16: OK (117/520 steps)
[flow30_object_native_20env] task 9 trial 17: x (520/520 steps)
[flow30_object_native_20env] task 9 trial 18: x (520/520 steps)
[flow30_object_native_20env] task 9 trial 19: x (520/520 steps)
[flow30_object_native_20env] task 9 trial 20: OK (205/520 steps)
[flow30_object_native_20env] task 9 trial 21: OK (117/520 steps)
[flow30_object_native_20env] task 9 trial 22: OK (124/520 steps)
[flow30_object_native_20env] task 9 trial 23: x (520/520 steps)
[flow30_object_native_20env] task 9 trial 24: OK (126/520 steps)
[flow30_object_native_20env] task 9 trial 25: x (520/520 steps)
[flow30_object_native_20env] task 9 trial 26: OK (132/520 steps)
[flow30_object_native_20env] task 9 trial 27: OK (121/520 steps)
[flow30_object_native_20env] task 9 trial 28: OK (122/520 steps)
[flow30_object_native_20env] task 9 trial 29: OK (137/520 steps)
[flow30_object_native_20env] diagnostics: 263/300 ok | fail_at_cap=37 fail_early=0 | succ_median=137.0/520
--> flow30_object_native_20env: 87.7% (520 steps @ 20 Hz = 11.0 s, replan every 5)


SUMMARY (matched wall-clock, chunk-driven replan)
  flow30_object_native_20env  87.7%
