[robosuite WARNING] No private macro file found! (__init__.py:7)
WARNING:robosuite_logs:No private macro file found!
[robosuite WARNING] It is recommended to use a private macro file (__init__.py:8)
WARNING:robosuite_logs:It is recommended to use a private macro file
[robosuite WARNING] To setup, run: python /home/user/anaconda3/envs/vla_smolvla_libero/lib/python3.12/site-packages/robosuite/scripts/setup_macros.py (__init__.py:9)
WARNING:robosuite_logs:To setup, run: python /home/user/anaconda3/envs/vla_smolvla_libero/lib/python3.12/site-packages/robosuite/scripts/setup_macros.py

============================================================
ARM til_cadmag_folding_30env
============================================================
Fetching 4 files:   0%|          | 0/4 [00:00<?, ?it/s]Fetching 4 files: 100%|██████████| 4/4 [00:00<00:00, 101067.57it/s]
Warning: You are sending unauthenticated requests to the HF Hub. Please set a HF_TOKEN to enable higher rate limits and faster downloads.
WARNING:huggingface_hub.utils._http:Warning: You are sending unauthenticated requests to the HF Hub. Please set a HF_TOKEN to enable higher rate limits and faster downloads.
`torch_dtype` is deprecated! Use `dtype` instead!
Loading  HuggingFaceTB/SmolVLM2-500M-Video-Instruct weights ...
Loading weights:   0%|          | 0/489 [00:00<?, ?it/s]Loading weights: 100%|██████████| 489/489 [00:00<00:00, 6714.23it/s]
Reducing the number of VLM layers to 16 ...
Loading  HuggingFaceTB/SmolVLM2-500M-Video-Instruct weights ...
Loading weights:   0%|          | 0/489 [00:00<?, ?it/s]Loading weights: 100%|██████████| 489/489 [00:00<00:00, 6785.69it/s]
Reducing the number of VLM layers to 16 ...
Loading weights from local directory
[til_cadmag_folding_30env] variant=til n_fourier=0 re-integrates at 30.0 Hz (native ODE re-integration, NOT alias folding)
[til_cadmag_folding_30env] magscale: raw pose deltas x1.5 (restores native per-step travel)
[til_cadmag_folding_30env] resolved-cadence: 20 Hz decisions in a 30 Hz sim (1 query per 1.5 env steps, NON-INTEGER: integer hold cannot express this); intermediates taken from the plan
[info] using task orders [0, 1, 2, 3, 4, 5, 6, 7, 8, 9]
Local assets not found. Downloading from HuggingFace Hub...
Assets already downloaded at /home/user/.cache/libero/assets
[til_cadmag_folding_30env] settle window scaled to 15 steps (0.50 s at 30 Hz)
[til_cadmag_folding_30env] task 0 trial 00: x (330/330 steps)
[til_cadmag_folding_30env] task 0 trial 01: OK (118/330 steps)
[til_cadmag_folding_30env] task 0 trial 02: OK (117/330 steps)
[til_cadmag_folding_30env] task 0 trial 03: OK (111/330 steps)
[til_cadmag_folding_30env] task 0 trial 04: OK (118/330 steps)
[info] using task orders [0, 1, 2, 3, 4, 5, 6, 7, 8, 9]
[til_cadmag_folding_30env] task 1 trial 00: x (330/330 steps)
[til_cadmag_folding_30env] task 1 trial 01: x (330/330 steps)
[til_cadmag_folding_30env] task 1 trial 02: OK (185/330 steps)
[til_cadmag_folding_30env] task 1 trial 03: OK (176/330 steps)
[til_cadmag_folding_30env] task 1 trial 04: OK (186/330 steps)
[info] using task orders [0, 1, 2, 3, 4, 5, 6, 7, 8, 9]
[til_cadmag_folding_30env] task 2 trial 00: OK (143/330 steps)
[til_cadmag_folding_30env] task 2 trial 01: OK (163/330 steps)
[til_cadmag_folding_30env] task 2 trial 02: OK (142/330 steps)
[til_cadmag_folding_30env] task 2 trial 03: OK (147/330 steps)
[til_cadmag_folding_30env] task 2 trial 04: OK (133/330 steps)
[info] using task orders [0, 1, 2, 3, 4, 5, 6, 7, 8, 9]
[til_cadmag_folding_30env] task 3 trial 00: OK (127/330 steps)
[til_cadmag_folding_30env] task 3 trial 01: OK (135/330 steps)
[til_cadmag_folding_30env] task 3 trial 02: OK (258/330 steps)
[til_cadmag_folding_30env] task 3 trial 03: OK (132/330 steps)
[til_cadmag_folding_30env] task 3 trial 04: OK (126/330 steps)
[info] using task orders [0, 1, 2, 3, 4, 5, 6, 7, 8, 9]
[til_cadmag_folding_30env] task 4 trial 00: x (330/330 steps)
[til_cadmag_folding_30env] task 4 trial 01: x (330/330 steps)
[til_cadmag_folding_30env] task 4 trial 02: x (330/330 steps)
[til_cadmag_folding_30env] task 4 trial 03: x (330/330 steps)
[til_cadmag_folding_30env] task 4 trial 04: x (330/330 steps)
[info] using task orders [0, 1, 2, 3, 4, 5, 6, 7, 8, 9]
[til_cadmag_folding_30env] task 5 trial 00: x (330/330 steps)
[til_cadmag_folding_30env] task 5 trial 01: x (330/330 steps)
[til_cadmag_folding_30env] task 5 trial 02: x (330/330 steps)
[til_cadmag_folding_30env] task 5 trial 03: x (330/330 steps)
[til_cadmag_folding_30env] task 5 trial 04: x (330/330 steps)
[info] using task orders [0, 1, 2, 3, 4, 5, 6, 7, 8, 9]
[til_cadmag_folding_30env] task 6 trial 00: OK (168/330 steps)
[til_cadmag_folding_30env] task 6 trial 01: x (330/330 steps)
[til_cadmag_folding_30env] task 6 trial 02: x (330/330 steps)
[til_cadmag_folding_30env] task 6 trial 03: OK (171/330 steps)
[til_cadmag_folding_30env] task 6 trial 04: OK (173/330 steps)
[info] using task orders [0, 1, 2, 3, 4, 5, 6, 7, 8, 9]
[til_cadmag_folding_30env] task 7 trial 00: x (330/330 steps)
[til_cadmag_folding_30env] task 7 trial 01: OK (170/330 steps)
[til_cadmag_folding_30env] task 7 trial 02: OK (194/330 steps)
[til_cadmag_folding_30env] task 7 trial 03: x (330/330 steps)
[til_cadmag_folding_30env] task 7 trial 04: x (330/330 steps)
[info] using task orders [0, 1, 2, 3, 4, 5, 6, 7, 8, 9]
[til_cadmag_folding_30env] task 8 trial 00: x (330/330 steps)
[til_cadmag_folding_30env] task 8 trial 01: x (330/330 steps)
[til_cadmag_folding_30env] task 8 trial 02: x (330/330 steps)
[til_cadmag_folding_30env] task 8 trial 03: x (330/330 steps)
[til_cadmag_folding_30env] task 8 trial 04: x (330/330 steps)
[info] using task orders [0, 1, 2, 3, 4, 5, 6, 7, 8, 9]
[til_cadmag_folding_30env] task 9 trial 00: OK (179/330 steps)
[til_cadmag_folding_30env] task 9 trial 01: x (330/330 steps)
[til_cadmag_folding_30env] task 9 trial 02: x (330/330 steps)
[til_cadmag_folding_30env] task 9 trial 03: OK (183/330 steps)
[til_cadmag_folding_30env] task 9 trial 04: x (330/330 steps)
[til_cadmag_folding_30env] cadence check: 8223 policy queries, 4105 resolved intermediates, 7 starved of 12335 env steps
--> til_cadmag_folding_30env: 48.0% (330 steps @ 30 Hz = 11.0 s, replan every 15)


============================================================
ARM til_cadmag_spline_30env
============================================================
Fetching 4 files:   0%|          | 0/4 [00:00<?, ?it/s]Fetching 4 files: 100%|██████████| 4/4 [00:00<00:00, 108240.10it/s]
Loading  HuggingFaceTB/SmolVLM2-500M-Video-Instruct weights ...
Loading weights:   0%|          | 0/489 [00:00<?, ?it/s]Loading weights: 100%|██████████| 489/489 [00:00<00:00, 6778.62it/s]
Reducing the number of VLM layers to 16 ...
Loading  HuggingFaceTB/SmolVLM2-500M-Video-Instruct weights ...
Loading weights:   0%|          | 0/489 [00:00<?, ?it/s]Loading weights: 100%|██████████| 489/489 [00:00<00:00, 6778.33it/s]
Reducing the number of VLM layers to 16 ...
Loading weights from local directory
[til_cadmag_spline_30env] variant=til n_fourier=0 re-integrates at 20.0 Hz (native ODE re-integration, NOT alias folding)
[til_cadmag_spline_30env] spline resample -> 75 steps, pose deltas rescaled
[til_cadmag_spline_30env] magscale: raw pose deltas x1.5 (restores native per-step travel)
[til_cadmag_spline_30env] resolved-cadence: 20 Hz decisions in a 30 Hz sim (1 query per 1.5 env steps, NON-INTEGER: integer hold cannot express this); intermediates taken from the plan
[info] using task orders [0, 1, 2, 3, 4, 5, 6, 7, 8, 9]
[til_cadmag_spline_30env] settle window scaled to 15 steps (0.50 s at 30 Hz)
[til_cadmag_spline_30env] task 0 trial 00: OK (112/330 steps)
[til_cadmag_spline_30env] task 0 trial 01: OK (117/330 steps)
[til_cadmag_spline_30env] task 0 trial 02: OK (114/330 steps)
[til_cadmag_spline_30env] task 0 trial 03: OK (112/330 steps)
[til_cadmag_spline_30env] task 0 trial 04: OK (110/330 steps)
[info] using task orders [0, 1, 2, 3, 4, 5, 6, 7, 8, 9]
[til_cadmag_spline_30env] task 1 trial 00: OK (198/330 steps)
[til_cadmag_spline_30env] task 1 trial 01: OK (169/330 steps)
[til_cadmag_spline_30env] task 1 trial 02: OK (185/330 steps)
[til_cadmag_spline_30env] task 1 trial 03: OK (174/330 steps)
[til_cadmag_spline_30env] task 1 trial 04: OK (186/330 steps)
[info] using task orders [0, 1, 2, 3, 4, 5, 6, 7, 8, 9]
[til_cadmag_spline_30env] task 2 trial 00: OK (145/330 steps)
[til_cadmag_spline_30env] task 2 trial 01: OK (161/330 steps)
[til_cadmag_spline_30env] task 2 trial 02: OK (143/330 steps)
[til_cadmag_spline_30env] task 2 trial 03: OK (143/330 steps)
[til_cadmag_spline_30env] task 2 trial 04: x (330/330 steps)
[info] using task orders [0, 1, 2, 3, 4, 5, 6, 7, 8, 9]
[til_cadmag_spline_30env] task 3 trial 00: OK (127/330 steps)
[til_cadmag_spline_30env] task 3 trial 01: OK (130/330 steps)
[til_cadmag_spline_30env] task 3 trial 02: OK (245/330 steps)
[til_cadmag_spline_30env] task 3 trial 03: x (330/330 steps)
[til_cadmag_spline_30env] task 3 trial 04: OK (128/330 steps)
[info] using task orders [0, 1, 2, 3, 4, 5, 6, 7, 8, 9]
[til_cadmag_spline_30env] task 4 trial 00: x (330/330 steps)
[til_cadmag_spline_30env] task 4 trial 01: x (330/330 steps)
[til_cadmag_spline_30env] task 4 trial 02: x (330/330 steps)
[til_cadmag_spline_30env] task 4 trial 03: OK (198/330 steps)
[til_cadmag_spline_30env] task 4 trial 04: x (330/330 steps)
[info] using task orders [0, 1, 2, 3, 4, 5, 6, 7, 8, 9]
[til_cadmag_spline_30env] task 5 trial 00: x (330/330 steps)
[til_cadmag_spline_30env] task 5 trial 01: x (330/330 steps)
[til_cadmag_spline_30env] task 5 trial 02: x (330/330 steps)
[til_cadmag_spline_30env] task 5 trial 03: x (330/330 steps)
[til_cadmag_spline_30env] task 5 trial 04: x (330/330 steps)
[info] using task orders [0, 1, 2, 3, 4, 5, 6, 7, 8, 9]
[til_cadmag_spline_30env] task 6 trial 00: OK (167/330 steps)
[til_cadmag_spline_30env] task 6 trial 01: x (330/330 steps)
[til_cadmag_spline_30env] task 6 trial 02: x (330/330 steps)
[til_cadmag_spline_30env] task 6 trial 03: x (330/330 steps)
[til_cadmag_spline_30env] task 6 trial 04: OK (180/330 steps)
[info] using task orders [0, 1, 2, 3, 4, 5, 6, 7, 8, 9]
[til_cadmag_spline_30env] task 7 trial 00: x (330/330 steps)
[til_cadmag_spline_30env] task 7 trial 01: OK (178/330 steps)
[til_cadmag_spline_30env] task 7 trial 02: OK (189/330 steps)
[til_cadmag_spline_30env] task 7 trial 03: x (330/330 steps)
[til_cadmag_spline_30env] task 7 trial 04: OK (193/330 steps)
[info] using task orders [0, 1, 2, 3, 4, 5, 6, 7, 8, 9]
[til_cadmag_spline_30env] task 8 trial 00: x (330/330 steps)
[til_cadmag_spline_30env] task 8 trial 01: x (330/330 steps)
[til_cadmag_spline_30env] task 8 trial 02: x (330/330 steps)
[til_cadmag_spline_30env] task 8 trial 03: x (330/330 steps)
[til_cadmag_spline_30env] task 8 trial 04: x (330/330 steps)
[info] using task orders [0, 1, 2, 3, 4, 5, 6, 7, 8, 9]
[til_cadmag_spline_30env] task 9 trial 00: OK (178/330 steps)
[til_cadmag_spline_30env] task 9 trial 01: OK (178/330 steps)
[til_cadmag_spline_30env] task 9 trial 02: x (330/330 steps)
[til_cadmag_spline_30env] task 9 trial 03: OK (182/330 steps)
[til_cadmag_spline_30env] task 9 trial 04: OK (179/330 steps)
[til_cadmag_spline_30env] cadence check: 7854 policy queries, 3909 resolved intermediates, 18 starved of 11781 env steps
--> til_cadmag_spline_30env: 56.0% (330 steps @ 30 Hz = 11.0 s, replan every 15)


============================================================
ARM til_zoh_30env
============================================================
Fetching 4 files:   0%|          | 0/4 [00:00<?, ?it/s]Fetching 4 files: 100%|██████████| 4/4 [00:00<00:00, 120699.40it/s]
Loading  HuggingFaceTB/SmolVLM2-500M-Video-Instruct weights ...
Loading weights:   0%|          | 0/489 [00:00<?, ?it/s]Loading weights: 100%|██████████| 489/489 [00:00<00:00, 6335.90it/s]
Reducing the number of VLM layers to 16 ...
Loading  HuggingFaceTB/SmolVLM2-500M-Video-Instruct weights ...
Loading weights:   0%|          | 0/489 [00:00<?, ?it/s]Loading weights: 100%|██████████| 489/489 [00:00<00:00, 6491.97it/s]
Reducing the number of VLM layers to 16 ...
Loading weights from local directory
[til_zoh_30env] variant=til n_fourier=0 re-integrates at 20.0 Hz (native ODE re-integration, NOT alias folding)
[til_zoh_30env] zero-order hold: 20 Hz decisions in a 30 Hz sim (1 query per 1.5 env steps, NON-INTEGER: integer hold cannot express this)
[info] using task orders [0, 1, 2, 3, 4, 5, 6, 7, 8, 9]
[til_zoh_30env] settle window scaled to 15 steps (0.50 s at 30 Hz)
[til_zoh_30env] task 0 trial 00: OK (109/330 steps)
[til_zoh_30env] task 0 trial 01: OK (115/330 steps)
[til_zoh_30env] task 0 trial 02: x (330/330 steps)
[til_zoh_30env] task 0 trial 03: OK (109/330 steps)
[til_zoh_30env] task 0 trial 04: OK (113/330 steps)
[info] using task orders [0, 1, 2, 3, 4, 5, 6, 7, 8, 9]
[til_zoh_30env] task 1 trial 00: x (330/330 steps)
[til_zoh_30env] task 1 trial 01: OK (165/330 steps)
[til_zoh_30env] task 1 trial 02: OK (185/330 steps)
[til_zoh_30env] task 1 trial 03: OK (177/330 steps)
[til_zoh_30env] task 1 trial 04: OK (179/330 steps)
[info] using task orders [0, 1, 2, 3, 4, 5, 6, 7, 8, 9]
[til_zoh_30env] task 2 trial 00: OK (145/330 steps)
[til_zoh_30env] task 2 trial 01: OK (162/330 steps)
[til_zoh_30env] task 2 trial 02: OK (143/330 steps)
[til_zoh_30env] task 2 trial 03: OK (143/330 steps)
[til_zoh_30env] task 2 trial 04: OK (135/330 steps)
[info] using task orders [0, 1, 2, 3, 4, 5, 6, 7, 8, 9]
[til_zoh_30env] task 3 trial 00: OK (124/330 steps)
[til_zoh_30env] task 3 trial 01: OK (127/330 steps)
[til_zoh_30env] task 3 trial 02: OK (124/330 steps)
[til_zoh_30env] task 3 trial 03: OK (123/330 steps)
[til_zoh_30env] task 3 trial 04: OK (121/330 steps)
[info] using task orders [0, 1, 2, 3, 4, 5, 6, 7, 8, 9]
[til_zoh_30env] task 4 trial 00: OK (190/330 steps)
[til_zoh_30env] task 4 trial 01: x (330/330 steps)
[til_zoh_30env] task 4 trial 02: x (330/330 steps)
[til_zoh_30env] task 4 trial 03: OK (190/330 steps)
[til_zoh_30env] task 4 trial 04: OK (206/330 steps)
[info] using task orders [0, 1, 2, 3, 4, 5, 6, 7, 8, 9]
[til_zoh_30env] task 5 trial 00: x (330/330 steps)
[til_zoh_30env] task 5 trial 01: x (330/330 steps)
[til_zoh_30env] task 5 trial 02: x (330/330 steps)
[til_zoh_30env] task 5 trial 03: x (330/330 steps)
[til_zoh_30env] task 5 trial 04: x (330/330 steps)
[info] using task orders [0, 1, 2, 3, 4, 5, 6, 7, 8, 9]
[til_zoh_30env] task 6 trial 00: OK (160/330 steps)
[til_zoh_30env] task 6 trial 01: x (330/330 steps)
[til_zoh_30env] task 6 trial 02: OK (163/330 steps)
[til_zoh_30env] task 6 trial 03: OK (165/330 steps)
[til_zoh_30env] task 6 trial 04: x (330/330 steps)
[info] using task orders [0, 1, 2, 3, 4, 5, 6, 7, 8, 9]
[til_zoh_30env] task 7 trial 00: x (330/330 steps)
[til_zoh_30env] task 7 trial 01: OK (185/330 steps)
[til_zoh_30env] task 7 trial 02: OK (175/330 steps)
[til_zoh_30env] task 7 trial 03: x (330/330 steps)
[til_zoh_30env] task 7 trial 04: OK (193/330 steps)
[info] using task orders [0, 1, 2, 3, 4, 5, 6, 7, 8, 9]
[til_zoh_30env] task 8 trial 00: x (330/330 steps)
[til_zoh_30env] task 8 trial 01: x (330/330 steps)
[til_zoh_30env] task 8 trial 02: x (330/330 steps)
[til_zoh_30env] task 8 trial 03: x (330/330 steps)
[til_zoh_30env] task 8 trial 04: x (330/330 steps)
[info] using task orders [0, 1, 2, 3, 4, 5, 6, 7, 8, 9]
[til_zoh_30env] task 9 trial 00: OK (188/330 steps)
[til_zoh_30env] task 9 trial 01: OK (175/330 steps)
[til_zoh_30env] task 9 trial 02: OK (188/330 steps)
[til_zoh_30env] task 9 trial 03: OK (176/330 steps)
[til_zoh_30env] task 9 trial 04: x (330/330 steps)
[til_zoh_30env] cadence check: 7415 policy queries, 0 resolved intermediates, 0 starved of 11123 env steps
--> til_zoh_30env: 62.0% (330 steps @ 30 Hz = 11.0 s, replan every 15)


SUMMARY (matched wall-clock, chunk-driven replan)
  til_cadmag_folding_30env  48.0%
  til_cadmag_spline_30env  56.0%
  til_zoh_30env           62.0%
