[suite] libero_spatial -> ft40_fold40_out/multirate_honest.json
[robosuite WARNING] No private macro file found! (__init__.py:7)
WARNING:robosuite_logs:No private macro file found!
[robosuite WARNING] It is recommended to use a private macro file (__init__.py:8)
WARNING:robosuite_logs:It is recommended to use a private macro file
[robosuite WARNING] To setup, run: python /home/user/anaconda3/envs/vla_smolvla_libero/lib/python3.12/site-packages/robosuite/scripts/setup_macros.py (__init__.py:9)
WARNING:robosuite_logs:To setup, run: python /home/user/anaconda3/envs/vla_smolvla_libero/lib/python3.12/site-packages/robosuite/scripts/setup_macros.py

============================================================
ARM asrc_cadmag_folding_40env
============================================================
[stats] asrc_cadmag_folding_40env: normalizing with lerobot/libero_spatial_image
Fetching 4 files:   0%|          | 0/4 [00:00<?, ?it/s]Fetching 4 files: 100%|██████████| 4/4 [00:00<00:00, 87381.33it/s]
`torch_dtype` is deprecated! Use `dtype` instead!
Loading  HuggingFaceTB/SmolVLM2-500M-Video-Instruct weights ...
Loading weights:   0%|          | 0/489 [00:00<?, ?it/s]Loading weights: 100%|██████████| 489/489 [00:00<00:00, 5710.79it/s]
Warning: You are sending unauthenticated requests to the HF Hub. Please set a HF_TOKEN to enable higher rate limits and faster downloads.
WARNING:huggingface_hub.utils._http:Warning: You are sending unauthenticated requests to the HF Hub. Please set a HF_TOKEN to enable higher rate limits and faster downloads.
Reducing the number of VLM layers to 16 ...
Loading  HuggingFaceTB/SmolVLM2-500M-Video-Instruct weights ...
Loading weights:   0%|          | 0/489 [00:00<?, ?it/s]Loading weights: 100%|██████████| 489/489 [00:00<00:00, 5755.13it/s]
Reducing the number of VLM layers to 16 ...
Loading weights from local directory
[asrc_cadmag_folding_40env] variant=asrc n_fourier=6 re-integrates at 40.0 Hz (native ODE re-integration, NOT alias folding)
[asrc_cadmag_folding_40env] magscale: raw pose deltas x2 (restores native per-step travel)
[asrc_cadmag_folding_40env] resolved-cadence: 20 Hz decisions in a 40 Hz sim (1 query per 2 env steps); intermediates taken from the plan
[info] using task orders [0, 1, 2, 3, 4, 5, 6, 7, 8, 9]
Local assets not found. Downloading from HuggingFace Hub...
Assets already downloaded at /home/user/.cache/libero/assets
[asrc_cadmag_folding_40env] settle window scaled to 20 steps (0.50 s at 40 Hz)
[asrc_cadmag_folding_40env] task 0 trial 00: OK (156/440 steps)
[asrc_cadmag_folding_40env] task 0 trial 01: OK (158/440 steps)
[asrc_cadmag_folding_40env] task 0 trial 02: x (440/440 steps)
[asrc_cadmag_folding_40env] task 0 trial 03: OK (152/440 steps)
[asrc_cadmag_folding_40env] task 0 trial 04: OK (158/440 steps)
[info] using task orders [0, 1, 2, 3, 4, 5, 6, 7, 8, 9]
[asrc_cadmag_folding_40env] task 1 trial 00: OK (236/440 steps)
[asrc_cadmag_folding_40env] task 1 trial 01: OK (202/440 steps)
[asrc_cadmag_folding_40env] task 1 trial 02: x (440/440 steps)
[asrc_cadmag_folding_40env] task 1 trial 03: OK (217/440 steps)
[asrc_cadmag_folding_40env] task 1 trial 04: OK (216/440 steps)
[info] using task orders [0, 1, 2, 3, 4, 5, 6, 7, 8, 9]
[asrc_cadmag_folding_40env] task 2 trial 00: OK (185/440 steps)
[asrc_cadmag_folding_40env] task 2 trial 01: OK (206/440 steps)
[asrc_cadmag_folding_40env] task 2 trial 02: OK (187/440 steps)
[asrc_cadmag_folding_40env] task 2 trial 03: OK (190/440 steps)
[asrc_cadmag_folding_40env] task 2 trial 04: OK (196/440 steps)
[info] using task orders [0, 1, 2, 3, 4, 5, 6, 7, 8, 9]
[asrc_cadmag_folding_40env] task 3 trial 00: OK (175/440 steps)
[asrc_cadmag_folding_40env] task 3 trial 01: OK (183/440 steps)
[asrc_cadmag_folding_40env] task 3 trial 02: OK (171/440 steps)
[asrc_cadmag_folding_40env] task 3 trial 03: OK (172/440 steps)
[asrc_cadmag_folding_40env] task 3 trial 04: OK (173/440 steps)
[info] using task orders [0, 1, 2, 3, 4, 5, 6, 7, 8, 9]
[asrc_cadmag_folding_40env] task 4 trial 00: OK (255/440 steps)
[asrc_cadmag_folding_40env] task 4 trial 01: OK (272/440 steps)
[asrc_cadmag_folding_40env] task 4 trial 02: OK (239/440 steps)
[asrc_cadmag_folding_40env] task 4 trial 03: OK (267/440 steps)
[asrc_cadmag_folding_40env] task 4 trial 04: OK (243/440 steps)
[info] using task orders [0, 1, 2, 3, 4, 5, 6, 7, 8, 9]
[asrc_cadmag_folding_40env] task 5 trial 00: x (440/440 steps)
[asrc_cadmag_folding_40env] task 5 trial 01: x (440/440 steps)
[asrc_cadmag_folding_40env] task 5 trial 02: x (440/440 steps)
[asrc_cadmag_folding_40env] task 5 trial 03: x (440/440 steps)
[asrc_cadmag_folding_40env] task 5 trial 04: OK (293/440 steps)
[info] using task orders [0, 1, 2, 3, 4, 5, 6, 7, 8, 9]
[asrc_cadmag_folding_40env] task 6 trial 00: OK (211/440 steps)
[asrc_cadmag_folding_40env] task 6 trial 01: OK (210/440 steps)
[asrc_cadmag_folding_40env] task 6 trial 02: OK (209/440 steps)
[asrc_cadmag_folding_40env] task 6 trial 03: OK (223/440 steps)
[asrc_cadmag_folding_40env] task 6 trial 04: OK (217/440 steps)
[info] using task orders [0, 1, 2, 3, 4, 5, 6, 7, 8, 9]
[asrc_cadmag_folding_40env] task 7 trial 00: OK (229/440 steps)
[asrc_cadmag_folding_40env] task 7 trial 01: OK (249/440 steps)
[asrc_cadmag_folding_40env] task 7 trial 02: OK (248/440 steps)
[asrc_cadmag_folding_40env] task 7 trial 03: OK (233/440 steps)
[asrc_cadmag_folding_40env] task 7 trial 04: OK (261/440 steps)
[info] using task orders [0, 1, 2, 3, 4, 5, 6, 7, 8, 9]
[asrc_cadmag_folding_40env] task 8 trial 00: OK (189/440 steps)
[asrc_cadmag_folding_40env] task 8 trial 01: x (440/440 steps)
[asrc_cadmag_folding_40env] task 8 trial 02: x (440/440 steps)
[asrc_cadmag_folding_40env] task 8 trial 03: x (440/440 steps)
[asrc_cadmag_folding_40env] task 8 trial 04: x (440/440 steps)
[info] using task orders [0, 1, 2, 3, 4, 5, 6, 7, 8, 9]
[asrc_cadmag_folding_40env] task 9 trial 00: x (440/440 steps)
[asrc_cadmag_folding_40env] task 9 trial 01: x (440/440 steps)
[asrc_cadmag_folding_40env] task 9 trial 02: x (440/440 steps)
[asrc_cadmag_folding_40env] task 9 trial 03: OK (249/440 steps)
[asrc_cadmag_folding_40env] task 9 trial 04: x (440/440 steps)
[asrc_cadmag_folding_40env] cadence check: 6895 policy queries, 6869 resolved intermediates, 26 starved of 13790 env steps
[asrc_cadmag_folding_40env] diagnostics: 36/50 ok | fail_at_cap=14 fail_early=0 | succ_median=210.5/440
--> asrc_cadmag_folding_40env: 72.0% (440 steps @ 40 Hz = 11.0 s, replan every 20)


SUMMARY (matched wall-clock, chunk-driven replan)
  asrc_cadmag_folding_40env  72.0%
ROUND5_DONE
