eart300 pid 4005861
spline300 pid 4005862
k40 sweep launched
ROUND6_LAUNCHED
[suite] libero_spatial -> spline150_rp5_out/multirate_honest.json
[suite] libero_spatial -> eart150_rp5_out/multirate_honest.json
[robosuite WARNING] No private macro file found! (__init__.py:7)
WARNING:robosuite_logs:No private macro file found!
[robosuite WARNING] It is recommended to use a private macro file (__init__.py:8)
WARNING:robosuite_logs:It is recommended to use a private macro file
[robosuite WARNING] To setup, run: python /home/user/anaconda3/envs/vla_smolvla_libero/lib/python3.12/site-packages/robosuite/scripts/setup_macros.py (__init__.py:9)
WARNING:robosuite_logs:To setup, run: python /home/user/anaconda3/envs/vla_smolvla_libero/lib/python3.12/site-packages/robosuite/scripts/setup_macros.py
[robosuite WARNING] No private macro file found! (__init__.py:7)
WARNING:robosuite_logs:No private macro file found!
[robosuite WARNING] It is recommended to use a private macro file (__init__.py:8)
WARNING:robosuite_logs:It is recommended to use a private macro file
[robosuite WARNING] To setup, run: python /home/user/anaconda3/envs/vla_smolvla_libero/lib/python3.12/site-packages/robosuite/scripts/setup_macros.py (__init__.py:9)
WARNING:robosuite_logs:To setup, run: python /home/user/anaconda3/envs/vla_smolvla_libero/lib/python3.12/site-packages/robosuite/scripts/setup_macros.py
Extending flow30_eart_10env from n=150 to 300

============================================================
ARM flow30_eart_10env
============================================================
[stats] flow30_eart_10env: normalizing with lerobot/libero_spatial_image
Extending flow30_sm_10env from n=150 to 300

============================================================
ARM flow30_sm_10env
============================================================
[stats] flow30_sm_10env: normalizing with lerobot/libero_spatial_image
Fetching 4 files:   0%|          | 0/4 [00:00<?, ?it/s]Fetching 4 files: 100%|██████████| 4/4 [00:00<00:00, 99273.47it/s]
Fetching 4 files:   0%|          | 0/4 [00:00<?, ?it/s]Fetching 4 files: 100%|██████████| 4/4 [00:00<00:00, 100462.37it/s]
`torch_dtype` is deprecated! Use `dtype` instead!
Warning: You are sending unauthenticated requests to the HF Hub. Please set a HF_TOKEN to enable higher rate limits and faster downloads.
WARNING:huggingface_hub.utils._http:Warning: You are sending unauthenticated requests to the HF Hub. Please set a HF_TOKEN to enable higher rate limits and faster downloads.
`torch_dtype` is deprecated! Use `dtype` instead!
Loading  HuggingFaceTB/SmolVLM2-500M-Video-Instruct weights ...
Loading weights:   0%|          | 0/489 [00:00<?, ?it/s]Loading weights:  78%|███████▊  | 381/489 [00:00<00:00, 3802.15it/s]Loading  HuggingFaceTB/SmolVLM2-500M-Video-Instruct weights ...
Loading weights:   0%|          | 0/489 [00:00<?, ?it/s]Loading weights: 100%|██████████| 489/489 [00:00<00:00, 3833.08it/s]
Loading weights: 100%|██████████| 489/489 [00:00<00:00, 5393.48it/s]
Warning: You are sending unauthenticated requests to the HF Hub. Please set a HF_TOKEN to enable higher rate limits and faster downloads.
WARNING:huggingface_hub.utils._http:Warning: You are sending unauthenticated requests to the HF Hub. Please set a HF_TOKEN to enable higher rate limits and faster downloads.
Reducing the number of VLM layers to 16 ...
Loading weights from local directory
[flow30_sm_10env] spline resample -> 25 steps, pose deltas rescaled
[flow30_sm_10env] magscale: raw pose deltas x0.5 (restores native per-step travel)
[info] using task orders [0, 1, 2, 3, 4, 5, 6, 7, 8, 9]
Local assets not found. Downloading from HuggingFace Hub...
Assets already downloaded at /home/user/.cache/libero/assets
[flow30_sm_10env] settle window scaled to 5 steps (0.50 s at 10 Hz)
[flow30_sm_10env] task 0 trial 15: OK (43/110 steps)
Reducing the number of VLM layers to 16 ...
Loading weights from local directory
[flow30_eart_10env] spline resample -> 25 steps, pose deltas rescaled
[flow30_eart_10env] magscale: raw pose deltas x0.5 (restores native per-step travel)
[flow30_eart_10env] EART: gripper re-timed to cell midpoints (event error <= 50 ms)
[info] using task orders [0, 1, 2, 3, 4, 5, 6, 7, 8, 9]
Local assets not found. Downloading from HuggingFace Hub...
Assets already downloaded at /home/user/.cache/libero/assets
[flow30_eart_10env] settle window scaled to 5 steps (0.50 s at 10 Hz)
[flow30_eart_10env] task 0 trial 15: OK (41/110 steps)
[flow30_sm_10env] task 0 trial 16: OK (42/110 steps)
[flow30_eart_10env] task 0 trial 16: OK (42/110 steps)
[flow30_sm_10env] task 0 trial 17: OK (42/110 steps)
[flow30_eart_10env] task 0 trial 17: OK (41/110 steps)
[flow30_sm_10env] task 0 trial 18: OK (42/110 steps)
[flow30_eart_10env] task 0 trial 18: OK (42/110 steps)
[flow30_sm_10env] task 0 trial 19: OK (43/110 steps)
[flow30_sm_10env] task 0 trial 20: OK (43/110 steps)
[flow30_eart_10env] task 0 trial 19: OK (43/110 steps)
[flow30_sm_10env] task 0 trial 21: OK (42/110 steps)
[flow30_sm_10env] task 0 trial 22: OK (43/110 steps)
[flow30_eart_10env] task 0 trial 20: x (110/110 steps)
[flow30_sm_10env] task 0 trial 23: OK (41/110 steps)
[flow30_eart_10env] task 0 trial 21: OK (43/110 steps)
[flow30_sm_10env] task 0 trial 24: OK (41/110 steps)
[flow30_sm_10env] task 0 trial 25: OK (42/110 steps)
[flow30_eart_10env] task 0 trial 22: OK (43/110 steps)
[flow30_sm_10env] task 0 trial 26: OK (43/110 steps)
[flow30_eart_10env] task 0 trial 23: OK (40/110 steps)
[flow30_sm_10env] task 0 trial 27: OK (43/110 steps)
[flow30_eart_10env] task 0 trial 24: OK (43/110 steps)
[flow30_sm_10env] task 0 trial 28: OK (40/110 steps)
[flow30_eart_10env] task 0 trial 25: OK (40/110 steps)
[flow30_sm_10env] task 0 trial 29: OK (41/110 steps)
[flow30_eart_10env] task 0 trial 26: OK (43/110 steps)
[info] using task orders [0, 1, 2, 3, 4, 5, 6, 7, 8, 9]
[flow30_sm_10env] task 1 trial 15: OK (67/110 steps)
[flow30_eart_10env] task 0 trial 27: OK (43/110 steps)
[flow30_sm_10env] task 1 trial 16: OK (59/110 steps)
[flow30_eart_10env] task 0 trial 28: OK (39/110 steps)
[flow30_sm_10env] task 1 trial 17: OK (62/110 steps)
[flow30_eart_10env] task 0 trial 29: OK (42/110 steps)
[flow30_sm_10env] task 1 trial 18: OK (63/110 steps)
[info] using task orders [0, 1, 2, 3, 4, 5, 6, 7, 8, 9]
[flow30_eart_10env] task 1 trial 15: OK (64/110 steps)
[flow30_sm_10env] task 1 trial 19: OK (63/110 steps)
[flow30_sm_10env] task 1 trial 20: OK (59/110 steps)
[flow30_eart_10env] task 1 trial 16: OK (60/110 steps)
[flow30_sm_10env] task 1 trial 21: OK (61/110 steps)
[flow30_eart_10env] task 1 trial 17: OK (61/110 steps)
[flow30_sm_10env] task 1 trial 22: OK (57/110 steps)
[flow30_eart_10env] task 1 trial 18: OK (63/110 steps)
[flow30_sm_10env] task 1 trial 23: OK (63/110 steps)
[flow30_eart_10env] task 1 trial 19: OK (62/110 steps)
[flow30_sm_10env] task 1 trial 24: OK (62/110 steps)
[flow30_sm_10env] task 1 trial 25: OK (63/110 steps)
[flow30_eart_10env] task 1 trial 20: OK (59/110 steps)
[flow30_sm_10env] task 1 trial 26: OK (60/110 steps)
[flow30_eart_10env] task 1 trial 21: OK (60/110 steps)
[flow30_sm_10env] task 1 trial 27: OK (62/110 steps)
[flow30_eart_10env] task 1 trial 22: OK (56/110 steps)
[flow30_sm_10env] task 1 trial 28: OK (61/110 steps)
[flow30_eart_10env] task 1 trial 23: OK (62/110 steps)
[flow30_sm_10env] task 1 trial 29: OK (64/110 steps)
[flow30_eart_10env] task 1 trial 24: OK (60/110 steps)
[info] using task orders [0, 1, 2, 3, 4, 5, 6, 7, 8, 9]
[flow30_sm_10env] task 2 trial 15: OK (55/110 steps)
[flow30_sm_10env] task 2 trial 16: OK (51/110 steps)
[flow30_eart_10env] task 1 trial 25: OK (61/110 steps)
[flow30_sm_10env] task 2 trial 17: OK (55/110 steps)
[flow30_eart_10env] task 1 trial 26: OK (59/110 steps)
[flow30_sm_10env] task 2 trial 18: x (110/110 steps)
[flow30_eart_10env] task 1 trial 27: OK (63/110 steps)
[flow30_sm_10env] task 2 trial 19: OK (56/110 steps)
[flow30_eart_10env] task 1 trial 28: OK (61/110 steps)
[flow30_sm_10env] task 2 trial 20: OK (53/110 steps)
[flow30_sm_10env] task 2 trial 21: OK (58/110 steps)
[flow30_eart_10env] task 1 trial 29: OK (60/110 steps)
[flow30_sm_10env] task 2 trial 22: OK (51/110 steps)
[info] using task orders [0, 1, 2, 3, 4, 5, 6, 7, 8, 9]
[flow30_eart_10env] task 2 trial 15: OK (52/110 steps)
[flow30_sm_10env] task 2 trial 23: OK (58/110 steps)
[flow30_eart_10env] task 2 trial 16: OK (52/110 steps)
[flow30_sm_10env] task 2 trial 24: OK (52/110 steps)
[flow30_sm_10env] task 2 trial 25: OK (52/110 steps)
[flow30_eart_10env] task 2 trial 17: OK (55/110 steps)
[flow30_sm_10env] task 2 trial 26: OK (53/110 steps)
[flow30_sm_10env] task 2 trial 27: OK (55/110 steps)
[flow30_eart_10env] task 2 trial 18: x (110/110 steps)
[flow30_sm_10env] task 2 trial 28: OK (57/110 steps)
[flow30_eart_10env] task 2 trial 19: OK (54/110 steps)
[flow30_sm_10env] task 2 trial 29: OK (54/110 steps)
[flow30_eart_10env] task 2 trial 20: OK (52/110 steps)
[info] using task orders [0, 1, 2, 3, 4, 5, 6, 7, 8, 9]
[flow30_sm_10env] task 3 trial 15: OK (46/110 steps)
[flow30_eart_10env] task 2 trial 21: OK (54/110 steps)
[flow30_sm_10env] task 3 trial 16: OK (45/110 steps)
[flow30_sm_10env] task 3 trial 17: OK (48/110 steps)
[flow30_eart_10env] task 2 trial 22: x (110/110 steps)
[flow30_sm_10env] task 3 trial 18: OK (48/110 steps)
[flow30_sm_10env] task 3 trial 19: OK (44/110 steps)
[flow30_eart_10env] task 2 trial 23: OK (55/110 steps)
[flow30_sm_10env] task 3 trial 20: OK (48/110 steps)
[flow30_eart_10env] task 2 trial 24: OK (53/110 steps)
[flow30_sm_10env] task 3 trial 21: OK (45/110 steps)
[flow30_sm_10env] task 3 trial 22: OK (45/110 steps)
[flow30_eart_10env] task 2 trial 25: OK (53/110 steps)
[flow30_sm_10env] task 3 trial 23: OK (47/110 steps)
[flow30_eart_10env] task 2 trial 26: OK (52/110 steps)
[flow30_sm_10env] task 3 trial 24: OK (45/110 steps)
[flow30_eart_10env] task 2 trial 27: OK (52/110 steps)
[flow30_sm_10env] task 3 trial 25: OK (46/110 steps)
[flow30_sm_10env] task 3 trial 26: OK (44/110 steps)
[flow30_eart_10env] task 2 trial 28: OK (55/110 steps)
[flow30_sm_10env] task 3 trial 27: OK (46/110 steps)
[flow30_eart_10env] task 2 trial 29: OK (51/110 steps)
[flow30_sm_10env] task 3 trial 28: OK (48/110 steps)
[flow30_sm_10env] task 3 trial 29: OK (49/110 steps)
[info] using task orders [0, 1, 2, 3, 4, 5, 6, 7, 8, 9]
[flow30_eart_10env] task 3 trial 15: OK (46/110 steps)
[flow30_eart_10env] task 3 trial 16: OK (45/110 steps)
[info] using task orders [0, 1, 2, 3, 4, 5, 6, 7, 8, 9]
[flow30_sm_10env] task 4 trial 15: x (110/110 steps)
[flow30_eart_10env] task 3 trial 17: OK (47/110 steps)
[flow30_sm_10env] task 4 trial 16: OK (69/110 steps)
[flow30_eart_10env] task 3 trial 18: OK (45/110 steps)
[flow30_eart_10env] task 3 trial 19: OK (43/110 steps)
[flow30_sm_10env] task 4 trial 17: x (110/110 steps)
[flow30_sm_10env] task 4 trial 18: OK (66/110 steps)
[flow30_eart_10env] task 3 trial 20: OK (53/110 steps)
[flow30_eart_10env] task 3 trial 21: OK (44/110 steps)
[flow30_sm_10env] task 4 trial 19: OK (77/110 steps)
[flow30_eart_10env] task 3 trial 22: OK (44/110 steps)
[flow30_sm_10env] task 4 trial 20: x (110/110 steps)
[flow30_eart_10env] task 3 trial 23: OK (46/110 steps)
[flow30_sm_10env] task 4 trial 21: OK (68/110 steps)
[flow30_eart_10env] task 3 trial 24: OK (46/110 steps)
[flow30_sm_10env] task 4 trial 22: OK (69/110 steps)
[flow30_eart_10env] task 3 trial 25: OK (45/110 steps)
[flow30_sm_10env] task 4 trial 23: OK (71/110 steps)
[flow30_eart_10env] task 3 trial 26: OK (43/110 steps)
[flow30_sm_10env] task 4 trial 24: OK (71/110 steps)
[flow30_eart_10env] task 3 trial 27: x (110/110 steps)
[flow30_sm_10env] task 4 trial 25: OK (70/110 steps)
[flow30_eart_10env] task 3 trial 28: OK (46/110 steps)
[flow30_sm_10env] task 4 trial 26: OK (73/110 steps)
[flow30_eart_10env] task 3 trial 29: OK (46/110 steps)
[flow30_sm_10env] task 4 trial 27: x (110/110 steps)
[flow30_sm_10env] task 4 trial 28: OK (72/110 steps)
[info] using task orders [0, 1, 2, 3, 4, 5, 6, 7, 8, 9]
[flow30_eart_10env] task 4 trial 15: OK (69/110 steps)
[flow30_sm_10env] task 4 trial 29: OK (72/110 steps)
[flow30_eart_10env] task 4 trial 16: OK (66/110 steps)
[info] using task orders [0, 1, 2, 3, 4, 5, 6, 7, 8, 9]
[flow30_sm_10env] task 5 trial 15: x (110/110 steps)
[flow30_eart_10env] task 4 trial 17: x (110/110 steps)
[flow30_sm_10env] task 5 trial 16: OK (52/110 steps)
[flow30_sm_10env] task 5 trial 17: OK (51/110 steps)
[flow30_eart_10env] task 4 trial 18: OK (69/110 steps)
[flow30_sm_10env] task 5 trial 18: x (110/110 steps)
[flow30_eart_10env] task 4 trial 19: OK (78/110 steps)
[flow30_sm_10env] task 5 trial 19: x (110/110 steps)
[flow30_eart_10env] task 4 trial 20: x (110/110 steps)
[flow30_sm_10env] task 5 trial 20: OK (52/110 steps)
[flow30_sm_10env] task 5 trial 21: OK (57/110 steps)
[flow30_eart_10env] task 4 trial 21: OK (65/110 steps)
[flow30_sm_10env] task 5 trial 22: x (110/110 steps)
[flow30_eart_10env] task 4 trial 22: OK (68/110 steps)
[flow30_sm_10env] task 5 trial 23: x (110/110 steps)
[flow30_eart_10env] task 4 trial 23: OK (71/110 steps)
[flow30_sm_10env] task 5 trial 24: x (110/110 steps)
[flow30_eart_10env] task 4 trial 24: OK (70/110 steps)
[flow30_sm_10env] task 5 trial 25: x (110/110 steps)
[flow30_eart_10env] task 4 trial 25: OK (72/110 steps)
[flow30_sm_10env] task 5 trial 26: x (110/110 steps)
[flow30_eart_10env] task 4 trial 26: OK (72/110 steps)
[flow30_sm_10env] task 5 trial 27: x (110/110 steps)
[flow30_eart_10env] task 4 trial 27: x (110/110 steps)
[flow30_sm_10env] task 5 trial 28: x (110/110 steps)
[flow30_sm_10env] task 5 trial 29: x (110/110 steps)
[flow30_eart_10env] task 4 trial 28: OK (73/110 steps)
[info] using task orders [0, 1, 2, 3, 4, 5, 6, 7, 8, 9]
[flow30_sm_10env] task 6 trial 15: x (110/110 steps)
[flow30_eart_10env] task 4 trial 29: OK (73/110 steps)
[flow30_sm_10env] task 6 trial 16: OK (56/110 steps)
[flow30_sm_10env] task 6 trial 17: OK (54/110 steps)
[info] using task orders [0, 1, 2, 3, 4, 5, 6, 7, 8, 9]
[flow30_eart_10env] task 5 trial 15: x (110/110 steps)
[flow30_sm_10env] task 6 trial 18: OK (57/110 steps)
[flow30_sm_10env] task 6 trial 19: OK (57/110 steps)
[flow30_eart_10env] task 5 trial 16: x (110/110 steps)
[flow30_sm_10env] task 6 trial 20: OK (58/110 steps)
[flow30_eart_10env] task 5 trial 17: OK (58/110 steps)
[flow30_sm_10env] task 6 trial 21: OK (58/110 steps)
[flow30_sm_10env] task 6 trial 22: OK (55/110 steps)
[flow30_eart_10env] task 5 trial 18: x (110/110 steps)
[flow30_sm_10env] task 6 trial 23: OK (58/110 steps)
[flow30_sm_10env] task 6 trial 24: OK (59/110 steps)
[flow30_eart_10env] task 5 trial 19: x (110/110 steps)
[flow30_sm_10env] task 6 trial 25: OK (62/110 steps)
[flow30_eart_10env] task 5 trial 20: OK (49/110 steps)
[flow30_sm_10env] task 6 trial 26: OK (60/110 steps)
[flow30_eart_10env] task 5 trial 21: OK (53/110 steps)
[flow30_sm_10env] task 6 trial 27: OK (59/110 steps)
[flow30_sm_10env] task 6 trial 28: OK (62/110 steps)
[flow30_eart_10env] task 5 trial 22: x (110/110 steps)
[flow30_sm_10env] task 6 trial 29: OK (56/110 steps)
[info] using task orders [0, 1, 2, 3, 4, 5, 6, 7, 8, 9]
[flow30_sm_10env] task 7 trial 15: OK (65/110 steps)
[flow30_eart_10env] task 5 trial 23: x (110/110 steps)
[flow30_sm_10env] task 7 trial 16: OK (64/110 steps)
[flow30_eart_10env] task 5 trial 24: x (110/110 steps)
[flow30_sm_10env] task 7 trial 17: OK (64/110 steps)
[flow30_sm_10env] task 7 trial 18: OK (68/110 steps)
[flow30_eart_10env] task 5 trial 25: x (110/110 steps)
[flow30_sm_10env] task 7 trial 19: OK (66/110 steps)
[flow30_sm_10env] task 7 trial 20: OK (63/110 steps)
[flow30_eart_10env] task 5 trial 26: x (110/110 steps)
[flow30_sm_10env] task 7 trial 21: OK (63/110 steps)
[flow30_eart_10env] task 5 trial 27: x (110/110 steps)
[flow30_sm_10env] task 7 trial 22: OK (66/110 steps)
[flow30_sm_10env] task 7 trial 23: OK (63/110 steps)
[flow30_eart_10env] task 5 trial 28: x (110/110 steps)
[flow30_sm_10env] task 7 trial 24: OK (67/110 steps)
[flow30_sm_10env] task 7 trial 25: OK (62/110 steps)
[flow30_eart_10env] task 5 trial 29: x (110/110 steps)
[flow30_sm_10env] task 7 trial 26: OK (63/110 steps)
[info] using task orders [0, 1, 2, 3, 4, 5, 6, 7, 8, 9]
[flow30_eart_10env] task 6 trial 15: OK (56/110 steps)
[flow30_sm_10env] task 7 trial 27: OK (69/110 steps)
[flow30_eart_10env] task 6 trial 16: OK (54/110 steps)
[flow30_sm_10env] task 7 trial 28: OK (68/110 steps)
[flow30_eart_10env] task 6 trial 17: OK (56/110 steps)
[flow30_sm_10env] task 7 trial 29: OK (66/110 steps)
[flow30_eart_10env] task 6 trial 18: OK (55/110 steps)
[info] using task orders [0, 1, 2, 3, 4, 5, 6, 7, 8, 9]
[flow30_sm_10env] task 8 trial 15: OK (48/110 steps)
[flow30_sm_10env] task 8 trial 16: OK (53/110 steps)
[flow30_eart_10env] task 6 trial 19: OK (57/110 steps)
[flow30_sm_10env] task 8 trial 17: OK (53/110 steps)
[flow30_eart_10env] task 6 trial 20: OK (58/110 steps)
[flow30_sm_10env] task 8 trial 18: OK (49/110 steps)
[flow30_eart_10env] task 6 trial 21: OK (59/110 steps)
[flow30_sm_10env] task 8 trial 19: OK (53/110 steps)
[flow30_sm_10env] task 8 trial 20: OK (53/110 steps)
[flow30_eart_10env] task 6 trial 22: x (110/110 steps)
[flow30_sm_10env] task 8 trial 21: OK (50/110 steps)
[flow30_sm_10env] task 8 trial 22: OK (52/110 steps)
[flow30_eart_10env] task 6 trial 23: OK (59/110 steps)
[flow30_sm_10env] task 8 trial 23: OK (50/110 steps)
[flow30_sm_10env] task 8 trial 24: OK (55/110 steps)
[flow30_eart_10env] task 6 trial 24: x (110/110 steps)
[flow30_sm_10env] task 8 trial 25: OK (49/110 steps)
[flow30_eart_10env] task 6 trial 25: OK (59/110 steps)
[flow30_sm_10env] task 8 trial 26: OK (48/110 steps)
[flow30_sm_10env] task 8 trial 27: OK (52/110 steps)
[flow30_eart_10env] task 6 trial 26: OK (58/110 steps)
[flow30_sm_10env] task 8 trial 28: OK (51/110 steps)
[flow30_eart_10env] task 6 trial 27: OK (58/110 steps)
[flow30_sm_10env] task 8 trial 29: OK (52/110 steps)
[flow30_eart_10env] task 6 trial 28: OK (59/110 steps)
[info] using task orders [0, 1, 2, 3, 4, 5, 6, 7, 8, 9]
[flow30_sm_10env] task 9 trial 15: OK (66/110 steps)
[flow30_eart_10env] task 6 trial 29: OK (57/110 steps)
[flow30_sm_10env] task 9 trial 16: OK (65/110 steps)
[flow30_sm_10env] task 9 trial 17: OK (64/110 steps)
[info] using task orders [0, 1, 2, 3, 4, 5, 6, 7, 8, 9]
[flow30_eart_10env] task 7 trial 15: OK (65/110 steps)
[flow30_sm_10env] task 9 trial 18: x (110/110 steps)
[flow30_eart_10env] task 7 trial 16: OK (62/110 steps)
[flow30_sm_10env] task 9 trial 19: OK (65/110 steps)
[flow30_eart_10env] task 7 trial 17: OK (65/110 steps)
[flow30_sm_10env] task 9 trial 20: x (110/110 steps)
[flow30_eart_10env] task 7 trial 18: OK (66/110 steps)
[flow30_sm_10env] task 9 trial 21: OK (69/110 steps)
[flow30_sm_10env] task 9 trial 22: OK (63/110 steps)
[flow30_eart_10env] task 7 trial 19: OK (67/110 steps)
[flow30_sm_10env] task 9 trial 23: OK (67/110 steps)
[flow30_eart_10env] task 7 trial 20: OK (64/110 steps)
[flow30_sm_10env] task 9 trial 24: x (110/110 steps)
[flow30_eart_10env] task 7 trial 21: OK (62/110 steps)
[flow30_sm_10env] task 9 trial 25: OK (71/110 steps)
[flow30_eart_10env] task 7 trial 22: OK (68/110 steps)
[flow30_sm_10env] task 9 trial 26: OK (63/110 steps)
[flow30_eart_10env] task 7 trial 23: OK (62/110 steps)
[flow30_sm_10env] task 9 trial 27: OK (74/110 steps)
[flow30_eart_10env] task 7 trial 24: OK (66/110 steps)
[flow30_sm_10env] task 9 trial 28: x (110/110 steps)
[flow30_sm_10env] task 9 trial 29: OK (70/110 steps)
[flow30_sm_10env] diagnostics: 251/300 ok | fail_at_cap=49 fail_early=0 | succ_median=57.0/110
--> flow30_sm_10env: 83.7% (110 steps @ 10 Hz = 11.0 s, replan every 5)


SUMMARY (matched wall-clock, chunk-driven replan)
  flow30_sm_10env         83.7%
[flow30_eart_10env] task 7 trial 25: OK (64/110 steps)
[flow30_eart_10env] task 7 trial 26: OK (62/110 steps)
[flow30_eart_10env] task 7 trial 27: x (110/110 steps)
[flow30_eart_10env] task 7 trial 28: OK (72/110 steps)
[flow30_eart_10env] task 7 trial 29: OK (65/110 steps)
[info] using task orders [0, 1, 2, 3, 4, 5, 6, 7, 8, 9]
[flow30_eart_10env] task 8 trial 15: OK (49/110 steps)
[flow30_eart_10env] task 8 trial 16: OK (54/110 steps)
[flow30_eart_10env] task 8 trial 17: OK (52/110 steps)
[flow30_eart_10env] task 8 trial 18: OK (49/110 steps)
[flow30_eart_10env] task 8 trial 19: OK (52/110 steps)
[flow30_eart_10env] task 8 trial 20: OK (50/110 steps)
[flow30_eart_10env] task 8 trial 21: OK (50/110 steps)
[flow30_eart_10env] task 8 trial 22: OK (51/110 steps)
[flow30_eart_10env] task 8 trial 23: OK (50/110 steps)
[flow30_eart_10env] task 8 trial 24: OK (52/110 steps)
[flow30_eart_10env] task 8 trial 25: OK (49/110 steps)
[flow30_eart_10env] task 8 trial 26: OK (49/110 steps)
[flow30_eart_10env] task 8 trial 27: OK (52/110 steps)
[flow30_eart_10env] task 8 trial 28: x (110/110 steps)
[flow30_eart_10env] task 8 trial 29: OK (52/110 steps)
[info] using task orders [0, 1, 2, 3, 4, 5, 6, 7, 8, 9]
[flow30_eart_10env] task 9 trial 15: OK (64/110 steps)
[flow30_eart_10env] task 9 trial 16: OK (64/110 steps)
[flow30_eart_10env] task 9 trial 17: OK (64/110 steps)
[flow30_eart_10env] task 9 trial 18: x (110/110 steps)
[flow30_eart_10env] task 9 trial 19: OK (64/110 steps)
[flow30_eart_10env] task 9 trial 20: x (110/110 steps)
[flow30_eart_10env] task 9 trial 21: OK (67/110 steps)
[flow30_eart_10env] task 9 trial 22: OK (62/110 steps)
[flow30_eart_10env] task 9 trial 23: OK (68/110 steps)
[flow30_eart_10env] task 9 trial 24: x (110/110 steps)
[flow30_eart_10env] task 9 trial 25: OK (72/110 steps)
[flow30_eart_10env] task 9 trial 26: OK (66/110 steps)
[flow30_eart_10env] task 9 trial 27: x (110/110 steps)
[flow30_eart_10env] task 9 trial 28: x (110/110 steps)
[flow30_eart_10env] task 9 trial 29: x (110/110 steps)
[flow30_eart_10env] diagnostics: 249/300 ok | fail_at_cap=51 fail_early=0 | succ_median=57.0/110
--> flow30_eart_10env: 83.0% (110 steps @ 10 Hz = 11.0 s, replan every 5)


SUMMARY (matched wall-clock, chunk-driven replan)
  flow30_eart_10env       83.0%
