[replan] OVERRIDE: 2 env steps (default would be 10 at 20 Hz)
[suite] libero_spatial -> rp2_10hz_k05_out/multirate_honest.json
[robosuite WARNING] No private macro file found! (__init__.py:7)
WARNING:robosuite_logs:No private macro file found!
[robosuite WARNING] It is recommended to use a private macro file (__init__.py:8)
WARNING:robosuite_logs:It is recommended to use a private macro file
[robosuite WARNING] To setup, run: python /home/user/anaconda3/envs/vla_smolvla_libero/lib/python3.12/site-packages/robosuite/scripts/setup_macros.py (__init__.py:9)
WARNING:robosuite_logs:To setup, run: python /home/user/anaconda3/envs/vla_smolvla_libero/lib/python3.12/site-packages/robosuite/scripts/setup_macros.py

============================================================
ARM asrc_mag_folding_10env
============================================================
[stats] asrc_mag_folding_10env: normalizing with lerobot/libero_spatial_image
Fetching 4 files:   0%|          | 0/4 [00:00<?, ?it/s]Fetching 4 files: 100%|██████████| 4/4 [00:00<00:00, 85163.53it/s]
`torch_dtype` is deprecated! Use `dtype` instead!
Loading  HuggingFaceTB/SmolVLM2-500M-Video-Instruct weights ...
Loading weights:   0%|          | 0/489 [00:00<?, ?it/s]Loading weights:  64%|██████▍   | 313/489 [00:00<00:00, 3123.63it/s]Loading weights: 100%|██████████| 489/489 [00:00<00:00, 3361.15it/s]
Warning: You are sending unauthenticated requests to the HF Hub. Please set a HF_TOKEN to enable higher rate limits and faster downloads.
WARNING:huggingface_hub.utils._http:Warning: You are sending unauthenticated requests to the HF Hub. Please set a HF_TOKEN to enable higher rate limits and faster downloads.
Reducing the number of VLM layers to 16 ...
Loading  HuggingFaceTB/SmolVLM2-500M-Video-Instruct weights ...
Loading weights:   0%|          | 0/489 [00:00<?, ?it/s]Loading weights:  78%|███████▊  | 381/489 [00:00<00:00, 3806.32it/s]Loading weights: 100%|██████████| 489/489 [00:00<00:00, 4036.59it/s]
Reducing the number of VLM layers to 16 ...
Loading weights from local directory
[asrc_mag_folding_10env] variant=asrc n_fourier=6 re-integrates at 10.0 Hz (native ODE re-integration, NOT alias folding)
[asrc_mag_folding_10env] magscale: raw pose deltas x0.5 (restores native per-step travel)
[info] using task orders [0, 1, 2, 3, 4, 5, 6, 7, 8, 9]
Local assets not found. Downloading from HuggingFace Hub...
Assets already downloaded at /home/user/.cache/libero/assets
[asrc_mag_folding_10env] settle window scaled to 5 steps (0.50 s at 10 Hz)
[asrc_mag_folding_10env] task 0 trial 00: OK (52/110 steps)
[asrc_mag_folding_10env] task 0 trial 01: OK (48/110 steps)
[asrc_mag_folding_10env] task 0 trial 02: x (110/110 steps)
[asrc_mag_folding_10env] task 0 trial 03: x (110/110 steps)
[asrc_mag_folding_10env] task 0 trial 04: x (110/110 steps)
[info] using task orders [0, 1, 2, 3, 4, 5, 6, 7, 8, 9]
[asrc_mag_folding_10env] task 1 trial 00: x (110/110 steps)
[asrc_mag_folding_10env] task 1 trial 01: OK (64/110 steps)
[asrc_mag_folding_10env] task 1 trial 02: x (110/110 steps)
[asrc_mag_folding_10env] task 1 trial 03: x (110/110 steps)
[asrc_mag_folding_10env] task 1 trial 04: x (110/110 steps)
[info] using task orders [0, 1, 2, 3, 4, 5, 6, 7, 8, 9]
[asrc_mag_folding_10env] task 2 trial 00: OK (54/110 steps)
[asrc_mag_folding_10env] task 2 trial 01: OK (63/110 steps)
[asrc_mag_folding_10env] task 2 trial 02: OK (55/110 steps)
[asrc_mag_folding_10env] task 2 trial 03: OK (57/110 steps)
[asrc_mag_folding_10env] task 2 trial 04: OK (60/110 steps)
[info] using task orders [0, 1, 2, 3, 4, 5, 6, 7, 8, 9]
[asrc_mag_folding_10env] task 3 trial 00: OK (57/110 steps)
[asrc_mag_folding_10env] task 3 trial 01: OK (58/110 steps)
[asrc_mag_folding_10env] task 3 trial 02: OK (55/110 steps)
[asrc_mag_folding_10env] task 3 trial 03: OK (55/110 steps)
[asrc_mag_folding_10env] task 3 trial 04: OK (54/110 steps)
[info] using task orders [0, 1, 2, 3, 4, 5, 6, 7, 8, 9]
[asrc_mag_folding_10env] task 4 trial 00: x (110/110 steps)
[asrc_mag_folding_10env] task 4 trial 01: x (110/110 steps)
[asrc_mag_folding_10env] task 4 trial 02: OK (82/110 steps)
[asrc_mag_folding_10env] task 4 trial 03: x (110/110 steps)
[asrc_mag_folding_10env] task 4 trial 04: OK (78/110 steps)
[info] using task orders [0, 1, 2, 3, 4, 5, 6, 7, 8, 9]
[asrc_mag_folding_10env] task 5 trial 00: x (110/110 steps)
[asrc_mag_folding_10env] task 5 trial 01: x (110/110 steps)
[asrc_mag_folding_10env] task 5 trial 02: x (110/110 steps)
[asrc_mag_folding_10env] task 5 trial 03: x (110/110 steps)
[asrc_mag_folding_10env] task 5 trial 04: OK (57/110 steps)
[info] using task orders [0, 1, 2, 3, 4, 5, 6, 7, 8, 9]
[asrc_mag_folding_10env] task 6 trial 00: OK (65/110 steps)
[asrc_mag_folding_10env] task 6 trial 01: OK (63/110 steps)
[asrc_mag_folding_10env] task 6 trial 02: OK (66/110 steps)
[asrc_mag_folding_10env] task 6 trial 03: x (110/110 steps)
[asrc_mag_folding_10env] task 6 trial 04: OK (66/110 steps)
[info] using task orders [0, 1, 2, 3, 4, 5, 6, 7, 8, 9]
[asrc_mag_folding_10env] task 7 trial 00: OK (77/110 steps)
[asrc_mag_folding_10env] task 7 trial 01: OK (71/110 steps)
[asrc_mag_folding_10env] task 7 trial 02: OK (82/110 steps)
[asrc_mag_folding_10env] task 7 trial 03: OK (80/110 steps)
[asrc_mag_folding_10env] task 7 trial 04: OK (84/110 steps)
[info] using task orders [0, 1, 2, 3, 4, 5, 6, 7, 8, 9]
[asrc_mag_folding_10env] task 8 trial 00: OK (60/110 steps)
[asrc_mag_folding_10env] task 8 trial 01: x (110/110 steps)
[asrc_mag_folding_10env] task 8 trial 02: x (110/110 steps)
[asrc_mag_folding_10env] task 8 trial 03: x (110/110 steps)
[asrc_mag_folding_10env] task 8 trial 04: x (110/110 steps)
[info] using task orders [0, 1, 2, 3, 4, 5, 6, 7, 8, 9]
[asrc_mag_folding_10env] task 9 trial 00: x (110/110 steps)
[asrc_mag_folding_10env] task 9 trial 01: x (110/110 steps)
[asrc_mag_folding_10env] task 9 trial 02: x (110/110 steps)
[asrc_mag_folding_10env] task 9 trial 03: OK (77/110 steps)
[asrc_mag_folding_10env] task 9 trial 04: x (110/110 steps)
[asrc_mag_folding_10env] diagnostics: 27/50 ok | fail_at_cap=23 fail_early=0 | succ_median=63.0/110
--> asrc_mag_folding_10env: 54.0% (110 steps @ 10 Hz = 11.0 s, replan every 2)


SUMMARY (matched wall-clock, chunk-driven replan)
  asrc_mag_folding_10env  54.0%
