[skip] don8300: arm 'rtc' not applicable to single-pass head 'deeponet'
Fetching 4 files:   0%|          | 0/4 [00:00<?, ?it/s]Fetching 4 files: 100%|██████████| 4/4 [00:00<00:00, 99273.47it/s]
Warning: You are sending unauthenticated requests to the HF Hub. Please set a HF_TOKEN to enable higher rate limits and faster downloads.
WARNING:huggingface_hub.utils._http:Warning: You are sending unauthenticated requests to the HF Hub. Please set a HF_TOKEN to enable higher rate limits and faster downloads.
`torch_dtype` is deprecated! Use `dtype` instead!
Loading  HuggingFaceTB/SmolVLM2-500M-Video-Instruct weights ...
Loading weights:   0%|          | 0/489 [00:00<?, ?it/s]Loading weights: 100%|██████████| 489/489 [00:00<00:00, 6788.97it/s]
[robosuite WARNING] No private macro file found! (__init__.py:7)
WARNING:robosuite_logs:No private macro file found!
[robosuite WARNING] It is recommended to use a private macro file (__init__.py:8)
WARNING:robosuite_logs:It is recommended to use a private macro file
[robosuite WARNING] To setup, run: python /home/user/anaconda3/envs/vla_smolvla_libero/lib/python3.12/site-packages/robosuite/scripts/setup_macros.py (__init__.py:9)
WARNING:robosuite_logs:To setup, run: python /home/user/anaconda3/envs/vla_smolvla_libero/lib/python3.12/site-packages/robosuite/scripts/setup_macros.py
Reducing the number of VLM layers to 16 ...
Loading weights from local directory
[info] using task orders [0, 1, 2, 3, 4, 5, 6, 7, 8, 9]
Local assets not found. Downloading from HuggingFace Hub...
Assets already downloaded at /home/user/.cache/libero/assets
[flow30k|naive|d0] task0 trial00: OK
[flow30k|naive|d0] task0 trial01: OK
[flow30k|naive|d0] task0 trial02: x
[flow30k|naive|d0] task0 trial03: OK
[flow30k|naive|d0] task0 trial04: OK
[flow30k|naive|d0] task0 trial05: OK
[flow30k|naive|d0] task0 trial06: OK
[flow30k|naive|d0] task0 trial07: OK
[flow30k|naive|d0] task0 trial08: OK
[flow30k|naive|d0] task0 trial09: OK
[info] using task orders [0, 1, 2, 3, 4, 5, 6, 7, 8, 9]
[flow30k|naive|d0] task1 trial00: OK
[flow30k|naive|d0] task1 trial01: x
[flow30k|naive|d0] task1 trial02: OK
[flow30k|naive|d0] task1 trial03: OK
[flow30k|naive|d0] task1 trial04: x
[flow30k|naive|d0] task1 trial05: OK
[flow30k|naive|d0] task1 trial06: x
[flow30k|naive|d0] task1 trial07: OK
[flow30k|naive|d0] task1 trial08: x
[flow30k|naive|d0] task1 trial09: OK
[info] using task orders [0, 1, 2, 3, 4, 5, 6, 7, 8, 9]
[flow30k|naive|d0] task2 trial00: OK
[flow30k|naive|d0] task2 trial01: OK
[flow30k|naive|d0] task2 trial02: OK
[flow30k|naive|d0] task2 trial03: x
[flow30k|naive|d0] task2 trial04: OK
[flow30k|naive|d0] task2 trial05: OK
[flow30k|naive|d0] task2 trial06: OK
[flow30k|naive|d0] task2 trial07: OK
[flow30k|naive|d0] task2 trial08: OK
[flow30k|naive|d0] task2 trial09: OK
[info] using task orders [0, 1, 2, 3, 4, 5, 6, 7, 8, 9]
[flow30k|naive|d0] task3 trial00: OK
[flow30k|naive|d0] task3 trial01: OK
[flow30k|naive|d0] task3 trial02: x
[flow30k|naive|d0] task3 trial03: OK
[flow30k|naive|d0] task3 trial04: OK
[flow30k|naive|d0] task3 trial05: OK
[flow30k|naive|d0] task3 trial06: OK
[flow30k|naive|d0] task3 trial07: OK
[flow30k|naive|d0] task3 trial08: OK
[flow30k|naive|d0] task3 trial09: OK
[info] using task orders [0, 1, 2, 3, 4, 5, 6, 7, 8, 9]
[flow30k|naive|d0] task4 trial00: OK
[flow30k|naive|d0] task4 trial01: OK
[flow30k|naive|d0] task4 trial02: OK
[flow30k|naive|d0] task4 trial03: OK
[flow30k|naive|d0] task4 trial04: OK
[flow30k|naive|d0] task4 trial05: x
[flow30k|naive|d0] task4 trial06: OK
[flow30k|naive|d0] task4 trial07: OK
[flow30k|naive|d0] task4 trial08: OK
[flow30k|naive|d0] task4 trial09: OK
[info] using task orders [0, 1, 2, 3, 4, 5, 6, 7, 8, 9]
[flow30k|naive|d0] task5 trial00: x
[flow30k|naive|d0] task5 trial01: x
[flow30k|naive|d0] task5 trial02: x
[flow30k|naive|d0] task5 trial03: x
[flow30k|naive|d0] task5 trial04: x
[flow30k|naive|d0] task5 trial05: x
[flow30k|naive|d0] task5 trial06: x
[flow30k|naive|d0] task5 trial07: x
[flow30k|naive|d0] task5 trial08: x
[flow30k|naive|d0] task5 trial09: x
[info] using task orders [0, 1, 2, 3, 4, 5, 6, 7, 8, 9]
[flow30k|naive|d0] task6 trial00: OK
[flow30k|naive|d0] task6 trial01: OK
[flow30k|naive|d0] task6 trial02: OK
[flow30k|naive|d0] task6 trial03: OK
[flow30k|naive|d0] task6 trial04: OK
[flow30k|naive|d0] task6 trial05: OK
[flow30k|naive|d0] task6 trial06: OK
[flow30k|naive|d0] task6 trial07: OK
[flow30k|naive|d0] task6 trial08: OK
[flow30k|naive|d0] task6 trial09: OK
[info] using task orders [0, 1, 2, 3, 4, 5, 6, 7, 8, 9]
[flow30k|naive|d0] task7 trial00: OK
[flow30k|naive|d0] task7 trial01: OK
[flow30k|naive|d0] task7 trial02: OK
[flow30k|naive|d0] task7 trial03: OK
[flow30k|naive|d0] task7 trial04: OK
[flow30k|naive|d0] task7 trial05: OK
[flow30k|naive|d0] task7 trial06: OK
[flow30k|naive|d0] task7 trial07: OK
[flow30k|naive|d0] task7 trial08: OK
[flow30k|naive|d0] task7 trial09: OK
[info] using task orders [0, 1, 2, 3, 4, 5, 6, 7, 8, 9]
[flow30k|naive|d0] task8 trial00: x
[flow30k|naive|d0] task8 trial01: OK
[flow30k|naive|d0] task8 trial02: OK
[flow30k|naive|d0] task8 trial03: OK
[flow30k|naive|d0] task8 trial04: x
[flow30k|naive|d0] task8 trial05: x
[flow30k|naive|d0] task8 trial06: OK
[flow30k|naive|d0] task8 trial07: OK
[flow30k|naive|d0] task8 trial08: x
[flow30k|naive|d0] task8 trial09: OK
[info] using task orders [0, 1, 2, 3, 4, 5, 6, 7, 8, 9]
[flow30k|naive|d0] task9 trial00: OK
[flow30k|naive|d0] task9 trial01: OK
[flow30k|naive|d0] task9 trial02: OK
[flow30k|naive|d0] task9 trial03: OK
[flow30k|naive|d0] task9 trial04: OK
[flow30k|naive|d0] task9 trial05: OK
[flow30k|naive|d0] task9 trial06: x
[flow30k|naive|d0] task9 trial07: OK
[flow30k|naive|d0] task9 trial08: OK
[flow30k|naive|d0] task9 trial09: OK
[flow30k|naive|d0] AVERAGE 0.7700
[info] using task orders [0, 1, 2, 3, 4, 5, 6, 7, 8, 9]
[FATAL] action starvation at step 76 (arm=naive, delay=25)
Exception ignored in: <function MjRenderContext.__del__ at 0x711e202e6200>
Traceback (most recent call last):
  File "/home/user/anaconda3/envs/vla_smolvla_libero/lib/python3.12/site-packages/robosuite/utils/binding_utils.py", line 199, in __del__
    self.gl_ctx.free()
  File "/home/user/anaconda3/envs/vla_smolvla_libero/lib/python3.12/site-packages/robosuite/renderers/context/egl_context.py", line 149, in free
    EGL.eglMakeCurrent(EGL_DISPLAY, EGL.EGL_NO_SURFACE, EGL.EGL_NO_SURFACE, EGL.EGL_NO_CONTEXT)
  File "/home/user/anaconda3/envs/vla_smolvla_libero/lib/python3.12/site-packages/OpenGL/error.py", line 230, in glCheckError
    raise self._errorClass(
OpenGL.raw.EGL._errors.EGLError: EGLError(
	err = EGL_NOT_INITIALIZED,
	baseOperation = eglMakeCurrent,
	cArguments = (
		<OpenGL._opaque.EGLDisplay_pointer object at 0x711df61df7d0>,
		<OpenGL._opaque.EGLSurface_pointer object at 0x711e202a12d0>,
		<OpenGL._opaque.EGLSurface_pointer object at 0x711e202a12d0>,
		<OpenGL._opaque.EGLContext_pointer object at 0x711e202a11d0>,
	),
	result = 0
)
Exception ignored in: <function EGLGLContext.__del__ at 0x711e202e60c0>
Traceback (most recent call last):
  File "/home/user/anaconda3/envs/vla_smolvla_libero/lib/python3.12/site-packages/robosuite/renderers/context/egl_context.py", line 155, in __del__
    self.free()
  File "/home/user/anaconda3/envs/vla_smolvla_libero/lib/python3.12/site-packages/robosuite/renderers/context/egl_context.py", line 149, in free
    EGL.eglMakeCurrent(EGL_DISPLAY, EGL.EGL_NO_SURFACE, EGL.EGL_NO_SURFACE, EGL.EGL_NO_CONTEXT)
  File "/home/user/anaconda3/envs/vla_smolvla_libero/lib/python3.12/site-packages/OpenGL/error.py", line 230, in glCheckError
    raise self._errorClass(
OpenGL.raw.EGL._errors.EGLError: EGLError(
	err = EGL_NOT_INITIALIZED,
	baseOperation = eglMakeCurrent,
	cArguments = (
		<OpenGL._opaque.EGLDisplay_pointer object at 0x711df61df7d0>,
		<OpenGL._opaque.EGLSurface_pointer object at 0x711e202a12d0>,
		<OpenGL._opaque.EGLSurface_pointer object at 0x711e202a12d0>,
		<OpenGL._opaque.EGLContext_pointer object at 0x711e202a11d0>,
	),
	result = 0
)
