[suite] libero_spatial -> smoke_v2_out/multirate_honest.json
[robosuite WARNING] No private macro file found! (__init__.py:7)
WARNING:robosuite_logs:No private macro file found!
[robosuite WARNING] It is recommended to use a private macro file (__init__.py:8)
WARNING:robosuite_logs:It is recommended to use a private macro file
[robosuite WARNING] To setup, run: python /home/user/anaconda3/envs/vla_smolvla_libero/lib/python3.12/site-packages/robosuite/scripts/setup_macros.py (__init__.py:9)
WARNING:robosuite_logs:To setup, run: python /home/user/anaconda3/envs/vla_smolvla_libero/lib/python3.12/site-packages/robosuite/scripts/setup_macros.py

============================================================
ARM v2_spatial_native_20env
============================================================
[stats] v2_spatial_native_20env: normalizing with lerobot/libero_spatial_image
Fetching 4 files:   0%|          | 0/4 [00:00<?, ?it/s]Fetching 4 files: 100%|██████████| 4/4 [00:00<00:00, 98689.51it/s]
`torch_dtype` is deprecated! Use `dtype` instead!
Loading  HuggingFaceTB/SmolVLM2-500M-Video-Instruct weights ...
Loading weights:   0%|          | 0/489 [00:00<?, ?it/s]Loading weights: 100%|██████████| 489/489 [00:00<00:00, 8853.86it/s]
Warning: You are sending unauthenticated requests to the HF Hub. Please set a HF_TOKEN to enable higher rate limits and faster downloads.
WARNING:huggingface_hub.utils._http:Warning: You are sending unauthenticated requests to the HF Hub. Please set a HF_TOKEN to enable higher rate limits and faster downloads.
Reducing the number of VLM layers to 16 ...
Loading  HuggingFaceTB/SmolVLM2-500M-Video-Instruct weights ...
Loading weights:   0%|          | 0/489 [00:00<?, ?it/s]Loading weights: 100%|██████████| 489/489 [00:00<00:00, 8685.00it/s]
Reducing the number of VLM layers to 16 ...
Loading weights from local directory
[info] using task orders [0, 1, 2, 3, 4, 5, 6, 7, 8, 9]
Local assets not found. Downloading from HuggingFace Hub...
Assets already downloaded at /home/user/.cache/libero/assets
[v2_spatial_native_20env] settle window scaled to 10 steps (0.50 s at 20 Hz)
[v2_spatial_native_20env] task 0 trial 00: x (220/220 steps)
[info] using task orders [0, 1, 2, 3, 4, 5, 6, 7, 8, 9]
[v2_spatial_native_20env] task 1 trial 00: OK (135/220 steps)
[info] using task orders [0, 1, 2, 3, 4, 5, 6, 7, 8, 9]
[v2_spatial_native_20env] task 2 trial 00: OK (117/220 steps)
[info] using task orders [0, 1, 2, 3, 4, 5, 6, 7, 8, 9]
[v2_spatial_native_20env] task 3 trial 00: x (220/220 steps)
[info] using task orders [0, 1, 2, 3, 4, 5, 6, 7, 8, 9]
[v2_spatial_native_20env] task 4 trial 00: x (220/220 steps)
[info] using task orders [0, 1, 2, 3, 4, 5, 6, 7, 8, 9]
[v2_spatial_native_20env] task 5 trial 00: x (220/220 steps)
[info] using task orders [0, 1, 2, 3, 4, 5, 6, 7, 8, 9]
[v2_spatial_native_20env] task 6 trial 00: OK (135/220 steps)
[info] using task orders [0, 1, 2, 3, 4, 5, 6, 7, 8, 9]
[v2_spatial_native_20env] task 7 trial 00: OK (131/220 steps)
[info] using task orders [0, 1, 2, 3, 4, 5, 6, 7, 8, 9]
[v2_spatial_native_20env] task 8 trial 00: OK (126/220 steps)
[info] using task orders [0, 1, 2, 3, 4, 5, 6, 7, 8, 9]
[v2_spatial_native_20env] task 9 trial 00: x (220/220 steps)
[v2_spatial_native_20env] diagnostics: 5/10 ok | fail_at_cap=5 fail_early=0 | succ_median=131.0/220
--> v2_spatial_native_20env: 50.0% (220 steps @ 20 Hz = 11.0 s, replan every 10)


SUMMARY (matched wall-clock, chunk-driven replan)
  v2_spatial_native_20env  50.0%
