[suite] libero_spatial -> spatial40_out/multirate_honest.json
[robosuite WARNING] No private macro file found! (__init__.py:7)
WARNING:robosuite_logs:No private macro file found!
[robosuite WARNING] It is recommended to use a private macro file (__init__.py:8)
WARNING:robosuite_logs:It is recommended to use a private macro file
[robosuite WARNING] To setup, run: python /home/user/anaconda3/envs/vla_smolvla_libero/lib/python3.12/site-packages/robosuite/scripts/setup_macros.py (__init__.py:9)
WARNING:robosuite_logs:To setup, run: python /home/user/anaconda3/envs/vla_smolvla_libero/lib/python3.12/site-packages/robosuite/scripts/setup_macros.py

============================================================
ARM asrc_cadmag_folding_40env
============================================================
Fetching 4 files:   0%|          | 0/4 [00:00<?, ?it/s]Fetching 4 files: 100%|██████████| 4/4 [00:00<00:00, 103563.06it/s]
Warning: You are sending unauthenticated requests to the HF Hub. Please set a HF_TOKEN to enable higher rate limits and faster downloads.
WARNING:huggingface_hub.utils._http:Warning: You are sending unauthenticated requests to the HF Hub. Please set a HF_TOKEN to enable higher rate limits and faster downloads.
`torch_dtype` is deprecated! Use `dtype` instead!
Loading  HuggingFaceTB/SmolVLM2-500M-Video-Instruct weights ...
Loading weights:   0%|          | 0/489 [00:00<?, ?it/s]Loading weights: 100%|██████████| 489/489 [00:00<00:00, 6967.57it/s]
Reducing the number of VLM layers to 16 ...
Loading  HuggingFaceTB/SmolVLM2-500M-Video-Instruct weights ...
Loading weights:   0%|          | 0/489 [00:00<?, ?it/s]Loading weights: 100%|██████████| 489/489 [00:00<00:00, 6722.57it/s]
Reducing the number of VLM layers to 16 ...
Loading weights from local directory
[asrc_cadmag_folding_40env] variant=asrc n_fourier=6 re-integrates at 40.0 Hz (native ODE re-integration, NOT alias folding)
[asrc_cadmag_folding_40env] magscale: raw pose deltas x2 (restores native per-step travel)
[asrc_cadmag_folding_40env] resolved-cadence: 20 Hz decisions in a 40 Hz sim (1 query per 2 env steps); intermediates taken from the plan
[info] using task orders [0, 1, 2, 3, 4, 5, 6, 7, 8, 9]
Local assets not found. Downloading from HuggingFace Hub...
Assets already downloaded at /home/user/.cache/libero/assets
[asrc_cadmag_folding_40env] settle window scaled to 20 steps (0.50 s at 40 Hz)
[asrc_cadmag_folding_40env] task 0 trial 00: OK (160/440 steps)
[asrc_cadmag_folding_40env] task 0 trial 01: OK (152/440 steps)
[asrc_cadmag_folding_40env] task 0 trial 02: x (440/440 steps)
[asrc_cadmag_folding_40env] task 0 trial 03: OK (151/440 steps)
[asrc_cadmag_folding_40env] task 0 trial 04: OK (160/440 steps)
[asrc_cadmag_folding_40env] task 0 trial 05: OK (147/440 steps)
[asrc_cadmag_folding_40env] task 0 trial 06: OK (142/440 steps)
[asrc_cadmag_folding_40env] task 0 trial 07: OK (167/440 steps)
[asrc_cadmag_folding_40env] task 0 trial 08: OK (362/440 steps)
[asrc_cadmag_folding_40env] task 0 trial 09: OK (147/440 steps)
[asrc_cadmag_folding_40env] task 0 trial 10: OK (157/440 steps)
[asrc_cadmag_folding_40env] task 0 trial 11: OK (156/440 steps)
[asrc_cadmag_folding_40env] task 0 trial 12: OK (164/440 steps)
[asrc_cadmag_folding_40env] task 0 trial 13: OK (157/440 steps)
[asrc_cadmag_folding_40env] task 0 trial 14: x (440/440 steps)
[asrc_cadmag_folding_40env] task 0 trial 15: OK (152/440 steps)
[asrc_cadmag_folding_40env] task 0 trial 16: OK (153/440 steps)
[asrc_cadmag_folding_40env] task 0 trial 17: OK (152/440 steps)
[asrc_cadmag_folding_40env] task 0 trial 18: OK (158/440 steps)
[asrc_cadmag_folding_40env] task 0 trial 19: x (440/440 steps)
[asrc_cadmag_folding_40env] task 0 trial 20: OK (171/440 steps)
[asrc_cadmag_folding_40env] task 0 trial 21: OK (159/440 steps)
[asrc_cadmag_folding_40env] task 0 trial 22: x (440/440 steps)
[asrc_cadmag_folding_40env] task 0 trial 23: OK (156/440 steps)
[asrc_cadmag_folding_40env] task 0 trial 24: x (440/440 steps)
[asrc_cadmag_folding_40env] task 0 trial 25: OK (149/440 steps)
[asrc_cadmag_folding_40env] task 0 trial 26: OK (160/440 steps)
[asrc_cadmag_folding_40env] task 0 trial 27: OK (156/440 steps)
[asrc_cadmag_folding_40env] task 0 trial 28: OK (162/440 steps)
[asrc_cadmag_folding_40env] task 0 trial 29: OK (143/440 steps)
[info] using task orders [0, 1, 2, 3, 4, 5, 6, 7, 8, 9]
[asrc_cadmag_folding_40env] task 1 trial 00: OK (232/440 steps)
[asrc_cadmag_folding_40env] task 1 trial 01: OK (213/440 steps)
[asrc_cadmag_folding_40env] task 1 trial 02: x (440/440 steps)
[asrc_cadmag_folding_40env] task 1 trial 03: OK (221/440 steps)
[asrc_cadmag_folding_40env] task 1 trial 04: OK (234/440 steps)
[asrc_cadmag_folding_40env] task 1 trial 05: OK (220/440 steps)
[asrc_cadmag_folding_40env] task 1 trial 06: OK (223/440 steps)
[asrc_cadmag_folding_40env] task 1 trial 07: OK (215/440 steps)
[asrc_cadmag_folding_40env] task 1 trial 08: OK (241/440 steps)
[asrc_cadmag_folding_40env] task 1 trial 09: OK (245/440 steps)
[asrc_cadmag_folding_40env] task 1 trial 10: x (440/440 steps)
[asrc_cadmag_folding_40env] task 1 trial 11: OK (214/440 steps)
[asrc_cadmag_folding_40env] task 1 trial 12: OK (215/440 steps)
[asrc_cadmag_folding_40env] task 1 trial 13: OK (228/440 steps)
[asrc_cadmag_folding_40env] task 1 trial 14: OK (231/440 steps)
[asrc_cadmag_folding_40env] task 1 trial 15: OK (208/440 steps)
[asrc_cadmag_folding_40env] task 1 trial 16: OK (346/440 steps)
[asrc_cadmag_folding_40env] task 1 trial 17: OK (259/440 steps)
[asrc_cadmag_folding_40env] task 1 trial 18: OK (217/440 steps)
[asrc_cadmag_folding_40env] task 1 trial 19: x (440/440 steps)
[asrc_cadmag_folding_40env] task 1 trial 20: OK (220/440 steps)
[asrc_cadmag_folding_40env] task 1 trial 21: OK (226/440 steps)
[asrc_cadmag_folding_40env] task 1 trial 22: x (440/440 steps)
[asrc_cadmag_folding_40env] task 1 trial 23: OK (216/440 steps)
[asrc_cadmag_folding_40env] task 1 trial 24: OK (224/440 steps)
[asrc_cadmag_folding_40env] task 1 trial 25: OK (219/440 steps)
[asrc_cadmag_folding_40env] task 1 trial 26: x (440/440 steps)
[asrc_cadmag_folding_40env] task 1 trial 27: x (440/440 steps)
[asrc_cadmag_folding_40env] task 1 trial 28: OK (241/440 steps)
[asrc_cadmag_folding_40env] task 1 trial 29: OK (231/440 steps)
[info] using task orders [0, 1, 2, 3, 4, 5, 6, 7, 8, 9]
[asrc_cadmag_folding_40env] task 2 trial 00: OK (181/440 steps)
[asrc_cadmag_folding_40env] task 2 trial 01: OK (209/440 steps)
[asrc_cadmag_folding_40env] task 2 trial 02: OK (188/440 steps)
[asrc_cadmag_folding_40env] task 2 trial 03: OK (179/440 steps)
[asrc_cadmag_folding_40env] task 2 trial 04: OK (194/440 steps)
[asrc_cadmag_folding_40env] task 2 trial 05: OK (191/440 steps)
[asrc_cadmag_folding_40env] task 2 trial 06: OK (187/440 steps)
[asrc_cadmag_folding_40env] task 2 trial 07: OK (197/440 steps)
[asrc_cadmag_folding_40env] task 2 trial 08: OK (214/440 steps)
[asrc_cadmag_folding_40env] task 2 trial 09: OK (195/440 steps)
[asrc_cadmag_folding_40env] task 2 trial 10: OK (208/440 steps)
[asrc_cadmag_folding_40env] task 2 trial 11: OK (189/440 steps)
[asrc_cadmag_folding_40env] task 2 trial 12: OK (183/440 steps)
[asrc_cadmag_folding_40env] task 2 trial 13: x (440/440 steps)
[asrc_cadmag_folding_40env] task 2 trial 14: OK (191/440 steps)
[asrc_cadmag_folding_40env] task 2 trial 15: OK (191/440 steps)
[asrc_cadmag_folding_40env] task 2 trial 16: OK (182/440 steps)
[asrc_cadmag_folding_40env] task 2 trial 17: OK (202/440 steps)
[asrc_cadmag_folding_40env] task 2 trial 18: x (440/440 steps)
[asrc_cadmag_folding_40env] task 2 trial 19: OK (200/440 steps)
[asrc_cadmag_folding_40env] task 2 trial 20: OK (201/440 steps)
[asrc_cadmag_folding_40env] task 2 trial 21: OK (184/440 steps)
[asrc_cadmag_folding_40env] task 2 trial 22: OK (178/440 steps)
[asrc_cadmag_folding_40env] task 2 trial 23: OK (191/440 steps)
[asrc_cadmag_folding_40env] task 2 trial 24: OK (185/440 steps)
[asrc_cadmag_folding_40env] task 2 trial 25: x (440/440 steps)
[asrc_cadmag_folding_40env] task 2 trial 26: OK (178/440 steps)
[asrc_cadmag_folding_40env] task 2 trial 27: x (440/440 steps)
[asrc_cadmag_folding_40env] task 2 trial 28: OK (202/440 steps)
[asrc_cadmag_folding_40env] task 2 trial 29: OK (184/440 steps)
[info] using task orders [0, 1, 2, 3, 4, 5, 6, 7, 8, 9]
[asrc_cadmag_folding_40env] task 3 trial 00: OK (182/440 steps)
[asrc_cadmag_folding_40env] task 3 trial 01: OK (184/440 steps)
[asrc_cadmag_folding_40env] task 3 trial 02: OK (168/440 steps)
[asrc_cadmag_folding_40env] task 3 trial 03: OK (170/440 steps)
[asrc_cadmag_folding_40env] task 3 trial 04: OK (165/440 steps)
[asrc_cadmag_folding_40env] task 3 trial 05: OK (162/440 steps)
[asrc_cadmag_folding_40env] task 3 trial 06: OK (175/440 steps)
[asrc_cadmag_folding_40env] task 3 trial 07: OK (178/440 steps)
[asrc_cadmag_folding_40env] task 3 trial 08: OK (175/440 steps)
[asrc_cadmag_folding_40env] task 3 trial 09: OK (179/440 steps)
[asrc_cadmag_folding_40env] task 3 trial 10: OK (180/440 steps)
[asrc_cadmag_folding_40env] task 3 trial 11: OK (169/440 steps)
[asrc_cadmag_folding_40env] task 3 trial 12: OK (184/440 steps)
[asrc_cadmag_folding_40env] task 3 trial 13: x (440/440 steps)
[asrc_cadmag_folding_40env] task 3 trial 14: OK (173/440 steps)
[asrc_cadmag_folding_40env] task 3 trial 15: x (440/440 steps)
[asrc_cadmag_folding_40env] task 3 trial 16: OK (192/440 steps)
[asrc_cadmag_folding_40env] task 3 trial 17: OK (168/440 steps)
[asrc_cadmag_folding_40env] task 3 trial 18: OK (166/440 steps)
[asrc_cadmag_folding_40env] task 3 trial 19: OK (169/440 steps)
[asrc_cadmag_folding_40env] task 3 trial 20: OK (172/440 steps)
[asrc_cadmag_folding_40env] task 3 trial 21: OK (169/440 steps)
[asrc_cadmag_folding_40env] task 3 trial 22: OK (186/440 steps)
[asrc_cadmag_folding_40env] task 3 trial 23: OK (179/440 steps)
[asrc_cadmag_folding_40env] task 3 trial 24: x (440/440 steps)
[asrc_cadmag_folding_40env] task 3 trial 25: x (440/440 steps)
[asrc_cadmag_folding_40env] task 3 trial 26: OK (174/440 steps)
[asrc_cadmag_folding_40env] task 3 trial 27: x (440/440 steps)
[asrc_cadmag_folding_40env] task 3 trial 28: OK (173/440 steps)
[asrc_cadmag_folding_40env] task 3 trial 29: OK (165/440 steps)
[info] using task orders [0, 1, 2, 3, 4, 5, 6, 7, 8, 9]
[asrc_cadmag_folding_40env] task 4 trial 00: OK (255/440 steps)
[asrc_cadmag_folding_40env] task 4 trial 01: OK (269/440 steps)
[asrc_cadmag_folding_40env] task 4 trial 02: OK (246/440 steps)
[asrc_cadmag_folding_40env] task 4 trial 03: x (440/440 steps)
[asrc_cadmag_folding_40env] task 4 trial 04: OK (252/440 steps)
[asrc_cadmag_folding_40env] task 4 trial 05: x (440/440 steps)
[asrc_cadmag_folding_40env] task 4 trial 06: OK (254/440 steps)
[asrc_cadmag_folding_40env] task 4 trial 07: OK (240/440 steps)
[asrc_cadmag_folding_40env] task 4 trial 08: x (440/440 steps)
[asrc_cadmag_folding_40env] task 4 trial 09: x (440/440 steps)
[asrc_cadmag_folding_40env] task 4 trial 10: OK (427/440 steps)
[asrc_cadmag_folding_40env] task 4 trial 11: x (440/440 steps)
[asrc_cadmag_folding_40env] task 4 trial 12: OK (274/440 steps)
[asrc_cadmag_folding_40env] task 4 trial 13: OK (263/440 steps)
[asrc_cadmag_folding_40env] task 4 trial 14: OK (249/440 steps)
[asrc_cadmag_folding_40env] task 4 trial 15: x (440/440 steps)
[asrc_cadmag_folding_40env] task 4 trial 16: OK (264/440 steps)
[asrc_cadmag_folding_40env] task 4 trial 17: OK (265/440 steps)
[asrc_cadmag_folding_40env] task 4 trial 18: OK (247/440 steps)
[asrc_cadmag_folding_40env] task 4 trial 19: OK (251/440 steps)
[asrc_cadmag_folding_40env] task 4 trial 20: x (440/440 steps)
[asrc_cadmag_folding_40env] task 4 trial 21: OK (266/440 steps)
[asrc_cadmag_folding_40env] task 4 trial 22: OK (253/440 steps)
[asrc_cadmag_folding_40env] task 4 trial 23: x (440/440 steps)
[asrc_cadmag_folding_40env] task 4 trial 24: OK (273/440 steps)
[asrc_cadmag_folding_40env] task 4 trial 25: x (440/440 steps)
[asrc_cadmag_folding_40env] task 4 trial 26: x (440/440 steps)
[asrc_cadmag_folding_40env] task 4 trial 27: x (440/440 steps)
[asrc_cadmag_folding_40env] task 4 trial 28: x (440/440 steps)
[asrc_cadmag_folding_40env] task 4 trial 29: OK (280/440 steps)
[info] using task orders [0, 1, 2, 3, 4, 5, 6, 7, 8, 9]
[asrc_cadmag_folding_40env] task 5 trial 00: x (440/440 steps)
[asrc_cadmag_folding_40env] task 5 trial 01: x (440/440 steps)
[asrc_cadmag_folding_40env] task 5 trial 02: x (440/440 steps)
[asrc_cadmag_folding_40env] task 5 trial 03: x (440/440 steps)
[asrc_cadmag_folding_40env] task 5 trial 04: x (440/440 steps)
[asrc_cadmag_folding_40env] task 5 trial 05: x (440/440 steps)
[asrc_cadmag_folding_40env] task 5 trial 06: OK (186/440 steps)
[asrc_cadmag_folding_40env] task 5 trial 07: x (440/440 steps)
[asrc_cadmag_folding_40env] task 5 trial 08: x (440/440 steps)
[asrc_cadmag_folding_40env] task 5 trial 09: x (440/440 steps)
[asrc_cadmag_folding_40env] task 5 trial 10: x (440/440 steps)
[asrc_cadmag_folding_40env] task 5 trial 11: x (440/440 steps)
[asrc_cadmag_folding_40env] task 5 trial 12: x (440/440 steps)
[asrc_cadmag_folding_40env] task 5 trial 13: x (440/440 steps)
[asrc_cadmag_folding_40env] task 5 trial 14: OK (191/440 steps)
[asrc_cadmag_folding_40env] task 5 trial 15: x (440/440 steps)
[asrc_cadmag_folding_40env] task 5 trial 16: x (440/440 steps)
[asrc_cadmag_folding_40env] task 5 trial 17: x (440/440 steps)
[asrc_cadmag_folding_40env] task 5 trial 18: x (440/440 steps)
[asrc_cadmag_folding_40env] task 5 trial 19: x (440/440 steps)
[asrc_cadmag_folding_40env] task 5 trial 20: x (440/440 steps)
[asrc_cadmag_folding_40env] task 5 trial 21: x (440/440 steps)
[asrc_cadmag_folding_40env] task 5 trial 22: x (440/440 steps)
[asrc_cadmag_folding_40env] task 5 trial 23: x (440/440 steps)
[asrc_cadmag_folding_40env] task 5 trial 24: x (440/440 steps)
[asrc_cadmag_folding_40env] task 5 trial 25: x (440/440 steps)
[asrc_cadmag_folding_40env] task 5 trial 26: x (440/440 steps)
[asrc_cadmag_folding_40env] task 5 trial 27: x (440/440 steps)
[asrc_cadmag_folding_40env] task 5 trial 28: x (440/440 steps)
[asrc_cadmag_folding_40env] task 5 trial 29: x (440/440 steps)
[info] using task orders [0, 1, 2, 3, 4, 5, 6, 7, 8, 9]
[asrc_cadmag_folding_40env] task 6 trial 00: OK (209/440 steps)
[asrc_cadmag_folding_40env] task 6 trial 01: OK (200/440 steps)
[asrc_cadmag_folding_40env] task 6 trial 02: OK (209/440 steps)
[asrc_cadmag_folding_40env] task 6 trial 03: OK (221/440 steps)
[asrc_cadmag_folding_40env] task 6 trial 04: OK (217/440 steps)
[asrc_cadmag_folding_40env] task 6 trial 05: OK (238/440 steps)
[asrc_cadmag_folding_40env] task 6 trial 06: OK (231/440 steps)
[asrc_cadmag_folding_40env] task 6 trial 07: OK (211/440 steps)
[asrc_cadmag_folding_40env] task 6 trial 08: OK (209/440 steps)
[asrc_cadmag_folding_40env] task 6 trial 09: OK (211/440 steps)
[asrc_cadmag_folding_40env] task 6 trial 10: OK (221/440 steps)
[asrc_cadmag_folding_40env] task 6 trial 11: OK (201/440 steps)
[asrc_cadmag_folding_40env] task 6 trial 12: OK (219/440 steps)
[asrc_cadmag_folding_40env] task 6 trial 13: OK (264/440 steps)
[asrc_cadmag_folding_40env] task 6 trial 14: OK (220/440 steps)
[asrc_cadmag_folding_40env] task 6 trial 15: OK (204/440 steps)
[asrc_cadmag_folding_40env] task 6 trial 16: OK (201/440 steps)
[asrc_cadmag_folding_40env] task 6 trial 17: OK (229/440 steps)
[asrc_cadmag_folding_40env] task 6 trial 18: OK (217/440 steps)
[asrc_cadmag_folding_40env] task 6 trial 19: OK (209/440 steps)
[asrc_cadmag_folding_40env] task 6 trial 20: OK (209/440 steps)
[asrc_cadmag_folding_40env] task 6 trial 21: OK (211/440 steps)
[asrc_cadmag_folding_40env] task 6 trial 22: OK (207/440 steps)
[asrc_cadmag_folding_40env] task 6 trial 23: OK (197/440 steps)
[asrc_cadmag_folding_40env] task 6 trial 24: OK (209/440 steps)
[asrc_cadmag_folding_40env] task 6 trial 25: OK (223/440 steps)
[asrc_cadmag_folding_40env] task 6 trial 26: OK (220/440 steps)
[asrc_cadmag_folding_40env] task 6 trial 27: OK (202/440 steps)
[asrc_cadmag_folding_40env] task 6 trial 28: OK (224/440 steps)
[asrc_cadmag_folding_40env] task 6 trial 29: OK (210/440 steps)
[info] using task orders [0, 1, 2, 3, 4, 5, 6, 7, 8, 9]
[asrc_cadmag_folding_40env] task 7 trial 00: OK (239/440 steps)
[asrc_cadmag_folding_40env] task 7 trial 01: OK (237/440 steps)
[asrc_cadmag_folding_40env] task 7 trial 02: OK (247/440 steps)
[asrc_cadmag_folding_40env] task 7 trial 03: OK (234/440 steps)
[asrc_cadmag_folding_40env] task 7 trial 04: OK (250/440 steps)
[asrc_cadmag_folding_40env] task 7 trial 05: OK (219/440 steps)
[asrc_cadmag_folding_40env] task 7 trial 06: OK (251/440 steps)
[asrc_cadmag_folding_40env] task 7 trial 07: OK (248/440 steps)
[asrc_cadmag_folding_40env] task 7 trial 08: OK (230/440 steps)
[asrc_cadmag_folding_40env] task 7 trial 09: OK (240/440 steps)
[asrc_cadmag_folding_40env] task 7 trial 10: OK (246/440 steps)
[asrc_cadmag_folding_40env] task 7 trial 11: x (440/440 steps)
[asrc_cadmag_folding_40env] task 7 trial 12: OK (233/440 steps)
[asrc_cadmag_folding_40env] task 7 trial 13: x (440/440 steps)
[asrc_cadmag_folding_40env] task 7 trial 14: x (440/440 steps)
[asrc_cadmag_folding_40env] task 7 trial 15: OK (254/440 steps)
[asrc_cadmag_folding_40env] task 7 trial 16: OK (238/440 steps)
[asrc_cadmag_folding_40env] task 7 trial 17: OK (248/440 steps)
[asrc_cadmag_folding_40env] task 7 trial 18: x (440/440 steps)
[asrc_cadmag_folding_40env] task 7 trial 19: OK (246/440 steps)
[asrc_cadmag_folding_40env] task 7 trial 20: OK (221/440 steps)
[asrc_cadmag_folding_40env] task 7 trial 21: OK (231/440 steps)
[asrc_cadmag_folding_40env] task 7 trial 22: OK (248/440 steps)
[asrc_cadmag_folding_40env] task 7 trial 23: OK (250/440 steps)
[asrc_cadmag_folding_40env] task 7 trial 24: OK (242/440 steps)
[asrc_cadmag_folding_40env] task 7 trial 25: OK (250/440 steps)
[asrc_cadmag_folding_40env] task 7 trial 26: OK (238/440 steps)
[asrc_cadmag_folding_40env] task 7 trial 27: x (440/440 steps)
[asrc_cadmag_folding_40env] task 7 trial 28: OK (258/440 steps)
[asrc_cadmag_folding_40env] task 7 trial 29: OK (250/440 steps)
[info] using task orders [0, 1, 2, 3, 4, 5, 6, 7, 8, 9]
[asrc_cadmag_folding_40env] task 8 trial 00: OK (200/440 steps)
[asrc_cadmag_folding_40env] task 8 trial 01: x (440/440 steps)
[asrc_cadmag_folding_40env] task 8 trial 02: x (440/440 steps)
[asrc_cadmag_folding_40env] task 8 trial 03: OK (184/440 steps)
[asrc_cadmag_folding_40env] task 8 trial 04: x (440/440 steps)
[asrc_cadmag_folding_40env] task 8 trial 05: x (440/440 steps)
[asrc_cadmag_folding_40env] task 8 trial 06: x (440/440 steps)
[asrc_cadmag_folding_40env] task 8 trial 07: OK (181/440 steps)
[asrc_cadmag_folding_40env] task 8 trial 08: x (440/440 steps)
[asrc_cadmag_folding_40env] task 8 trial 09: x (440/440 steps)
[asrc_cadmag_folding_40env] task 8 trial 10: OK (182/440 steps)
[asrc_cadmag_folding_40env] task 8 trial 11: OK (193/440 steps)
[asrc_cadmag_folding_40env] task 8 trial 12: x (440/440 steps)
[asrc_cadmag_folding_40env] task 8 trial 13: OK (215/440 steps)
[asrc_cadmag_folding_40env] task 8 trial 14: OK (187/440 steps)
[asrc_cadmag_folding_40env] task 8 trial 15: x (440/440 steps)
[asrc_cadmag_folding_40env] task 8 trial 16: OK (185/440 steps)
[asrc_cadmag_folding_40env] task 8 trial 17: OK (225/440 steps)
[asrc_cadmag_folding_40env] task 8 trial 18: OK (185/440 steps)
[asrc_cadmag_folding_40env] task 8 trial 19: OK (193/440 steps)
[asrc_cadmag_folding_40env] task 8 trial 20: OK (189/440 steps)
[asrc_cadmag_folding_40env] task 8 trial 21: x (440/440 steps)
[asrc_cadmag_folding_40env] task 8 trial 22: OK (179/440 steps)
[asrc_cadmag_folding_40env] task 8 trial 23: x (440/440 steps)
[asrc_cadmag_folding_40env] task 8 trial 24: OK (191/440 steps)
[asrc_cadmag_folding_40env] task 8 trial 25: OK (183/440 steps)
[asrc_cadmag_folding_40env] task 8 trial 26: OK (259/440 steps)
[asrc_cadmag_folding_40env] task 8 trial 27: OK (212/440 steps)
[asrc_cadmag_folding_40env] task 8 trial 28: OK (188/440 steps)
[asrc_cadmag_folding_40env] task 8 trial 29: x (440/440 steps)
[info] using task orders [0, 1, 2, 3, 4, 5, 6, 7, 8, 9]
[asrc_cadmag_folding_40env] task 9 trial 00: OK (254/440 steps)
[asrc_cadmag_folding_40env] task 9 trial 01: OK (265/440 steps)
[asrc_cadmag_folding_40env] task 9 trial 02: x (440/440 steps)
[asrc_cadmag_folding_40env] task 9 trial 03: OK (242/440 steps)
[asrc_cadmag_folding_40env] task 9 trial 04: x (440/440 steps)
[asrc_cadmag_folding_40env] task 9 trial 05: OK (247/440 steps)
[asrc_cadmag_folding_40env] task 9 trial 06: OK (253/440 steps)
[asrc_cadmag_folding_40env] task 9 trial 07: OK (254/440 steps)
[asrc_cadmag_folding_40env] task 9 trial 08: OK (254/440 steps)
[asrc_cadmag_folding_40env] task 9 trial 09: OK (249/440 steps)
[asrc_cadmag_folding_40env] task 9 trial 10: x (440/440 steps)
[asrc_cadmag_folding_40env] task 9 trial 11: OK (247/440 steps)
[asrc_cadmag_folding_40env] task 9 trial 12: OK (242/440 steps)
[asrc_cadmag_folding_40env] task 9 trial 13: OK (256/440 steps)
[asrc_cadmag_folding_40env] task 9 trial 14: OK (244/440 steps)
[asrc_cadmag_folding_40env] task 9 trial 15: OK (245/440 steps)
[asrc_cadmag_folding_40env] task 9 trial 16: x (440/440 steps)
[asrc_cadmag_folding_40env] task 9 trial 17: x (440/440 steps)
[asrc_cadmag_folding_40env] task 9 trial 18: OK (253/440 steps)
[asrc_cadmag_folding_40env] task 9 trial 19: OK (251/440 steps)
[asrc_cadmag_folding_40env] task 9 trial 20: x (440/440 steps)
[asrc_cadmag_folding_40env] task 9 trial 21: OK (256/440 steps)
[asrc_cadmag_folding_40env] task 9 trial 22: OK (238/440 steps)
[asrc_cadmag_folding_40env] task 9 trial 23: OK (245/440 steps)
[asrc_cadmag_folding_40env] task 9 trial 24: OK (253/440 steps)
[asrc_cadmag_folding_40env] task 9 trial 25: OK (260/440 steps)
[asrc_cadmag_folding_40env] task 9 trial 26: x (440/440 steps)
[asrc_cadmag_folding_40env] task 9 trial 27: OK (264/440 steps)
[asrc_cadmag_folding_40env] task 9 trial 28: x (440/440 steps)
[asrc_cadmag_folding_40env] task 9 trial 29: OK (251/440 steps)
[asrc_cadmag_folding_40env] cadence check: 41567 policy queries, 41402 resolved intermediates, 164 starved of 83133 env steps
[asrc_cadmag_folding_40env] diagnostics: 215/300 ok | fail_at_cap=85 fail_early=0 | succ_median=211.0/440
--> asrc_cadmag_folding_40env: 71.7% (440 steps @ 40 Hz = 11.0 s, replan every 20)


============================================================
ARM asrc_anchor_40env
============================================================
Fetching 4 files:   0%|          | 0/4 [00:00<?, ?it/s]Fetching 4 files: 100%|██████████| 4/4 [00:00<00:00, 107546.26it/s]
Loading  HuggingFaceTB/SmolVLM2-500M-Video-Instruct weights ...
Loading weights:   0%|          | 0/489 [00:00<?, ?it/s]Loading weights: 100%|██████████| 489/489 [00:00<00:00, 6803.27it/s]
Reducing the number of VLM layers to 16 ...
Loading  HuggingFaceTB/SmolVLM2-500M-Video-Instruct weights ...
Loading weights:   0%|          | 0/489 [00:00<?, ?it/s]Loading weights: 100%|██████████| 489/489 [00:00<00:00, 6598.30it/s]
Reducing the number of VLM layers to 16 ...
Loading weights from local directory
[asrc_anchor_40env] variant=asrc n_fourier=6 re-integrates at 40.0 Hz (native ODE re-integration, NOT alias folding)
[asrc_anchor_40env] anchor: dt=1/40 integration, trunk rate token pinned to 20 Hz (in-distribution field query, zero interpolation)
[asrc_anchor_40env] magscale: raw pose deltas x2 (restores native per-step travel)
[asrc_anchor_40env] resolved-cadence: 20 Hz decisions in a 40 Hz sim (1 query per 2 env steps); intermediates taken from the plan
[info] using task orders [0, 1, 2, 3, 4, 5, 6, 7, 8, 9]
[asrc_anchor_40env] settle window scaled to 20 steps (0.50 s at 40 Hz)
[asrc_anchor_40env] task 0 trial 00: OK (151/440 steps)
[asrc_anchor_40env] task 0 trial 01: OK (150/440 steps)
[asrc_anchor_40env] task 0 trial 02: x (440/440 steps)
[asrc_anchor_40env] task 0 trial 03: OK (155/440 steps)
[asrc_anchor_40env] task 0 trial 04: OK (148/440 steps)
[asrc_anchor_40env] task 0 trial 05: OK (141/440 steps)
[asrc_anchor_40env] task 0 trial 06: OK (147/440 steps)
[asrc_anchor_40env] task 0 trial 07: OK (166/440 steps)
[asrc_anchor_40env] task 0 trial 08: OK (145/440 steps)
[asrc_anchor_40env] task 0 trial 09: OK (146/440 steps)
[asrc_anchor_40env] task 0 trial 10: OK (158/440 steps)
[asrc_anchor_40env] task 0 trial 11: OK (154/440 steps)
[asrc_anchor_40env] task 0 trial 12: OK (163/440 steps)
[asrc_anchor_40env] task 0 trial 13: OK (158/440 steps)
[asrc_anchor_40env] task 0 trial 14: x (440/440 steps)
[asrc_anchor_40env] task 0 trial 15: OK (150/440 steps)
[asrc_anchor_40env] task 0 trial 16: OK (154/440 steps)
[asrc_anchor_40env] task 0 trial 17: OK (396/440 steps)
[asrc_anchor_40env] task 0 trial 18: OK (155/440 steps)
[asrc_anchor_40env] task 0 trial 19: OK (159/440 steps)
[asrc_anchor_40env] task 0 trial 20: OK (163/440 steps)
[asrc_anchor_40env] task 0 trial 21: OK (154/440 steps)
[asrc_anchor_40env] task 0 trial 22: OK (150/440 steps)
[asrc_anchor_40env] task 0 trial 23: OK (159/440 steps)
[asrc_anchor_40env] task 0 trial 24: x (440/440 steps)
[asrc_anchor_40env] task 0 trial 25: OK (162/440 steps)
[asrc_anchor_40env] task 0 trial 26: OK (162/440 steps)
[asrc_anchor_40env] task 0 trial 27: OK (155/440 steps)
[asrc_anchor_40env] task 0 trial 28: x (440/440 steps)
[asrc_anchor_40env] task 0 trial 29: OK (138/440 steps)
[info] using task orders [0, 1, 2, 3, 4, 5, 6, 7, 8, 9]
[asrc_anchor_40env] task 1 trial 00: OK (232/440 steps)
[asrc_anchor_40env] task 1 trial 01: OK (205/440 steps)
[asrc_anchor_40env] task 1 trial 02: OK (221/440 steps)
[asrc_anchor_40env] task 1 trial 03: OK (217/440 steps)
[asrc_anchor_40env] task 1 trial 04: x (440/440 steps)
[asrc_anchor_40env] task 1 trial 05: OK (219/440 steps)
[asrc_anchor_40env] task 1 trial 06: OK (233/440 steps)
[asrc_anchor_40env] task 1 trial 07: OK (225/440 steps)
[asrc_anchor_40env] task 1 trial 08: OK (212/440 steps)
[asrc_anchor_40env] task 1 trial 09: OK (247/440 steps)
[asrc_anchor_40env] task 1 trial 10: OK (360/440 steps)
[asrc_anchor_40env] task 1 trial 11: OK (210/440 steps)
[asrc_anchor_40env] task 1 trial 12: OK (248/440 steps)
[asrc_anchor_40env] task 1 trial 13: OK (231/440 steps)
[asrc_anchor_40env] task 1 trial 14: OK (242/440 steps)
[asrc_anchor_40env] task 1 trial 15: OK (211/440 steps)
[asrc_anchor_40env] task 1 trial 16: x (440/440 steps)
[asrc_anchor_40env] task 1 trial 17: OK (251/440 steps)
[asrc_anchor_40env] task 1 trial 18: OK (225/440 steps)
[asrc_anchor_40env] task 1 trial 19: x (440/440 steps)
[asrc_anchor_40env] task 1 trial 20: OK (219/440 steps)
[asrc_anchor_40env] task 1 trial 21: OK (242/440 steps)
[asrc_anchor_40env] task 1 trial 22: x (440/440 steps)
[asrc_anchor_40env] task 1 trial 23: OK (215/440 steps)
[asrc_anchor_40env] task 1 trial 24: OK (213/440 steps)
[asrc_anchor_40env] task 1 trial 25: OK (219/440 steps)
[asrc_anchor_40env] task 1 trial 26: OK (222/440 steps)
[asrc_anchor_40env] task 1 trial 27: x (440/440 steps)
[asrc_anchor_40env] task 1 trial 28: OK (230/440 steps)
[asrc_anchor_40env] task 1 trial 29: OK (221/440 steps)
[info] using task orders [0, 1, 2, 3, 4, 5, 6, 7, 8, 9]
[asrc_anchor_40env] task 2 trial 00: OK (183/440 steps)
[asrc_anchor_40env] task 2 trial 01: OK (207/440 steps)
[asrc_anchor_40env] task 2 trial 02: OK (191/440 steps)
[asrc_anchor_40env] task 2 trial 03: OK (183/440 steps)
[asrc_anchor_40env] task 2 trial 04: OK (197/440 steps)
[asrc_anchor_40env] task 2 trial 05: OK (192/440 steps)
[asrc_anchor_40env] task 2 trial 06: OK (188/440 steps)
[asrc_anchor_40env] task 2 trial 07: OK (198/440 steps)
[asrc_anchor_40env] task 2 trial 08: OK (201/440 steps)
[asrc_anchor_40env] task 2 trial 09: OK (197/440 steps)
[asrc_anchor_40env] task 2 trial 10: OK (213/440 steps)
[asrc_anchor_40env] task 2 trial 11: x (440/440 steps)
[asrc_anchor_40env] task 2 trial 12: OK (184/440 steps)
[asrc_anchor_40env] task 2 trial 13: OK (228/440 steps)
[asrc_anchor_40env] task 2 trial 14: OK (188/440 steps)
[asrc_anchor_40env] task 2 trial 15: OK (192/440 steps)
[asrc_anchor_40env] task 2 trial 16: OK (185/440 steps)
[asrc_anchor_40env] task 2 trial 17: OK (192/440 steps)
[asrc_anchor_40env] task 2 trial 18: OK (191/440 steps)
[asrc_anchor_40env] task 2 trial 19: OK (190/440 steps)
[asrc_anchor_40env] task 2 trial 20: OK (190/440 steps)
[asrc_anchor_40env] task 2 trial 21: OK (186/440 steps)
[asrc_anchor_40env] task 2 trial 22: OK (178/440 steps)
[asrc_anchor_40env] task 2 trial 23: OK (205/440 steps)
[asrc_anchor_40env] task 2 trial 24: OK (191/440 steps)
[asrc_anchor_40env] task 2 trial 25: x (440/440 steps)
[asrc_anchor_40env] task 2 trial 26: OK (186/440 steps)
[asrc_anchor_40env] task 2 trial 27: x (440/440 steps)
[asrc_anchor_40env] task 2 trial 28: OK (208/440 steps)
[asrc_anchor_40env] task 2 trial 29: OK (192/440 steps)
[info] using task orders [0, 1, 2, 3, 4, 5, 6, 7, 8, 9]
[asrc_anchor_40env] task 3 trial 00: OK (169/440 steps)
[asrc_anchor_40env] task 3 trial 01: OK (191/440 steps)
[asrc_anchor_40env] task 3 trial 02: OK (171/440 steps)
[asrc_anchor_40env] task 3 trial 03: OK (171/440 steps)
[asrc_anchor_40env] task 3 trial 04: OK (170/440 steps)
[asrc_anchor_40env] task 3 trial 05: OK (166/440 steps)
[asrc_anchor_40env] task 3 trial 06: OK (174/440 steps)
[asrc_anchor_40env] task 3 trial 07: OK (179/440 steps)
[asrc_anchor_40env] task 3 trial 08: OK (178/440 steps)
[asrc_anchor_40env] task 3 trial 09: OK (165/440 steps)
[asrc_anchor_40env] task 3 trial 10: OK (174/440 steps)
[asrc_anchor_40env] task 3 trial 11: OK (170/440 steps)
[asrc_anchor_40env] task 3 trial 12: OK (185/440 steps)
[asrc_anchor_40env] task 3 trial 13: OK (179/440 steps)
[asrc_anchor_40env] task 3 trial 14: OK (174/440 steps)
[asrc_anchor_40env] task 3 trial 15: x (440/440 steps)
[asrc_anchor_40env] task 3 trial 16: OK (173/440 steps)
[asrc_anchor_40env] task 3 trial 17: OK (166/440 steps)
[asrc_anchor_40env] task 3 trial 18: OK (168/440 steps)
[asrc_anchor_40env] task 3 trial 19: OK (168/440 steps)
[asrc_anchor_40env] task 3 trial 20: OK (170/440 steps)
[asrc_anchor_40env] task 3 trial 21: OK (172/440 steps)
[asrc_anchor_40env] task 3 trial 22: OK (185/440 steps)
[asrc_anchor_40env] task 3 trial 23: OK (173/440 steps)
[asrc_anchor_40env] task 3 trial 24: x (440/440 steps)
[asrc_anchor_40env] task 3 trial 25: x (440/440 steps)
[asrc_anchor_40env] task 3 trial 26: OK (171/440 steps)
[asrc_anchor_40env] task 3 trial 27: x (440/440 steps)
[asrc_anchor_40env] task 3 trial 28: OK (172/440 steps)
[asrc_anchor_40env] task 3 trial 29: OK (171/440 steps)
[info] using task orders [0, 1, 2, 3, 4, 5, 6, 7, 8, 9]
[asrc_anchor_40env] task 4 trial 00: OK (260/440 steps)
[asrc_anchor_40env] task 4 trial 01: OK (277/440 steps)
[asrc_anchor_40env] task 4 trial 02: OK (249/440 steps)
[asrc_anchor_40env] task 4 trial 03: x (440/440 steps)
[asrc_anchor_40env] task 4 trial 04: OK (252/440 steps)
[asrc_anchor_40env] task 4 trial 05: x (440/440 steps)
[asrc_anchor_40env] task 4 trial 06: OK (254/440 steps)
[asrc_anchor_40env] task 4 trial 07: OK (236/440 steps)
[asrc_anchor_40env] task 4 trial 08: x (440/440 steps)
[asrc_anchor_40env] task 4 trial 09: x (440/440 steps)
[asrc_anchor_40env] task 4 trial 10: x (440/440 steps)
[asrc_anchor_40env] task 4 trial 11: OK (272/440 steps)
[asrc_anchor_40env] task 4 trial 12: OK (270/440 steps)
[asrc_anchor_40env] task 4 trial 13: OK (254/440 steps)
[asrc_anchor_40env] task 4 trial 14: OK (247/440 steps)
[asrc_anchor_40env] task 4 trial 15: x (440/440 steps)
[asrc_anchor_40env] task 4 trial 16: OK (275/440 steps)
[asrc_anchor_40env] task 4 trial 17: OK (265/440 steps)
[asrc_anchor_40env] task 4 trial 18: OK (270/440 steps)
[asrc_anchor_40env] task 4 trial 19: OK (253/440 steps)
[asrc_anchor_40env] task 4 trial 20: OK (243/440 steps)
[asrc_anchor_40env] task 4 trial 21: OK (274/440 steps)
[asrc_anchor_40env] task 4 trial 22: x (440/440 steps)
[asrc_anchor_40env] task 4 trial 23: x (440/440 steps)
[asrc_anchor_40env] task 4 trial 24: OK (278/440 steps)
[asrc_anchor_40env] task 4 trial 25: x (440/440 steps)
[asrc_anchor_40env] task 4 trial 26: x (440/440 steps)
[asrc_anchor_40env] task 4 trial 27: x (440/440 steps)
[asrc_anchor_40env] task 4 trial 28: x (440/440 steps)
[asrc_anchor_40env] task 4 trial 29: OK (286/440 steps)
[info] using task orders [0, 1, 2, 3, 4, 5, 6, 7, 8, 9]
[asrc_anchor_40env] task 5 trial 00: x (440/440 steps)
[asrc_anchor_40env] task 5 trial 01: x (440/440 steps)
[asrc_anchor_40env] task 5 trial 02: x (440/440 steps)
[asrc_anchor_40env] task 5 trial 03: x (440/440 steps)
[asrc_anchor_40env] task 5 trial 04: x (440/440 steps)
[asrc_anchor_40env] task 5 trial 05: x (440/440 steps)
[asrc_anchor_40env] task 5 trial 06: OK (221/440 steps)
[asrc_anchor_40env] task 5 trial 07: x (440/440 steps)
[asrc_anchor_40env] task 5 trial 08: x (440/440 steps)
[asrc_anchor_40env] task 5 trial 09: x (440/440 steps)
[asrc_anchor_40env] task 5 trial 10: x (440/440 steps)
[asrc_anchor_40env] task 5 trial 11: x (440/440 steps)
[asrc_anchor_40env] task 5 trial 12: x (440/440 steps)
[asrc_anchor_40env] task 5 trial 13: x (440/440 steps)
[asrc_anchor_40env] task 5 trial 14: OK (194/440 steps)
[asrc_anchor_40env] task 5 trial 15: x (440/440 steps)
[asrc_anchor_40env] task 5 trial 16: x (440/440 steps)
[asrc_anchor_40env] task 5 trial 17: x (440/440 steps)
[asrc_anchor_40env] task 5 trial 18: x (440/440 steps)
[asrc_anchor_40env] task 5 trial 19: x (440/440 steps)
[asrc_anchor_40env] task 5 trial 20: x (440/440 steps)
[asrc_anchor_40env] task 5 trial 21: x (440/440 steps)
[asrc_anchor_40env] task 5 trial 22: x (440/440 steps)
[asrc_anchor_40env] task 5 trial 23: x (440/440 steps)
[asrc_anchor_40env] task 5 trial 24: x (440/440 steps)
[asrc_anchor_40env] task 5 trial 25: x (440/440 steps)
[asrc_anchor_40env] task 5 trial 26: x (440/440 steps)
[asrc_anchor_40env] task 5 trial 27: x (440/440 steps)
[asrc_anchor_40env] task 5 trial 28: x (440/440 steps)
[asrc_anchor_40env] task 5 trial 29: x (440/440 steps)
[info] using task orders [0, 1, 2, 3, 4, 5, 6, 7, 8, 9]
[asrc_anchor_40env] task 6 trial 00: OK (215/440 steps)
[asrc_anchor_40env] task 6 trial 01: OK (203/440 steps)
[asrc_anchor_40env] task 6 trial 02: OK (209/440 steps)
[asrc_anchor_40env] task 6 trial 03: OK (225/440 steps)
[asrc_anchor_40env] task 6 trial 04: OK (211/440 steps)
[asrc_anchor_40env] task 6 trial 05: OK (239/440 steps)
[asrc_anchor_40env] task 6 trial 06: OK (232/440 steps)
[asrc_anchor_40env] task 6 trial 07: OK (209/440 steps)
[asrc_anchor_40env] task 6 trial 08: OK (209/440 steps)
[asrc_anchor_40env] task 6 trial 09: x (440/440 steps)
[asrc_anchor_40env] task 6 trial 10: OK (220/440 steps)
[asrc_anchor_40env] task 6 trial 11: OK (202/440 steps)
[asrc_anchor_40env] task 6 trial 12: OK (216/440 steps)
[asrc_anchor_40env] task 6 trial 13: OK (215/440 steps)
[asrc_anchor_40env] task 6 trial 14: OK (218/440 steps)
[asrc_anchor_40env] task 6 trial 15: OK (205/440 steps)
[asrc_anchor_40env] task 6 trial 16: OK (205/440 steps)
[asrc_anchor_40env] task 6 trial 17: OK (224/440 steps)
[asrc_anchor_40env] task 6 trial 18: OK (220/440 steps)
[asrc_anchor_40env] task 6 trial 19: OK (208/440 steps)
[asrc_anchor_40env] task 6 trial 20: OK (208/440 steps)
[asrc_anchor_40env] task 6 trial 21: OK (215/440 steps)
[asrc_anchor_40env] task 6 trial 22: OK (207/440 steps)
[asrc_anchor_40env] task 6 trial 23: OK (200/440 steps)
[asrc_anchor_40env] task 6 trial 24: OK (214/440 steps)
[asrc_anchor_40env] task 6 trial 25: OK (225/440 steps)
[asrc_anchor_40env] task 6 trial 26: OK (213/440 steps)
[asrc_anchor_40env] task 6 trial 27: OK (197/440 steps)
[asrc_anchor_40env] task 6 trial 28: x (440/440 steps)
[asrc_anchor_40env] task 6 trial 29: OK (211/440 steps)
[info] using task orders [0, 1, 2, 3, 4, 5, 6, 7, 8, 9]
[asrc_anchor_40env] task 7 trial 00: OK (245/440 steps)
[asrc_anchor_40env] task 7 trial 01: OK (239/440 steps)
[asrc_anchor_40env] task 7 trial 02: OK (255/440 steps)
[asrc_anchor_40env] task 7 trial 03: OK (232/440 steps)
[asrc_anchor_40env] task 7 trial 04: OK (253/440 steps)
[asrc_anchor_40env] task 7 trial 05: OK (225/440 steps)
[asrc_anchor_40env] task 7 trial 06: OK (252/440 steps)
[asrc_anchor_40env] task 7 trial 07: OK (250/440 steps)
[asrc_anchor_40env] task 7 trial 08: OK (242/440 steps)
[asrc_anchor_40env] task 7 trial 09: OK (238/440 steps)
[asrc_anchor_40env] task 7 trial 10: OK (253/440 steps)
[asrc_anchor_40env] task 7 trial 11: OK (257/440 steps)
[asrc_anchor_40env] task 7 trial 12: OK (232/440 steps)
[asrc_anchor_40env] task 7 trial 13: x (440/440 steps)
[asrc_anchor_40env] task 7 trial 14: OK (236/440 steps)
[asrc_anchor_40env] task 7 trial 15: OK (257/440 steps)
[asrc_anchor_40env] task 7 trial 16: OK (246/440 steps)
[asrc_anchor_40env] task 7 trial 17: OK (241/440 steps)
[asrc_anchor_40env] task 7 trial 18: x (440/440 steps)
[asrc_anchor_40env] task 7 trial 19: OK (250/440 steps)
[asrc_anchor_40env] task 7 trial 20: OK (227/440 steps)
[asrc_anchor_40env] task 7 trial 21: OK (237/440 steps)
[asrc_anchor_40env] task 7 trial 22: OK (205/440 steps)
[asrc_anchor_40env] task 7 trial 23: x (440/440 steps)
[asrc_anchor_40env] task 7 trial 24: OK (242/440 steps)
[asrc_anchor_40env] task 7 trial 25: OK (251/440 steps)
[asrc_anchor_40env] task 7 trial 26: OK (235/440 steps)
[asrc_anchor_40env] task 7 trial 27: x (440/440 steps)
[asrc_anchor_40env] task 7 trial 28: OK (251/440 steps)
[asrc_anchor_40env] task 7 trial 29: OK (245/440 steps)
[info] using task orders [0, 1, 2, 3, 4, 5, 6, 7, 8, 9]
[asrc_anchor_40env] task 8 trial 00: OK (197/440 steps)
[asrc_anchor_40env] task 8 trial 01: OK (195/440 steps)
[asrc_anchor_40env] task 8 trial 02: x (440/440 steps)
[asrc_anchor_40env] task 8 trial 03: OK (323/440 steps)
[asrc_anchor_40env] task 8 trial 04: x (440/440 steps)
[asrc_anchor_40env] task 8 trial 05: x (440/440 steps)
[asrc_anchor_40env] task 8 trial 06: x (440/440 steps)
[asrc_anchor_40env] task 8 trial 07: x (440/440 steps)
[asrc_anchor_40env] task 8 trial 08: OK (358/440 steps)
[asrc_anchor_40env] task 8 trial 09: x (440/440 steps)
[asrc_anchor_40env] task 8 trial 10: OK (179/440 steps)
[asrc_anchor_40env] task 8 trial 11: OK (194/440 steps)
[asrc_anchor_40env] task 8 trial 12: OK (187/440 steps)
[asrc_anchor_40env] task 8 trial 13: OK (186/440 steps)
[asrc_anchor_40env] task 8 trial 14: OK (188/440 steps)
[asrc_anchor_40env] task 8 trial 15: x (440/440 steps)
[asrc_anchor_40env] task 8 trial 16: x (440/440 steps)
[asrc_anchor_40env] task 8 trial 17: x (440/440 steps)
[asrc_anchor_40env] task 8 trial 18: OK (182/440 steps)
[asrc_anchor_40env] task 8 trial 19: OK (196/440 steps)
[asrc_anchor_40env] task 8 trial 20: OK (181/440 steps)
[asrc_anchor_40env] task 8 trial 21: OK (305/440 steps)
[asrc_anchor_40env] task 8 trial 22: OK (179/440 steps)
[asrc_anchor_40env] task 8 trial 23: OK (185/440 steps)
[asrc_anchor_40env] task 8 trial 24: OK (182/440 steps)
[asrc_anchor_40env] task 8 trial 25: OK (182/440 steps)
[asrc_anchor_40env] task 8 trial 26: x (440/440 steps)
[asrc_anchor_40env] task 8 trial 27: x (440/440 steps)
[asrc_anchor_40env] task 8 trial 28: OK (188/440 steps)
[asrc_anchor_40env] task 8 trial 29: x (440/440 steps)
[info] using task orders [0, 1, 2, 3, 4, 5, 6, 7, 8, 9]
[asrc_anchor_40env] task 9 trial 00: x (440/440 steps)
[asrc_anchor_40env] task 9 trial 01: x (440/440 steps)
[asrc_anchor_40env] task 9 trial 02: x (440/440 steps)
[asrc_anchor_40env] task 9 trial 03: OK (256/440 steps)
[asrc_anchor_40env] task 9 trial 04: x (440/440 steps)
[asrc_anchor_40env] task 9 trial 05: x (440/440 steps)
[asrc_anchor_40env] task 9 trial 06: OK (262/440 steps)
[asrc_anchor_40env] task 9 trial 07: x (440/440 steps)
[asrc_anchor_40env] task 9 trial 08: OK (249/440 steps)
[asrc_anchor_40env] task 9 trial 09: OK (256/440 steps)
[asrc_anchor_40env] task 9 trial 10: x (440/440 steps)
[asrc_anchor_40env] task 9 trial 11: OK (249/440 steps)
[asrc_anchor_40env] task 9 trial 12: OK (257/440 steps)
[asrc_anchor_40env] task 9 trial 13: OK (254/440 steps)
[asrc_anchor_40env] task 9 trial 14: x (440/440 steps)
[asrc_anchor_40env] task 9 trial 15: OK (249/440 steps)
[asrc_anchor_40env] task 9 trial 16: x (440/440 steps)
[asrc_anchor_40env] task 9 trial 17: x (440/440 steps)
[asrc_anchor_40env] task 9 trial 18: x (440/440 steps)
[asrc_anchor_40env] task 9 trial 19: OK (250/440 steps)
[asrc_anchor_40env] task 9 trial 20: x (440/440 steps)
[asrc_anchor_40env] task 9 trial 21: OK (256/440 steps)
[asrc_anchor_40env] task 9 trial 22: x (440/440 steps)
[asrc_anchor_40env] task 9 trial 23: OK (248/440 steps)
[asrc_anchor_40env] task 9 trial 24: OK (250/440 steps)
[asrc_anchor_40env] task 9 trial 25: OK (253/440 steps)
[asrc_anchor_40env] task 9 trial 26: x (440/440 steps)
[asrc_anchor_40env] task 9 trial 27: OK (246/440 steps)
[asrc_anchor_40env] task 9 trial 28: OK (239/440 steps)
[asrc_anchor_40env] task 9 trial 29: OK (251/440 steps)
[asrc_anchor_40env] cadence check: 41842 policy queries, 41714 resolved intermediates, 127 starved of 83683 env steps
[asrc_anchor_40env] diagnostics: 212/300 ok | fail_at_cap=88 fail_early=0 | succ_median=209.5/440
--> asrc_anchor_40env: 70.7% (440 steps @ 40 Hz = 11.0 s, replan every 20)


============================================================
ARM asrc_cadmag_spline_40env
============================================================
Fetching 4 files:   0%|          | 0/4 [00:00<?, ?it/s]Fetching 4 files: 100%|██████████| 4/4 [00:00<00:00, 102300.10it/s]
Loading  HuggingFaceTB/SmolVLM2-500M-Video-Instruct weights ...
Loading weights:   0%|          | 0/489 [00:00<?, ?it/s]Loading weights: 100%|██████████| 489/489 [00:00<00:00, 6880.15it/s]
Reducing the number of VLM layers to 16 ...
Loading  HuggingFaceTB/SmolVLM2-500M-Video-Instruct weights ...
Loading weights:   0%|          | 0/489 [00:00<?, ?it/s]Loading weights: 100%|██████████| 489/489 [00:00<00:00, 7004.28it/s]
Reducing the number of VLM layers to 16 ...
Loading weights from local directory
[asrc_cadmag_spline_40env] variant=asrc n_fourier=6 re-integrates at 20.0 Hz (native ODE re-integration, NOT alias folding)
[asrc_cadmag_spline_40env] spline resample -> 100 steps, pose deltas rescaled
[asrc_cadmag_spline_40env] magscale: raw pose deltas x2 (restores native per-step travel)
[asrc_cadmag_spline_40env] resolved-cadence: 20 Hz decisions in a 40 Hz sim (1 query per 2 env steps); intermediates taken from the plan
[info] using task orders [0, 1, 2, 3, 4, 5, 6, 7, 8, 9]
[asrc_cadmag_spline_40env] settle window scaled to 20 steps (0.50 s at 40 Hz)
[asrc_cadmag_spline_40env] task 0 trial 00: OK (156/440 steps)
[asrc_cadmag_spline_40env] task 0 trial 01: OK (148/440 steps)
[asrc_cadmag_spline_40env] task 0 trial 02: x (440/440 steps)
[asrc_cadmag_spline_40env] task 0 trial 03: OK (150/440 steps)
[asrc_cadmag_spline_40env] task 0 trial 04: OK (152/440 steps)
[asrc_cadmag_spline_40env] task 0 trial 05: OK (144/440 steps)
[asrc_cadmag_spline_40env] task 0 trial 06: OK (144/440 steps)
[asrc_cadmag_spline_40env] task 0 trial 07: OK (163/440 steps)
[asrc_cadmag_spline_40env] task 0 trial 08: x (440/440 steps)
[asrc_cadmag_spline_40env] task 0 trial 09: OK (148/440 steps)
[asrc_cadmag_spline_40env] task 0 trial 10: OK (152/440 steps)
[asrc_cadmag_spline_40env] task 0 trial 11: OK (155/440 steps)
[asrc_cadmag_spline_40env] task 0 trial 12: OK (164/440 steps)
[asrc_cadmag_spline_40env] task 0 trial 13: x (440/440 steps)
[asrc_cadmag_spline_40env] task 0 trial 14: x (440/440 steps)
[asrc_cadmag_spline_40env] task 0 trial 15: OK (152/440 steps)
[asrc_cadmag_spline_40env] task 0 trial 16: OK (151/440 steps)
[asrc_cadmag_spline_40env] task 0 trial 17: x (440/440 steps)
[asrc_cadmag_spline_40env] task 0 trial 18: x (440/440 steps)
[asrc_cadmag_spline_40env] task 0 trial 19: x (440/440 steps)
[asrc_cadmag_spline_40env] task 0 trial 20: OK (166/440 steps)
[asrc_cadmag_spline_40env] task 0 trial 21: OK (154/440 steps)
[asrc_cadmag_spline_40env] task 0 trial 22: OK (151/440 steps)
[asrc_cadmag_spline_40env] task 0 trial 23: OK (157/440 steps)
[asrc_cadmag_spline_40env] task 0 trial 24: x (440/440 steps)
[asrc_cadmag_spline_40env] task 0 trial 25: OK (149/440 steps)
[asrc_cadmag_spline_40env] task 0 trial 26: OK (157/440 steps)
[asrc_cadmag_spline_40env] task 0 trial 27: OK (153/440 steps)
[asrc_cadmag_spline_40env] task 0 trial 28: OK (162/440 steps)
[asrc_cadmag_spline_40env] task 0 trial 29: OK (138/440 steps)
[info] using task orders [0, 1, 2, 3, 4, 5, 6, 7, 8, 9]
[asrc_cadmag_spline_40env] task 1 trial 00: OK (229/440 steps)
[asrc_cadmag_spline_40env] task 1 trial 01: OK (204/440 steps)
[asrc_cadmag_spline_40env] task 1 trial 02: x (440/440 steps)
[asrc_cadmag_spline_40env] task 1 trial 03: OK (215/440 steps)
[asrc_cadmag_spline_40env] task 1 trial 04: OK (220/440 steps)
[asrc_cadmag_spline_40env] task 1 trial 05: OK (211/440 steps)
[asrc_cadmag_spline_40env] task 1 trial 06: x (440/440 steps)
[asrc_cadmag_spline_40env] task 1 trial 07: OK (220/440 steps)
[asrc_cadmag_spline_40env] task 1 trial 08: OK (213/440 steps)
[asrc_cadmag_spline_40env] task 1 trial 09: OK (214/440 steps)
[asrc_cadmag_spline_40env] task 1 trial 10: OK (221/440 steps)
[asrc_cadmag_spline_40env] task 1 trial 11: OK (207/440 steps)
[asrc_cadmag_spline_40env] task 1 trial 12: OK (221/440 steps)
[asrc_cadmag_spline_40env] task 1 trial 13: OK (236/440 steps)
[asrc_cadmag_spline_40env] task 1 trial 14: OK (240/440 steps)
[asrc_cadmag_spline_40env] task 1 trial 15: OK (210/440 steps)
[asrc_cadmag_spline_40env] task 1 trial 16: OK (348/440 steps)
[asrc_cadmag_spline_40env] task 1 trial 17: OK (257/440 steps)
[asrc_cadmag_spline_40env] task 1 trial 18: OK (215/440 steps)
[asrc_cadmag_spline_40env] task 1 trial 19: x (440/440 steps)
[asrc_cadmag_spline_40env] task 1 trial 20: OK (216/440 steps)
[asrc_cadmag_spline_40env] task 1 trial 21: OK (217/440 steps)
[asrc_cadmag_spline_40env] task 1 trial 22: OK (219/440 steps)
[asrc_cadmag_spline_40env] task 1 trial 23: OK (214/440 steps)
[asrc_cadmag_spline_40env] task 1 trial 24: OK (215/440 steps)
[asrc_cadmag_spline_40env] task 1 trial 25: OK (224/440 steps)
[asrc_cadmag_spline_40env] task 1 trial 26: x (440/440 steps)
[asrc_cadmag_spline_40env] task 1 trial 27: OK (245/440 steps)
[asrc_cadmag_spline_40env] task 1 trial 28: OK (245/440 steps)
[asrc_cadmag_spline_40env] task 1 trial 29: OK (348/440 steps)
[info] using task orders [0, 1, 2, 3, 4, 5, 6, 7, 8, 9]
[asrc_cadmag_spline_40env] task 2 trial 00: OK (180/440 steps)
[asrc_cadmag_spline_40env] task 2 trial 01: OK (201/440 steps)
[asrc_cadmag_spline_40env] task 2 trial 02: OK (184/440 steps)
[asrc_cadmag_spline_40env] task 2 trial 03: OK (182/440 steps)
[asrc_cadmag_spline_40env] task 2 trial 04: OK (198/440 steps)
[asrc_cadmag_spline_40env] task 2 trial 05: OK (191/440 steps)
[asrc_cadmag_spline_40env] task 2 trial 06: OK (189/440 steps)
[asrc_cadmag_spline_40env] task 2 trial 07: OK (195/440 steps)
[asrc_cadmag_spline_40env] task 2 trial 08: OK (208/440 steps)
[asrc_cadmag_spline_40env] task 2 trial 09: OK (183/440 steps)
[asrc_cadmag_spline_40env] task 2 trial 10: OK (202/440 steps)
[asrc_cadmag_spline_40env] task 2 trial 11: OK (189/440 steps)
[asrc_cadmag_spline_40env] task 2 trial 12: OK (180/440 steps)
[asrc_cadmag_spline_40env] task 2 trial 13: OK (435/440 steps)
[asrc_cadmag_spline_40env] task 2 trial 14: OK (186/440 steps)
[asrc_cadmag_spline_40env] task 2 trial 15: OK (190/440 steps)
[asrc_cadmag_spline_40env] task 2 trial 16: OK (176/440 steps)
[asrc_cadmag_spline_40env] task 2 trial 17: OK (195/440 steps)
[asrc_cadmag_spline_40env] task 2 trial 18: OK (177/440 steps)
[asrc_cadmag_spline_40env] task 2 trial 19: OK (190/440 steps)
[asrc_cadmag_spline_40env] task 2 trial 20: OK (190/440 steps)
[asrc_cadmag_spline_40env] task 2 trial 21: OK (194/440 steps)
[asrc_cadmag_spline_40env] task 2 trial 22: OK (172/440 steps)
[asrc_cadmag_spline_40env] task 2 trial 23: OK (188/440 steps)
[asrc_cadmag_spline_40env] task 2 trial 24: OK (188/440 steps)
[asrc_cadmag_spline_40env] task 2 trial 25: OK (420/440 steps)
[asrc_cadmag_spline_40env] task 2 trial 26: OK (184/440 steps)
[asrc_cadmag_spline_40env] task 2 trial 27: x (440/440 steps)
[asrc_cadmag_spline_40env] task 2 trial 28: OK (199/440 steps)
[asrc_cadmag_spline_40env] task 2 trial 29: OK (202/440 steps)
[info] using task orders [0, 1, 2, 3, 4, 5, 6, 7, 8, 9]
[asrc_cadmag_spline_40env] task 3 trial 00: OK (166/440 steps)
[asrc_cadmag_spline_40env] task 3 trial 01: OK (181/440 steps)
[asrc_cadmag_spline_40env] task 3 trial 02: OK (166/440 steps)
[asrc_cadmag_spline_40env] task 3 trial 03: OK (171/440 steps)
[asrc_cadmag_spline_40env] task 3 trial 04: OK (177/440 steps)
[asrc_cadmag_spline_40env] task 3 trial 05: OK (159/440 steps)
[asrc_cadmag_spline_40env] task 3 trial 06: OK (171/440 steps)
[asrc_cadmag_spline_40env] task 3 trial 07: OK (171/440 steps)
[asrc_cadmag_spline_40env] task 3 trial 08: OK (174/440 steps)
[asrc_cadmag_spline_40env] task 3 trial 09: OK (173/440 steps)
[asrc_cadmag_spline_40env] task 3 trial 10: OK (167/440 steps)
[asrc_cadmag_spline_40env] task 3 trial 11: OK (163/440 steps)
[asrc_cadmag_spline_40env] task 3 trial 12: x (440/440 steps)
[asrc_cadmag_spline_40env] task 3 trial 13: x (440/440 steps)
[asrc_cadmag_spline_40env] task 3 trial 14: OK (170/440 steps)
[asrc_cadmag_spline_40env] task 3 trial 15: x (440/440 steps)
[asrc_cadmag_spline_40env] task 3 trial 16: OK (170/440 steps)
[asrc_cadmag_spline_40env] task 3 trial 17: OK (167/440 steps)
[asrc_cadmag_spline_40env] task 3 trial 18: OK (163/440 steps)
[asrc_cadmag_spline_40env] task 3 trial 19: OK (172/440 steps)
[asrc_cadmag_spline_40env] task 3 trial 20: OK (169/440 steps)
[asrc_cadmag_spline_40env] task 3 trial 21: OK (169/440 steps)
[asrc_cadmag_spline_40env] task 3 trial 22: OK (184/440 steps)
[asrc_cadmag_spline_40env] task 3 trial 23: OK (175/440 steps)
[asrc_cadmag_spline_40env] task 3 trial 24: OK (318/440 steps)
[asrc_cadmag_spline_40env] task 3 trial 25: x (440/440 steps)
[asrc_cadmag_spline_40env] task 3 trial 26: OK (168/440 steps)
[asrc_cadmag_spline_40env] task 3 trial 27: x (440/440 steps)
[asrc_cadmag_spline_40env] task 3 trial 28: OK (166/440 steps)
[asrc_cadmag_spline_40env] task 3 trial 29: OK (162/440 steps)
[info] using task orders [0, 1, 2, 3, 4, 5, 6, 7, 8, 9]
[asrc_cadmag_spline_40env] task 4 trial 00: OK (252/440 steps)
[asrc_cadmag_spline_40env] task 4 trial 01: OK (265/440 steps)
[asrc_cadmag_spline_40env] task 4 trial 02: OK (239/440 steps)
[asrc_cadmag_spline_40env] task 4 trial 03: OK (261/440 steps)
[asrc_cadmag_spline_40env] task 4 trial 04: OK (250/440 steps)
[asrc_cadmag_spline_40env] task 4 trial 05: x (440/440 steps)
[asrc_cadmag_spline_40env] task 4 trial 06: OK (258/440 steps)
[asrc_cadmag_spline_40env] task 4 trial 07: OK (232/440 steps)
[asrc_cadmag_spline_40env] task 4 trial 08: x (440/440 steps)
[asrc_cadmag_spline_40env] task 4 trial 09: x (440/440 steps)
[asrc_cadmag_spline_40env] task 4 trial 10: x (440/440 steps)
[asrc_cadmag_spline_40env] task 4 trial 11: OK (280/440 steps)
[asrc_cadmag_spline_40env] task 4 trial 12: OK (261/440 steps)
[asrc_cadmag_spline_40env] task 4 trial 13: OK (262/440 steps)
[asrc_cadmag_spline_40env] task 4 trial 14: OK (246/440 steps)
[asrc_cadmag_spline_40env] task 4 trial 15: x (440/440 steps)
[asrc_cadmag_spline_40env] task 4 trial 16: x (440/440 steps)
[asrc_cadmag_spline_40env] task 4 trial 17: OK (255/440 steps)
[asrc_cadmag_spline_40env] task 4 trial 18: OK (235/440 steps)
[asrc_cadmag_spline_40env] task 4 trial 19: OK (250/440 steps)
[asrc_cadmag_spline_40env] task 4 trial 20: OK (246/440 steps)
[asrc_cadmag_spline_40env] task 4 trial 21: x (440/440 steps)
[asrc_cadmag_spline_40env] task 4 trial 22: OK (251/440 steps)
[asrc_cadmag_spline_40env] task 4 trial 23: x (440/440 steps)
[asrc_cadmag_spline_40env] task 4 trial 24: x (440/440 steps)
[asrc_cadmag_spline_40env] task 4 trial 25: x (440/440 steps)
[asrc_cadmag_spline_40env] task 4 trial 26: OK (307/440 steps)
[asrc_cadmag_spline_40env] task 4 trial 27: x (440/440 steps)
[asrc_cadmag_spline_40env] task 4 trial 28: OK (272/440 steps)
[asrc_cadmag_spline_40env] task 4 trial 29: OK (266/440 steps)
[info] using task orders [0, 1, 2, 3, 4, 5, 6, 7, 8, 9]
[asrc_cadmag_spline_40env] task 5 trial 00: x (440/440 steps)
[asrc_cadmag_spline_40env] task 5 trial 01: x (440/440 steps)
[asrc_cadmag_spline_40env] task 5 trial 02: x (440/440 steps)
[asrc_cadmag_spline_40env] task 5 trial 03: x (440/440 steps)
[asrc_cadmag_spline_40env] task 5 trial 04: x (440/440 steps)
[asrc_cadmag_spline_40env] task 5 trial 05: x (440/440 steps)
[asrc_cadmag_spline_40env] task 5 trial 06: OK (182/440 steps)
[asrc_cadmag_spline_40env] task 5 trial 07: x (440/440 steps)
[asrc_cadmag_spline_40env] task 5 trial 08: x (440/440 steps)
[asrc_cadmag_spline_40env] task 5 trial 09: x (440/440 steps)
[asrc_cadmag_spline_40env] task 5 trial 10: x (440/440 steps)
[asrc_cadmag_spline_40env] task 5 trial 11: x (440/440 steps)
[asrc_cadmag_spline_40env] task 5 trial 12: x (440/440 steps)
[asrc_cadmag_spline_40env] task 5 trial 13: x (440/440 steps)
[asrc_cadmag_spline_40env] task 5 trial 14: OK (192/440 steps)
[asrc_cadmag_spline_40env] task 5 trial 15: x (440/440 steps)
[asrc_cadmag_spline_40env] task 5 trial 16: x (440/440 steps)
[asrc_cadmag_spline_40env] task 5 trial 17: x (440/440 steps)
[asrc_cadmag_spline_40env] task 5 trial 18: x (440/440 steps)
[asrc_cadmag_spline_40env] task 5 trial 19: x (440/440 steps)
[asrc_cadmag_spline_40env] task 5 trial 20: x (440/440 steps)
[asrc_cadmag_spline_40env] task 5 trial 21: x (440/440 steps)
[asrc_cadmag_spline_40env] task 5 trial 22: x (440/440 steps)
[asrc_cadmag_spline_40env] task 5 trial 23: x (440/440 steps)
[asrc_cadmag_spline_40env] task 5 trial 24: x (440/440 steps)
[asrc_cadmag_spline_40env] task 5 trial 25: x (440/440 steps)
[asrc_cadmag_spline_40env] task 5 trial 26: x (440/440 steps)
[asrc_cadmag_spline_40env] task 5 trial 27: x (440/440 steps)
[asrc_cadmag_spline_40env] task 5 trial 28: x (440/440 steps)
[asrc_cadmag_spline_40env] task 5 trial 29: x (440/440 steps)
[info] using task orders [0, 1, 2, 3, 4, 5, 6, 7, 8, 9]
[asrc_cadmag_spline_40env] task 6 trial 00: OK (214/440 steps)
[asrc_cadmag_spline_40env] task 6 trial 01: OK (199/440 steps)
[asrc_cadmag_spline_40env] task 6 trial 02: OK (207/440 steps)
[asrc_cadmag_spline_40env] task 6 trial 03: OK (219/440 steps)
[asrc_cadmag_spline_40env] task 6 trial 04: OK (215/440 steps)
[asrc_cadmag_spline_40env] task 6 trial 05: OK (229/440 steps)
[asrc_cadmag_spline_40env] task 6 trial 06: OK (230/440 steps)
[asrc_cadmag_spline_40env] task 6 trial 07: OK (209/440 steps)
[asrc_cadmag_spline_40env] task 6 trial 08: OK (208/440 steps)
[asrc_cadmag_spline_40env] task 6 trial 09: OK (221/440 steps)
[asrc_cadmag_spline_40env] task 6 trial 10: OK (221/440 steps)
[asrc_cadmag_spline_40env] task 6 trial 11: OK (202/440 steps)
[asrc_cadmag_spline_40env] task 6 trial 12: OK (214/440 steps)
[asrc_cadmag_spline_40env] task 6 trial 13: OK (210/440 steps)
[asrc_cadmag_spline_40env] task 6 trial 14: OK (214/440 steps)
[asrc_cadmag_spline_40env] task 6 trial 15: OK (200/440 steps)
[asrc_cadmag_spline_40env] task 6 trial 16: OK (198/440 steps)
[asrc_cadmag_spline_40env] task 6 trial 17: OK (222/440 steps)
[asrc_cadmag_spline_40env] task 6 trial 18: OK (215/440 steps)
[asrc_cadmag_spline_40env] task 6 trial 19: OK (207/440 steps)
[asrc_cadmag_spline_40env] task 6 trial 20: OK (204/440 steps)
[asrc_cadmag_spline_40env] task 6 trial 21: OK (217/440 steps)
[asrc_cadmag_spline_40env] task 6 trial 22: OK (205/440 steps)
[asrc_cadmag_spline_40env] task 6 trial 23: OK (201/440 steps)
[asrc_cadmag_spline_40env] task 6 trial 24: OK (214/440 steps)
[asrc_cadmag_spline_40env] task 6 trial 25: OK (216/440 steps)
[asrc_cadmag_spline_40env] task 6 trial 26: OK (211/440 steps)
[asrc_cadmag_spline_40env] task 6 trial 27: OK (197/440 steps)
[asrc_cadmag_spline_40env] task 6 trial 28: OK (437/440 steps)
[asrc_cadmag_spline_40env] task 6 trial 29: OK (210/440 steps)
[info] using task orders [0, 1, 2, 3, 4, 5, 6, 7, 8, 9]
[asrc_cadmag_spline_40env] task 7 trial 00: OK (240/440 steps)
[asrc_cadmag_spline_40env] task 7 trial 01: OK (240/440 steps)
[asrc_cadmag_spline_40env] task 7 trial 02: OK (243/440 steps)
[asrc_cadmag_spline_40env] task 7 trial 03: OK (232/440 steps)
[asrc_cadmag_spline_40env] task 7 trial 04: OK (242/440 steps)
[asrc_cadmag_spline_40env] task 7 trial 05: OK (226/440 steps)
[asrc_cadmag_spline_40env] task 7 trial 06: OK (249/440 steps)
[asrc_cadmag_spline_40env] task 7 trial 07: OK (243/440 steps)
[asrc_cadmag_spline_40env] task 7 trial 08: OK (233/440 steps)
[asrc_cadmag_spline_40env] task 7 trial 09: OK (239/440 steps)
[asrc_cadmag_spline_40env] task 7 trial 10: OK (241/440 steps)
[asrc_cadmag_spline_40env] task 7 trial 11: x (440/440 steps)
[asrc_cadmag_spline_40env] task 7 trial 12: OK (237/440 steps)
[asrc_cadmag_spline_40env] task 7 trial 13: x (440/440 steps)
[asrc_cadmag_spline_40env] task 7 trial 14: OK (230/440 steps)
[asrc_cadmag_spline_40env] task 7 trial 15: x (440/440 steps)
[asrc_cadmag_spline_40env] task 7 trial 16: OK (231/440 steps)
[asrc_cadmag_spline_40env] task 7 trial 17: OK (243/440 steps)
[asrc_cadmag_spline_40env] task 7 trial 18: OK (242/440 steps)
[asrc_cadmag_spline_40env] task 7 trial 19: x (440/440 steps)
[asrc_cadmag_spline_40env] task 7 trial 20: OK (226/440 steps)
[asrc_cadmag_spline_40env] task 7 trial 21: OK (235/440 steps)
[asrc_cadmag_spline_40env] task 7 trial 22: OK (248/440 steps)
[asrc_cadmag_spline_40env] task 7 trial 23: OK (228/440 steps)
[asrc_cadmag_spline_40env] task 7 trial 24: OK (240/440 steps)
[asrc_cadmag_spline_40env] task 7 trial 25: OK (245/440 steps)
[asrc_cadmag_spline_40env] task 7 trial 26: OK (234/440 steps)
[asrc_cadmag_spline_40env] task 7 trial 27: x (440/440 steps)
[asrc_cadmag_spline_40env] task 7 trial 28: OK (250/440 steps)
[asrc_cadmag_spline_40env] task 7 trial 29: OK (242/440 steps)
[info] using task orders [0, 1, 2, 3, 4, 5, 6, 7, 8, 9]
[asrc_cadmag_spline_40env] task 8 trial 00: OK (197/440 steps)
[asrc_cadmag_spline_40env] task 8 trial 01: OK (281/440 steps)
[asrc_cadmag_spline_40env] task 8 trial 02: x (440/440 steps)
[asrc_cadmag_spline_40env] task 8 trial 03: OK (206/440 steps)
[asrc_cadmag_spline_40env] task 8 trial 04: x (440/440 steps)
[asrc_cadmag_spline_40env] task 8 trial 05: x (440/440 steps)
[asrc_cadmag_spline_40env] task 8 trial 06: x (440/440 steps)
[asrc_cadmag_spline_40env] task 8 trial 07: x (440/440 steps)
[asrc_cadmag_spline_40env] task 8 trial 08: OK (181/440 steps)
[asrc_cadmag_spline_40env] task 8 trial 09: x (440/440 steps)
[asrc_cadmag_spline_40env] task 8 trial 10: OK (185/440 steps)
[asrc_cadmag_spline_40env] task 8 trial 11: x (440/440 steps)
[asrc_cadmag_spline_40env] task 8 trial 12: x (440/440 steps)
[asrc_cadmag_spline_40env] task 8 trial 13: OK (190/440 steps)
[asrc_cadmag_spline_40env] task 8 trial 14: OK (299/440 steps)
[asrc_cadmag_spline_40env] task 8 trial 15: x (440/440 steps)
[asrc_cadmag_spline_40env] task 8 trial 16: OK (183/440 steps)
[asrc_cadmag_spline_40env] task 8 trial 17: x (440/440 steps)
[asrc_cadmag_spline_40env] task 8 trial 18: OK (181/440 steps)
[asrc_cadmag_spline_40env] task 8 trial 19: OK (194/440 steps)
[asrc_cadmag_spline_40env] task 8 trial 20: OK (185/440 steps)
[asrc_cadmag_spline_40env] task 8 trial 21: x (440/440 steps)
[asrc_cadmag_spline_40env] task 8 trial 22: OK (177/440 steps)
[asrc_cadmag_spline_40env] task 8 trial 23: x (440/440 steps)
[asrc_cadmag_spline_40env] task 8 trial 24: OK (237/440 steps)
[asrc_cadmag_spline_40env] task 8 trial 25: OK (186/440 steps)
[asrc_cadmag_spline_40env] task 8 trial 26: OK (276/440 steps)
[asrc_cadmag_spline_40env] task 8 trial 27: OK (190/440 steps)
[asrc_cadmag_spline_40env] task 8 trial 28: OK (183/440 steps)
[asrc_cadmag_spline_40env] task 8 trial 29: x (440/440 steps)
[info] using task orders [0, 1, 2, 3, 4, 5, 6, 7, 8, 9]
[asrc_cadmag_spline_40env] task 9 trial 00: OK (251/440 steps)
[asrc_cadmag_spline_40env] task 9 trial 01: x (440/440 steps)
[asrc_cadmag_spline_40env] task 9 trial 02: OK (251/440 steps)
[asrc_cadmag_spline_40env] task 9 trial 03: OK (240/440 steps)
[asrc_cadmag_spline_40env] task 9 trial 04: x (440/440 steps)
[asrc_cadmag_spline_40env] task 9 trial 05: OK (237/440 steps)
[asrc_cadmag_spline_40env] task 9 trial 06: OK (263/440 steps)
[asrc_cadmag_spline_40env] task 9 trial 07: OK (252/440 steps)
[asrc_cadmag_spline_40env] task 9 trial 08: OK (249/440 steps)
[asrc_cadmag_spline_40env] task 9 trial 09: OK (251/440 steps)
[asrc_cadmag_spline_40env] task 9 trial 10: x (440/440 steps)
[asrc_cadmag_spline_40env] task 9 trial 11: OK (254/440 steps)
[asrc_cadmag_spline_40env] task 9 trial 12: x (440/440 steps)
[asrc_cadmag_spline_40env] task 9 trial 13: OK (249/440 steps)
[asrc_cadmag_spline_40env] task 9 trial 14: OK (239/440 steps)
[asrc_cadmag_spline_40env] task 9 trial 15: OK (239/440 steps)
[asrc_cadmag_spline_40env] task 9 trial 16: OK (259/440 steps)
[asrc_cadmag_spline_40env] task 9 trial 17: x (440/440 steps)
[asrc_cadmag_spline_40env] task 9 trial 18: x (440/440 steps)
[asrc_cadmag_spline_40env] task 9 trial 19: OK (236/440 steps)
[asrc_cadmag_spline_40env] task 9 trial 20: OK (246/440 steps)
[asrc_cadmag_spline_40env] task 9 trial 21: OK (242/440 steps)
[asrc_cadmag_spline_40env] task 9 trial 22: OK (232/440 steps)
[asrc_cadmag_spline_40env] task 9 trial 23: OK (247/440 steps)
[asrc_cadmag_spline_40env] task 9 trial 24: OK (252/440 steps)
[asrc_cadmag_spline_40env] task 9 trial 25: x (440/440 steps)
[asrc_cadmag_spline_40env] task 9 trial 26: x (440/440 steps)
[asrc_cadmag_spline_40env] task 9 trial 27: OK (239/440 steps)
[asrc_cadmag_spline_40env] task 9 trial 28: x (440/440 steps)
[asrc_cadmag_spline_40env] task 9 trial 29: OK (255/440 steps)
[asrc_cadmag_spline_40env] cadence check: 41606 policy queries, 41464 resolved intermediates, 141 starved of 83211 env steps
[asrc_cadmag_spline_40env] diagnostics: 216/300 ok | fail_at_cap=84 fail_early=0 | succ_median=213.5/440
--> asrc_cadmag_spline_40env: 72.0% (440 steps @ 40 Hz = 11.0 s, replan every 20)


SUMMARY (matched wall-clock, chunk-driven replan)
  asrc_cadmag_folding_40env  71.7%
  asrc_anchor_40env       70.7%
  asrc_cadmag_spline_40env  72.0%
