Fetching 4 files:   0%|          | 0/4 [00:00<?, ?it/s]Fetching 4 files: 100%|██████████| 4/4 [00:00<00:00, 111107.39it/s]
Warning: You are sending unauthenticated requests to the HF Hub. Please set a HF_TOKEN to enable higher rate limits and faster downloads.
WARNING:huggingface_hub.utils._http:Warning: You are sending unauthenticated requests to the HF Hub. Please set a HF_TOKEN to enable higher rate limits and faster downloads.
`torch_dtype` is deprecated! Use `dtype` instead!
Loading  HuggingFaceTB/SmolVLM2-500M-Video-Instruct weights ...
Loading weights:   0%|          | 0/489 [00:00<?, ?it/s]Loading weights: 100%|██████████| 489/489 [00:00<00:00, 8935.25it/s]
Reducing the number of VLM layers to 16 ...
Loading  HuggingFaceTB/SmolVLM2-500M-Video-Instruct weights ...
Loading weights:   0%|          | 0/489 [00:00<?, ?it/s]Loading weights: 100%|██████████| 489/489 [00:00<00:00, 9024.53it/s]
[robosuite WARNING] No private macro file found! (__init__.py:7)
WARNING:robosuite_logs:No private macro file found!
[robosuite WARNING] It is recommended to use a private macro file (__init__.py:8)
WARNING:robosuite_logs:It is recommended to use a private macro file
[robosuite WARNING] To setup, run: python /home/user/anaconda3/envs/vla_smolvla_libero/lib/python3.12/site-packages/robosuite/scripts/setup_macros.py (__init__.py:9)
WARNING:robosuite_logs:To setup, run: python /home/user/anaconda3/envs/vla_smolvla_libero/lib/python3.12/site-packages/robosuite/scripts/setup_macros.py
Reducing the number of VLM layers to 16 ...
Loading weights from local directory
[info] using task orders [0, 1, 2, 3, 4, 5, 6, 7, 8, 9]
Local assets not found. Downloading from HuggingFace Hub...
Assets already downloaded at /home/user/.cache/libero/assets
[asrc] task0 trial00: OK
[asrc] task0 trial01: OK
[asrc] task0 trial02: OK
[asrc] task0 trial03: OK
[asrc] task0 trial04: x
[asrc] task0 trial05: OK
[asrc] task0 trial06: x
[asrc] task0 trial07: OK
[asrc] task0 trial08: x
[asrc] task0 trial09: OK
[asrc] task0 trial10: OK
[asrc] task0 trial11: OK
[asrc] task0 trial12: OK
[asrc] task0 trial13: OK
[asrc] task0 trial14: OK
[asrc] task0 trial15: OK
[asrc] task0 trial16: OK
[asrc] task0 trial17: OK
[asrc] task0 trial18: OK
[asrc] task0 trial19: OK
[asrc] task0 trial20: OK
[asrc] task0 trial21: OK
[asrc] task0 trial22: x
[asrc] task0 trial23: OK
[asrc] task0 trial24: x
[asrc] task0 trial25: OK
[asrc] task0 trial26: OK
[asrc] task0 trial27: OK
[asrc] task0 trial28: OK
[asrc] task0 trial29: x
[asrc] task0 trial30: OK
[asrc] task0 trial31: OK
[asrc] task0 trial32: x
[asrc] task0 trial33: OK
[asrc] task0 trial34: x
[asrc] task0 trial35: OK
[asrc] task0 trial36: OK
[asrc] task0 trial37: OK
[asrc] task0 trial38: OK
[asrc] task0 trial39: OK
[asrc] task0 trial40: OK
[asrc] task0 trial41: OK
[asrc] task0 trial42: OK
[asrc] task0 trial43: x
[asrc] task0 trial44: x
[asrc] task0 trial45: OK
[asrc] task0 trial46: OK
[asrc] task0 trial47: OK
[asrc] task0 trial48: OK
[asrc] task0 trial49: OK
[info] using task orders [0, 1, 2, 3, 4, 5, 6, 7, 8, 9]
[asrc] task1 trial00: OK
[asrc] task1 trial01: OK
[asrc] task1 trial02: OK
[asrc] task1 trial03: OK
[asrc] task1 trial04: x
[asrc] task1 trial05: OK
[asrc] task1 trial06: x
[asrc] task1 trial07: OK
[asrc] task1 trial08: OK
[asrc] task1 trial09: x
[asrc] task1 trial10: OK
[asrc] task1 trial11: x
[asrc] task1 trial12: OK
[asrc] task1 trial13: x
[asrc] task1 trial14: OK
[asrc] task1 trial15: OK
[asrc] task1 trial16: x
[asrc] task1 trial17: OK
[asrc] task1 trial18: OK
[asrc] task1 trial19: x
[asrc] task1 trial20: x
[asrc] task1 trial21: x
[asrc] task1 trial22: OK
[asrc] task1 trial23: OK
[asrc] task1 trial24: OK
[asrc] task1 trial25: OK
[asrc] task1 trial26: OK
[asrc] task1 trial27: x
[asrc] task1 trial28: OK
[asrc] task1 trial29: OK
[asrc] task1 trial30: OK
[asrc] task1 trial31: OK
[asrc] task1 trial32: OK
[asrc] task1 trial33: OK
[asrc] task1 trial34: OK
[asrc] task1 trial35: OK
[asrc] task1 trial36: OK
[asrc] task1 trial37: OK
[asrc] task1 trial38: OK
[asrc] task1 trial39: OK
[asrc] task1 trial40: OK
[asrc] task1 trial41: OK
[asrc] task1 trial42: x
[asrc] task1 trial43: OK
[asrc] task1 trial44: x
[asrc] task1 trial45: x
[asrc] task1 trial46: OK
[asrc] task1 trial47: OK
[asrc] task1 trial48: OK
[asrc] task1 trial49: x
[info] using task orders [0, 1, 2, 3, 4, 5, 6, 7, 8, 9]
[asrc] task2 trial00: OK
[asrc] task2 trial01: OK
[asrc] task2 trial02: OK
[asrc] task2 trial03: OK
[asrc] task2 trial04: OK
[asrc] task2 trial05: OK
[asrc] task2 trial06: OK
[asrc] task2 trial07: OK
[asrc] task2 trial08: OK
[asrc] task2 trial09: OK
[asrc] task2 trial10: OK
[asrc] task2 trial11: OK
[asrc] task2 trial12: OK
[asrc] task2 trial13: x
[asrc] task2 trial14: x
[asrc] task2 trial15: OK
[asrc] task2 trial16: OK
[asrc] task2 trial17: OK
[asrc] task2 trial18: x
[asrc] task2 trial19: OK
[asrc] task2 trial20: x
[asrc] task2 trial21: OK
[asrc] task2 trial22: OK
[asrc] task2 trial23: OK
[asrc] task2 trial24: OK
[asrc] task2 trial25: x
[asrc] task2 trial26: x
[asrc] task2 trial27: OK
[asrc] task2 trial28: OK
[asrc] task2 trial29: OK
[asrc] task2 trial30: OK
[asrc] task2 trial31: OK
[asrc] task2 trial32: OK
[asrc] task2 trial33: OK
[asrc] task2 trial34: OK
[asrc] task2 trial35: OK
[asrc] task2 trial36: OK
[asrc] task2 trial37: OK
[asrc] task2 trial38: OK
[asrc] task2 trial39: OK
[asrc] task2 trial40: x
[asrc] task2 trial41: OK
[asrc] task2 trial42: OK
[asrc] task2 trial43: OK
[asrc] task2 trial44: OK
[asrc] task2 trial45: OK
[asrc] task2 trial46: OK
[asrc] task2 trial47: OK
[asrc] task2 trial48: x
[asrc] task2 trial49: OK
[info] using task orders [0, 1, 2, 3, 4, 5, 6, 7, 8, 9]
[asrc] task3 trial00: x
[asrc] task3 trial01: x
[asrc] task3 trial02: x
[asrc] task3 trial03: OK
[asrc] task3 trial04: OK
[asrc] task3 trial05: x
[asrc] task3 trial06: x
[asrc] task3 trial07: x
[asrc] task3 trial08: OK
[asrc] task3 trial09: x
[asrc] task3 trial10: x
[asrc] task3 trial11: OK
[asrc] task3 trial12: x
[asrc] task3 trial13: OK
[asrc] task3 trial14: x
[asrc] task3 trial15: x
[asrc] task3 trial16: OK
[asrc] task3 trial17: x
[asrc] task3 trial18: OK
[asrc] task3 trial19: OK
[asrc] task3 trial20: OK
[asrc] task3 trial21: OK
[asrc] task3 trial22: OK
[asrc] task3 trial23: x
[asrc] task3 trial24: x
[asrc] task3 trial25: OK
[asrc] task3 trial26: OK
[asrc] task3 trial27: x
[asrc] task3 trial28: OK
[asrc] task3 trial29: x
[asrc] task3 trial30: x
[asrc] task3 trial31: OK
[asrc] task3 trial32: OK
[asrc] task3 trial33: x
[asrc] task3 trial34: OK
[asrc] task3 trial35: OK
[asrc] task3 trial36: x
[asrc] task3 trial37: OK
[asrc] task3 trial38: x
[asrc] task3 trial39: x
[asrc] task3 trial40: x
[asrc] task3 trial41: OK
[asrc] task3 trial42: OK
[asrc] task3 trial43: OK
[asrc] task3 trial44: OK
[asrc] task3 trial45: OK
[asrc] task3 trial46: OK
[asrc] task3 trial47: x
[asrc] task3 trial48: OK
[asrc] task3 trial49: OK
[info] using task orders [0, 1, 2, 3, 4, 5, 6, 7, 8, 9]
[asrc] task4 trial00: OK
[asrc] task4 trial01: OK
[asrc] task4 trial02: OK
[asrc] task4 trial03: OK
[asrc] task4 trial04: OK
[asrc] task4 trial05: x
[asrc] task4 trial06: OK
[asrc] task4 trial07: x
[asrc] task4 trial08: OK
[asrc] task4 trial09: OK
[asrc] task4 trial10: x
[asrc] task4 trial11: OK
[asrc] task4 trial12: OK
[asrc] task4 trial13: x
[asrc] task4 trial14: OK
[asrc] task4 trial15: OK
[asrc] task4 trial16: OK
[asrc] task4 trial17: OK
[asrc] task4 trial18: OK
[asrc] task4 trial19: OK
[asrc] task4 trial20: x
[asrc] task4 trial21: OK
[asrc] task4 trial22: OK
[asrc] task4 trial23: x
[asrc] task4 trial24: x
[asrc] task4 trial25: x
[asrc] task4 trial26: x
[asrc] task4 trial27: OK
[asrc] task4 trial28: x
[asrc] task4 trial29: OK
[asrc] task4 trial30: OK
[asrc] task4 trial31: x
[asrc] task4 trial32: OK
[asrc] task4 trial33: OK
[asrc] task4 trial34: OK
[asrc] task4 trial35: OK
[asrc] task4 trial36: OK
[asrc] task4 trial37: OK
[asrc] task4 trial38: x
[asrc] task4 trial39: OK
[asrc] task4 trial40: OK
[asrc] task4 trial41: OK
[asrc] task4 trial42: OK
[asrc] task4 trial43: OK
[asrc] task4 trial44: OK
[asrc] task4 trial45: OK
[asrc] task4 trial46: OK
[asrc] task4 trial47: x
[asrc] task4 trial48: x
[asrc] task4 trial49: OK
[info] using task orders [0, 1, 2, 3, 4, 5, 6, 7, 8, 9]
[asrc] task5 trial00: x
[asrc] task5 trial01: x
[asrc] task5 trial02: x
[asrc] task5 trial03: x
[asrc] task5 trial04: x
[asrc] task5 trial05: x
[asrc] task5 trial06: OK
[asrc] task5 trial07: OK
[asrc] task5 trial08: x
[asrc] task5 trial09: x
[asrc] task5 trial10: x
[asrc] task5 trial11: x
[asrc] task5 trial12: x
[asrc] task5 trial13: x
[asrc] task5 trial14: OK
[asrc] task5 trial15: x
[asrc] task5 trial16: x
[asrc] task5 trial17: OK
[asrc] task5 trial18: x
[asrc] task5 trial19: x
[asrc] task5 trial20: x
[asrc] task5 trial21: OK
[asrc] task5 trial22: x
[asrc] task5 trial23: OK
[asrc] task5 trial24: x
[asrc] task5 trial25: x
[asrc] task5 trial26: x
[asrc] task5 trial27: x
[asrc] task5 trial28: x
[asrc] task5 trial29: x
[asrc] task5 trial30: OK
[asrc] task5 trial31: OK
[asrc] task5 trial32: x
[asrc] task5 trial33: x
[asrc] task5 trial34: x
[asrc] task5 trial35: x
[asrc] task5 trial36: x
[asrc] task5 trial37: x
[asrc] task5 trial38: x
[asrc] task5 trial39: x
[asrc] task5 trial40: x
[asrc] task5 trial41: x
[asrc] task5 trial42: x
[asrc] task5 trial43: x
[asrc] task5 trial44: x
[asrc] task5 trial45: x
[asrc] task5 trial46: x
[asrc] task5 trial47: x
[asrc] task5 trial48: x
[asrc] task5 trial49: x
[info] using task orders [0, 1, 2, 3, 4, 5, 6, 7, 8, 9]
[asrc] task6 trial00: OK
[asrc] task6 trial01: x
[asrc] task6 trial02: OK
[asrc] task6 trial03: x
[asrc] task6 trial04: OK
[asrc] task6 trial05: OK
[asrc] task6 trial06: OK
[asrc] task6 trial07: OK
[asrc] task6 trial08: x
[asrc] task6 trial09: OK
[asrc] task6 trial10: OK
[asrc] task6 trial11: x
[asrc] task6 trial12: OK
[asrc] task6 trial13: OK
[asrc] task6 trial14: OK
[asrc] task6 trial15: OK
[asrc] task6 trial16: x
[asrc] task6 trial17: OK
[asrc] task6 trial18: OK
[asrc] task6 trial19: OK
[asrc] task6 trial20: OK
[asrc] task6 trial21: OK
[asrc] task6 trial22: OK
[asrc] task6 trial23: x
[asrc] task6 trial24: OK
[asrc] task6 trial25: OK
[asrc] task6 trial26: OK
[asrc] task6 trial27: OK
[asrc] task6 trial28: x
[asrc] task6 trial29: OK
[asrc] task6 trial30: x
[asrc] task6 trial31: OK
[asrc] task6 trial32: OK
[asrc] task6 trial33: x
[asrc] task6 trial34: x
[asrc] task6 trial35: OK
[asrc] task6 trial36: OK
[asrc] task6 trial37: OK
[asrc] task6 trial38: OK
[asrc] task6 trial39: OK
[asrc] task6 trial40: OK
[asrc] task6 trial41: OK
[asrc] task6 trial42: OK
[asrc] task6 trial43: OK
[asrc] task6 trial44: OK
[asrc] task6 trial45: OK
[asrc] task6 trial46: OK
[asrc] task6 trial47: x
[asrc] task6 trial48: OK
[asrc] task6 trial49: OK
[info] using task orders [0, 1, 2, 3, 4, 5, 6, 7, 8, 9]
[asrc] task7 trial00: OK
[asrc] task7 trial01: OK
[asrc] task7 trial02: x
[asrc] task7 trial03: OK
[asrc] task7 trial04: OK
[asrc] task7 trial05: OK
[asrc] task7 trial06: OK
[asrc] task7 trial07: OK
[asrc] task7 trial08: x
[asrc] task7 trial09: x
[asrc] task7 trial10: OK
[asrc] task7 trial11: x
[asrc] task7 trial12: OK
[asrc] task7 trial13: x
[asrc] task7 trial14: x
[asrc] task7 trial15: x
[asrc] task7 trial16: OK
[asrc] task7 trial17: OK
[asrc] task7 trial18: OK
[asrc] task7 trial19: x
[asrc] task7 trial20: OK
[asrc] task7 trial21: OK
[asrc] task7 trial22: OK
[asrc] task7 trial23: x
[asrc] task7 trial24: OK
[asrc] task7 trial25: x
[asrc] task7 trial26: OK
[asrc] task7 trial27: x
[asrc] task7 trial28: x
[asrc] task7 trial29: OK
[asrc] task7 trial30: x
[asrc] task7 trial31: x
[asrc] task7 trial32: OK
[asrc] task7 trial33: x
[asrc] task7 trial34: x
[asrc] task7 trial35: x
[asrc] task7 trial36: OK
[asrc] task7 trial37: x
[asrc] task7 trial38: x
[asrc] task7 trial39: OK
[asrc] task7 trial40: OK
[asrc] task7 trial41: x
[asrc] task7 trial42: x
[asrc] task7 trial43: OK
[asrc] task7 trial44: x
[asrc] task7 trial45: x
[asrc] task7 trial46: OK
[asrc] task7 trial47: OK
[asrc] task7 trial48: x
[asrc] task7 trial49: x
[info] using task orders [0, 1, 2, 3, 4, 5, 6, 7, 8, 9]
[asrc] task8 trial00: OK
[asrc] task8 trial01: x
[asrc] task8 trial02: x
[asrc] task8 trial03: OK
[asrc] task8 trial04: x
[asrc] task8 trial05: OK
[asrc] task8 trial06: x
[asrc] task8 trial07: OK
[asrc] task8 trial08: OK
[asrc] task8 trial09: x
[asrc] task8 trial10: x
[asrc] task8 trial11: x
[asrc] task8 trial12: OK
[asrc] task8 trial13: OK
[asrc] task8 trial14: OK
[asrc] task8 trial15: OK
[asrc] task8 trial16: OK
[asrc] task8 trial17: OK
[asrc] task8 trial18: OK
[asrc] task8 trial19: OK
[asrc] task8 trial20: OK
[asrc] task8 trial21: OK
[asrc] task8 trial22: OK
[asrc] task8 trial23: OK
[asrc] task8 trial24: OK
[asrc] task8 trial25: OK
[asrc] task8 trial26: OK
[asrc] task8 trial27: OK
[asrc] task8 trial28: OK
[asrc] task8 trial29: x
[asrc] task8 trial30: OK
[asrc] task8 trial31: OK
[asrc] task8 trial32: OK
[asrc] task8 trial33: x
[asrc] task8 trial34: OK
[asrc] task8 trial35: x
[asrc] task8 trial36: OK
[asrc] task8 trial37: OK
[asrc] task8 trial38: OK
[asrc] task8 trial39: OK
[asrc] task8 trial40: OK
[asrc] task8 trial41: OK
[asrc] task8 trial42: x
[asrc] task8 trial43: x
[asrc] task8 trial44: OK
[asrc] task8 trial45: OK
[asrc] task8 trial46: x
[asrc] task8 trial47: x
[asrc] task8 trial48: OK
[asrc] task8 trial49: OK
[info] using task orders [0, 1, 2, 3, 4, 5, 6, 7, 8, 9]
[asrc] task9 trial00: OK
[asrc] task9 trial01: OK
[asrc] task9 trial02: OK
[asrc] task9 trial03: OK
[asrc] task9 trial04: OK
[asrc] task9 trial05: OK
[asrc] task9 trial06: x
[asrc] task9 trial07: x
[asrc] task9 trial08: OK
[asrc] task9 trial09: OK
[asrc] task9 trial10: OK
[asrc] task9 trial11: OK
[asrc] task9 trial12: OK
[asrc] task9 trial13: OK
[asrc] task9 trial14: OK
[asrc] task9 trial15: OK
[asrc] task9 trial16: OK
[asrc] task9 trial17: OK
[asrc] task9 trial18: OK
[asrc] task9 trial19: OK
[asrc] task9 trial20: OK
[asrc] task9 trial21: x
[asrc] task9 trial22: OK
[asrc] task9 trial23: OK
[asrc] task9 trial24: OK
[asrc] task9 trial25: OK
[asrc] task9 trial26: OK
[asrc] task9 trial27: OK
[asrc] task9 trial28: x
[asrc] task9 trial29: OK
[asrc] task9 trial30: OK
[asrc] task9 trial31: OK
[asrc] task9 trial32: x
[asrc] task9 trial33: OK
[asrc] task9 trial34: OK
[asrc] task9 trial35: OK
[asrc] task9 trial36: OK
[asrc] task9 trial37: OK
[asrc] task9 trial38: x
[asrc] task9 trial39: OK
[asrc] task9 trial40: OK
[asrc] task9 trial41: x
[asrc] task9 trial42: x
[asrc] task9 trial43: OK
[asrc] task9 trial44: x
[asrc] task9 trial45: x
[asrc] task9 trial46: OK
[asrc] task9 trial47: OK
[asrc] task9 trial48: OK
[asrc] task9 trial49: OK
[standard] DONE
