[suite] libero_goal -> suiteeval_goal_asrc_goal_cadmag_folding_40env_out/multirate_libero_goal.json
[robosuite WARNING] No private macro file found! (__init__.py:7)
WARNING:robosuite_logs:No private macro file found!
[robosuite WARNING] It is recommended to use a private macro file (__init__.py:8)
WARNING:robosuite_logs:It is recommended to use a private macro file
[robosuite WARNING] To setup, run: python /home/user/anaconda3/envs/vla_smolvla_libero/lib/python3.12/site-packages/robosuite/scripts/setup_macros.py (__init__.py:9)
WARNING:robosuite_logs:To setup, run: python /home/user/anaconda3/envs/vla_smolvla_libero/lib/python3.12/site-packages/robosuite/scripts/setup_macros.py

============================================================
ARM asrc_goal_cadmag_folding_40env
============================================================
[stats] asrc_goal_cadmag_folding_40env: normalizing with lerobot/libero_goal_image
Fetching 4 files:   0%|          | 0/4 [00:00<?, ?it/s]Fetching 4 files: 100%|██████████| 4/4 [00:00<00:00, 9367.51it/s]
`torch_dtype` is deprecated! Use `dtype` instead!
Loading  HuggingFaceTB/SmolVLM2-500M-Video-Instruct weights ...
Loading weights:   0%|          | 0/489 [00:00<?, ?it/s]Loading weights: 100%|██████████| 489/489 [00:00<00:00, 8370.26it/s]
Warning: You are sending unauthenticated requests to the HF Hub. Please set a HF_TOKEN to enable higher rate limits and faster downloads.
WARNING:huggingface_hub.utils._http:Warning: You are sending unauthenticated requests to the HF Hub. Please set a HF_TOKEN to enable higher rate limits and faster downloads.
Reducing the number of VLM layers to 16 ...
Loading  HuggingFaceTB/SmolVLM2-500M-Video-Instruct weights ...
Loading weights:   0%|          | 0/489 [00:00<?, ?it/s]Loading weights: 100%|██████████| 489/489 [00:00<00:00, 7721.18it/s]
Reducing the number of VLM layers to 16 ...
Loading weights from local directory
[asrc_goal_cadmag_folding_40env] variant=asrc n_fourier=6 re-integrates at 40.0 Hz (native ODE re-integration, NOT alias folding)
[asrc_goal_cadmag_folding_40env] magscale: raw pose deltas x2 (restores native per-step travel)
[asrc_goal_cadmag_folding_40env] resolved-cadence: 20 Hz decisions in a 40 Hz sim (1 query per 2 env steps); intermediates taken from the plan
[info] using task orders [0, 1, 2, 3, 4, 5, 6, 7, 8, 9]
Local assets not found. Downloading from HuggingFace Hub...
Assets already downloaded at /home/user/.cache/libero/assets
[asrc_goal_cadmag_folding_40env] settle window scaled to 20 steps (0.50 s at 40 Hz)
[asrc_goal_cadmag_folding_40env] task 0 trial 00: OK (242/600 steps)
[asrc_goal_cadmag_folding_40env] task 0 trial 01: OK (255/600 steps)
[asrc_goal_cadmag_folding_40env] task 0 trial 02: OK (249/600 steps)
[asrc_goal_cadmag_folding_40env] task 0 trial 03: OK (246/600 steps)
[asrc_goal_cadmag_folding_40env] task 0 trial 04: OK (232/600 steps)
[info] using task orders [0, 1, 2, 3, 4, 5, 6, 7, 8, 9]
[asrc_goal_cadmag_folding_40env] task 1 trial 00: OK (179/600 steps)
[asrc_goal_cadmag_folding_40env] task 1 trial 01: OK (169/600 steps)
[asrc_goal_cadmag_folding_40env] task 1 trial 02: OK (168/600 steps)
[asrc_goal_cadmag_folding_40env] task 1 trial 03: OK (170/600 steps)
[asrc_goal_cadmag_folding_40env] task 1 trial 04: OK (164/600 steps)
[info] using task orders [0, 1, 2, 3, 4, 5, 6, 7, 8, 9]
[asrc_goal_cadmag_folding_40env] task 2 trial 00: OK (159/600 steps)
[asrc_goal_cadmag_folding_40env] task 2 trial 01: OK (171/600 steps)
[asrc_goal_cadmag_folding_40env] task 2 trial 02: OK (184/600 steps)
[asrc_goal_cadmag_folding_40env] task 2 trial 03: OK (182/600 steps)
[asrc_goal_cadmag_folding_40env] task 2 trial 04: OK (185/600 steps)
[info] using task orders [0, 1, 2, 3, 4, 5, 6, 7, 8, 9]
[asrc_goal_cadmag_folding_40env] task 3 trial 00: OK (358/600 steps)
[asrc_goal_cadmag_folding_40env] task 3 trial 01: OK (538/600 steps)
[asrc_goal_cadmag_folding_40env] task 3 trial 02: OK (363/600 steps)
[asrc_goal_cadmag_folding_40env] task 3 trial 03: OK (376/600 steps)
[asrc_goal_cadmag_folding_40env] task 3 trial 04: OK (441/600 steps)
[info] using task orders [0, 1, 2, 3, 4, 5, 6, 7, 8, 9]
[asrc_goal_cadmag_folding_40env] task 4 trial 00: OK (202/600 steps)
[asrc_goal_cadmag_folding_40env] task 4 trial 01: OK (183/600 steps)
[asrc_goal_cadmag_folding_40env] task 4 trial 02: OK (185/600 steps)
[asrc_goal_cadmag_folding_40env] task 4 trial 03: OK (195/600 steps)
[asrc_goal_cadmag_folding_40env] task 4 trial 04: OK (185/600 steps)
[info] using task orders [0, 1, 2, 3, 4, 5, 6, 7, 8, 9]
[asrc_goal_cadmag_folding_40env] task 5 trial 00: OK (246/600 steps)
[asrc_goal_cadmag_folding_40env] task 5 trial 01: x (600/600 steps)
[asrc_goal_cadmag_folding_40env] task 5 trial 02: OK (298/600 steps)
[asrc_goal_cadmag_folding_40env] task 5 trial 03: OK (252/600 steps)
[asrc_goal_cadmag_folding_40env] task 5 trial 04: OK (259/600 steps)
[info] using task orders [0, 1, 2, 3, 4, 5, 6, 7, 8, 9]
[asrc_goal_cadmag_folding_40env] task 6 trial 00: x (600/600 steps)
[asrc_goal_cadmag_folding_40env] task 6 trial 01: x (600/600 steps)
[asrc_goal_cadmag_folding_40env] task 6 trial 02: x (600/600 steps)
[asrc_goal_cadmag_folding_40env] task 6 trial 03: OK (198/600 steps)
[asrc_goal_cadmag_folding_40env] task 6 trial 04: OK (179/600 steps)
[info] using task orders [0, 1, 2, 3, 4, 5, 6, 7, 8, 9]
[asrc_goal_cadmag_folding_40env] task 7 trial 00: OK (176/600 steps)
[asrc_goal_cadmag_folding_40env] task 7 trial 01: OK (202/600 steps)
[asrc_goal_cadmag_folding_40env] task 7 trial 02: OK (141/600 steps)
[asrc_goal_cadmag_folding_40env] task 7 trial 03: OK (150/600 steps)
[asrc_goal_cadmag_folding_40env] task 7 trial 04: OK (134/600 steps)
[info] using task orders [0, 1, 2, 3, 4, 5, 6, 7, 8, 9]
[asrc_goal_cadmag_folding_40env] task 8 trial 00: OK (150/600 steps)
[asrc_goal_cadmag_folding_40env] task 8 trial 01: OK (143/600 steps)
[asrc_goal_cadmag_folding_40env] task 8 trial 02: OK (153/600 steps)
[asrc_goal_cadmag_folding_40env] task 8 trial 03: OK (141/600 steps)
[asrc_goal_cadmag_folding_40env] task 8 trial 04: OK (144/600 steps)
[info] using task orders [0, 1, 2, 3, 4, 5, 6, 7, 8, 9]
[asrc_goal_cadmag_folding_40env] task 9 trial 00: OK (316/600 steps)
[asrc_goal_cadmag_folding_40env] task 9 trial 01: OK (272/600 steps)
[asrc_goal_cadmag_folding_40env] task 9 trial 02: x (600/600 steps)
[asrc_goal_cadmag_folding_40env] task 9 trial 03: OK (290/600 steps)
[asrc_goal_cadmag_folding_40env] task 9 trial 04: OK (296/600 steps)
[asrc_goal_cadmag_folding_40env] cadence check: 6561 policy queries, 6536 resolved intermediates, 24 starved of 13121 env steps
[asrc_goal_cadmag_folding_40env] diagnostics: 45/50 ok | fail_at_cap=5 fail_early=0 | succ_median=185.0/600
--> asrc_goal_cadmag_folding_40env: 90.0% (600 steps @ 40 Hz = 11.0 s, replan every 20)


SUMMARY (matched wall-clock, chunk-driven replan)
  asrc_goal_cadmag_folding_40env  90.0%
