[suite] libero_goal -> suiteeval_goal_asrc_goal_native_20env_out/multirate_libero_goal.json
[robosuite WARNING] No private macro file found! (__init__.py:7)
WARNING:robosuite_logs:No private macro file found!
[robosuite WARNING] It is recommended to use a private macro file (__init__.py:8)
WARNING:robosuite_logs:It is recommended to use a private macro file
[robosuite WARNING] To setup, run: python /home/user/anaconda3/envs/vla_smolvla_libero/lib/python3.12/site-packages/robosuite/scripts/setup_macros.py (__init__.py:9)
WARNING:robosuite_logs:To setup, run: python /home/user/anaconda3/envs/vla_smolvla_libero/lib/python3.12/site-packages/robosuite/scripts/setup_macros.py

============================================================
ARM asrc_goal_native_20env
============================================================
[stats] asrc_goal_native_20env: normalizing with lerobot/libero_goal_image
Fetching 4 files:   0%|          | 0/4 [00:00<?, ?it/s]Fetching 4 files: 100%|██████████| 4/4 [00:00<00:00, 91678.78it/s]
`torch_dtype` is deprecated! Use `dtype` instead!
Loading  HuggingFaceTB/SmolVLM2-500M-Video-Instruct weights ...
Loading weights:   0%|          | 0/489 [00:00<?, ?it/s]Loading weights: 100%|██████████| 489/489 [00:00<00:00, 7393.36it/s]
Warning: You are sending unauthenticated requests to the HF Hub. Please set a HF_TOKEN to enable higher rate limits and faster downloads.
WARNING:huggingface_hub.utils._http:Warning: You are sending unauthenticated requests to the HF Hub. Please set a HF_TOKEN to enable higher rate limits and faster downloads.
Reducing the number of VLM layers to 16 ...
Loading  HuggingFaceTB/SmolVLM2-500M-Video-Instruct weights ...
Loading weights:   0%|          | 0/489 [00:00<?, ?it/s]Loading weights: 100%|██████████| 489/489 [00:00<00:00, 7634.04it/s]
Reducing the number of VLM layers to 16 ...
Loading weights from local directory
[asrc_goal_native_20env] variant=asrc n_fourier=6 re-integrates at 20.0 Hz (native ODE re-integration, NOT alias folding)
[info] using task orders [0, 1, 2, 3, 4, 5, 6, 7, 8, 9]
Local assets not found. Downloading from HuggingFace Hub...
Assets already downloaded at /home/user/.cache/libero/assets
[asrc_goal_native_20env] settle window scaled to 10 steps (0.50 s at 20 Hz)
[asrc_goal_native_20env] task 0 trial 00: OK (123/300 steps)
[asrc_goal_native_20env] task 0 trial 01: OK (127/300 steps)
[asrc_goal_native_20env] task 0 trial 02: OK (125/300 steps)
[asrc_goal_native_20env] task 0 trial 03: OK (121/300 steps)
[asrc_goal_native_20env] task 0 trial 04: OK (119/300 steps)
[info] using task orders [0, 1, 2, 3, 4, 5, 6, 7, 8, 9]
[asrc_goal_native_20env] task 1 trial 00: OK (86/300 steps)
[asrc_goal_native_20env] task 1 trial 01: OK (85/300 steps)
[asrc_goal_native_20env] task 1 trial 02: OK (85/300 steps)
[asrc_goal_native_20env] task 1 trial 03: OK (85/300 steps)
[asrc_goal_native_20env] task 1 trial 04: OK (83/300 steps)
[info] using task orders [0, 1, 2, 3, 4, 5, 6, 7, 8, 9]
[asrc_goal_native_20env] task 2 trial 00: OK (80/300 steps)
[asrc_goal_native_20env] task 2 trial 01: OK (85/300 steps)
[asrc_goal_native_20env] task 2 trial 02: OK (91/300 steps)
[asrc_goal_native_20env] task 2 trial 03: OK (89/300 steps)
[asrc_goal_native_20env] task 2 trial 04: OK (93/300 steps)
[info] using task orders [0, 1, 2, 3, 4, 5, 6, 7, 8, 9]
[asrc_goal_native_20env] task 3 trial 00: OK (180/300 steps)
[asrc_goal_native_20env] task 3 trial 01: OK (297/300 steps)
[asrc_goal_native_20env] task 3 trial 02: OK (179/300 steps)
[asrc_goal_native_20env] task 3 trial 03: OK (182/300 steps)
[asrc_goal_native_20env] task 3 trial 04: OK (227/300 steps)
[info] using task orders [0, 1, 2, 3, 4, 5, 6, 7, 8, 9]
[asrc_goal_native_20env] task 4 trial 00: OK (99/300 steps)
[asrc_goal_native_20env] task 4 trial 01: OK (94/300 steps)
[asrc_goal_native_20env] task 4 trial 02: OK (92/300 steps)
[asrc_goal_native_20env] task 4 trial 03: OK (97/300 steps)
[asrc_goal_native_20env] task 4 trial 04: OK (95/300 steps)
[info] using task orders [0, 1, 2, 3, 4, 5, 6, 7, 8, 9]
[asrc_goal_native_20env] task 5 trial 00: OK (123/300 steps)
[asrc_goal_native_20env] task 5 trial 01: OK (140/300 steps)
[asrc_goal_native_20env] task 5 trial 02: OK (140/300 steps)
[asrc_goal_native_20env] task 5 trial 03: OK (135/300 steps)
[asrc_goal_native_20env] task 5 trial 04: OK (122/300 steps)
[info] using task orders [0, 1, 2, 3, 4, 5, 6, 7, 8, 9]
[asrc_goal_native_20env] task 6 trial 00: x (300/300 steps)
[asrc_goal_native_20env] task 6 trial 01: x (300/300 steps)
[asrc_goal_native_20env] task 6 trial 02: x (300/300 steps)
[asrc_goal_native_20env] task 6 trial 03: OK (85/300 steps)
[asrc_goal_native_20env] task 6 trial 04: x (300/300 steps)
[info] using task orders [0, 1, 2, 3, 4, 5, 6, 7, 8, 9]
[asrc_goal_native_20env] task 7 trial 00: OK (83/300 steps)
[asrc_goal_native_20env] task 7 trial 01: OK (134/300 steps)
[asrc_goal_native_20env] task 7 trial 02: OK (74/300 steps)
[asrc_goal_native_20env] task 7 trial 03: OK (77/300 steps)
[asrc_goal_native_20env] task 7 trial 04: OK (67/300 steps)
[info] using task orders [0, 1, 2, 3, 4, 5, 6, 7, 8, 9]
[asrc_goal_native_20env] task 8 trial 00: OK (76/300 steps)
[asrc_goal_native_20env] task 8 trial 01: OK (74/300 steps)
[asrc_goal_native_20env] task 8 trial 02: OK (78/300 steps)
[asrc_goal_native_20env] task 8 trial 03: OK (73/300 steps)
[asrc_goal_native_20env] task 8 trial 04: OK (70/300 steps)
[info] using task orders [0, 1, 2, 3, 4, 5, 6, 7, 8, 9]
[asrc_goal_native_20env] task 9 trial 00: x (300/300 steps)
[asrc_goal_native_20env] task 9 trial 01: OK (148/300 steps)
[asrc_goal_native_20env] task 9 trial 02: x (300/300 steps)
[asrc_goal_native_20env] task 9 trial 03: OK (150/300 steps)
[asrc_goal_native_20env] task 9 trial 04: OK (142/300 steps)
[asrc_goal_native_20env] diagnostics: 44/50 ok | fail_at_cap=6 fail_early=0 | succ_median=94.5/300
--> asrc_goal_native_20env: 88.0% (300 steps @ 20 Hz = 11.0 s, replan every 10)


SUMMARY (matched wall-clock, chunk-driven replan)
  asrc_goal_native_20env  88.0%
