[suite] libero_10 -> suiteeval_long_asrc_long_native_20env_out/multirate_libero_10.json
[robosuite WARNING] No private macro file found! (__init__.py:7)
WARNING:robosuite_logs:No private macro file found!
[robosuite WARNING] It is recommended to use a private macro file (__init__.py:8)
WARNING:robosuite_logs:It is recommended to use a private macro file
[robosuite WARNING] To setup, run: python /home/user/anaconda3/envs/vla_smolvla_libero/lib/python3.12/site-packages/robosuite/scripts/setup_macros.py (__init__.py:9)
WARNING:robosuite_logs:To setup, run: python /home/user/anaconda3/envs/vla_smolvla_libero/lib/python3.12/site-packages/robosuite/scripts/setup_macros.py

============================================================
ARM asrc_long_native_20env
============================================================
[stats] asrc_long_native_20env: normalizing with lerobot/libero_10_image
Fetching 4 files:   0%|          | 0/4 [00:00<?, ?it/s]Fetching 4 files: 100%|██████████| 4/4 [00:00<00:00, 23696.63it/s]
Warning: You are sending unauthenticated requests to the HF Hub. Please set a HF_TOKEN to enable higher rate limits and faster downloads.
WARNING:huggingface_hub.utils._http:Warning: You are sending unauthenticated requests to the HF Hub. Please set a HF_TOKEN to enable higher rate limits and faster downloads.
`torch_dtype` is deprecated! Use `dtype` instead!
Loading  HuggingFaceTB/SmolVLM2-500M-Video-Instruct weights ...
Loading weights:   0%|          | 0/489 [00:00<?, ?it/s]Loading weights: 100%|██████████| 489/489 [00:00<00:00, 8049.70it/s]
Reducing the number of VLM layers to 16 ...
Loading  HuggingFaceTB/SmolVLM2-500M-Video-Instruct weights ...
Loading weights:   0%|          | 0/489 [00:00<?, ?it/s]Loading weights: 100%|██████████| 489/489 [00:00<00:00, 7342.60it/s]
Reducing the number of VLM layers to 16 ...
Loading weights from local directory
[asrc_long_native_20env] variant=asrc n_fourier=6 re-integrates at 20.0 Hz (native ODE re-integration, NOT alias folding)
[info] using task orders [0, 1, 2, 3, 4, 5, 6, 7, 8, 9]
Local assets not found. Downloading from HuggingFace Hub...
Assets already downloaded at /home/user/.cache/libero/assets
[asrc_long_native_20env] settle window scaled to 10 steps (0.50 s at 20 Hz)
[asrc_long_native_20env] task 0 trial 00: OK (266/520 steps)
[asrc_long_native_20env] task 0 trial 01: x (520/520 steps)
[asrc_long_native_20env] task 0 trial 02: x (520/520 steps)
[asrc_long_native_20env] task 0 trial 03: OK (296/520 steps)
[asrc_long_native_20env] task 0 trial 04: x (520/520 steps)
[info] using task orders [0, 1, 2, 3, 4, 5, 6, 7, 8, 9]
[asrc_long_native_20env] task 1 trial 00: x (520/520 steps)
[asrc_long_native_20env] task 1 trial 01: x (520/520 steps)
[asrc_long_native_20env] task 1 trial 02: x (520/520 steps)
[asrc_long_native_20env] task 1 trial 03: OK (245/520 steps)
[asrc_long_native_20env] task 1 trial 04: x (520/520 steps)
[info] using task orders [0, 1, 2, 3, 4, 5, 6, 7, 8, 9]
[asrc_long_native_20env] task 2 trial 00: OK (217/520 steps)
[asrc_long_native_20env] task 2 trial 01: OK (223/520 steps)
[asrc_long_native_20env] task 2 trial 02: OK (252/520 steps)
[asrc_long_native_20env] task 2 trial 03: OK (218/520 steps)
[asrc_long_native_20env] task 2 trial 04: OK (230/520 steps)
[info] using task orders [0, 1, 2, 3, 4, 5, 6, 7, 8, 9]
[asrc_long_native_20env] task 3 trial 00: OK (233/520 steps)
[asrc_long_native_20env] task 3 trial 01: OK (212/520 steps)
[asrc_long_native_20env] task 3 trial 02: OK (208/520 steps)
[asrc_long_native_20env] task 3 trial 03: OK (264/520 steps)
[asrc_long_native_20env] task 3 trial 04: OK (213/520 steps)
[info] using task orders [0, 1, 2, 3, 4, 5, 6, 7, 8, 9]
[asrc_long_native_20env] task 4 trial 00: x (520/520 steps)
[asrc_long_native_20env] task 4 trial 01: x (520/520 steps)
[asrc_long_native_20env] task 4 trial 02: x (520/520 steps)
[asrc_long_native_20env] task 4 trial 03: x (520/520 steps)
[asrc_long_native_20env] task 4 trial 04: OK (221/520 steps)
[info] using task orders [0, 1, 2, 3, 4, 5, 6, 7, 8, 9]
[asrc_long_native_20env] task 5 trial 00: x (520/520 steps)
[asrc_long_native_20env] task 5 trial 01: x (520/520 steps)
[asrc_long_native_20env] task 5 trial 02: OK (179/520 steps)
[asrc_long_native_20env] task 5 trial 03: x (520/520 steps)
[asrc_long_native_20env] task 5 trial 04: OK (165/520 steps)
[info] using task orders [0, 1, 2, 3, 4, 5, 6, 7, 8, 9]
[asrc_long_native_20env] task 6 trial 00: OK (207/520 steps)
[asrc_long_native_20env] task 6 trial 01: OK (201/520 steps)
[asrc_long_native_20env] task 6 trial 02: OK (222/520 steps)
[asrc_long_native_20env] task 6 trial 03: OK (199/520 steps)
[asrc_long_native_20env] task 6 trial 04: x (520/520 steps)
[info] using task orders [0, 1, 2, 3, 4, 5, 6, 7, 8, 9]
[asrc_long_native_20env] task 7 trial 00: OK (241/520 steps)
[asrc_long_native_20env] task 7 trial 01: OK (247/520 steps)
[asrc_long_native_20env] task 7 trial 02: OK (237/520 steps)
[asrc_long_native_20env] task 7 trial 03: x (520/520 steps)
[asrc_long_native_20env] task 7 trial 04: OK (254/520 steps)
[info] using task orders [0, 1, 2, 3, 4, 5, 6, 7, 8, 9]
[asrc_long_native_20env] task 8 trial 00: OK (340/520 steps)
[asrc_long_native_20env] task 8 trial 01: x (520/520 steps)
[asrc_long_native_20env] task 8 trial 02: x (520/520 steps)
[asrc_long_native_20env] task 8 trial 03: x (520/520 steps)
[asrc_long_native_20env] task 8 trial 04: x (520/520 steps)
[info] using task orders [0, 1, 2, 3, 4, 5, 6, 7, 8, 9]
[asrc_long_native_20env] task 9 trial 00: x (520/520 steps)
[asrc_long_native_20env] task 9 trial 01: x (520/520 steps)
[asrc_long_native_20env] task 9 trial 02: x (520/520 steps)
[asrc_long_native_20env] task 9 trial 03: OK (349/520 steps)
[asrc_long_native_20env] task 9 trial 04: x (520/520 steps)
[asrc_long_native_20env] diagnostics: 26/50 ok | fail_at_cap=24 fail_early=0 | succ_median=226.5/520
--> asrc_long_native_20env: 52.0% (520 steps @ 20 Hz = 11.0 s, replan every 10)


SUMMARY (matched wall-clock, chunk-driven replan)
  asrc_long_native_20env  52.0%
