[suite] libero_10 -> suiteeval_long_asrc_long_cadmag_folding_40env_out/multirate_libero_10.json
[robosuite WARNING] No private macro file found! (__init__.py:7)
WARNING:robosuite_logs:No private macro file found!
[robosuite WARNING] It is recommended to use a private macro file (__init__.py:8)
WARNING:robosuite_logs:It is recommended to use a private macro file
[robosuite WARNING] To setup, run: python /home/user/anaconda3/envs/vla_smolvla_libero/lib/python3.12/site-packages/robosuite/scripts/setup_macros.py (__init__.py:9)
WARNING:robosuite_logs:To setup, run: python /home/user/anaconda3/envs/vla_smolvla_libero/lib/python3.12/site-packages/robosuite/scripts/setup_macros.py

============================================================
ARM asrc_long_cadmag_folding_40env
============================================================
[stats] asrc_long_cadmag_folding_40env: normalizing with lerobot/libero_10_image
Fetching 4 files:   0%|          | 0/4 [00:00<?, ?it/s]Fetching 4 files: 100%|██████████| 4/4 [00:00<00:00, 36873.00it/s]
`torch_dtype` is deprecated! Use `dtype` instead!
Loading  HuggingFaceTB/SmolVLM2-500M-Video-Instruct weights ...
Loading weights:   0%|          | 0/489 [00:00<?, ?it/s]Loading weights: 100%|██████████| 489/489 [00:00<00:00, 8062.20it/s]
Warning: You are sending unauthenticated requests to the HF Hub. Please set a HF_TOKEN to enable higher rate limits and faster downloads.
WARNING:huggingface_hub.utils._http:Warning: You are sending unauthenticated requests to the HF Hub. Please set a HF_TOKEN to enable higher rate limits and faster downloads.
Reducing the number of VLM layers to 16 ...
Loading  HuggingFaceTB/SmolVLM2-500M-Video-Instruct weights ...
Loading weights:   0%|          | 0/489 [00:00<?, ?it/s]Loading weights: 100%|██████████| 489/489 [00:00<00:00, 7882.61it/s]
Reducing the number of VLM layers to 16 ...
Loading weights from local directory
[asrc_long_cadmag_folding_40env] variant=asrc n_fourier=6 re-integrates at 40.0 Hz (native ODE re-integration, NOT alias folding)
[asrc_long_cadmag_folding_40env] magscale: raw pose deltas x2 (restores native per-step travel)
[asrc_long_cadmag_folding_40env] resolved-cadence: 20 Hz decisions in a 40 Hz sim (1 query per 2 env steps); intermediates taken from the plan
[info] using task orders [0, 1, 2, 3, 4, 5, 6, 7, 8, 9]
Local assets not found. Downloading from HuggingFace Hub...
Assets already downloaded at /home/user/.cache/libero/assets
[asrc_long_cadmag_folding_40env] settle window scaled to 20 steps (0.50 s at 40 Hz)
[asrc_long_cadmag_folding_40env] task 0 trial 00: OK (532/1040 steps)
[asrc_long_cadmag_folding_40env] task 0 trial 01: x (1040/1040 steps)
[asrc_long_cadmag_folding_40env] task 0 trial 02: x (1040/1040 steps)
[asrc_long_cadmag_folding_40env] task 0 trial 03: x (1040/1040 steps)
[asrc_long_cadmag_folding_40env] task 0 trial 04: x (1040/1040 steps)
[info] using task orders [0, 1, 2, 3, 4, 5, 6, 7, 8, 9]
[asrc_long_cadmag_folding_40env] task 1 trial 00: x (1040/1040 steps)
[asrc_long_cadmag_folding_40env] task 1 trial 01: x (1040/1040 steps)
[asrc_long_cadmag_folding_40env] task 1 trial 02: OK (489/1040 steps)
[asrc_long_cadmag_folding_40env] task 1 trial 03: OK (491/1040 steps)
[asrc_long_cadmag_folding_40env] task 1 trial 04: x (1040/1040 steps)
[info] using task orders [0, 1, 2, 3, 4, 5, 6, 7, 8, 9]
[asrc_long_cadmag_folding_40env] task 2 trial 00: OK (444/1040 steps)
[asrc_long_cadmag_folding_40env] task 2 trial 01: OK (457/1040 steps)
[asrc_long_cadmag_folding_40env] task 2 trial 02: OK (508/1040 steps)
[asrc_long_cadmag_folding_40env] task 2 trial 03: OK (452/1040 steps)
[asrc_long_cadmag_folding_40env] task 2 trial 04: OK (474/1040 steps)
[info] using task orders [0, 1, 2, 3, 4, 5, 6, 7, 8, 9]
[asrc_long_cadmag_folding_40env] task 3 trial 00: OK (441/1040 steps)
[asrc_long_cadmag_folding_40env] task 3 trial 01: OK (437/1040 steps)
[asrc_long_cadmag_folding_40env] task 3 trial 02: OK (426/1040 steps)
[asrc_long_cadmag_folding_40env] task 3 trial 03: OK (431/1040 steps)
[asrc_long_cadmag_folding_40env] task 3 trial 04: OK (424/1040 steps)
[info] using task orders [0, 1, 2, 3, 4, 5, 6, 7, 8, 9]
[asrc_long_cadmag_folding_40env] task 4 trial 00: x (1040/1040 steps)
[asrc_long_cadmag_folding_40env] task 4 trial 01: x (1040/1040 steps)
[asrc_long_cadmag_folding_40env] task 4 trial 02: x (1040/1040 steps)
[asrc_long_cadmag_folding_40env] task 4 trial 03: x (1040/1040 steps)
[asrc_long_cadmag_folding_40env] task 4 trial 04: x (1040/1040 steps)
[info] using task orders [0, 1, 2, 3, 4, 5, 6, 7, 8, 9]
[asrc_long_cadmag_folding_40env] task 5 trial 00: x (1040/1040 steps)
[asrc_long_cadmag_folding_40env] task 5 trial 01: x (1040/1040 steps)
[asrc_long_cadmag_folding_40env] task 5 trial 02: OK (357/1040 steps)
[asrc_long_cadmag_folding_40env] task 5 trial 03: x (1040/1040 steps)
[asrc_long_cadmag_folding_40env] task 5 trial 04: OK (321/1040 steps)
[info] using task orders [0, 1, 2, 3, 4, 5, 6, 7, 8, 9]
[asrc_long_cadmag_folding_40env] task 6 trial 00: OK (425/1040 steps)
[asrc_long_cadmag_folding_40env] task 6 trial 01: x (1040/1040 steps)
[asrc_long_cadmag_folding_40env] task 6 trial 02: x (1040/1040 steps)
[asrc_long_cadmag_folding_40env] task 6 trial 03: OK (418/1040 steps)
[asrc_long_cadmag_folding_40env] task 6 trial 04: x (1040/1040 steps)
[info] using task orders [0, 1, 2, 3, 4, 5, 6, 7, 8, 9]
[asrc_long_cadmag_folding_40env] task 7 trial 00: OK (497/1040 steps)
[asrc_long_cadmag_folding_40env] task 7 trial 01: OK (496/1040 steps)
[asrc_long_cadmag_folding_40env] task 7 trial 02: OK (473/1040 steps)
[asrc_long_cadmag_folding_40env] task 7 trial 03: x (1040/1040 steps)
[asrc_long_cadmag_folding_40env] task 7 trial 04: OK (518/1040 steps)
[info] using task orders [0, 1, 2, 3, 4, 5, 6, 7, 8, 9]
[asrc_long_cadmag_folding_40env] task 8 trial 00: x (1040/1040 steps)
[asrc_long_cadmag_folding_40env] task 8 trial 01: x (1040/1040 steps)
[asrc_long_cadmag_folding_40env] task 8 trial 02: x (1040/1040 steps)
[asrc_long_cadmag_folding_40env] task 8 trial 03: OK (735/1040 steps)
[asrc_long_cadmag_folding_40env] task 8 trial 04: x (1040/1040 steps)
[info] using task orders [0, 1, 2, 3, 4, 5, 6, 7, 8, 9]
[asrc_long_cadmag_folding_40env] task 9 trial 00: x (1040/1040 steps)
[asrc_long_cadmag_folding_40env] task 9 trial 01: OK (549/1040 steps)
[asrc_long_cadmag_folding_40env] task 9 trial 02: OK (615/1040 steps)
[asrc_long_cadmag_folding_40env] task 9 trial 03: x (1040/1040 steps)
[asrc_long_cadmag_folding_40env] task 9 trial 04: x (1040/1040 steps)
[asrc_long_cadmag_folding_40env] cadence check: 19225 policy queries, 19204 resolved intermediates, 21 starved of 38450 env steps
[asrc_long_cadmag_folding_40env] diagnostics: 24/50 ok | fail_at_cap=26 fail_early=0 | succ_median=465.0/1040
--> asrc_long_cadmag_folding_40env: 48.0% (1040 steps @ 40 Hz = 11.0 s, replan every 20)


SUMMARY (matched wall-clock, chunk-driven replan)
  asrc_long_cadmag_folding_40env  48.0%
