[suite] libero_goal -> suiteeval_goal_asrc_goal_cadmag_spline_40env_out/multirate_libero_goal.json
[robosuite WARNING] No private macro file found! (__init__.py:7)
WARNING:robosuite_logs:No private macro file found!
[robosuite WARNING] It is recommended to use a private macro file (__init__.py:8)
WARNING:robosuite_logs:It is recommended to use a private macro file
[robosuite WARNING] To setup, run: python /home/user/anaconda3/envs/vla_smolvla_libero/lib/python3.12/site-packages/robosuite/scripts/setup_macros.py (__init__.py:9)
WARNING:robosuite_logs:To setup, run: python /home/user/anaconda3/envs/vla_smolvla_libero/lib/python3.12/site-packages/robosuite/scripts/setup_macros.py

============================================================
ARM asrc_goal_cadmag_spline_40env
============================================================
[stats] asrc_goal_cadmag_spline_40env: normalizing with lerobot/libero_goal_image
Fetching 4 files:   0%|          | 0/4 [00:00<?, ?it/s]Fetching 4 files: 100%|██████████| 4/4 [00:00<00:00, 105517.08it/s]
Warning: You are sending unauthenticated requests to the HF Hub. Please set a HF_TOKEN to enable higher rate limits and faster downloads.
WARNING:huggingface_hub.utils._http:Warning: You are sending unauthenticated requests to the HF Hub. Please set a HF_TOKEN to enable higher rate limits and faster downloads.
`torch_dtype` is deprecated! Use `dtype` instead!
Loading  HuggingFaceTB/SmolVLM2-500M-Video-Instruct weights ...
Loading weights:   0%|          | 0/489 [00:00<?, ?it/s]Loading weights: 100%|██████████| 489/489 [00:00<00:00, 7173.34it/s]
Reducing the number of VLM layers to 16 ...
Loading  HuggingFaceTB/SmolVLM2-500M-Video-Instruct weights ...
Loading weights:   0%|          | 0/489 [00:00<?, ?it/s]Loading weights: 100%|██████████| 489/489 [00:00<00:00, 8118.91it/s]
Reducing the number of VLM layers to 16 ...
Loading weights from local directory
[asrc_goal_cadmag_spline_40env] variant=asrc n_fourier=6 re-integrates at 20.0 Hz (native ODE re-integration, NOT alias folding)
[asrc_goal_cadmag_spline_40env] spline resample -> 100 steps, pose deltas rescaled
[asrc_goal_cadmag_spline_40env] magscale: raw pose deltas x2 (restores native per-step travel)
[asrc_goal_cadmag_spline_40env] resolved-cadence: 20 Hz decisions in a 40 Hz sim (1 query per 2 env steps); intermediates taken from the plan
[info] using task orders [0, 1, 2, 3, 4, 5, 6, 7, 8, 9]
Local assets not found. Downloading from HuggingFace Hub...
Assets already downloaded at /home/user/.cache/libero/assets
[asrc_goal_cadmag_spline_40env] settle window scaled to 20 steps (0.50 s at 40 Hz)
[asrc_goal_cadmag_spline_40env] task 0 trial 00: OK (242/600 steps)
[asrc_goal_cadmag_spline_40env] task 0 trial 01: OK (263/600 steps)
[asrc_goal_cadmag_spline_40env] task 0 trial 02: OK (258/600 steps)
[asrc_goal_cadmag_spline_40env] task 0 trial 03: OK (235/600 steps)
[asrc_goal_cadmag_spline_40env] task 0 trial 04: OK (231/600 steps)
[info] using task orders [0, 1, 2, 3, 4, 5, 6, 7, 8, 9]
[asrc_goal_cadmag_spline_40env] task 1 trial 00: OK (175/600 steps)
[asrc_goal_cadmag_spline_40env] task 1 trial 01: OK (164/600 steps)
[asrc_goal_cadmag_spline_40env] task 1 trial 02: OK (166/600 steps)
[asrc_goal_cadmag_spline_40env] task 1 trial 03: OK (169/600 steps)
[asrc_goal_cadmag_spline_40env] task 1 trial 04: OK (161/600 steps)
[info] using task orders [0, 1, 2, 3, 4, 5, 6, 7, 8, 9]
[asrc_goal_cadmag_spline_40env] task 2 trial 00: OK (157/600 steps)
[asrc_goal_cadmag_spline_40env] task 2 trial 01: x (600/600 steps)
[asrc_goal_cadmag_spline_40env] task 2 trial 02: OK (182/600 steps)
[asrc_goal_cadmag_spline_40env] task 2 trial 03: OK (184/600 steps)
[asrc_goal_cadmag_spline_40env] task 2 trial 04: OK (175/600 steps)
[info] using task orders [0, 1, 2, 3, 4, 5, 6, 7, 8, 9]
[asrc_goal_cadmag_spline_40env] task 3 trial 00: x (600/600 steps)
[asrc_goal_cadmag_spline_40env] task 3 trial 01: x (600/600 steps)
[asrc_goal_cadmag_spline_40env] task 3 trial 02: OK (353/600 steps)
[asrc_goal_cadmag_spline_40env] task 3 trial 03: OK (364/600 steps)
[asrc_goal_cadmag_spline_40env] task 3 trial 04: OK (414/600 steps)
[info] using task orders [0, 1, 2, 3, 4, 5, 6, 7, 8, 9]
[asrc_goal_cadmag_spline_40env] task 4 trial 00: OK (190/600 steps)
[asrc_goal_cadmag_spline_40env] task 4 trial 01: OK (177/600 steps)
[asrc_goal_cadmag_spline_40env] task 4 trial 02: OK (184/600 steps)
[asrc_goal_cadmag_spline_40env] task 4 trial 03: OK (182/600 steps)
[asrc_goal_cadmag_spline_40env] task 4 trial 04: OK (183/600 steps)
[info] using task orders [0, 1, 2, 3, 4, 5, 6, 7, 8, 9]
[asrc_goal_cadmag_spline_40env] task 5 trial 00: OK (245/600 steps)
[asrc_goal_cadmag_spline_40env] task 5 trial 01: OK (303/600 steps)
[asrc_goal_cadmag_spline_40env] task 5 trial 02: OK (258/600 steps)
[asrc_goal_cadmag_spline_40env] task 5 trial 03: OK (242/600 steps)
[asrc_goal_cadmag_spline_40env] task 5 trial 04: OK (260/600 steps)
[info] using task orders [0, 1, 2, 3, 4, 5, 6, 7, 8, 9]
[asrc_goal_cadmag_spline_40env] task 6 trial 00: x (600/600 steps)
[asrc_goal_cadmag_spline_40env] task 6 trial 01: x (600/600 steps)
[asrc_goal_cadmag_spline_40env] task 6 trial 02: x (600/600 steps)
[asrc_goal_cadmag_spline_40env] task 6 trial 03: OK (181/600 steps)
[asrc_goal_cadmag_spline_40env] task 6 trial 04: x (600/600 steps)
[info] using task orders [0, 1, 2, 3, 4, 5, 6, 7, 8, 9]
[asrc_goal_cadmag_spline_40env] task 7 trial 00: OK (163/600 steps)
[asrc_goal_cadmag_spline_40env] task 7 trial 01: OK (187/600 steps)
[asrc_goal_cadmag_spline_40env] task 7 trial 02: OK (144/600 steps)
[asrc_goal_cadmag_spline_40env] task 7 trial 03: OK (151/600 steps)
[asrc_goal_cadmag_spline_40env] task 7 trial 04: OK (131/600 steps)
[info] using task orders [0, 1, 2, 3, 4, 5, 6, 7, 8, 9]
[asrc_goal_cadmag_spline_40env] task 8 trial 00: OK (146/600 steps)
[asrc_goal_cadmag_spline_40env] task 8 trial 01: OK (140/600 steps)
[asrc_goal_cadmag_spline_40env] task 8 trial 02: OK (153/600 steps)
[asrc_goal_cadmag_spline_40env] task 8 trial 03: OK (144/600 steps)
[asrc_goal_cadmag_spline_40env] task 8 trial 04: OK (140/600 steps)
[info] using task orders [0, 1, 2, 3, 4, 5, 6, 7, 8, 9]
[asrc_goal_cadmag_spline_40env] task 9 trial 00: OK (296/600 steps)
[asrc_goal_cadmag_spline_40env] task 9 trial 01: OK (498/600 steps)
[asrc_goal_cadmag_spline_40env] task 9 trial 02: x (600/600 steps)
[asrc_goal_cadmag_spline_40env] task 9 trial 03: OK (298/600 steps)
[asrc_goal_cadmag_spline_40env] task 9 trial 04: OK (286/600 steps)
[asrc_goal_cadmag_spline_40env] cadence check: 6988 policy queries, 6958 resolved intermediates, 29 starved of 13975 env steps
[asrc_goal_cadmag_spline_40env] diagnostics: 42/50 ok | fail_at_cap=8 fail_early=0 | succ_median=183.5/600
--> asrc_goal_cadmag_spline_40env: 84.0% (600 steps @ 40 Hz = 11.0 s, replan every 20)


SUMMARY (matched wall-clock, chunk-driven replan)
  asrc_goal_cadmag_spline_40env  84.0%
