[suite] libero_10 -> multirate_honest_out/multirate_libero_10.json
[robosuite WARNING] No private macro file found! (__init__.py:7)
WARNING:robosuite_logs:No private macro file found!
[robosuite WARNING] It is recommended to use a private macro file (__init__.py:8)
WARNING:robosuite_logs:It is recommended to use a private macro file
[robosuite WARNING] To setup, run: python /home/user/anaconda3/envs/vla_smolvla_libero/lib/python3.12/site-packages/robosuite/scripts/setup_macros.py (__init__.py:9)
WARNING:robosuite_logs:To setup, run: python /home/user/anaconda3/envs/vla_smolvla_libero/lib/python3.12/site-packages/robosuite/scripts/setup_macros.py

============================================================
ARM asrc_cadmag_folding_30env
============================================================
Fetching 4 files:   0%|          | 0/4 [00:00<?, ?it/s]Fetching 4 files: 100%|██████████| 4/4 [00:00<00:00, 107546.26it/s]
`torch_dtype` is deprecated! Use `dtype` instead!
Loading  HuggingFaceTB/SmolVLM2-500M-Video-Instruct weights ...
Loading weights:   0%|          | 0/489 [00:00<?, ?it/s]Loading weights: 100%|██████████| 489/489 [00:00<00:00, 6759.86it/s]
Warning: You are sending unauthenticated requests to the HF Hub. Please set a HF_TOKEN to enable higher rate limits and faster downloads.
WARNING:huggingface_hub.utils._http:Warning: You are sending unauthenticated requests to the HF Hub. Please set a HF_TOKEN to enable higher rate limits and faster downloads.
Reducing the number of VLM layers to 16 ...
Loading  HuggingFaceTB/SmolVLM2-500M-Video-Instruct weights ...
Loading weights:   0%|          | 0/489 [00:00<?, ?it/s]Loading weights: 100%|██████████| 489/489 [00:00<00:00, 6969.89it/s]
Reducing the number of VLM layers to 16 ...
Loading weights from local directory
[asrc_cadmag_folding_30env] variant=asrc n_fourier=6 re-integrates at 30.0 Hz (native ODE re-integration, NOT alias folding)
[asrc_cadmag_folding_30env] magscale: raw pose deltas x1.5 (restores native per-step travel)
[asrc_cadmag_folding_30env] resolved-cadence: 20 Hz decisions in a 30 Hz sim (1 query per 1.5 env steps, NON-INTEGER: integer hold cannot express this); intermediates taken from the plan
[info] using task orders [0, 1, 2, 3, 4, 5, 6, 7, 8, 9]
Local assets not found. Downloading from HuggingFace Hub...
Assets already downloaded at /home/user/.cache/libero/assets
[asrc_cadmag_folding_30env] settle window scaled to 15 steps (0.50 s at 30 Hz)
[asrc_cadmag_folding_30env] task 0 trial 00: x (330/330 steps)
[asrc_cadmag_folding_30env] task 0 trial 01: x (330/330 steps)
[asrc_cadmag_folding_30env] task 0 trial 02: x (330/330 steps)
[asrc_cadmag_folding_30env] task 0 trial 03: x (330/330 steps)
[asrc_cadmag_folding_30env] task 0 trial 04: x (330/330 steps)
[info] using task orders [0, 1, 2, 3, 4, 5, 6, 7, 8, 9]
[asrc_cadmag_folding_30env] task 1 trial 00: x (330/330 steps)
[asrc_cadmag_folding_30env] task 1 trial 01: x (330/330 steps)
[asrc_cadmag_folding_30env] task 1 trial 02: x (330/330 steps)
[asrc_cadmag_folding_30env] task 1 trial 03: x (330/330 steps)
[asrc_cadmag_folding_30env] task 1 trial 04: x (330/330 steps)
[info] using task orders [0, 1, 2, 3, 4, 5, 6, 7, 8, 9]
[asrc_cadmag_folding_30env] task 2 trial 00: x (330/330 steps)
[asrc_cadmag_folding_30env] task 2 trial 01: x (330/330 steps)
[asrc_cadmag_folding_30env] task 2 trial 02: x (330/330 steps)
[asrc_cadmag_folding_30env] task 2 trial 03: x (330/330 steps)
[asrc_cadmag_folding_30env] task 2 trial 04: x (330/330 steps)
[info] using task orders [0, 1, 2, 3, 4, 5, 6, 7, 8, 9]
[asrc_cadmag_folding_30env] task 3 trial 00: x (330/330 steps)
[asrc_cadmag_folding_30env] task 3 trial 01: x (330/330 steps)
[asrc_cadmag_folding_30env] task 3 trial 02: x (330/330 steps)
[asrc_cadmag_folding_30env] task 3 trial 03: x (330/330 steps)
[asrc_cadmag_folding_30env] task 3 trial 04: x (330/330 steps)
[info] using task orders [0, 1, 2, 3, 4, 5, 6, 7, 8, 9]
[asrc_cadmag_folding_30env] task 4 trial 00: x (330/330 steps)
[asrc_cadmag_folding_30env] task 4 trial 01: x (330/330 steps)
[asrc_cadmag_folding_30env] task 4 trial 02: x (330/330 steps)
[asrc_cadmag_folding_30env] task 4 trial 03: x (330/330 steps)
[asrc_cadmag_folding_30env] task 4 trial 04: x (330/330 steps)
[info] using task orders [0, 1, 2, 3, 4, 5, 6, 7, 8, 9]
[asrc_cadmag_folding_30env] task 5 trial 00: x (330/330 steps)
[asrc_cadmag_folding_30env] task 5 trial 01: x (330/330 steps)
[asrc_cadmag_folding_30env] task 5 trial 02: x (330/330 steps)
[asrc_cadmag_folding_30env] task 5 trial 03: x (330/330 steps)
[asrc_cadmag_folding_30env] task 5 trial 04: x (330/330 steps)
[info] using task orders [0, 1, 2, 3, 4, 5, 6, 7, 8, 9]
[asrc_cadmag_folding_30env] task 6 trial 00: x (330/330 steps)
[asrc_cadmag_folding_30env] task 6 trial 01: x (330/330 steps)
[asrc_cadmag_folding_30env] task 6 trial 02: x (330/330 steps)
[asrc_cadmag_folding_30env] task 6 trial 03: x (330/330 steps)
[asrc_cadmag_folding_30env] task 6 trial 04: x (330/330 steps)
[info] using task orders [0, 1, 2, 3, 4, 5, 6, 7, 8, 9]
[asrc_cadmag_folding_30env] task 7 trial 00: x (330/330 steps)
[asrc_cadmag_folding_30env] task 7 trial 01: x (330/330 steps)
[asrc_cadmag_folding_30env] task 7 trial 02: x (330/330 steps)
[asrc_cadmag_folding_30env] task 7 trial 03: x (330/330 steps)
[asrc_cadmag_folding_30env] task 7 trial 04: x (330/330 steps)
[info] using task orders [0, 1, 2, 3, 4, 5, 6, 7, 8, 9]
[asrc_cadmag_folding_30env] task 8 trial 00: x (330/330 steps)
[asrc_cadmag_folding_30env] task 8 trial 01: x (330/330 steps)
[asrc_cadmag_folding_30env] task 8 trial 02: x (330/330 steps)
[asrc_cadmag_folding_30env] task 8 trial 03: x (330/330 steps)
[asrc_cadmag_folding_30env] task 8 trial 04: x (330/330 steps)
[info] using task orders [0, 1, 2, 3, 4, 5, 6, 7, 8, 9]
[asrc_cadmag_folding_30env] task 9 trial 00: x (330/330 steps)
[asrc_cadmag_folding_30env] task 9 trial 01: x (330/330 steps)
[asrc_cadmag_folding_30env] task 9 trial 02: x (330/330 steps)
[asrc_cadmag_folding_30env] task 9 trial 03: x (330/330 steps)
[asrc_cadmag_folding_30env] task 9 trial 04: x (330/330 steps)
[asrc_cadmag_folding_30env] cadence check: 11000 policy queries, 5500 resolved intermediates, 0 starved of 16500 env steps
[asrc_cadmag_folding_30env] diagnostics: 0/50 ok | fail_at_cap=50 fail_early=0 | succ_median=None/330
Traceback (most recent call last):
  File "/home/user/DeepONet_and_Novel_VLA/Experiments/claim_campaign_20260804/evaluate_multirate_honest.py", line 527, in <module>
    main()
  File "/home/user/DeepONet_and_Novel_VLA/Experiments/claim_campaign_20260804/evaluate_multirate_honest.py", line 518, in main
    build_arm(arm, args.trials_per_task, out_dir, results, args.suite, results_name)
  File "/home/user/DeepONet_and_Novel_VLA/Experiments/claim_campaign_20260804/evaluate_multirate_honest.py", line 399, in build_arm
    results_path.write_text(json.dumps(results, indent=2, sort_keys=True))
                            ^^^^^^^^^^^^^^^^^^^^^^^^^^^^^^^^^^^^^^^^^^^^^
  File "/home/user/anaconda3/envs/vla_smolvla_libero/lib/python3.12/json/__init__.py", line 238, in dumps
    **kw).encode(obj)
          ^^^^^^^^^^^
  File "/home/user/anaconda3/envs/vla_smolvla_libero/lib/python3.12/json/encoder.py", line 202, in encode
    chunks = list(chunks)
             ^^^^^^^^^^^^
  File "/home/user/anaconda3/envs/vla_smolvla_libero/lib/python3.12/json/encoder.py", line 432, in _iterencode
    yield from _iterencode_dict(o, _current_indent_level)
  File "/home/user/anaconda3/envs/vla_smolvla_libero/lib/python3.12/json/encoder.py", line 406, in _iterencode_dict
    yield from chunks
  File "/home/user/anaconda3/envs/vla_smolvla_libero/lib/python3.12/json/encoder.py", line 406, in _iterencode_dict
    yield from chunks
  File "/home/user/anaconda3/envs/vla_smolvla_libero/lib/python3.12/json/encoder.py", line 406, in _iterencode_dict
    yield from chunks
  [Previous line repeated 1 more time]
  File "/home/user/anaconda3/envs/vla_smolvla_libero/lib/python3.12/json/encoder.py", line 439, in _iterencode
    o = _default(o)
        ^^^^^^^^^^^
  File "/home/user/anaconda3/envs/vla_smolvla_libero/lib/python3.12/json/encoder.py", line 180, in default
    raise TypeError(f'Object of type {o.__class__.__name__} '
TypeError: Object of type Tensor is not JSON serializable
[suite] libero_10 -> multirate_honest_out/multirate_libero_10.json
[robosuite WARNING] No private macro file found! (__init__.py:7)
WARNING:robosuite_logs:No private macro file found!
[robosuite WARNING] It is recommended to use a private macro file (__init__.py:8)
WARNING:robosuite_logs:It is recommended to use a private macro file
[robosuite WARNING] To setup, run: python /home/user/anaconda3/envs/vla_smolvla_libero/lib/python3.12/site-packages/robosuite/scripts/setup_macros.py (__init__.py:9)
WARNING:robosuite_logs:To setup, run: python /home/user/anaconda3/envs/vla_smolvla_libero/lib/python3.12/site-packages/robosuite/scripts/setup_macros.py

============================================================
ARM asrc_native_20env
============================================================
Fetching 4 files:   0%|          | 0/4 [00:00<?, ?it/s]Fetching 4 files: 100%|██████████| 4/4 [00:00<00:00, 93206.76it/s]
`torch_dtype` is deprecated! Use `dtype` instead!
Loading  HuggingFaceTB/SmolVLM2-500M-Video-Instruct weights ...
Loading weights:   0%|          | 0/489 [00:00<?, ?it/s]Loading weights: 100%|██████████| 489/489 [00:00<00:00, 6960.52it/s]
Warning: You are sending unauthenticated requests to the HF Hub. Please set a HF_TOKEN to enable higher rate limits and faster downloads.
WARNING:huggingface_hub.utils._http:Warning: You are sending unauthenticated requests to the HF Hub. Please set a HF_TOKEN to enable higher rate limits and faster downloads.
Reducing the number of VLM layers to 16 ...
Loading  HuggingFaceTB/SmolVLM2-500M-Video-Instruct weights ...
Loading weights:   0%|          | 0/489 [00:00<?, ?it/s]Loading weights: 100%|██████████| 489/489 [00:00<00:00, 6729.32it/s]
Reducing the number of VLM layers to 16 ...
Loading weights from local directory
[asrc_native_20env] variant=asrc n_fourier=6 re-integrates at 20.0 Hz (native ODE re-integration, NOT alias folding)
[info] using task orders [0, 1, 2, 3, 4, 5, 6, 7, 8, 9]
Local assets not found. Downloading from HuggingFace Hub...
Assets already downloaded at /home/user/.cache/libero/assets
[asrc_native_20env] settle window scaled to 10 steps (0.50 s at 20 Hz)
[asrc_native_20env] task 0 trial 00: x (220/220 steps)
[asrc_native_20env] task 0 trial 01: x (220/220 steps)
[asrc_native_20env] task 0 trial 02: x (220/220 steps)
[asrc_native_20env] task 0 trial 03: x (220/220 steps)
[asrc_native_20env] task 0 trial 04: x (220/220 steps)
[info] using task orders [0, 1, 2, 3, 4, 5, 6, 7, 8, 9]
[asrc_native_20env] task 1 trial 00: x (220/220 steps)
[asrc_native_20env] task 1 trial 01: x (220/220 steps)
[asrc_native_20env] task 1 trial 02: x (220/220 steps)
[asrc_native_20env] task 1 trial 03: x (220/220 steps)
[asrc_native_20env] task 1 trial 04: x (220/220 steps)
[info] using task orders [0, 1, 2, 3, 4, 5, 6, 7, 8, 9]
[asrc_native_20env] task 2 trial 00: x (220/220 steps)
[asrc_native_20env] task 2 trial 01: x (220/220 steps)
[asrc_native_20env] task 2 trial 02: x (220/220 steps)
[asrc_native_20env] task 2 trial 03: x (220/220 steps)
[asrc_native_20env] task 2 trial 04: x (220/220 steps)
[info] using task orders [0, 1, 2, 3, 4, 5, 6, 7, 8, 9]
[asrc_native_20env] task 3 trial 00: x (220/220 steps)
[asrc_native_20env] task 3 trial 01: x (220/220 steps)
[asrc_native_20env] task 3 trial 02: x (220/220 steps)
[asrc_native_20env] task 3 trial 03: x (220/220 steps)
[asrc_native_20env] task 3 trial 04: x (220/220 steps)
[info] using task orders [0, 1, 2, 3, 4, 5, 6, 7, 8, 9]
[asrc_native_20env] task 4 trial 00: x (220/220 steps)
[asrc_native_20env] task 4 trial 01: x (220/220 steps)
[asrc_native_20env] task 4 trial 02: x (220/220 steps)
[asrc_native_20env] task 4 trial 03: x (220/220 steps)
[asrc_native_20env] task 4 trial 04: x (220/220 steps)
[info] using task orders [0, 1, 2, 3, 4, 5, 6, 7, 8, 9]
[asrc_native_20env] task 5 trial 00: x (220/220 steps)
[asrc_native_20env] task 5 trial 01: x (220/220 steps)
[asrc_native_20env] task 5 trial 02: x (220/220 steps)
[asrc_native_20env] task 5 trial 03: x (220/220 steps)
[asrc_native_20env] task 5 trial 04: x (220/220 steps)
[info] using task orders [0, 1, 2, 3, 4, 5, 6, 7, 8, 9]
[asrc_native_20env] task 6 trial 00: x (220/220 steps)
[asrc_native_20env] task 6 trial 01: x (220/220 steps)
[asrc_native_20env] task 6 trial 02: x (220/220 steps)
[asrc_native_20env] task 6 trial 03: x (220/220 steps)
[asrc_native_20env] task 6 trial 04: x (220/220 steps)
[info] using task orders [0, 1, 2, 3, 4, 5, 6, 7, 8, 9]
[asrc_native_20env] task 7 trial 00: x (220/220 steps)
[asrc_native_20env] task 7 trial 01: x (220/220 steps)
[asrc_native_20env] task 7 trial 02: x (220/220 steps)
[asrc_native_20env] task 7 trial 03: x (220/220 steps)
[asrc_native_20env] task 7 trial 04: x (220/220 steps)
[info] using task orders [0, 1, 2, 3, 4, 5, 6, 7, 8, 9]
[asrc_native_20env] task 8 trial 00: x (220/220 steps)
[asrc_native_20env] task 8 trial 01: x (220/220 steps)
[asrc_native_20env] task 8 trial 02: x (220/220 steps)
[asrc_native_20env] task 8 trial 03: x (220/220 steps)
[asrc_native_20env] task 8 trial 04: x (220/220 steps)
[info] using task orders [0, 1, 2, 3, 4, 5, 6, 7, 8, 9]
[asrc_native_20env] task 9 trial 00: x (220/220 steps)
[asrc_native_20env] task 9 trial 01: x (220/220 steps)
[asrc_native_20env] task 9 trial 02: x (220/220 steps)
[asrc_native_20env] task 9 trial 03: x (220/220 steps)
[asrc_native_20env] task 9 trial 04: x (220/220 steps)
[asrc_native_20env] diagnostics: 0/50 ok | fail_at_cap=50 fail_early=0 | succ_median=None/220
--> asrc_native_20env: 0.0% (220 steps @ 20 Hz = 11.0 s, replan every 10)


SUMMARY (matched wall-clock, chunk-driven replan)
  asrc_native_20env        0.0%
