[train] head=deeponet variant=baseline seed=0 out=runs/til_s0
`torch_dtype` is deprecated! Use `dtype` instead!
Loading  HuggingFaceTB/SmolVLM2-500M-Video-Instruct weights ...
Loading weights:   0%|          | 0/489 [00:00<?, ?it/s]Loading weights: 100%|██████████| 489/489 [00:00<00:00, 7958.74it/s]
Reducing the number of VLM layers to 16 ...
Loading  HuggingFaceTB/SmolVLM2-500M-Video-Instruct weights ...
Loading weights:   0%|          | 0/489 [00:00<?, ?it/s]Loading weights: 100%|██████████| 489/489 [00:00<00:00, 7733.55it/s]
WARNING:root:Missing key(s) when loading model: {'model.deeponet.pool.blocks.2.attn.out_proj.bias', 'model.deeponet.pool.blocks.0.ln2.bias', 'model.deeponet.pool.blocks.0.ln_kv.bias', 'model.deeponet.pool.blocks.2.attn.in_proj_bias', 'model.deeponet.learnable_rk4.0.bias', 'model.deeponet.pool.blocks.1.ff.2.weight', 'model.deeponet.rhs.0.weight', 'model.deeponet.trunk.2.bias', 'model.deeponet.branch.3.bias', 'model.deeponet.pool.blocks.1.ff.0.weight', 'model.deeponet.direct.2.weight', 'model.deeponet.learnable_rk4.0.weight', 'model.deeponet.pool.blocks.2.ln2.weight', 'model.deeponet.pool.blocks.1.ff.2.bias', 'model.deeponet.pool.blocks.2.ff.2.weight', 'model.deeponet.pool.blocks.2.ln_q.bias', 'model.deeponet.pool.blocks.1.attn.out_proj.bias', 'model.deeponet.rhs.2.bias', 'model.deeponet.direct.0.bias', 'model.deeponet.direct.2.bias', 'model.deeponet.branch.0.bias', 'model.deeponet.pool.blocks.1.ln_kv.weight', 'model.deeponet.branch.0.weight', 'model.deeponet.pool.blocks.0.attn.in_proj_bias', 'model.deeponet.pool.in_proj.weight', 'model.deeponet.pool.blocks.0.ff.0.weight', 'model.deeponet.trunk.2.weight', 'model.deeponet.learnable_rk4.2.weight', 'model.deeponet.pool.blocks.2.ln_kv.bias', 'model.deeponet.pool.blocks.1.ln_kv.bias', 'model.deeponet.pool.blocks.2.ff.0.bias', 'model.deeponet.pool.blocks.1.ln2.weight', 'model.deeponet.trunk.4.weight', 'model.deeponet.pool.blocks.2.ln_q.weight', 'model.deeponet.pool.blocks.0.attn.out_proj.weight', 'model.deeponet.pool.blocks.0.attn.in_proj_weight', 'model.deeponet.pool.blocks.0.attn.out_proj.bias', 'model.deeponet.pool.blocks.1.ln_q.bias', 'model.deeponet.trunk.0.bias', 'model.deeponet.rhs.2.weight', 'model.deeponet.direct.0.weight', 'model.deeponet.pool.blocks.1.attn.out_proj.weight', 'model.deeponet.pool.blocks.2.ln_kv.weight', 'model.deeponet.branch.3.weight', 'model.deeponet.pool.blocks.2.attn.in_proj_weight', 'model.deeponet.learnable_rk4.2.bias', 'model.deeponet.pool.blocks.1.ff.0.bias', 'model.deeponet.trunk.0.weight', 'model.deeponet.learnable_rk4.4.weight', 'model.deeponet.pool.blocks.1.attn.in_proj_bias', 'model.deeponet.pool.blocks.2.ff.2.bias', 'model.deeponet.learnable_rk4.4.bias', 'model.deeponet.pool.blocks.0.ln2.weight', 'model.deeponet.pool.blocks.2.ff.0.weight', 'model.deeponet.pool.blocks.0.ln_kv.weight', 'model.deeponet.pool.blocks.1.ln_q.weight', 'model.deeponet.branch.1.weight', 'model.deeponet.rhs.0.bias', 'model.deeponet.pool.blocks.2.ln2.bias', 'model.deeponet.trunk.4.bias', 'model.deeponet.pool.queries', 'model.deeponet.pool.blocks.1.attn.in_proj_weight', 'model.deeponet.branch.1.bias', 'model.deeponet.pool.blocks.0.ln_q.weight', 'model.deeponet.pool.blocks.0.ff.0.bias', 'model.deeponet.pool.in_proj.bias', 'model.deeponet.pool.blocks.2.attn.out_proj.weight', 'model.deeponet.pool.blocks.0.ln_q.bias', 'model.deeponet.pool.blocks.0.ff.2.bias', 'model.deeponet.pool.blocks.0.ff.2.weight', 'model.deeponet.pool.blocks.1.ln2.bias'}
Reducing the number of VLM layers to 16 ...
Fetching 4 files:   0%|          | 0/4 [00:00<?, ?it/s]Fetching 4 files: 100%|██████████| 4/4 [00:00<00:00, 6878.73it/s]
Fetching 4 files:   0%|          | 0/4 [00:00<?, ?it/s]Fetching 4 files: 100%|██████████| 4/4 [00:00<00:00, 15577.73it/s]
[train] dataset frames=52970 episodes=432 -> 1 epoch = 1104 steps @ batch 48
[train] planned frames seen = 398400 = 7.52 epochs

=== stage1 | steps=1650 batch=48 trainable: head=10.46M backbone=0.0M ===
[stage1] step    199 | mse=0.7690 L1=0.7105 PH=0.0000 RATE=0.0000 total=0.7690 | VRAM=9.9GB | 0.398s/it
[stage1] step    399 | mse=0.6210 L1=0.6296 PH=0.0000 RATE=0.0000 total=0.6210 | VRAM=9.9GB | 0.393s/it
[stage1] step    599 | mse=0.5311 L1=0.5821 PH=0.0000 RATE=0.0000 total=0.5311 | VRAM=9.9GB | 0.397s/it
[stage1] step    799 | mse=0.4821 L1=0.5533 PH=0.0000 RATE=0.0000 total=0.4821 | VRAM=9.9GB | 0.401s/it
[stage1] step    999 | mse=0.4407 L1=0.5251 PH=0.0000 RATE=0.0000 total=0.4407 | VRAM=9.9GB | 0.400s/it
[stage1] step   1199 | mse=0.4038 L1=0.5049 PH=0.0000 RATE=0.0000 total=0.4038 | VRAM=9.9GB | 5.784s/it
[stage1] step   1399 | mse=0.3835 L1=0.4907 PH=0.0000 RATE=0.0000 total=0.3835 | VRAM=9.9GB | 0.409s/it
[stage1] step   1599 | mse=0.3585 L1=0.4755 PH=0.0000 RATE=0.0000 total=0.3585 | VRAM=9.9GB | 0.400s/it
[ckpt] saved -> runs/til_s0/checkpoints/1650  (EMA weights)

=== stage2 | steps=6650 batch=48 trainable: head=10.46M backbone=350.2M ===
[stage2] step   1849 | mse=0.3425 L1=0.4671 PH=0.0000 RATE=0.0000 total=0.3425 | VRAM=50.7GB | 0.767s/it
[stage2] step   2049 | mse=0.3313 L1=0.4587 PH=0.0000 RATE=0.0000 total=0.3313 | VRAM=50.7GB | 0.771s/it
[stage2] step   2249 | mse=0.3191 L1=0.4488 PH=0.0000 RATE=0.0000 total=0.3191 | VRAM=50.7GB | 0.788s/it
[stage2] step   2449 | mse=0.3112 L1=0.4451 PH=0.0000 RATE=0.0000 total=0.3112 | VRAM=50.7GB | 0.779s/it
[stage2] step   2649 | mse=0.2971 L1=0.4350 PH=0.0000 RATE=0.0000 total=0.2971 | VRAM=50.7GB | 0.771s/it
[stage2] step   2849 | mse=0.2823 L1=0.4277 PH=0.0000 RATE=0.0000 total=0.2823 | VRAM=50.7GB | 0.771s/it
[stage2] step   3049 | mse=0.2681 L1=0.4193 PH=0.0000 RATE=0.0000 total=0.2681 | VRAM=50.7GB | 0.770s/it
[stage2] step   3249 | mse=0.2619 L1=0.4140 PH=0.0000 RATE=0.0000 total=0.2619 | VRAM=50.7GB | 0.776s/it
[stage2] step   3449 | mse=0.2452 L1=0.4062 PH=0.0000 RATE=0.0000 total=0.2452 | VRAM=50.7GB | 0.773s/it
[stage2] step   3649 | mse=0.2429 L1=0.4030 PH=0.0000 RATE=0.0000 total=0.2429 | VRAM=50.7GB | 0.766s/it
[ckpt] saved -> runs/til_s0/checkpoints/3650  (EMA weights)
[stage2] step   3849 | mse=0.2303 L1=0.3942 PH=0.0000 RATE=0.0000 total=0.2303 | VRAM=50.7GB | 0.747s/it
[stage2] step   4049 | mse=0.2182 L1=0.3899 PH=0.0000 RATE=0.0000 total=0.2182 | VRAM=50.7GB | 2.421s/it
[stage2] step   4249 | mse=0.2104 L1=0.3845 PH=0.0000 RATE=0.0000 total=0.2104 | VRAM=50.7GB | 0.772s/it
[stage2] step   4449 | mse=0.2013 L1=0.3778 PH=0.0000 RATE=0.0000 total=0.2013 | VRAM=50.7GB | 0.767s/it
[stage2] step   4649 | mse=0.1933 L1=0.3737 PH=0.0000 RATE=0.0000 total=0.1933 | VRAM=50.7GB | 2.258s/it
[stage2] step   4849 | mse=0.1874 L1=0.3689 PH=0.0000 RATE=0.0000 total=0.1874 | VRAM=50.7GB | 0.768s/it
[stage2] step   5049 | mse=0.1800 L1=0.3620 PH=0.0000 RATE=0.0000 total=0.1800 | VRAM=50.7GB | 0.776s/it
[stage2] step   5249 | mse=0.1739 L1=0.3613 PH=0.0000 RATE=0.0000 total=0.1739 | VRAM=50.7GB | 0.770s/it
[stage2] step   5449 | mse=0.1662 L1=0.3577 PH=0.0000 RATE=0.0000 total=0.1662 | VRAM=50.7GB | 0.763s/it
[stage2] step   5649 | mse=0.1640 L1=0.3531 PH=0.0000 RATE=0.0000 total=0.1640 | VRAM=50.7GB | 1.865s/it
[ckpt] saved -> runs/til_s0/checkpoints/5650  (EMA weights)
[stage2] step   5849 | mse=0.1577 L1=0.3468 PH=0.0000 RATE=0.0000 total=0.1577 | VRAM=50.7GB | 0.786s/it
[stage2] step   6049 | mse=0.1547 L1=0.3446 PH=0.0000 RATE=0.0000 total=0.1547 | VRAM=50.7GB | 0.763s/it
[stage2] step   6249 | mse=0.1482 L1=0.3427 PH=0.0000 RATE=0.0000 total=0.1482 | VRAM=50.7GB | 0.762s/it
[stage2] step   6449 | mse=0.1453 L1=0.3383 PH=0.0000 RATE=0.0000 total=0.1453 | VRAM=50.7GB | 0.770s/it
[stage2] step   6649 | mse=0.1430 L1=0.3343 PH=0.0000 RATE=0.0000 total=0.1430 | VRAM=50.7GB | 0.772s/it
[stage2] step   6849 | mse=0.1393 L1=0.3329 PH=0.0000 RATE=0.0000 total=0.1393 | VRAM=50.7GB | 0.786s/it
[stage2] step   7049 | mse=0.1361 L1=0.3309 PH=0.0000 RATE=0.0000 total=0.1361 | VRAM=50.7GB | 0.772s/it
[stage2] step   7249 | mse=0.1325 L1=0.3259 PH=0.0000 RATE=0.0000 total=0.1325 | VRAM=50.7GB | 2.540s/it
[stage2] step   7449 | mse=0.1288 L1=0.3250 PH=0.0000 RATE=0.0000 total=0.1288 | VRAM=50.7GB | 0.945s/it
[stage2] step   7649 | mse=0.1272 L1=0.3241 PH=0.0000 RATE=0.0000 total=0.1272 | VRAM=50.7GB | 0.769s/it
[ckpt] saved -> runs/til_s0/checkpoints/7650  (EMA weights)
[stage2] step   7849 | mse=0.1281 L1=0.3205 PH=0.0000 RATE=0.0000 total=0.1281 | VRAM=50.7GB | 2.456s/it
[stage2] step   8049 | mse=0.1243 L1=0.3199 PH=0.0000 RATE=0.0000 total=0.1243 | VRAM=50.7GB | 0.770s/it
[stage2] step   8249 | mse=0.1227 L1=0.3169 PH=0.0000 RATE=0.0000 total=0.1227 | VRAM=50.7GB | 0.762s/it
[ckpt] saved -> runs/til_s0/checkpoints/8300  (EMA weights)

[train] DONE head=deeponet variant=baseline steps=8300 wall=123.7 min -> runs/til_s0
