[train] head=deeponet variant=baseline seed=0 out=runs/asrc_long_s0
Warning: You are sending unauthenticated requests to the HF Hub. Please set a HF_TOKEN to enable higher rate limits and faster downloads.
WARNING:huggingface_hub.utils._http:Warning: You are sending unauthenticated requests to the HF Hub. Please set a HF_TOKEN to enable higher rate limits and faster downloads.
`torch_dtype` is deprecated! Use `dtype` instead!
Loading  HuggingFaceTB/SmolVLM2-500M-Video-Instruct weights ...
Loading weights:   0%|          | 0/489 [00:00<?, ?it/s]Loading weights: 100%|██████████| 489/489 [00:00<00:00, 6844.47it/s]
Reducing the number of VLM layers to 16 ...
Loading  HuggingFaceTB/SmolVLM2-500M-Video-Instruct weights ...
Loading weights:   0%|          | 0/489 [00:00<?, ?it/s]Loading weights: 100%|██████████| 489/489 [00:00<00:00, 6657.13it/s]
WARNING:root:Missing key(s) when loading model: {'model.deeponet.rhs.0.weight', 'model.deeponet.pool.blocks.0.ff.2.bias', 'model.deeponet.pool.blocks.2.attn.out_proj.weight', 'model.deeponet.pool.blocks.2.ln_kv.bias', 'model.deeponet.pool.blocks.0.ln_kv.bias', 'model.deeponet.pool.blocks.1.ln2.bias', 'model.deeponet.pool.blocks.0.attn.out_proj.bias', 'model.deeponet.pool.blocks.1.attn.in_proj_weight', 'model.deeponet.pool.blocks.0.ff.0.bias', 'model.deeponet.pool.blocks.0.ln_q.weight', 'model.deeponet.pool.blocks.2.ln_q.bias', 'model.deeponet.branch.3.bias', 'model.deeponet.pool.blocks.0.ln2.bias', 'model.deeponet.trunk.4.bias', 'model.deeponet.pool.blocks.0.ln_kv.weight', 'model.deeponet.pool.blocks.0.attn.out_proj.weight', 'model.deeponet.rhs.0.bias', 'model.deeponet.pool.blocks.1.ln_kv.weight', 'model.deeponet.pool.blocks.2.ln_q.weight', 'model.deeponet.direct.0.weight', 'model.deeponet.branch.1.bias', 'model.deeponet.pool.blocks.0.ff.2.weight', 'model.deeponet.pool.blocks.1.ln2.weight', 'model.deeponet.pool.blocks.2.ff.2.weight', 'model.deeponet.pool.blocks.1.ln_kv.bias', 'model.deeponet.pool.blocks.0.attn.in_proj_bias', 'model.deeponet.pool.blocks.2.attn.in_proj_weight', 'model.deeponet.pool.blocks.2.ln2.bias', 'model.deeponet.direct.0.bias', 'model.deeponet.direct.2.weight', 'model.deeponet.branch.0.bias', 'model.deeponet.direct.2.bias', 'model.deeponet.trunk.0.bias', 'model.deeponet.trunk.2.weight', 'model.deeponet.trunk.0.weight', 'model.deeponet.branch.3.weight', 'model.deeponet.pool.blocks.2.ln2.weight', 'model.deeponet.pool.blocks.2.attn.in_proj_bias', 'model.deeponet.pool.in_proj.bias', 'model.deeponet.branch.0.weight', 'model.deeponet.trunk.2.bias', 'model.deeponet.pool.blocks.1.ff.2.bias', 'model.deeponet.pool.blocks.2.ff.0.weight', 'model.deeponet.branch.1.weight', 'model.deeponet.pool.blocks.0.attn.in_proj_weight', 'model.deeponet.pool.in_proj.weight', 'model.deeponet.trunk.4.weight', 'model.deeponet.pool.blocks.1.attn.out_proj.bias', 'model.deeponet.pool.blocks.2.attn.out_proj.bias', 'model.deeponet.pool.blocks.2.ff.2.bias', 'model.deeponet.pool.blocks.2.ff.0.bias', 'model.deeponet.pool.blocks.1.ln_q.bias', 'model.deeponet.pool.blocks.1.ff.0.bias', 'model.deeponet.pool.blocks.1.ff.0.weight', 'model.deeponet.pool.blocks.0.ln2.weight', 'model.deeponet.pool.blocks.1.attn.in_proj_bias', 'model.deeponet.pool.blocks.1.ln_q.weight', 'model.deeponet.pool.blocks.1.ff.2.weight', 'model.deeponet.pool.blocks.0.ln_q.bias', 'model.deeponet.pool.queries', 'model.deeponet.rhs.2.weight', 'model.deeponet.pool.blocks.2.ln_kv.weight', 'model.deeponet.pool.blocks.0.ff.0.weight', 'model.deeponet.rhs.2.bias', 'model.deeponet.pool.blocks.1.attn.out_proj.weight'}
Reducing the number of VLM layers to 16 ...
Fetching 4 files:   0%|          | 0/4 [00:00<?, ?it/s]Fetching 4 files: 100%|██████████| 4/4 [00:00<00:00, 89240.51it/s]
Fetching 4 files:   0%|          | 0/4 [00:00<?, ?it/s]Fetching 4 files: 100%|██████████| 4/4 [00:00<00:00, 123361.88it/s]
[train] dataset frames=101469 episodes=379 -> 1 epoch = 2114 steps @ batch 48
[train] planned frames seen = 398400 = 3.93 epochs

=== stage1 | steps=1650 batch=48 trainable: head=10.46M backbone=0.0M ===
[stage1] step    199 | mse=0.8629 L1=0.6757 PH=0.0000 RATE=0.0004 total=0.8629 | VRAM=9.9GB | 0.401s/it
[stage1] step    399 | mse=0.6730 L1=0.6025 PH=0.0000 RATE=0.0007 total=0.6731 | VRAM=9.9GB | 0.390s/it
[stage1] step    599 | mse=0.5592 L1=0.5602 PH=0.0000 RATE=0.0003 total=0.5592 | VRAM=9.9GB | 0.391s/it
[stage1] step    799 | mse=0.4903 L1=0.5258 PH=0.0000 RATE=0.0004 total=0.4904 | VRAM=9.9GB | 0.385s/it
[stage1] step    999 | mse=0.4484 L1=0.5034 PH=0.0000 RATE=0.0004 total=0.4484 | VRAM=9.9GB | 0.392s/it
[stage1] step   1199 | mse=0.4228 L1=0.4876 PH=0.0000 RATE=0.0004 total=0.4228 | VRAM=9.9GB | 0.390s/it
[stage1] step   1399 | mse=0.4017 L1=0.4734 PH=0.0000 RATE=0.0005 total=0.4017 | VRAM=9.9GB | 0.397s/it
[stage1] step   1599 | mse=0.3866 L1=0.4676 PH=0.0000 RATE=0.0004 total=0.3866 | VRAM=9.9GB | 0.399s/it
[ckpt] saved -> runs/asrc_long_s0/checkpoints/1650  (EMA weights)

=== stage2 | steps=6650 batch=48 trainable: head=10.46M backbone=350.2M ===
[stage2] step   1849 | mse=0.3720 L1=0.4570 PH=0.0000 RATE=0.0004 total=0.3720 | VRAM=50.7GB | 0.756s/it
[stage2] step   2049 | mse=0.3571 L1=0.4480 PH=0.0000 RATE=0.0004 total=0.3571 | VRAM=50.8GB | 0.745s/it
[stage2] step   2249 | mse=0.3505 L1=0.4441 PH=0.0000 RATE=0.0004 total=0.3506 | VRAM=50.8GB | 0.748s/it
[stage2] step   2449 | mse=0.3367 L1=0.4361 PH=0.0000 RATE=0.0004 total=0.3367 | VRAM=50.7GB | 1.871s/it
[stage2] step   2649 | mse=0.3276 L1=0.4294 PH=0.0000 RATE=0.0004 total=0.3276 | VRAM=50.7GB | 0.759s/it
[stage2] step   2849 | mse=0.3098 L1=0.4199 PH=0.0000 RATE=0.0003 total=0.3098 | VRAM=50.7GB | 0.746s/it
[stage2] step   3049 | mse=0.2983 L1=0.4116 PH=0.0000 RATE=0.0004 total=0.2984 | VRAM=50.7GB | 2.314s/it
[stage2] step   3249 | mse=0.2868 L1=0.4047 PH=0.0000 RATE=0.0003 total=0.2868 | VRAM=50.7GB | 0.764s/it
[stage2] step   3449 | mse=0.2802 L1=0.3996 PH=0.0000 RATE=0.0003 total=0.2803 | VRAM=50.7GB | 0.751s/it
[stage2] step   3649 | mse=0.2715 L1=0.3934 PH=0.0000 RATE=0.0003 total=0.2715 | VRAM=50.7GB | 0.754s/it
[ckpt] saved -> runs/asrc_long_s0/checkpoints/3650  (EMA weights)
[stage2] step   3849 | mse=0.2595 L1=0.3872 PH=0.0000 RATE=0.0004 total=0.2595 | VRAM=50.7GB | 0.755s/it
[stage2] step   4049 | mse=0.2460 L1=0.3796 PH=0.0000 RATE=0.0003 total=0.2460 | VRAM=50.7GB | 0.742s/it
[stage2] step   4249 | mse=0.2381 L1=0.3731 PH=0.0000 RATE=0.0004 total=0.2381 | VRAM=50.7GB | 0.746s/it
[stage2] step   4449 | mse=0.2318 L1=0.3678 PH=0.0000 RATE=0.0003 total=0.2319 | VRAM=50.7GB | 0.741s/it
[stage2] step   4649 | mse=0.2270 L1=0.3637 PH=0.0000 RATE=0.0003 total=0.2271 | VRAM=50.7GB | 0.744s/it
[stage2] step   4849 | mse=0.2180 L1=0.3580 PH=0.0000 RATE=0.0003 total=0.2180 | VRAM=50.7GB | 0.764s/it
[stage2] step   5049 | mse=0.2122 L1=0.3525 PH=0.0000 RATE=0.0004 total=0.2122 | VRAM=50.7GB | 0.742s/it
[stage2] step   5249 | mse=0.2057 L1=0.3500 PH=0.0000 RATE=0.0004 total=0.2057 | VRAM=50.7GB | 0.759s/it
[stage2] step   5449 | mse=0.1981 L1=0.3448 PH=0.0000 RATE=0.0004 total=0.1982 | VRAM=50.7GB | 0.744s/it
[stage2] step   5649 | mse=0.1949 L1=0.3395 PH=0.0000 RATE=0.0003 total=0.1949 | VRAM=50.7GB | 0.754s/it
[ckpt] saved -> runs/asrc_long_s0/checkpoints/5650  (EMA weights)
[stage2] step   5849 | mse=0.1873 L1=0.3393 PH=0.0000 RATE=0.0003 total=0.1874 | VRAM=50.7GB | 0.753s/it
[stage2] step   6049 | mse=0.1778 L1=0.3259 PH=0.0000 RATE=0.0003 total=0.1778 | VRAM=50.7GB | 0.750s/it
[stage2] step   6249 | mse=0.1729 L1=0.3260 PH=0.0000 RATE=0.0004 total=0.1729 | VRAM=50.7GB | 2.444s/it
[stage2] step   6449 | mse=0.1674 L1=0.3197 PH=0.0000 RATE=0.0004 total=0.1674 | VRAM=50.7GB | 0.774s/it
[stage2] step   6649 | mse=0.1662 L1=0.3180 PH=0.0000 RATE=0.0003 total=0.1663 | VRAM=50.7GB | 0.757s/it
[stage2] step   6849 | mse=0.1607 L1=0.3138 PH=0.0000 RATE=0.0003 total=0.1608 | VRAM=50.7GB | 3.126s/it
[stage2] step   7049 | mse=0.1576 L1=0.3114 PH=0.0000 RATE=0.0003 total=0.1577 | VRAM=50.7GB | 0.779s/it
[stage2] step   7249 | mse=0.1559 L1=0.3075 PH=0.0000 RATE=0.0003 total=0.1559 | VRAM=50.7GB | 0.743s/it
[stage2] step   7449 | mse=0.1518 L1=0.3049 PH=0.0000 RATE=0.0004 total=0.1518 | VRAM=50.7GB | 3.247s/it
[stage2] step   7649 | mse=0.1490 L1=0.3013 PH=0.0000 RATE=0.0003 total=0.1490 | VRAM=50.7GB | 0.753s/it
[ckpt] saved -> runs/asrc_long_s0/checkpoints/7650  (EMA weights)
[stage2] step   7849 | mse=0.1438 L1=0.3013 PH=0.0000 RATE=0.0004 total=0.1438 | VRAM=50.7GB | 0.758s/it
[stage2] step   8049 | mse=0.1413 L1=0.2946 PH=0.0000 RATE=0.0003 total=0.1413 | VRAM=50.7GB | 1.794s/it
[stage2] step   8249 | mse=0.1344 L1=0.2888 PH=0.0000 RATE=0.0004 total=0.1345 | VRAM=50.7GB | 0.746s/it
[ckpt] saved -> runs/asrc_long_s0/checkpoints/8300  (EMA weights)

[train] DONE head=deeponet variant=baseline steps=8300 wall=125.4 min -> runs/asrc_long_s0
