[robosuite WARNING] No private macro file found! (macros.py:57)
[robosuite WARNING] It is recommended to use a private macro file (macros.py:58)
[robosuite WARNING] To setup, run: python /home/user/Isaac-GR00T/gr00t/eval/sim/robocasa/robocasa_uv/.venv/lib/python3.10/site-packages/robosuite/scripts/setup_macros.py (macros.py:59)
[robosuite WARNING] Could not import robosuite_models. Some robots may not be available. If you want to use these robots, please install robosuite_models from source (https://github.com/ARISE-Initiative/robosuite_models) or through pip install. (__init__.py:30)
[robosuite WARNING] Could not load the mink-based whole-body IK. Make sure you install related import properly (e.g. pip install mink==0.0.5), otherwise you will not be able to use the default IK controller setting for GR1 robot. (__init__.py:40)
[robosuite WARNING] No private macro file found! (macros.py:28)
[robosuite WARNING] It is recommended to use a private macro file (macros.py:29)
[robosuite WARNING] To setup, run: python /home/user/Isaac-GR00T/external_dependencies/robocasa/robocasa/scripts/setup_macros.py (macros.py:30)
[robosuite INFO] Loading controller configuration from: /home/user/Isaac-GR00T/gr00t/eval/sim/robocasa/robocasa_uv/.venv/lib/python3.10/site-packages/robosuite/controllers/config/robots/default_pandaomron.json (composite_controller_factory.py:121)
/home/user/Isaac-GR00T/gr00t/eval/sim/robocasa/robocasa_uv/.venv/lib/python3.10/site-packages/gymnasium/utils/passive_env_checker.py:159: UserWarning: [33mWARN: The obs returned by the `reset()` method is not within the observation space.[0m
  logger.warn(f"{pre} is not within the observation space.")
Running collecting 10 episodes for robocasa_panda_omron/OpenDrawer_PandaOmron_Env with 1 vec envs
WARNING: mimicgen environments not imported since mimicgen is not installed!
Episodes:   0%|          | 0/10 [00:00<?, ?it/s]/home/user/Isaac-GR00T/gr00t/eval/sim/robocasa/robocasa_uv/.venv/lib/python3.10/site-packages/gymnasium/utils/passive_env_checker.py:159: UserWarning: [33mWARN: The obs returned by the `step()` method is not within the observation space.[0m
  logger.warn(f"{pre} is not within the observation space.")
Episodes:  10%|█         | 1/10 [00:30<04:31, 30.12s/it]Episodes:  20%|██        | 2/10 [00:46<02:57, 22.14s/it]Episodes:  30%|███       | 3/10 [01:20<03:13, 27.65s/it]Episodes:  40%|████      | 4/10 [01:50<02:50, 28.35s/it]Episodes:  50%|█████     | 5/10 [02:08<02:03, 24.65s/it]Episodes:  60%|██████    | 6/10 [02:24<01:27, 21.82s/it]Episodes:  70%|███████   | 7/10 [02:39<00:58, 19.61s/it]Episodes:  80%|████████  | 8/10 [03:02<00:41, 20.67s/it]Episodes:  90%|█████████ | 9/10 [03:21<00:20, 20.05s/it]Episodes: 100%|██████████| 10/10 [03:39<00:00, 19.38s/it]Episodes: 100%|██████████| 10/10 [03:39<00:00, 21.93s/it]
Collecting 10 episodes took 241.03602862358093 seconds
Video saved to:  /tmp/sim_eval_videos_robocasa_panda_omron/OpenDrawer_PandaOmron_Env_ac8_936c24c2-ae4f-4e6c-8ca9-cedaa10c807d
results:  ('robocasa_panda_omron/OpenDrawer_PandaOmron_Env', [False, True, False, False, True, True, True, True, True, True], {})
success rate:  0.7
