Fetching 4 files:   0%|          | 0/4 [00:00<?, ?it/s]Fetching 4 files: 100%|██████████| 4/4 [00:00<00:00, 104206.31it/s]
Warning: You are sending unauthenticated requests to the HF Hub. Please set a HF_TOKEN to enable higher rate limits and faster downloads.
WARNING:huggingface_hub.utils._http:Warning: You are sending unauthenticated requests to the HF Hub. Please set a HF_TOKEN to enable higher rate limits and faster downloads.
`torch_dtype` is deprecated! Use `dtype` instead!
Loading  HuggingFaceTB/SmolVLM2-500M-Video-Instruct weights ...
Loading weights:   0%|          | 0/489 [00:00<?, ?it/s]Loading weights: 100%|██████████| 489/489 [00:00<00:00, 6166.93it/s]
[robosuite WARNING] No private macro file found! (__init__.py:7)
WARNING:robosuite_logs:No private macro file found!
[robosuite WARNING] It is recommended to use a private macro file (__init__.py:8)
WARNING:robosuite_logs:It is recommended to use a private macro file
[robosuite WARNING] To setup, run: python /home/user/anaconda3/envs/vla_smolvla_libero/lib/python3.12/site-packages/robosuite/scripts/setup_macros.py (__init__.py:9)
WARNING:robosuite_logs:To setup, run: python /home/user/anaconda3/envs/vla_smolvla_libero/lib/python3.12/site-packages/robosuite/scripts/setup_macros.py
Reducing the number of VLM layers to 16 ...
Loading weights from local directory
[info] using task orders [0, 1, 2, 3, 4, 5, 6, 7, 8, 9]
Local assets not found. Downloading from HuggingFace Hub...
Assets already downloaded at /home/user/.cache/libero/assets
[libero_10 t0 explore] seed=80000 success=False n_stalled=285/520
[libero_10 t0 explore] seed=80001 success=False n_stalled=410/520
[libero_10 t0 explore] seed=80002 success=False n_stalled=156/520
[libero_10 t0 explore] seed=80003 success=False n_stalled=228/520
[libero_10 t0 explore] seed=80004 success=False n_stalled=122/520
[libero_10 t0 explore] seed=80005 success=False n_stalled=37/520
[libero_10 t0 explore] seed=80006 success=False n_stalled=328/520
[libero_10 t0 explore] seed=80007 success=False n_stalled=291/520
[libero_10 t0 explore] seed=80008 success=False n_stalled=150/520
[libero_10 t0 explore] seed=80009 success=False n_stalled=180/520
Loading  HuggingFaceTB/SmolVLM2-500M-Video-Instruct weights ...
Loading weights:   0%|          | 0/489 [00:00<?, ?it/s]Loading weights: 100%|██████████| 489/489 [00:00<00:00, 6849.75it/s]
Reducing the number of VLM layers to 16 ...
Loading weights from local directory
[info] using task orders [0, 1, 2, 3, 4, 5, 6, 7, 8, 9]
[libero_spatial t8 explore] seed=50800 success=True n_stalled=0/96
[libero_spatial t8 explore] seed=50801 success=False n_stalled=40/220
[libero_spatial t8 explore] seed=50802 success=True n_stalled=0/104
[libero_spatial t8 explore] seed=50803 success=True n_stalled=0/112
[libero_spatial t8 explore] seed=50804 success=True n_stalled=0/97
[libero_spatial t8 explore] seed=50805 success=True n_stalled=0/97
[libero_spatial t8 explore] seed=50806 success=True n_stalled=0/103
[libero_spatial t8 explore] seed=50807 success=False n_stalled=93/220
[libero_spatial t8 explore] seed=50808 success=True n_stalled=2/98
[libero_spatial t8 explore] seed=50809 success=True n_stalled=0/99

=== PILOT SUMMARY (n=10/task, explore_noise=0.3) ===
libero_10_t0: 0/10 = 0.00
libero_spatial_t8: 8/10 = 0.80
Exception ignored in: <function MjRenderContext.__del__ at 0x76a8a2c8ade0>
Traceback (most recent call last):
  File "/home/user/anaconda3/envs/vla_smolvla_libero/lib/python3.12/site-packages/robosuite/utils/binding_utils.py", line 199, in __del__
    self.gl_ctx.free()
  File "/home/user/anaconda3/envs/vla_smolvla_libero/lib/python3.12/site-packages/robosuite/renderers/context/egl_context.py", line 149, in free
    EGL.eglMakeCurrent(EGL_DISPLAY, EGL.EGL_NO_SURFACE, EGL.EGL_NO_SURFACE, EGL.EGL_NO_CONTEXT)
  File "/home/user/anaconda3/envs/vla_smolvla_libero/lib/python3.12/site-packages/OpenGL/error.py", line 230, in glCheckError
    raise self._errorClass(
OpenGL.raw.EGL._errors.EGLError: EGLError(
	err = EGL_NOT_INITIALIZED,
	baseOperation = eglMakeCurrent,
	cArguments = (
		<OpenGL._opaque.EGLDisplay_pointer object at 0x76a8920df5d0>,
		<OpenGL._opaque.EGLSurface_pointer object at 0x76a8a86ba350>,
		<OpenGL._opaque.EGLSurface_pointer object at 0x76a8a86ba350>,
		<OpenGL._opaque.EGLContext_pointer object at 0x76a8a86ba250>,
	),
	result = 0
)
Exception ignored in: <function EGLGLContext.__del__ at 0x76a8a2c8aca0>
Traceback (most recent call last):
  File "/home/user/anaconda3/envs/vla_smolvla_libero/lib/python3.12/site-packages/robosuite/renderers/context/egl_context.py", line 155, in __del__
    self.free()
  File "/home/user/anaconda3/envs/vla_smolvla_libero/lib/python3.12/site-packages/robosuite/renderers/context/egl_context.py", line 149, in free
    EGL.eglMakeCurrent(EGL_DISPLAY, EGL.EGL_NO_SURFACE, EGL.EGL_NO_SURFACE, EGL.EGL_NO_CONTEXT)
  File "/home/user/anaconda3/envs/vla_smolvla_libero/lib/python3.12/site-packages/OpenGL/error.py", line 230, in glCheckError
    raise self._errorClass(
OpenGL.raw.EGL._errors.EGLError: EGLError(
	err = EGL_NOT_INITIALIZED,
	baseOperation = eglMakeCurrent,
	cArguments = (
		<OpenGL._opaque.EGLDisplay_pointer object at 0x76a8920df5d0>,
		<OpenGL._opaque.EGLSurface_pointer object at 0x76a8a86ba350>,
		<OpenGL._opaque.EGLSurface_pointer object at 0x76a8a86ba350>,
		<OpenGL._opaque.EGLContext_pointer object at 0x76a8a86ba250>,
	),
	result = 0
)
