=== PRISM PROBE LAUNCHED AT Tue Aug 25 09:40:11 PM KST 2026 ===
Running Native 20 Hz (replan 5)...
[replan] OVERRIDE: 5 env steps (default would be 10 at 20 Hz)
[suite] libero_spatial -> prism_probe_results/v2_spatial_native_rp5.json/multirate_honest.json
Skipping v2_spatial_native_20env (complete at n=50: 78.0%)

SUMMARY (matched wall-clock, chunk-driven replan)
  v2_spatial_native_20env  78.0%
Running Native 20 Hz (replan 10)...
[replan] OVERRIDE: 10 env steps (default would be 10 at 20 Hz)
[suite] libero_spatial -> prism_probe_results/v2_spatial_native_rp10.json/multirate_honest.json
Skipping v2_spatial_native_20env (complete at n=50: 76.0%)

SUMMARY (matched wall-clock, chunk-driven replan)
  v2_spatial_native_20env  76.0%
Running 40 Hz Spline (replan 10)...
[replan] OVERRIDE: 10 env steps (default would be 10 at 20 Hz)
[suite] libero_spatial -> prism_probe_results/v2_spatial_spline_rp10.json/multirate_honest.json
Skipping v2_spatial_cadmag_spline_40env (complete at n=50: 74.0%)

SUMMARY (matched wall-clock, chunk-driven replan)
  v2_spatial_cadmag_spline_40env  74.0%
Running 40 Hz Spline (replan 20)...
[replan] OVERRIDE: 20 env steps (default would be 10 at 20 Hz)
[suite] libero_spatial -> prism_probe_results/v2_spatial_spline_rp20.json/multirate_honest.json
Skipping v2_spatial_cadmag_spline_40env (complete at n=50: 74.0%)

SUMMARY (matched wall-clock, chunk-driven replan)
  v2_spatial_cadmag_spline_40env  74.0%
Running 40 Hz ZOH (replan 10)...
[replan] OVERRIDE: 10 env steps (default would be 10 at 20 Hz)
[suite] libero_spatial -> prism_probe_results/v2_spatial_zoh_rp10.json/multirate_honest.json
Skipping v2_spatial_zoh_40env (complete at n=50: 66.0%)

SUMMARY (matched wall-clock, chunk-driven replan)
  v2_spatial_zoh_40env    66.0%
Running 40 Hz ZOH (replan 20)...
[replan] OVERRIDE: 20 env steps (default would be 10 at 20 Hz)
[suite] libero_spatial -> prism_probe_results/v2_spatial_zoh_rp20.json/multirate_honest.json
Skipping v2_spatial_zoh_40env (complete at n=50: 56.0%)

SUMMARY (matched wall-clock, chunk-driven replan)
  v2_spatial_zoh_40env    56.0%
Running 40 Hz PRISM (replan 10)...
[replan] OVERRIDE: 10 env steps (default would be 10 at 20 Hz)
[suite] libero_spatial -> prism_probe_results/v2_spatial_prism_rp10.json/multirate_honest.json
Skipping v2_spatial_prism_40env (complete at n=50: 64.0%)

SUMMARY (matched wall-clock, chunk-driven replan)
  v2_spatial_prism_40env  64.0%
Running 40 Hz PRISM (replan 20)...
[replan] OVERRIDE: 20 env steps (default would be 10 at 20 Hz)
[suite] libero_spatial -> prism_probe_results/v2_spatial_prism_rp20.json/multirate_honest.json
Skipping v2_spatial_prism_40env (complete at n=50: 2.0%)

SUMMARY (matched wall-clock, chunk-driven replan)
  v2_spatial_prism_40env   2.0%
=== PRISM PROBE COMPLETED AT Tue Aug 25 09:40:22 PM KST 2026 ===
