===== BASELINE EVAL suite=libero_10 ckpt=/media/user/C2FE578FFE577A9D/vla_matched/flow8300_10_s0/checkpoints/8300 =====
[suite] libero_10 -> baseline_results/libero_10_seed0_v2/multirate_libero_10.json

============================================================
ARM flow8300_libero_10_native_20env
============================================================
[stats] flow8300_libero_10_native_20env: normalizing with lerobot/libero_10_image
Loading  HuggingFaceTB/SmolVLM2-500M-Video-Instruct weights ...
Reducing the number of VLM layers to 16 ...
Loading weights from local directory
[info] using task orders [0, 1, 2, 3, 4, 5, 6, 7, 8, 9]
Local assets not found. Downloading from HuggingFace Hub...
Assets already downloaded at /home/user/.cache/libero/assets
[flow8300_libero_10_native_20env] settle window scaled to 10 steps (0.50 s at 20 Hz)
[flow8300_libero_10_native_20env] task 0 trial 00: x (520/520 steps)
[flow8300_libero_10_native_20env] task 0 trial 01: x (520/520 steps)
[flow8300_libero_10_native_20env] task 0 trial 02: OK (416/520 steps)
[flow8300_libero_10_native_20env] task 0 trial 03: x (520/520 steps)
[flow8300_libero_10_native_20env] task 0 trial 04: x (520/520 steps)
[flow8300_libero_10_native_20env] task 0 trial 05: x (520/520 steps)
[flow8300_libero_10_native_20env] task 0 trial 06: x (520/520 steps)
[flow8300_libero_10_native_20env] task 0 trial 07: x (520/520 steps)
[flow8300_libero_10_native_20env] task 0 trial 08: OK (260/520 steps)
[flow8300_libero_10_native_20env] task 0 trial 09: x (520/520 steps)
[info] using task orders [0, 1, 2, 3, 4, 5, 6, 7, 8, 9]
[flow8300_libero_10_native_20env] task 1 trial 00: x (520/520 steps)
[flow8300_libero_10_native_20env] task 1 trial 01: x (520/520 steps)
[flow8300_libero_10_native_20env] task 1 trial 02: OK (235/520 steps)
[flow8300_libero_10_native_20env] task 1 trial 03: OK (234/520 steps)
[flow8300_libero_10_native_20env] task 1 trial 04: OK (227/520 steps)
[flow8300_libero_10_native_20env] task 1 trial 05: x (520/520 steps)
[flow8300_libero_10_native_20env] task 1 trial 06: OK (266/520 steps)
[flow8300_libero_10_native_20env] task 1 trial 07: OK (217/520 steps)
[flow8300_libero_10_native_20env] task 1 trial 08: x (520/520 steps)
[flow8300_libero_10_native_20env] task 1 trial 09: OK (281/520 steps)
[info] using task orders [0, 1, 2, 3, 4, 5, 6, 7, 8, 9]
[flow8300_libero_10_native_20env] task 2 trial 00: OK (214/520 steps)
[flow8300_libero_10_native_20env] task 2 trial 01: x (520/520 steps)
[flow8300_libero_10_native_20env] task 2 trial 02: OK (228/520 steps)
[flow8300_libero_10_native_20env] task 2 trial 03: OK (255/520 steps)
[flow8300_libero_10_native_20env] task 2 trial 04: x (520/520 steps)
[flow8300_libero_10_native_20env] task 2 trial 05: OK (241/520 steps)
[flow8300_libero_10_native_20env] task 2 trial 06: OK (243/520 steps)
[flow8300_libero_10_native_20env] task 2 trial 07: OK (239/520 steps)
[flow8300_libero_10_native_20env] task 2 trial 08: OK (226/520 steps)
[flow8300_libero_10_native_20env] task 2 trial 09: OK (232/520 steps)
[info] using task orders [0, 1, 2, 3, 4, 5, 6, 7, 8, 9]
[flow8300_libero_10_native_20env] task 3 trial 00: OK (238/520 steps)
[flow8300_libero_10_native_20env] task 3 trial 01: OK (219/520 steps)
[flow8300_libero_10_native_20env] task 3 trial 02: x (520/520 steps)
[flow8300_libero_10_native_20env] task 3 trial 03: x (520/520 steps)
[flow8300_libero_10_native_20env] task 3 trial 04: OK (207/520 steps)
[flow8300_libero_10_native_20env] task 3 trial 05: OK (215/520 steps)
[flow8300_libero_10_native_20env] task 3 trial 06: OK (215/520 steps)
[flow8300_libero_10_native_20env] task 3 trial 07: OK (203/520 steps)
[flow8300_libero_10_native_20env] task 3 trial 08: OK (234/520 steps)
[flow8300_libero_10_native_20env] task 3 trial 09: OK (240/520 steps)
[info] using task orders [0, 1, 2, 3, 4, 5, 6, 7, 8, 9]
[flow8300_libero_10_native_20env] task 4 trial 00: OK (216/520 steps)
[flow8300_libero_10_native_20env] task 4 trial 01: OK (230/520 steps)
[flow8300_libero_10_native_20env] task 4 trial 02: x (520/520 steps)
[flow8300_libero_10_native_20env] task 4 trial 03: x (520/520 steps)
[flow8300_libero_10_native_20env] task 4 trial 04: x (520/520 steps)
[flow8300_libero_10_native_20env] task 4 trial 05: OK (244/520 steps)
[flow8300_libero_10_native_20env] task 4 trial 06: OK (227/520 steps)
[flow8300_libero_10_native_20env] task 4 trial 07: x (520/520 steps)
[flow8300_libero_10_native_20env] task 4 trial 08: OK (239/520 steps)
[flow8300_libero_10_native_20env] task 4 trial 09: OK (456/520 steps)
[info] using task orders [0, 1, 2, 3, 4, 5, 6, 7, 8, 9]
[flow8300_libero_10_native_20env] task 5 trial 00: OK (165/520 steps)
[flow8300_libero_10_native_20env] task 5 trial 01: OK (303/520 steps)
[flow8300_libero_10_native_20env] task 5 trial 02: OK (187/520 steps)
[flow8300_libero_10_native_20env] task 5 trial 03: OK (164/520 steps)
[flow8300_libero_10_native_20env] task 5 trial 04: OK (162/520 steps)
[flow8300_libero_10_native_20env] task 5 trial 05: OK (175/520 steps)
[flow8300_libero_10_native_20env] task 5 trial 06: OK (182/520 steps)
[flow8300_libero_10_native_20env] task 5 trial 07: OK (244/520 steps)
[flow8300_libero_10_native_20env] task 5 trial 08: OK (179/520 steps)
[flow8300_libero_10_native_20env] task 5 trial 09: OK (171/520 steps)
[info] using task orders [0, 1, 2, 3, 4, 5, 6, 7, 8, 9]
[flow8300_libero_10_native_20env] task 6 trial 00: OK (342/520 steps)
[flow8300_libero_10_native_20env] task 6 trial 01: OK (238/520 steps)
[flow8300_libero_10_native_20env] task 6 trial 02: OK (236/520 steps)
[flow8300_libero_10_native_20env] task 6 trial 03: x (520/520 steps)
[flow8300_libero_10_native_20env] task 6 trial 04: x (520/520 steps)
[flow8300_libero_10_native_20env] task 6 trial 05: x (520/520 steps)
[flow8300_libero_10_native_20env] task 6 trial 06: OK (222/520 steps)
[flow8300_libero_10_native_20env] task 6 trial 07: x (520/520 steps)
[flow8300_libero_10_native_20env] task 6 trial 08: x (520/520 steps)
[flow8300_libero_10_native_20env] task 6 trial 09: x (520/520 steps)
[info] using task orders [0, 1, 2, 3, 4, 5, 6, 7, 8, 9]
[flow8300_libero_10_native_20env] task 7 trial 00: x (520/520 steps)
[flow8300_libero_10_native_20env] task 7 trial 01: x (520/520 steps)
[flow8300_libero_10_native_20env] task 7 trial 02: x (520/520 steps)
[flow8300_libero_10_native_20env] task 7 trial 03: x (520/520 steps)
[flow8300_libero_10_native_20env] task 7 trial 04: x (520/520 steps)
[flow8300_libero_10_native_20env] task 7 trial 05: x (520/520 steps)
[flow8300_libero_10_native_20env] task 7 trial 06: x (520/520 steps)
[flow8300_libero_10_native_20env] task 7 trial 07: OK (233/520 steps)
[flow8300_libero_10_native_20env] task 7 trial 08: x (520/520 steps)
[flow8300_libero_10_native_20env] task 7 trial 09: x (520/520 steps)
[info] using task orders [0, 1, 2, 3, 4, 5, 6, 7, 8, 9]
[flow8300_libero_10_native_20env] task 8 trial 00: x (520/520 steps)
[flow8300_libero_10_native_20env] task 8 trial 01: OK (358/520 steps)
[flow8300_libero_10_native_20env] task 8 trial 02: OK (441/520 steps)
[flow8300_libero_10_native_20env] task 8 trial 03: x (520/520 steps)
[flow8300_libero_10_native_20env] task 8 trial 04: x (520/520 steps)
[flow8300_libero_10_native_20env] task 8 trial 05: x (520/520 steps)
[flow8300_libero_10_native_20env] task 8 trial 06: x (520/520 steps)
[flow8300_libero_10_native_20env] task 8 trial 07: OK (508/520 steps)
[flow8300_libero_10_native_20env] task 8 trial 08: x (520/520 steps)
[flow8300_libero_10_native_20env] task 8 trial 09: x (520/520 steps)
[info] using task orders [0, 1, 2, 3, 4, 5, 6, 7, 8, 9]
[flow8300_libero_10_native_20env] task 9 trial 00: OK (270/520 steps)
[flow8300_libero_10_native_20env] task 9 trial 01: OK (236/520 steps)
[flow8300_libero_10_native_20env] task 9 trial 02: OK (259/520 steps)
[flow8300_libero_10_native_20env] task 9 trial 03: OK (373/520 steps)
[flow8300_libero_10_native_20env] task 9 trial 04: OK (265/520 steps)
[flow8300_libero_10_native_20env] task 9 trial 05: x (520/520 steps)
[flow8300_libero_10_native_20env] task 9 trial 06: OK (254/520 steps)
[flow8300_libero_10_native_20env] task 9 trial 07: x (520/520 steps)
[flow8300_libero_10_native_20env] task 9 trial 08: OK (336/520 steps)
[flow8300_libero_10_native_20env] task 9 trial 09: x (520/520 steps)
[flow8300_libero_10_native_20env] diagnostics: 55/100 ok | fail_at_cap=45 fail_early=0 | succ_median=236.0/520
--> flow8300_libero_10_native_20env: 55.0% (520 steps @ 20 Hz = 11.0 s, replan every 10)


SUMMARY (matched wall-clock, chunk-driven replan)
  flow8300_libero_10_native_20env  55.0%
RESULT suite=libero_10 aggregate=55.00% (n=100) source=baseline_results/libero_10_seed0_v2/multirate_libero_10.json
[robosuite WARNING] No private macro file found! (__init__.py:7)
WARNING:robosuite_logs:No private macro file found!
[robosuite WARNING] It is recommended to use a private macro file (__init__.py:8)
WARNING:robosuite_logs:It is recommended to use a private macro file
[robosuite WARNING] To setup, run: python /home/user/anaconda3/envs/vla_smolvla_libero/lib/python3.12/site-packages/robosuite/scripts/setup_macros.py (__init__.py:9)
WARNING:robosuite_logs:To setup, run: python /home/user/anaconda3/envs/vla_smolvla_libero/lib/python3.12/site-packages/robosuite/scripts/setup_macros.py

Fetching 4 files:   0%|          | 0/4 [00:00<?, ?it/s]
Fetching 4 files: 100%|██████████| 4/4 [00:00<00:00, 104206.31it/s]
Warning: You are sending unauthenticated requests to the HF Hub. Please set a HF_TOKEN to enable higher rate limits and faster downloads.
WARNING:huggingface_hub.utils._http:Warning: You are sending unauthenticated requests to the HF Hub. Please set a HF_TOKEN to enable higher rate limits and faster downloads.
`torch_dtype` is deprecated! Use `dtype` instead!

Loading weights:   0%|          | 0/489 [00:00<?, ?it/s]
Loading weights: 100%|██████████| 489/489 [00:00<00:00, 6473.04it/s]


