Fetching 4 files:   0%|          | 0/4 [00:00<?, ?it/s]Fetching 4 files: 100%|██████████| 4/4 [00:00<00:00, 82241.25it/s]
Warning: You are sending unauthenticated requests to the HF Hub. Please set a HF_TOKEN to enable higher rate limits and faster downloads.
WARNING:huggingface_hub.utils._http:Warning: You are sending unauthenticated requests to the HF Hub. Please set a HF_TOKEN to enable higher rate limits and faster downloads.
`torch_dtype` is deprecated! Use `dtype` instead!
Loading  HuggingFaceTB/SmolVLM2-500M-Video-Instruct weights ...
Loading weights:   0%|          | 0/489 [00:00<?, ?it/s]Loading weights: 100%|██████████| 489/489 [00:00<00:00, 5155.41it/s]
[robosuite WARNING] No private macro file found! (__init__.py:7)
WARNING:robosuite_logs:No private macro file found!
[robosuite WARNING] It is recommended to use a private macro file (__init__.py:8)
WARNING:robosuite_logs:It is recommended to use a private macro file
[robosuite WARNING] To setup, run: python /home/user/anaconda3/envs/vla_smolvla_libero/lib/python3.12/site-packages/robosuite/scripts/setup_macros.py (__init__.py:9)
WARNING:robosuite_logs:To setup, run: python /home/user/anaconda3/envs/vla_smolvla_libero/lib/python3.12/site-packages/robosuite/scripts/setup_macros.py
Reducing the number of VLM layers to 16 ...
Loading weights from local directory
[info] using task orders [0, 1, 2, 3, 4, 5, 6, 7, 8, 9]
Local assets not found. Downloading from HuggingFace Hub...
Assets already downloaded at /home/user/.cache/libero/assets
[grpo group0 ep0 seed=60320] success=True max_joint_speed=0.9210 steps=161
[grpo group0 ep1 seed=60321] success=True max_joint_speed=1.0663 steps=149
[grpo group0 ep2 seed=60322] success=True max_joint_speed=0.8458 steps=157
[grpo group0 ep3 seed=60323] success=False max_joint_speed=1.1273 steps=280
===== grpo group 0 update: success_rate=0.750 =====
[grpo group1 ep4 seed=60324] success=True max_joint_speed=1.0516 steps=145
[grpo group1 ep5 seed=60325] success=False max_joint_speed=1.1544 steps=280
[grpo group1 ep6 seed=60326] success=True max_joint_speed=1.0097 steps=141
[grpo group1 ep7 seed=60327] success=True max_joint_speed=1.0405 steps=170
===== grpo group 1 update: success_rate=0.750 =====
[grpo group2 ep8 seed=60328] success=True max_joint_speed=0.9644 steps=149
[grpo group2 ep9 seed=60329] success=True max_joint_speed=1.0844 steps=152
[grpo group2 ep10 seed=60330] success=True max_joint_speed=0.9706 steps=176
[grpo group2 ep11 seed=60331] success=True max_joint_speed=1.0163 steps=138
===== grpo group 2 update: success_rate=1.000 =====
[grpo group3 ep12 seed=60332] success=True max_joint_speed=0.9896 steps=127
[grpo group3 ep13 seed=60333] success=True max_joint_speed=0.9312 steps=172
[grpo group3 ep14 seed=60334] success=True max_joint_speed=0.9548 steps=128
[grpo group3 ep15 seed=60335] success=False max_joint_speed=0.9266 steps=280
===== grpo group 3 update: success_rate=0.750 =====
[grpo group4 ep16 seed=60336] success=True max_joint_speed=0.8907 steps=142
[grpo group4 ep17 seed=60337] success=True max_joint_speed=1.0129 steps=186
[grpo group4 ep18 seed=60338] success=True max_joint_speed=1.0605 steps=153
[grpo group4 ep19 seed=60339] success=True max_joint_speed=1.0205 steps=149
===== grpo group 4 update: success_rate=1.000 =====
=== libero_object_task3_grpo DONE: success=17/20 elapsed=1437s -> /home/user/Desktop/multi-rate/vla-rft/logs/campaign_libero_object_task3_grpo.json ===
Fetching 4 files:   0%|          | 0/4 [00:00<?, ?it/s]Fetching 4 files: 100%|██████████| 4/4 [00:00<00:00, 111848.11it/s]
Loading  HuggingFaceTB/SmolVLM2-500M-Video-Instruct weights ...
Loading weights:   0%|          | 0/489 [00:00<?, ?it/s]Loading weights: 100%|██████████| 489/489 [00:00<00:00, 6454.87it/s]
Reducing the number of VLM layers to 16 ...
Loading weights from local directory
[info] using task orders [0, 1, 2, 3, 4, 5, 6, 7, 8, 9]
[grpo group0 ep0 seed=70320] success=True max_joint_speed=1.1836 steps=184
[grpo group0 ep1 seed=70321] success=True max_joint_speed=1.2109 steps=189
[grpo group0 ep2 seed=70322] success=True max_joint_speed=1.2209 steps=179
[grpo group0 ep3 seed=70323] success=True max_joint_speed=1.1519 steps=183
===== grpo group 0 update: success_rate=1.000 =====
[grpo group1 ep4 seed=70324] success=True max_joint_speed=1.1733 steps=188
[grpo group1 ep5 seed=70325] success=False max_joint_speed=1.0429 steps=300
[grpo group1 ep6 seed=70326] success=True max_joint_speed=1.3400 steps=196
[grpo group1 ep7 seed=70327] success=False max_joint_speed=1.1943 steps=300
===== grpo group 1 update: success_rate=0.500 =====
[grpo group2 ep8 seed=70328] success=True max_joint_speed=1.2345 steps=184
[grpo group2 ep9 seed=70329] success=True max_joint_speed=1.4264 steps=207
[grpo group2 ep10 seed=70330] success=True max_joint_speed=1.3648 steps=203
[grpo group2 ep11 seed=70331] success=False max_joint_speed=1.1513 steps=300
===== grpo group 2 update: success_rate=0.750 =====
[grpo group3 ep12 seed=70332] success=True max_joint_speed=1.2514 steps=200
[grpo group3 ep13 seed=70333] success=True max_joint_speed=1.3311 steps=173
[grpo group3 ep14 seed=70334] success=True max_joint_speed=1.2516 steps=196
[grpo group3 ep15 seed=70335] success=True max_joint_speed=1.2877 steps=171
===== grpo group 3 update: success_rate=1.000 =====
[grpo group4 ep16 seed=70336] success=True max_joint_speed=1.3869 steps=187
[grpo group4 ep17 seed=70337] success=True max_joint_speed=1.1918 steps=187
[grpo group4 ep18 seed=70338] success=True max_joint_speed=1.2253 steps=185
[grpo group4 ep19 seed=70339] success=True max_joint_speed=1.2202 steps=171
===== grpo group 4 update: success_rate=1.000 =====
=== libero_goal_task3_grpo DONE: success=17/20 elapsed=1235s -> /home/user/Desktop/multi-rate/vla-rft/logs/campaign_libero_goal_task3_grpo.json ===
Fetching 4 files:   0%|          | 0/4 [00:00<?, ?it/s]Fetching 4 files: 100%|██████████| 4/4 [00:00<00:00, 104857.60it/s]
Loading  HuggingFaceTB/SmolVLM2-500M-Video-Instruct weights ...
Loading weights:   0%|          | 0/489 [00:00<?, ?it/s]Loading weights: 100%|██████████| 489/489 [00:00<00:00, 5993.37it/s]
Reducing the number of VLM layers to 16 ...
Loading weights from local directory
[info] using task orders [0, 1, 2, 3, 4, 5, 6, 7, 8, 9]
[grpo group0 ep0 seed=80620] success=True max_joint_speed=0.9664 steps=241
[grpo group0 ep1 seed=80621] success=True max_joint_speed=0.9224 steps=216
[grpo group0 ep2 seed=80622] success=True max_joint_speed=0.9166 steps=293
[grpo group0 ep3 seed=80623] success=True max_joint_speed=0.9167 steps=223
===== grpo group 0 update: success_rate=1.000 =====
[grpo group1 ep4 seed=80624] success=False max_joint_speed=1.0415 steps=520
[grpo group1 ep5 seed=80625] success=False max_joint_speed=0.7804 steps=520
[grpo group1 ep6 seed=80626] success=True max_joint_speed=0.8102 steps=328
[grpo group1 ep7 seed=80627] success=False max_joint_speed=0.8828 steps=520
===== grpo group 1 update: success_rate=0.250 =====
[grpo group2 ep8 seed=80628] success=True max_joint_speed=0.9028 steps=240
[grpo group2 ep9 seed=80629] success=True max_joint_speed=0.9950 steps=483
[grpo group2 ep10 seed=80630] success=True max_joint_speed=0.8733 steps=350
[grpo group2 ep11 seed=80631] success=False max_joint_speed=1.0018 steps=520
===== grpo group 2 update: success_rate=0.750 =====
[grpo group3 ep12 seed=80632] success=True max_joint_speed=0.8777 steps=280
[grpo group3 ep13 seed=80633] success=True max_joint_speed=1.0552 steps=230
[grpo group3 ep14 seed=80634] success=True max_joint_speed=1.0307 steps=242
[grpo group3 ep15 seed=80635] success=False max_joint_speed=0.9605 steps=520
===== grpo group 3 update: success_rate=0.750 =====
[grpo group4 ep16 seed=80636] success=True max_joint_speed=0.9496 steps=283
[grpo group4 ep17 seed=80637] success=False max_joint_speed=1.0382 steps=520
[grpo group4 ep18 seed=80638] success=True max_joint_speed=0.9427 steps=487
[grpo group4 ep19 seed=80639] success=False max_joint_speed=1.0819 steps=520
===== grpo group 4 update: success_rate=0.500 =====
=== libero_10_task6_grpo DONE: success=13/20 elapsed=2355s -> /home/user/Desktop/multi-rate/vla-rft/logs/campaign_libero_10_task6_grpo.json ===
Exception ignored in: <function MjRenderContext.__del__ at 0x75b6da8c5580>
Traceback (most recent call last):
  File "/home/user/anaconda3/envs/vla_smolvla_libero/lib/python3.12/site-packages/robosuite/utils/binding_utils.py", line 199, in __del__
    self.gl_ctx.free()
  File "/home/user/anaconda3/envs/vla_smolvla_libero/lib/python3.12/site-packages/robosuite/renderers/context/egl_context.py", line 149, in free
    EGL.eglMakeCurrent(EGL_DISPLAY, EGL.EGL_NO_SURFACE, EGL.EGL_NO_SURFACE, EGL.EGL_NO_CONTEXT)
  File "/home/user/anaconda3/envs/vla_smolvla_libero/lib/python3.12/site-packages/OpenGL/error.py", line 230, in glCheckError
    raise self._errorClass(
OpenGL.raw.EGL._errors.EGLError: EGLError(
	err = EGL_NOT_INITIALIZED,
	baseOperation = eglMakeCurrent,
	cArguments = (
		<OpenGL._opaque.EGLDisplay_pointer object at 0x75b6c60dacd0>,
		<OpenGL._opaque.EGLSurface_pointer object at 0x75b6e582e650>,
		<OpenGL._opaque.EGLSurface_pointer object at 0x75b6e582e650>,
		<OpenGL._opaque.EGLContext_pointer object at 0x75b6e582e550>,
	),
	result = 0
)
Exception ignored in: <function EGLGLContext.__del__ at 0x75b6da8c5440>
Traceback (most recent call last):
  File "/home/user/anaconda3/envs/vla_smolvla_libero/lib/python3.12/site-packages/robosuite/renderers/context/egl_context.py", line 155, in __del__
    self.free()
  File "/home/user/anaconda3/envs/vla_smolvla_libero/lib/python3.12/site-packages/robosuite/renderers/context/egl_context.py", line 149, in free
    EGL.eglMakeCurrent(EGL_DISPLAY, EGL.EGL_NO_SURFACE, EGL.EGL_NO_SURFACE, EGL.EGL_NO_CONTEXT)
  File "/home/user/anaconda3/envs/vla_smolvla_libero/lib/python3.12/site-packages/OpenGL/error.py", line 230, in glCheckError
    raise self._errorClass(
OpenGL.raw.EGL._errors.EGLError: EGLError(
	err = EGL_NOT_INITIALIZED,
	baseOperation = eglMakeCurrent,
	cArguments = (
		<OpenGL._opaque.EGLDisplay_pointer object at 0x75b6c60dacd0>,
		<OpenGL._opaque.EGLSurface_pointer object at 0x75b6e582e650>,
		<OpenGL._opaque.EGLSurface_pointer object at 0x75b6e582e650>,
		<OpenGL._opaque.EGLContext_pointer object at 0x75b6e582e550>,
	),
	result = 0
)
