[libero_10] === baseline eval ===
[robosuite WARNING] No private macro file found! (__init__.py:7)
WARNING:robosuite_logs:No private macro file found!
[robosuite WARNING] It is recommended to use a private macro file (__init__.py:8)
WARNING:robosuite_logs:It is recommended to use a private macro file
[robosuite WARNING] To setup, run: python /home/user/anaconda3/envs/vla_smolvla_libero/lib/python3.12/site-packages/robosuite/scripts/setup_macros.py (__init__.py:9)
WARNING:robosuite_logs:To setup, run: python /home/user/anaconda3/envs/vla_smolvla_libero/lib/python3.12/site-packages/robosuite/scripts/setup_macros.py

Fetching 4 files:   0%|          | 0/4 [00:00<?, ?it/s]
Fetching 4 files: 100%|██████████| 4/4 [00:00<00:00, 89240.51it/s]
`torch_dtype` is deprecated! Use `dtype` instead!

Loading weights:   0%|          | 0/489 [00:00<?, ?it/s]
Loading weights: 100%|██████████| 489/489 [00:00<00:00, 6624.57it/s]
Warning: You are sending unauthenticated requests to the HF Hub. Please set a HF_TOKEN to enable higher rate limits and faster downloads.
WARNING:huggingface_hub.utils._http:Warning: You are sending unauthenticated requests to the HF Hub. Please set a HF_TOKEN to enable higher rate limits and faster downloads.

===== BASELINE EVAL suite=libero_10 ckpt=/media/user/C2FE578FFE577A9D/vla_matched/flow8300_10_s0/checkpoints/8300 =====
[suite] libero_10 -> baseline_results/libero_10_seed0/multirate_libero_10.json

============================================================
ARM flow8300_libero_10_native_20env
============================================================
[stats] flow8300_libero_10_native_20env: normalizing with lerobot/libero_10_image
Loading  HuggingFaceTB/SmolVLM2-500M-Video-Instruct weights ...
Reducing the number of VLM layers to 16 ...
Loading weights from local directory
[info] using task orders [0, 1, 2, 3, 4, 5, 6, 7, 8, 9]
Local assets not found. Downloading from HuggingFace Hub...
Assets already downloaded at /home/user/.cache/libero/assets
[flow8300_libero_10_native_20env] settle window scaled to 10 steps (0.50 s at 20 Hz)
[info] using task orders [0, 1, 2, 3, 4, 5, 6, 7, 8, 9]
[info] using task orders [0, 1, 2, 3, 4, 5, 6, 7, 8, 9]
[info] using task orders [0, 1, 2, 3, 4, 5, 6, 7, 8, 9]
[info] using task orders [0, 1, 2, 3, 4, 5, 6, 7, 8, 9]
[info] using task orders [0, 1, 2, 3, 4, 5, 6, 7, 8, 9]
[info] using task orders [0, 1, 2, 3, 4, 5, 6, 7, 8, 9]
[info] using task orders [0, 1, 2, 3, 4, 5, 6, 7, 8, 9]
[flow8300_libero_10_native_20env] task 7 trial 05: x (520/520 steps)
[flow8300_libero_10_native_20env] task 7 trial 06: x (520/520 steps)
[flow8300_libero_10_native_20env] task 7 trial 07: OK (246/520 steps)
[flow8300_libero_10_native_20env] task 7 trial 08: x (520/520 steps)
[flow8300_libero_10_native_20env] task 7 trial 09: x (520/520 steps)
[info] using task orders [0, 1, 2, 3, 4, 5, 6, 7, 8, 9]
[flow8300_libero_10_native_20env] task 8 trial 00: x (520/520 steps)
[flow8300_libero_10_native_20env] task 8 trial 01: OK (394/520 steps)
[flow8300_libero_10_native_20env] task 8 trial 02: x (520/520 steps)
[flow8300_libero_10_native_20env] task 8 trial 03: OK (381/520 steps)
[flow8300_libero_10_native_20env] task 8 trial 04: x (520/520 steps)
[flow8300_libero_10_native_20env] task 8 trial 05: x (520/520 steps)
[flow8300_libero_10_native_20env] task 8 trial 06: x (520/520 steps)
[flow8300_libero_10_native_20env] task 8 trial 07: x (520/520 steps)
[flow8300_libero_10_native_20env] task 8 trial 08: x (520/520 steps)
[flow8300_libero_10_native_20env] task 8 trial 09: OK (359/520 steps)
[info] using task orders [0, 1, 2, 3, 4, 5, 6, 7, 8, 9]
[flow8300_libero_10_native_20env] task 9 trial 00: OK (304/520 steps)
[flow8300_libero_10_native_20env] task 9 trial 01: OK (227/520 steps)
[flow8300_libero_10_native_20env] task 9 trial 02: OK (240/520 steps)
[flow8300_libero_10_native_20env] task 9 trial 03: OK (269/520 steps)
[flow8300_libero_10_native_20env] task 9 trial 04: OK (431/520 steps)
[flow8300_libero_10_native_20env] task 9 trial 05: x (520/520 steps)
[flow8300_libero_10_native_20env] task 9 trial 06: OK (276/520 steps)
[flow8300_libero_10_native_20env] task 9 trial 07: OK (236/520 steps)
[flow8300_libero_10_native_20env] task 9 trial 08: OK (234/520 steps)
[flow8300_libero_10_native_20env] task 9 trial 09: OK (256/520 steps)
[flow8300_libero_10_native_20env] diagnostics: 13/100 ok | fail_at_cap=87 fail_early=0 | succ_median=269.0/520
--> flow8300_libero_10_native_20env: 13.0% (520 steps @ 20 Hz = 11.0 s, replan every 10)


SUMMARY (matched wall-clock, chunk-driven replan)
  flow8300_libero_10_native_20env  13.0%
RESULT suite=libero_10 aggregate=13.00% (n=100) source=baseline_results/libero_10_seed0/multirate_libero_10.json

[libero_10] === RL GRPO pilot ===

Fetching 4 files:   0%|          | 0/4 [00:00<?, ?it/s]
Fetching 4 files: 100%|██████████| 4/4 [00:00<00:00, 93727.46it/s]
Warning: You are sending unauthenticated requests to the HF Hub. Please set a HF_TOKEN to enable higher rate limits and faster downloads.
WARNING:huggingface_hub.utils._http:Warning: You are sending unauthenticated requests to the HF Hub. Please set a HF_TOKEN to enable higher rate limits and faster downloads.
`torch_dtype` is deprecated! Use `dtype` instead!

Loading weights:   0%|          | 0/489 [00:00<?, ?it/s]
Loading weights: 100%|██████████| 489/489 [00:00<00:00, 6397.55it/s]
[robosuite WARNING] No private macro file found! (__init__.py:7)
WARNING:robosuite_logs:No private macro file found!
[robosuite WARNING] It is recommended to use a private macro file (__init__.py:8)
WARNING:robosuite_logs:It is recommended to use a private macro file
[robosuite WARNING] To setup, run: python /home/user/anaconda3/envs/vla_smolvla_libero/lib/python3.12/site-packages/robosuite/scripts/setup_macros.py (__init__.py:9)
WARNING:robosuite_logs:To setup, run: python /home/user/anaconda3/envs/vla_smolvla_libero/lib/python3.12/site-packages/robosuite/scripts/setup_macros.py
Terminated

ERROR conda.cli.main_run:execute(127): `conda run python train_grpo_suite.py --suite libero_10 --ckpt /media/user/C2FE578FFE577A9D/vla_matched/flow8300_10_s0/checkpoints/8300 --group_size 6 --n_groups_per_update 2 --n_updates 8 --out_ckpt rl_checkpoint_libero_10 --log_json logs/train_progress_libero_10.json` failed. (See above for error)
Loading  HuggingFaceTB/SmolVLM2-500M-Video-Instruct weights ...
Reducing the number of VLM layers to 16 ...
Loading weights from local directory
[info] using task orders [0, 1, 2, 3, 4, 5, 6, 7, 8, 9]
Local assets not found. Downloading from HuggingFace Hub...
Assets already downloaded at /home/user/.cache/libero/assets
[info] using task orders [0, 1, 2, 3, 4, 5, 6, 7, 8, 9]
[update 0] task=3 rollout=0 success=True steps=263 n_chunks=263

