[libero_object] === baseline eval ===
===== BASELINE EVAL suite=libero_object ckpt=/media/user/C2FE578FFE577A9D/vla_matched/flow8300_object_s0/checkpoints/8300 =====
[suite] libero_object -> baseline_results/libero_object_seed0/multirate_libero_object.json
Skipping flow8300_libero_object_native_20env (complete at n=100: 0.0%)

SUMMARY (matched wall-clock, chunk-driven replan)
  flow8300_libero_object_native_20env   0.0%
RESULT suite=libero_object aggregate=0.00% (n=100) source=baseline_results/libero_object_seed0/multirate_libero_object.json

[libero_object] === RL GRPO pilot ===

Fetching 4 files:   0%|          | 0/4 [00:00<?, ?it/s]
Fetching 4 files: 100%|██████████| 4/4 [00:00<00:00, 95869.81it/s]
Warning: You are sending unauthenticated requests to the HF Hub. Please set a HF_TOKEN to enable higher rate limits and faster downloads.
WARNING:huggingface_hub.utils._http:Warning: You are sending unauthenticated requests to the HF Hub. Please set a HF_TOKEN to enable higher rate limits and faster downloads.
`torch_dtype` is deprecated! Use `dtype` instead!

Loading weights:   0%|          | 0/489 [00:00<?, ?it/s]
Loading weights: 100%|██████████| 489/489 [00:00<00:00, 6905.52it/s]
[robosuite WARNING] No private macro file found! (__init__.py:7)
WARNING:robosuite_logs:No private macro file found!
[robosuite WARNING] It is recommended to use a private macro file (__init__.py:8)
WARNING:robosuite_logs:It is recommended to use a private macro file
[robosuite WARNING] To setup, run: python /home/user/anaconda3/envs/vla_smolvla_libero/lib/python3.12/site-packages/robosuite/scripts/setup_macros.py (__init__.py:9)
WARNING:robosuite_logs:To setup, run: python /home/user/anaconda3/envs/vla_smolvla_libero/lib/python3.12/site-packages/robosuite/scripts/setup_macros.py
Terminated

ERROR conda.cli.main_run:execute(127): `conda run python train_grpo_suite.py --suite libero_object --ckpt /media/user/C2FE578FFE577A9D/vla_matched/flow8300_object_s0/checkpoints/8300 --group_size 6 --n_groups_per_update 2 --n_updates 8 --out_ckpt rl_checkpoint_libero_object --log_json logs/train_progress_libero_object.json` failed. (See above for error)
Loading  HuggingFaceTB/SmolVLM2-500M-Video-Instruct weights ...
Reducing the number of VLM layers to 16 ...
Loading weights from local directory
[info] using task orders [0, 1, 2, 3, 4, 5, 6, 7, 8, 9]
Local assets not found. Downloading from HuggingFace Hub...
Assets already downloaded at /home/user/.cache/libero/assets
[info] using task orders [0, 1, 2, 3, 4, 5, 6, 7, 8, 9]
[update 0] task=3 rollout=0 success=True steps=143 n_chunks=143
[update 0] task=3 rollout=1 success=True steps=177 n_chunks=177
[update 0] task=3 rollout=2 success=True steps=154 n_chunks=154
[update 0] task=3 rollout=3 success=True steps=140 n_chunks=140
[update 0] task=3 rollout=4 success=True steps=170 n_chunks=170
[update 0] task=3 rollout=5 success=True steps=148 n_chunks=148
[update 0] task=5 rollout=0 success=True steps=142 n_chunks=142
[update 0] task=5 rollout=1 success=True steps=135 n_chunks=135
[update 0] task=5 rollout=2 success=True steps=137 n_chunks=137
[update 0] task=5 rollout=3 success=True steps=153 n_chunks=153
[update 0] task=5 rollout=4 success=True steps=147 n_chunks=147
[update 0] task=5 rollout=5 success=True steps=147 n_chunks=147
===== UPDATE 0: success_rate=1.000 loss=None grad_norm=None elapsed=347s =====
[update 1] task=3 rollout=0 success=True steps=155 n_chunks=155
[update 1] task=3 rollout=1 success=True steps=195 n_chunks=195
[update 1] task=3 rollout=2 success=True steps=153 n_chunks=153
[update 1] task=3 rollout=3 success=True steps=146 n_chunks=146

