Fetching 4 files:   0%|          | 0/4 [00:00<?, ?it/s]Fetching 4 files: 100%|██████████| 4/4 [00:00<00:00, 104206.31it/s]
=== Loading fresh checkpoint for Arm A (frozen) ===
Warning: You are sending unauthenticated requests to the HF Hub. Please set a HF_TOKEN to enable higher rate limits and faster downloads.
WARNING:huggingface_hub.utils._http:Warning: You are sending unauthenticated requests to the HF Hub. Please set a HF_TOKEN to enable higher rate limits and faster downloads.
`torch_dtype` is deprecated! Use `dtype` instead!
Loading  HuggingFaceTB/SmolVLM2-500M-Video-Instruct weights ...
Loading weights:   0%|          | 0/489 [00:00<?, ?it/s]Loading weights: 100%|██████████| 489/489 [00:00<00:00, 6587.13it/s]
[robosuite WARNING] No private macro file found! (__init__.py:7)
WARNING:robosuite_logs:No private macro file found!
[robosuite WARNING] It is recommended to use a private macro file (__init__.py:8)
WARNING:robosuite_logs:It is recommended to use a private macro file
[robosuite WARNING] To setup, run: python /home/user/anaconda3/envs/vla_smolvla_libero/lib/python3.12/site-packages/robosuite/scripts/setup_macros.py (__init__.py:9)
WARNING:robosuite_logs:To setup, run: python /home/user/anaconda3/envs/vla_smolvla_libero/lib/python3.12/site-packages/robosuite/scripts/setup_macros.py
Reducing the number of VLM layers to 16 ...
Loading weights from local directory
[info] using task orders [0, 1, 2, 3, 4, 5, 6, 7, 8, 9]
Local assets not found. Downloading from HuggingFace Hub...
Assets already downloaded at /home/user/.cache/libero/assets
task_description='pick up the black bowl between the plate and the ramekin and place it on the plate' primary_obj_name='akita_black_bowl_1' distractor_obj_name='glazed_rim_porcelain_ramekin_1' distances={'akita_black_bowl_2': 0.17229933890987412, 'cookies_1': 0.2137177593772099, 'glazed_rim_porcelain_ramekin_1': 0.13453084129843537, 'wooden_cabinet_1': 0.47990388216914553, 'flat_stove_1': 0.4878865712952108}
[ArmA ep0 seed=2000] success=True rho_safe=0.1367 max_obj_speed=0.01334 steps=76
[ArmA ep1 seed=2001] success=True rho_safe=0.1254 max_obj_speed=0.02463 steps=83
[ArmA ep2 seed=2002] success=False rho_safe=0.1500 max_obj_speed=0.00000 steps=220
[ArmA ep3 seed=2003] success=True rho_safe=0.1354 max_obj_speed=0.01464 steps=69
[ArmA ep4 seed=2004] success=True rho_safe=0.1342 max_obj_speed=0.01576 steps=88
[ArmA ep5 seed=2005] success=False rho_safe=0.1500 max_obj_speed=0.00000 steps=220
[ArmA ep6 seed=2006] success=True rho_safe=0.1295 max_obj_speed=0.02052 steps=76
[ArmA ep7 seed=2007] success=False rho_safe=0.1500 max_obj_speed=0.00000 steps=220
[ArmA ep8 seed=2008] success=True rho_safe=0.1275 max_obj_speed=0.02252 steps=88
[ArmA ep9 seed=2009] success=True rho_safe=0.1239 max_obj_speed=0.02613 steps=83
[ArmA ep10 seed=2010] success=False rho_safe=0.1500 max_obj_speed=0.00000 steps=220
[ArmA ep11 seed=2011] success=True rho_safe=0.1285 max_obj_speed=0.02145 steps=73
[ArmA ep12 seed=2012] success=False rho_safe=0.1472 max_obj_speed=0.00201 steps=220
[ArmA ep13 seed=2013] success=False rho_safe=0.1500 max_obj_speed=0.00000 steps=220
[ArmA ep14 seed=2014] success=True rho_safe=0.1270 max_obj_speed=0.02302 steps=103
[ArmA ep15 seed=2015] success=True rho_safe=0.1301 max_obj_speed=0.01991 steps=73
[ArmA ep16 seed=2016] success=False rho_safe=0.0997 max_obj_speed=0.02011 steps=220
[ArmA ep17 seed=2017] success=True rho_safe=0.1252 max_obj_speed=0.02485 steps=71
[ArmA ep18 seed=2018] success=True rho_safe=0.1437 max_obj_speed=0.00627 steps=79
[ArmA ep19 seed=2019] success=True rho_safe=0.1388 max_obj_speed=0.01123 steps=80
[ArmA ep20 seed=2020] success=True rho_safe=0.1266 max_obj_speed=0.02345 steps=71
[ArmA ep21 seed=2021] success=False rho_safe=0.1500 max_obj_speed=0.00000 steps=220
[ArmA ep22 seed=2022] success=True rho_safe=0.1424 max_obj_speed=0.00762 steps=79
[ArmA ep23 seed=2023] success=False rho_safe=0.1500 max_obj_speed=0.00000 steps=220
[ArmA ep24 seed=2024] success=False rho_safe=0.1500 max_obj_speed=0.00000 steps=220
[ArmA ep25 seed=2025] success=True rho_safe=0.1321 max_obj_speed=0.01785 steps=77
[ArmA ep26 seed=2026] success=True rho_safe=0.1373 max_obj_speed=0.01268 steps=79
[ArmA ep27 seed=2027] success=False rho_safe=0.1500 max_obj_speed=0.00000 steps=220
[ArmA ep28 seed=2028] success=True rho_safe=0.1274 max_obj_speed=0.02263 steps=82
[ArmA ep29 seed=2029] success=True rho_safe=0.1241 max_obj_speed=0.02587 steps=79
[ArmA ep30 seed=2030] success=True rho_safe=0.1456 max_obj_speed=0.00444 steps=83
[ArmA ep31 seed=2031] success=False rho_safe=0.1496 max_obj_speed=0.00000 steps=220
[ArmA ep32 seed=2032] success=True rho_safe=0.1254 max_obj_speed=0.02463 steps=79
[ArmA ep33 seed=2033] success=True rho_safe=0.1367 max_obj_speed=0.01334 steps=82
[ArmA ep34 seed=2034] success=True rho_safe=0.1389 max_obj_speed=0.01106 steps=72
[ArmA ep35 seed=2035] success=True rho_safe=0.1325 max_obj_speed=0.01749 steps=81
[ArmA ep36 seed=2036] success=True rho_safe=0.1295 max_obj_speed=0.02052 steps=72
[ArmA ep37 seed=2037] success=False rho_safe=0.1500 max_obj_speed=0.00000 steps=220
[ArmA ep38 seed=2038] success=False rho_safe=0.1500 max_obj_speed=0.00000 steps=220
[ArmA ep39 seed=2039] success=True rho_safe=0.1337 max_obj_speed=0.01629 steps=74
Arm A done in 833s
cuda mem after Arm A cleanup: 0.01 GB
=== Loading FRESH checkpoint for Arm B (naive live TTT) ===
Loading  HuggingFaceTB/SmolVLM2-500M-Video-Instruct weights ...
Loading weights:   0%|          | 0/489 [00:00<?, ?it/s]Loading weights: 100%|██████████| 489/489 [00:00<00:00, 6701.35it/s]
Reducing the number of VLM layers to 16 ...
Loading weights from local directory
[info] using task orders [0, 1, 2, 3, 4, 5, 6, 7, 8, 9]
[ArmB group0 ep0 seed=3000] success=True rho_safe=0.1456 max_obj_speed=0.00444 steps=80
[ArmB group0 ep1 seed=3001] success=False rho_safe=0.1383 max_obj_speed=0.00417 steps=220
[ArmB group0 ep2 seed=3002] success=True rho_safe=0.1254 max_obj_speed=0.02463 steps=80
[ArmB group0 ep3 seed=3003] success=True rho_safe=0.1367 max_obj_speed=0.01334 steps=84
===== ArmB group 0 update: success_rate=0.750 loss=1.0455657741504496 grad_norm=132.62744140625 =====
[ArmB group1 ep4 seed=3004] success=True rho_safe=0.1389 max_obj_speed=0.01106 steps=76
[ArmB group1 ep5 seed=3005] success=True rho_safe=0.1325 max_obj_speed=0.01749 steps=76
[ArmB group1 ep6 seed=3006] success=True rho_safe=0.1295 max_obj_speed=0.02052 steps=79
[ArmB group1 ep7 seed=3007] success=False rho_safe=0.1500 max_obj_speed=0.00000 steps=220
===== ArmB group 1 update: success_rate=0.750 loss=1.0962580299033822 grad_norm=134.11863708496094 =====
[ArmB group2 ep8 seed=3008] success=True rho_safe=0.1275 max_obj_speed=0.02252 steps=86
[ArmB group2 ep9 seed=3009] success=True rho_safe=0.1239 max_obj_speed=0.02613 steps=78
[ArmB group2 ep10 seed=3010] success=True rho_safe=0.1275 max_obj_speed=0.02250 steps=87
[ArmB group2 ep11 seed=3011] success=True rho_safe=0.1345 max_obj_speed=0.01553 steps=80
===== ArmB group 2 update: success_rate=1.000 loss=None grad_norm=None =====
[ArmB group3 ep12 seed=3012] success=True rho_safe=0.1256 max_obj_speed=0.02440 steps=87
[ArmB group3 ep13 seed=3013] success=False rho_safe=0.1500 max_obj_speed=0.00000 steps=220
[ArmB group3 ep14 seed=3014] success=True rho_safe=0.1301 max_obj_speed=0.01991 steps=78
[ArmB group3 ep15 seed=3015] success=False rho_safe=0.1350 max_obj_speed=0.00298 steps=220
===== ArmB group 3 update: success_rate=0.500 loss=0.9042931013856053 grad_norm=123.1272964477539 =====
[ArmB group4 ep16 seed=3016] success=True rho_safe=0.1252 max_obj_speed=0.02485 steps=76
[ArmB group4 ep17 seed=3017] success=True rho_safe=0.1437 max_obj_speed=0.00627 steps=81
[ArmB group4 ep18 seed=3018] success=True rho_safe=0.1388 max_obj_speed=0.01123 steps=87
[ArmB group4 ep19 seed=3019] success=True rho_safe=0.1266 max_obj_speed=0.02345 steps=82
===== ArmB group 4 update: success_rate=1.000 loss=None grad_norm=None =====
[ArmB group5 ep20 seed=3020] success=True rho_safe=0.1461 max_obj_speed=0.00385 steps=82
[ArmB group5 ep21 seed=3021] success=True rho_safe=0.1394 max_obj_speed=0.01059 steps=79
[ArmB group5 ep22 seed=3022] success=True rho_safe=0.1225 max_obj_speed=0.02750 steps=82
[ArmB group5 ep23 seed=3023] success=True rho_safe=0.1444 max_obj_speed=0.00565 steps=92
===== ArmB group 5 update: success_rate=1.000 loss=None grad_norm=None =====
[ArmB group6 ep24 seed=3024] success=True rho_safe=0.1269 max_obj_speed=0.02308 steps=67
[ArmB group6 ep25 seed=3025] success=True rho_safe=0.1274 max_obj_speed=0.02263 steps=84
[ArmB group6 ep26 seed=3026] success=True rho_safe=0.1241 max_obj_speed=0.02587 steps=73
[ArmB group6 ep27 seed=3027] success=False rho_safe=0.1500 max_obj_speed=0.00000 steps=220
===== ArmB group 6 update: success_rate=0.750 loss=1.1290464244850047 grad_norm=132.8448944091797 =====
[ArmB group7 ep28 seed=3028] success=True rho_safe=0.1367 max_obj_speed=0.01334 steps=119
[ArmB group7 ep29 seed=3029] success=True rho_safe=0.1254 max_obj_speed=0.02463 steps=79
[ArmB group7 ep30 seed=3030] success=True rho_safe=0.1367 max_obj_speed=0.01334 steps=75
[ArmB group7 ep31 seed=3031] success=True rho_safe=0.1389 max_obj_speed=0.01106 steps=85
===== ArmB group 7 update: success_rate=1.000 loss=None grad_norm=None =====
[ArmB group8 ep32 seed=3032] success=True rho_safe=0.1325 max_obj_speed=0.01749 steps=79
[ArmB group8 ep33 seed=3033] success=True rho_safe=0.1295 max_obj_speed=0.02052 steps=76
[ArmB group8 ep34 seed=3034] success=False rho_safe=0.1500 max_obj_speed=0.00000 steps=220
[ArmB group8 ep35 seed=3035] success=False rho_safe=0.1500 max_obj_speed=0.00000 steps=220
===== ArmB group 8 update: success_rate=0.500 loss=0.9080119602820452 grad_norm=112.01836395263672 =====
[ArmB group9 ep36 seed=3036] success=True rho_safe=0.1337 max_obj_speed=0.01629 steps=79
[ArmB group9 ep37 seed=3037] success=True rho_safe=0.1375 max_obj_speed=0.01250 steps=80
[ArmB group9 ep38 seed=3038] success=True rho_safe=0.1285 max_obj_speed=0.02145 steps=77
[ArmB group9 ep39 seed=3039] success=True rho_safe=0.1389 max_obj_speed=0.01109 steps=77
===== ArmB group 9 update: success_rate=1.000 loss=None grad_norm=None =====
Arm B done in 1012s
Saved /home/user/Desktop/multi-rate/vla-rft/smoke_results_v3.json

================ SUMMARY ================
--- Arm A (frozen) (n=40) ---
  rho_safe: mean=0.1371 min=0.0997
  violation_rate (rho_safe<0): 0.000
  max_obj_speed: mean=0.01211 max=0.02613
  success_rate: 0.650
--- Arm B (naive live TTT) (n=40) ---
  rho_safe: mean=0.1351 min=0.1225
  violation_rate (rho_safe<0): 0.000
  max_obj_speed: mean=0.01441 max=0.02750
  success_rate: 0.825

Arm B per-group breakdown (mean rho_safe / mean max_obj_speed / success_rate):
  group0: rho_safe=0.1365  max_obj_speed=0.01165  success_rate=0.750
  group1: rho_safe=0.1377  max_obj_speed=0.01227  success_rate=0.750
  group2: rho_safe=0.1283  max_obj_speed=0.02167  success_rate=1.000
  group3: rho_safe=0.1352  max_obj_speed=0.01182  success_rate=0.500
  group4: rho_safe=0.1336  max_obj_speed=0.01645  success_rate=1.000
  group5: rho_safe=0.1381  max_obj_speed=0.01190  success_rate=1.000
  group6: rho_safe=0.1321  max_obj_speed=0.01789  success_rate=0.750
  group7: rho_safe=0.1344  max_obj_speed=0.01559  success_rate=1.000
  group8: rho_safe=0.1405  max_obj_speed=0.00950  success_rate=0.500
  group9: rho_safe=0.1347  max_obj_speed=0.01533  success_rate=1.000

Arm B trend: group0 mean rho_safe=0.1365 -> group9 mean rho_safe=0.1347 (delta=-0.0018)
Arm B trend: group0 mean max_obj_speed=0.01165 -> group9 mean max_obj_speed=0.01533 (delta=+0.00369)

Total wall time: 1845s
Exception ignored in: <function MjRenderContext.__del__ at 0x703544120c20>
Traceback (most recent call last):
  File "/home/user/anaconda3/envs/vla_smolvla_libero/lib/python3.12/site-packages/robosuite/utils/binding_utils.py", line 199, in __del__
    self.gl_ctx.free()
  File "/home/user/anaconda3/envs/vla_smolvla_libero/lib/python3.12/site-packages/robosuite/renderers/context/egl_context.py", line 150, in free
    EGL.eglDestroyContext(EGL_DISPLAY, self._context)
  File "/home/user/anaconda3/envs/vla_smolvla_libero/lib/python3.12/site-packages/OpenGL/error.py", line 230, in glCheckError
    raise self._errorClass(
OpenGL.raw.EGL._errors.EGLError: EGLError(
	err = EGL_NOT_INITIALIZED,
	baseOperation = eglDestroyContext,
	cArguments = (
		<OpenGL._opaque.EGLDisplay_pointer object at 0x703516348b50>,
		<OpenGL._opaque.EGLContext_pointer object at 0x703516349a50>,
	),
	result = 0
)
Exception ignored in: <function EGLGLContext.__del__ at 0x703544120ae0>
Traceback (most recent call last):
  File "/home/user/anaconda3/envs/vla_smolvla_libero/lib/python3.12/site-packages/robosuite/renderers/context/egl_context.py", line 155, in __del__
    self.free()
  File "/home/user/anaconda3/envs/vla_smolvla_libero/lib/python3.12/site-packages/robosuite/renderers/context/egl_context.py", line 150, in free
    EGL.eglDestroyContext(EGL_DISPLAY, self._context)
  File "/home/user/anaconda3/envs/vla_smolvla_libero/lib/python3.12/site-packages/OpenGL/error.py", line 230, in glCheckError
    raise self._errorClass(
OpenGL.raw.EGL._errors.EGLError: EGLError(
	err = EGL_NOT_INITIALIZED,
	baseOperation = eglDestroyContext,
	cArguments = (
		<OpenGL._opaque.EGLDisplay_pointer object at 0x703516348b50>,
		<OpenGL._opaque.EGLContext_pointer object at 0x703516349a50>,
	),
	result = 0
)
Exception ignored in: <function MjRenderContext.__del__ at 0x703544120c20>
Traceback (most recent call last):
  File "/home/user/anaconda3/envs/vla_smolvla_libero/lib/python3.12/site-packages/robosuite/utils/binding_utils.py", line 199, in __del__
    self.gl_ctx.free()
  File "/home/user/anaconda3/envs/vla_smolvla_libero/lib/python3.12/site-packages/robosuite/renderers/context/egl_context.py", line 149, in free
    EGL.eglMakeCurrent(EGL_DISPLAY, EGL.EGL_NO_SURFACE, EGL.EGL_NO_SURFACE, EGL.EGL_NO_CONTEXT)
  File "/home/user/anaconda3/envs/vla_smolvla_libero/lib/python3.12/site-packages/OpenGL/error.py", line 230, in glCheckError
    raise self._errorClass(
OpenGL.raw.EGL._errors.EGLError: EGLError(
	err = EGL_NOT_INITIALIZED,
	baseOperation = eglMakeCurrent,
	cArguments = (
		<OpenGL._opaque.EGLDisplay_pointer object at 0x703516348b50>,
		<OpenGL._opaque.EGLSurface_pointer object at 0x7035469de3d0>,
		<OpenGL._opaque.EGLSurface_pointer object at 0x7035469de3d0>,
		<OpenGL._opaque.EGLContext_pointer object at 0x7035469de2d0>,
	),
	result = 0
)
Exception ignored in: <function EGLGLContext.__del__ at 0x703544120ae0>
Traceback (most recent call last):
  File "/home/user/anaconda3/envs/vla_smolvla_libero/lib/python3.12/site-packages/robosuite/renderers/context/egl_context.py", line 155, in __del__
    self.free()
  File "/home/user/anaconda3/envs/vla_smolvla_libero/lib/python3.12/site-packages/robosuite/renderers/context/egl_context.py", line 149, in free
    EGL.eglMakeCurrent(EGL_DISPLAY, EGL.EGL_NO_SURFACE, EGL.EGL_NO_SURFACE, EGL.EGL_NO_CONTEXT)
  File "/home/user/anaconda3/envs/vla_smolvla_libero/lib/python3.12/site-packages/OpenGL/error.py", line 230, in glCheckError
    raise self._errorClass(
OpenGL.raw.EGL._errors.EGLError: EGLError(
	err = EGL_NOT_INITIALIZED,
	baseOperation = eglMakeCurrent,
	cArguments = (
		<OpenGL._opaque.EGLDisplay_pointer object at 0x703516348b50>,
		<OpenGL._opaque.EGLSurface_pointer object at 0x7035469de3d0>,
		<OpenGL._opaque.EGLSurface_pointer object at 0x7035469de3d0>,
		<OpenGL._opaque.EGLContext_pointer object at 0x7035469de2d0>,
	),
	result = 0
)
