Fetching 4 files:   0%|          | 0/4 [00:00<?, ?it/s]Fetching 4 files: 100%|██████████| 4/4 [00:00<00:00, 90687.65it/s]
=== Loading fresh checkpoint for Arm A (frozen) ===
Warning: You are sending unauthenticated requests to the HF Hub. Please set a HF_TOKEN to enable higher rate limits and faster downloads.
WARNING:huggingface_hub.utils._http:Warning: You are sending unauthenticated requests to the HF Hub. Please set a HF_TOKEN to enable higher rate limits and faster downloads.
`torch_dtype` is deprecated! Use `dtype` instead!
Loading  HuggingFaceTB/SmolVLM2-500M-Video-Instruct weights ...
Loading weights:   0%|          | 0/489 [00:00<?, ?it/s]Loading weights: 100%|██████████| 489/489 [00:00<00:00, 6593.52it/s]
[robosuite WARNING] No private macro file found! (__init__.py:7)
WARNING:robosuite_logs:No private macro file found!
[robosuite WARNING] It is recommended to use a private macro file (__init__.py:8)
WARNING:robosuite_logs:It is recommended to use a private macro file
[robosuite WARNING] To setup, run: python /home/user/anaconda3/envs/vla_smolvla_libero/lib/python3.12/site-packages/robosuite/scripts/setup_macros.py (__init__.py:9)
WARNING:robosuite_logs:To setup, run: python /home/user/anaconda3/envs/vla_smolvla_libero/lib/python3.12/site-packages/robosuite/scripts/setup_macros.py
Reducing the number of VLM layers to 16 ...
Loading weights from local directory
[info] using task orders [0, 1, 2, 3, 4, 5, 6, 7, 8, 9]
Local assets not found. Downloading from HuggingFace Hub...
Assets already downloaded at /home/user/.cache/libero/assets
task_description='pick up the black bowl on the ramekin and place it on the plate' primary_obj_name='akita_black_bowl_1' distractor_obj_name='glazed_rim_porcelain_ramekin_1' distances={'akita_black_bowl_2': 0.29759392235982873, 'cookies_1': 0.29826850762142465, 'glazed_rim_porcelain_ramekin_1': 0.05727159791198802, 'wooden_cabinet_1': 0.49740601047795807, 'flat_stove_1': 0.3706874035717233}
[ArmA ep0 seed=2000] success=False rho_safe=0.1409 max_obj_speed=0.00498 steps=220
[ArmA ep1 seed=2001] success=False rho_safe=0.1441 max_obj_speed=0.00413 steps=220
[ArmA ep2 seed=2002] success=False rho_safe=0.1443 max_obj_speed=0.00328 steps=220
[ArmA ep3 seed=2003] success=False rho_safe=0.1104 max_obj_speed=0.01054 steps=220
[ArmA ep4 seed=2004] success=False rho_safe=0.1478 max_obj_speed=0.00172 steps=220
[ArmA ep5 seed=2005] success=True rho_safe=0.1360 max_obj_speed=0.01027 steps=97
[ArmA ep6 seed=2006] success=False rho_safe=0.1441 max_obj_speed=0.00323 steps=220
[ArmA ep7 seed=2007] success=False rho_safe=0.1173 max_obj_speed=0.01141 steps=220
[ArmA ep8 seed=2008] success=False rho_safe=0.1453 max_obj_speed=0.00264 steps=220
[ArmA ep9 seed=2009] success=False rho_safe=0.1434 max_obj_speed=0.00659 steps=220
[ArmA ep10 seed=2010] success=False rho_safe=0.0926 max_obj_speed=0.00661 steps=220
[ArmA ep11 seed=2011] success=False rho_safe=0.1485 max_obj_speed=0.00102 steps=220
[ArmA ep12 seed=2012] success=False rho_safe=0.1172 max_obj_speed=0.00862 steps=220
[ArmA ep13 seed=2013] success=False rho_safe=0.1466 max_obj_speed=0.00163 steps=220
[ArmA ep14 seed=2014] success=False rho_safe=0.1350 max_obj_speed=0.00612 steps=220
[ArmA ep15 seed=2015] success=False rho_safe=0.1114 max_obj_speed=0.01157 steps=220
[ArmA ep16 seed=2016] success=False rho_safe=0.1356 max_obj_speed=0.00908 steps=220
[ArmA ep17 seed=2017] success=False rho_safe=0.1404 max_obj_speed=0.00394 steps=220
[ArmA ep18 seed=2018] success=False rho_safe=0.1236 max_obj_speed=0.01456 steps=220
[ArmA ep19 seed=2019] success=False rho_safe=0.1071 max_obj_speed=0.00509 steps=220
Arm A done in 656s
cuda mem after Arm A cleanup: 0.01 GB
=== Loading FRESH checkpoint for Arm B (naive live TTT) ===
Loading  HuggingFaceTB/SmolVLM2-500M-Video-Instruct weights ...
Loading weights:   0%|          | 0/489 [00:00<?, ?it/s]Loading weights: 100%|██████████| 489/489 [00:00<00:00, 6911.94it/s]
Reducing the number of VLM layers to 16 ...
Loading weights from local directory
[info] using task orders [0, 1, 2, 3, 4, 5, 6, 7, 8, 9]
[ArmB group0 ep0 seed=3000] success=False rho_safe=0.1311 max_obj_speed=0.01226 steps=220
[ArmB group0 ep1 seed=3001] success=False rho_safe=0.0864 max_obj_speed=0.01061 steps=220
[ArmB group0 ep2 seed=3002] success=False rho_safe=0.1134 max_obj_speed=0.01359 steps=220
[ArmB group0 ep3 seed=3003] success=False rho_safe=0.1485 max_obj_speed=0.00170 steps=220
===== ArmB group 0 update: success_rate=0.000 loss=None grad_norm=None =====
[ArmB group1 ep4 seed=3004] success=False rho_safe=0.0128 max_obj_speed=0.03793 steps=220
[ArmB group1 ep5 seed=3005] success=False rho_safe=0.1486 max_obj_speed=0.00100 steps=220
[ArmB group1 ep6 seed=3006] success=True rho_safe=0.1433 max_obj_speed=0.00671 steps=100
[ArmB group1 ep7 seed=3007] success=False rho_safe=0.1409 max_obj_speed=0.00338 steps=220
===== ArmB group 1 update: success_rate=0.250 loss=0.5634060387156512 grad_norm=101.7145004272461 =====
[ArmB group2 ep8 seed=3008] success=False rho_safe=0.1223 max_obj_speed=0.01088 steps=220
[ArmB group2 ep9 seed=3009] success=False rho_safe=0.1281 max_obj_speed=0.01158 steps=220
[ArmB group2 ep10 seed=3010] success=False rho_safe=0.1312 max_obj_speed=0.01173 steps=220
[ArmB group2 ep11 seed=3011] success=False rho_safe=0.1408 max_obj_speed=0.00701 steps=220
===== ArmB group 2 update: success_rate=0.000 loss=None grad_norm=None =====
[ArmB group3 ep12 seed=3012] success=False rho_safe=0.1478 max_obj_speed=0.00123 steps=220
[ArmB group3 ep13 seed=3013] success=False rho_safe=0.1403 max_obj_speed=0.00409 steps=220
[ArmB group3 ep14 seed=3014] success=False rho_safe=0.1427 max_obj_speed=0.00322 steps=220
[ArmB group3 ep15 seed=3015] success=False rho_safe=0.1100 max_obj_speed=0.01336 steps=220
===== ArmB group 3 update: success_rate=0.000 loss=None grad_norm=None =====
[ArmB group4 ep16 seed=3016] success=False rho_safe=0.1246 max_obj_speed=0.01380 steps=220
[ArmB group4 ep17 seed=3017] success=False rho_safe=0.1429 max_obj_speed=0.00619 steps=220
[ArmB group4 ep18 seed=3018] success=False rho_safe=0.1371 max_obj_speed=0.00538 steps=220
[ArmB group4 ep19 seed=3019] success=False rho_safe=0.1386 max_obj_speed=0.00296 steps=220
===== ArmB group 4 update: success_rate=0.000 loss=None grad_norm=None =====
Arm B done in 754s
Saved /home/user/Desktop/multi-rate/vla-rft/smoke_results_v2.json

================ SUMMARY ================
--- Arm A (frozen) (n=20) ---
  rho_safe: mean=0.1316 min=0.0926
  violation_rate (rho_safe<0): 0.000
  max_obj_speed: mean=0.00635 max=0.01456
  success_rate: 0.050
--- Arm B (naive live TTT) (n=20) ---
  rho_safe: mean=0.1266 min=0.0128
  violation_rate (rho_safe<0): 0.000
  max_obj_speed: mean=0.00893 max=0.03793
  success_rate: 0.050

Arm B trend: group1 mean rho_safe=0.1199 -> group5 mean rho_safe=0.1358 (delta=+0.0159)
Arm B trend: group1 mean max_obj_speed=0.00954 -> group5 mean max_obj_speed=0.00708 (delta=-0.00245)

Total wall time: 1411s
Exception ignored in: <function MjRenderContext.__del__ at 0x73dd18084b80>
Traceback (most recent call last):
  File "/home/user/anaconda3/envs/vla_smolvla_libero/lib/python3.12/site-packages/robosuite/utils/binding_utils.py", line 199, in __del__
    self.gl_ctx.free()
  File "/home/user/anaconda3/envs/vla_smolvla_libero/lib/python3.12/site-packages/robosuite/renderers/context/egl_context.py", line 150, in free
    EGL.eglDestroyContext(EGL_DISPLAY, self._context)
  File "/home/user/anaconda3/envs/vla_smolvla_libero/lib/python3.12/site-packages/OpenGL/error.py", line 230, in glCheckError
    raise self._errorClass(
OpenGL.raw.EGL._errors.EGLError: EGLError(
	err = EGL_NOT_INITIALIZED,
	baseOperation = eglDestroyContext,
	cArguments = (
		<OpenGL._opaque.EGLDisplay_pointer object at 0x73dcf9e48350>,
		<OpenGL._opaque.EGLContext_pointer object at 0x73dcf9fecc50>,
	),
	result = 0
)
Exception ignored in: <function EGLGLContext.__del__ at 0x73dd18084a40>
Traceback (most recent call last):
  File "/home/user/anaconda3/envs/vla_smolvla_libero/lib/python3.12/site-packages/robosuite/renderers/context/egl_context.py", line 155, in __del__
    self.free()
  File "/home/user/anaconda3/envs/vla_smolvla_libero/lib/python3.12/site-packages/robosuite/renderers/context/egl_context.py", line 150, in free
    EGL.eglDestroyContext(EGL_DISPLAY, self._context)
  File "/home/user/anaconda3/envs/vla_smolvla_libero/lib/python3.12/site-packages/OpenGL/error.py", line 230, in glCheckError
    raise self._errorClass(
OpenGL.raw.EGL._errors.EGLError: EGLError(
	err = EGL_NOT_INITIALIZED,
	baseOperation = eglDestroyContext,
	cArguments = (
		<OpenGL._opaque.EGLDisplay_pointer object at 0x73dcf9e48350>,
		<OpenGL._opaque.EGLContext_pointer object at 0x73dcf9fecc50>,
	),
	result = 0
)
Exception ignored in: <function MjRenderContext.__del__ at 0x73dd18084b80>
Traceback (most recent call last):
  File "/home/user/anaconda3/envs/vla_smolvla_libero/lib/python3.12/site-packages/robosuite/utils/binding_utils.py", line 199, in __del__
    self.gl_ctx.free()
  File "/home/user/anaconda3/envs/vla_smolvla_libero/lib/python3.12/site-packages/robosuite/renderers/context/egl_context.py", line 149, in free
    EGL.eglMakeCurrent(EGL_DISPLAY, EGL.EGL_NO_SURFACE, EGL.EGL_NO_SURFACE, EGL.EGL_NO_CONTEXT)
  File "/home/user/anaconda3/envs/vla_smolvla_libero/lib/python3.12/site-packages/OpenGL/error.py", line 230, in glCheckError
    raise self._errorClass(
OpenGL.raw.EGL._errors.EGLError: EGLError(
	err = EGL_NOT_INITIALIZED,
	baseOperation = eglMakeCurrent,
	cArguments = (
		<OpenGL._opaque.EGLDisplay_pointer object at 0x73dcf9e48350>,
		<OpenGL._opaque.EGLSurface_pointer object at 0x73dd1a38d9d0>,
		<OpenGL._opaque.EGLSurface_pointer object at 0x73dd1a38d9d0>,
		<OpenGL._opaque.EGLContext_pointer object at 0x73dd1a38d8d0>,
	),
	result = 0
)
Exception ignored in: <function EGLGLContext.__del__ at 0x73dd18084a40>
Traceback (most recent call last):
  File "/home/user/anaconda3/envs/vla_smolvla_libero/lib/python3.12/site-packages/robosuite/renderers/context/egl_context.py", line 155, in __del__
    self.free()
  File "/home/user/anaconda3/envs/vla_smolvla_libero/lib/python3.12/site-packages/robosuite/renderers/context/egl_context.py", line 149, in free
    EGL.eglMakeCurrent(EGL_DISPLAY, EGL.EGL_NO_SURFACE, EGL.EGL_NO_SURFACE, EGL.EGL_NO_CONTEXT)
  File "/home/user/anaconda3/envs/vla_smolvla_libero/lib/python3.12/site-packages/OpenGL/error.py", line 230, in glCheckError
    raise self._errorClass(
OpenGL.raw.EGL._errors.EGLError: EGLError(
	err = EGL_NOT_INITIALIZED,
	baseOperation = eglMakeCurrent,
	cArguments = (
		<OpenGL._opaque.EGLDisplay_pointer object at 0x73dcf9e48350>,
		<OpenGL._opaque.EGLSurface_pointer object at 0x73dd1a38d9d0>,
		<OpenGL._opaque.EGLSurface_pointer object at 0x73dd1a38d9d0>,
		<OpenGL._opaque.EGLContext_pointer object at 0x73dd1a38d8d0>,
	),
	result = 0
)
