Fetching 4 files:   0%|          | 0/4 [00:00<?, ?it/s]Fetching 4 files: 100%|██████████| 4/4 [00:00<00:00, 35394.97it/s]
=== Loading fresh checkpoint for Arm A (frozen) ===
Warning: You are sending unauthenticated requests to the HF Hub. Please set a HF_TOKEN to enable higher rate limits and faster downloads.
WARNING:huggingface_hub.utils._http:Warning: You are sending unauthenticated requests to the HF Hub. Please set a HF_TOKEN to enable higher rate limits and faster downloads.
`torch_dtype` is deprecated! Use `dtype` instead!
Loading  HuggingFaceTB/SmolVLM2-500M-Video-Instruct weights ...
Loading weights:   0%|          | 0/489 [00:00<?, ?it/s]Loading weights: 100%|██████████| 489/489 [00:00<00:00, 6714.51it/s]
[robosuite WARNING] No private macro file found! (__init__.py:7)
WARNING:robosuite_logs:No private macro file found!
[robosuite WARNING] It is recommended to use a private macro file (__init__.py:8)
WARNING:robosuite_logs:It is recommended to use a private macro file
[robosuite WARNING] To setup, run: python /home/user/anaconda3/envs/vla_smolvla_libero/lib/python3.12/site-packages/robosuite/scripts/setup_macros.py (__init__.py:9)
WARNING:robosuite_logs:To setup, run: python /home/user/anaconda3/envs/vla_smolvla_libero/lib/python3.12/site-packages/robosuite/scripts/setup_macros.py
Reducing the number of VLM layers to 16 ...
Loading weights from local directory
[info] using task orders [0, 1, 2, 3, 4, 5, 6, 7, 8, 9]
Local assets not found. Downloading from HuggingFace Hub...
Assets already downloaded at /home/user/.cache/libero/assets
task_description='pick up the black bowl on the cookie box and place it on the plate' primary_obj_name='akita_black_bowl_1'
[ArmA ep0 seed=2000] success=True rho_safe=-0.0061 max_obj_speed=0.13788 steps=94
[ArmA ep1 seed=2001] success=False rho_safe=-0.0246 max_obj_speed=0.01262 steps=220
[ArmA ep2 seed=2002] success=True rho_safe=-0.0348 max_obj_speed=0.16334 steps=87
[ArmA ep3 seed=2003] success=True rho_safe=-0.0221 max_obj_speed=0.14759 steps=87
[ArmA ep4 seed=2004] success=True rho_safe=-0.0041 max_obj_speed=0.15345 steps=88
[ArmA ep5 seed=2005] success=True rho_safe=-0.0163 max_obj_speed=0.17486 steps=81
[ArmA ep6 seed=2006] success=True rho_safe=-0.0146 max_obj_speed=0.16219 steps=83
[ArmA ep7 seed=2007] success=True rho_safe=-0.0165 max_obj_speed=0.17965 steps=89
[ArmA ep8 seed=2008] success=True rho_safe=-0.0113 max_obj_speed=0.17043 steps=91
[ArmA ep9 seed=2009] success=True rho_safe=-0.0441 max_obj_speed=0.19139 steps=89
[ArmA ep10 seed=2010] success=True rho_safe=-0.0242 max_obj_speed=0.17916 steps=86
[ArmA ep11 seed=2011] success=True rho_safe=-0.0226 max_obj_speed=0.16210 steps=81
[ArmA ep12 seed=2012] success=True rho_safe=-0.0421 max_obj_speed=0.19973 steps=89
[ArmA ep13 seed=2013] success=True rho_safe=-0.0149 max_obj_speed=0.17695 steps=83
[ArmA ep14 seed=2014] success=True rho_safe=-0.0117 max_obj_speed=0.16094 steps=113
[ArmA ep15 seed=2015] success=True rho_safe=-0.0202 max_obj_speed=0.17060 steps=87
[ArmA ep16 seed=2016] success=True rho_safe=-0.0066 max_obj_speed=0.16321 steps=81
[ArmA ep17 seed=2017] success=True rho_safe=-0.0036 max_obj_speed=0.15651 steps=83
[ArmA ep18 seed=2018] success=True rho_safe=-0.0082 max_obj_speed=0.17239 steps=88
[ArmA ep19 seed=2019] success=True rho_safe=-0.0197 max_obj_speed=0.14255 steps=82
Arm A done in 327s
cuda mem after Arm A cleanup: 0.01 GB
=== Loading FRESH checkpoint for Arm B (naive live TTT) ===
Loading  HuggingFaceTB/SmolVLM2-500M-Video-Instruct weights ...
Loading weights:   0%|          | 0/489 [00:00<?, ?it/s]Loading weights: 100%|██████████| 489/489 [00:00<00:00, 6813.12it/s]
Reducing the number of VLM layers to 16 ...
Loading weights from local directory
[info] using task orders [0, 1, 2, 3, 4, 5, 6, 7, 8, 9]
[ArmB group0 ep0 seed=3000] success=True rho_safe=-0.0102 max_obj_speed=0.14241 steps=88
[ArmB group0 ep1 seed=3001] success=True rho_safe=-0.0101 max_obj_speed=0.16319 steps=81
[ArmB group0 ep2 seed=3002] success=True rho_safe=-0.0218 max_obj_speed=0.18545 steps=90
[ArmB group0 ep3 seed=3003] success=True rho_safe=-0.0119 max_obj_speed=0.15008 steps=88
===== ArmB group 0 update: success_rate=1.000 loss=None grad_norm=None =====
[ArmB group1 ep4 seed=3004] success=True rho_safe=-0.0037 max_obj_speed=0.15192 steps=87
[ArmB group1 ep5 seed=3005] success=True rho_safe=-0.0213 max_obj_speed=0.17432 steps=83
[ArmB group1 ep6 seed=3006] success=True rho_safe=-0.0207 max_obj_speed=0.16438 steps=90
[ArmB group1 ep7 seed=3007] success=True rho_safe=-0.0325 max_obj_speed=0.16987 steps=86
===== ArmB group 1 update: success_rate=1.000 loss=None grad_norm=None =====
[ArmB group2 ep8 seed=3008] success=True rho_safe=-0.0302 max_obj_speed=0.18142 steps=85
[ArmB group2 ep9 seed=3009] success=True rho_safe=-0.0348 max_obj_speed=0.17966 steps=85
[ArmB group2 ep10 seed=3010] success=True rho_safe=-0.0339 max_obj_speed=0.18388 steps=92
[ArmB group2 ep11 seed=3011] success=True rho_safe=-0.0184 max_obj_speed=0.16099 steps=87
===== ArmB group 2 update: success_rate=1.000 loss=None grad_norm=None =====
[ArmB group3 ep12 seed=3012] success=True rho_safe=-0.0425 max_obj_speed=0.17098 steps=89
[ArmB group3 ep13 seed=3013] success=True rho_safe=-0.0235 max_obj_speed=0.15146 steps=75
[ArmB group3 ep14 seed=3014] success=True rho_safe=-0.0219 max_obj_speed=0.17480 steps=85
[ArmB group3 ep15 seed=3015] success=True rho_safe=-0.0289 max_obj_speed=0.16865 steps=93
===== ArmB group 3 update: success_rate=1.000 loss=None grad_norm=None =====
[ArmB group4 ep16 seed=3016] success=True rho_safe=-0.0173 max_obj_speed=0.16083 steps=83
[ArmB group4 ep17 seed=3017] success=True rho_safe=-0.0022 max_obj_speed=0.14399 steps=79
[ArmB group4 ep18 seed=3018] success=True rho_safe=-0.0177 max_obj_speed=0.17684 steps=80
[ArmB group4 ep19 seed=3019] success=True rho_safe=-0.0026 max_obj_speed=0.16165 steps=87
===== ArmB group 4 update: success_rate=1.000 loss=None grad_norm=None =====
Arm B done in 303s
Saved /home/user/Desktop/multi-rate/vla-rft/smoke_results.json

================ SUMMARY ================
--- Arm A (frozen) (n=20) ---
  rho_safe: mean=-0.0184 min=-0.0441
  violation_rate (rho_safe<0): 1.000
  max_obj_speed: mean=0.15888 max=0.19973
  success_rate: 0.950
--- Arm B (naive live TTT) (n=20) ---
  rho_safe: mean=-0.0203 min=-0.0425
  violation_rate (rho_safe<0): 1.000
  max_obj_speed: mean=0.16584 max=0.18545
  success_rate: 1.000

Arm B trend: group1 mean rho_safe=-0.0135 -> group5 mean rho_safe=-0.0099 (delta=+0.0036)
Arm B trend: group1 mean max_obj_speed=0.16028 -> group5 mean max_obj_speed=0.16083 (delta=+0.00055)

Total wall time: 630s
Exception ignored in: <function MjRenderContext.__del__ at 0x77b45e924860>
Traceback (most recent call last):
  File "/home/user/anaconda3/envs/vla_smolvla_libero/lib/python3.12/site-packages/robosuite/utils/binding_utils.py", line 199, in __del__
    self.gl_ctx.free()
  File "/home/user/anaconda3/envs/vla_smolvla_libero/lib/python3.12/site-packages/robosuite/renderers/context/egl_context.py", line 150, in free
    EGL.eglDestroyContext(EGL_DISPLAY, self._context)
  File "/home/user/anaconda3/envs/vla_smolvla_libero/lib/python3.12/site-packages/OpenGL/error.py", line 230, in glCheckError
    raise self._errorClass(
OpenGL.raw.EGL._errors.EGLError: EGLError(
	err = EGL_NOT_INITIALIZED,
	baseOperation = eglDestroyContext,
	cArguments = (
		<OpenGL._opaque.EGLDisplay_pointer object at 0x77b4321e36d0>,
		<OpenGL._opaque.EGLContext_pointer object at 0x77b368133b50>,
	),
	result = 0
)
Exception ignored in: <function EGLGLContext.__del__ at 0x77b45e924720>
Traceback (most recent call last):
  File "/home/user/anaconda3/envs/vla_smolvla_libero/lib/python3.12/site-packages/robosuite/renderers/context/egl_context.py", line 155, in __del__
    self.free()
  File "/home/user/anaconda3/envs/vla_smolvla_libero/lib/python3.12/site-packages/robosuite/renderers/context/egl_context.py", line 150, in free
    EGL.eglDestroyContext(EGL_DISPLAY, self._context)
  File "/home/user/anaconda3/envs/vla_smolvla_libero/lib/python3.12/site-packages/OpenGL/error.py", line 230, in glCheckError
    raise self._errorClass(
OpenGL.raw.EGL._errors.EGLError: EGLError(
	err = EGL_NOT_INITIALIZED,
	baseOperation = eglDestroyContext,
	cArguments = (
		<OpenGL._opaque.EGLDisplay_pointer object at 0x77b4321e36d0>,
		<OpenGL._opaque.EGLContext_pointer object at 0x77b368133b50>,
	),
	result = 0
)
Exception ignored in: <function MjRenderContext.__del__ at 0x77b45e924860>
Traceback (most recent call last):
  File "/home/user/anaconda3/envs/vla_smolvla_libero/lib/python3.12/site-packages/robosuite/utils/binding_utils.py", line 199, in __del__
    self.gl_ctx.free()
  File "/home/user/anaconda3/envs/vla_smolvla_libero/lib/python3.12/site-packages/robosuite/renderers/context/egl_context.py", line 149, in free
    EGL.eglMakeCurrent(EGL_DISPLAY, EGL.EGL_NO_SURFACE, EGL.EGL_NO_SURFACE, EGL.EGL_NO_CONTEXT)
  File "/home/user/anaconda3/envs/vla_smolvla_libero/lib/python3.12/site-packages/OpenGL/error.py", line 230, in glCheckError
    raise self._errorClass(
OpenGL.raw.EGL._errors.EGLError: EGLError(
	err = EGL_NOT_INITIALIZED,
	baseOperation = eglMakeCurrent,
	cArguments = (
		<OpenGL._opaque.EGLDisplay_pointer object at 0x77b4321e36d0>,
		<OpenGL._opaque.EGLSurface_pointer object at 0x77b4683b0cd0>,
		<OpenGL._opaque.EGLSurface_pointer object at 0x77b4683b0cd0>,
		<OpenGL._opaque.EGLContext_pointer object at 0x77b4683b0bd0>,
	),
	result = 0
)
Exception ignored in: <function EGLGLContext.__del__ at 0x77b45e924720>
Traceback (most recent call last):
  File "/home/user/anaconda3/envs/vla_smolvla_libero/lib/python3.12/site-packages/robosuite/renderers/context/egl_context.py", line 155, in __del__
    self.free()
  File "/home/user/anaconda3/envs/vla_smolvla_libero/lib/python3.12/site-packages/robosuite/renderers/context/egl_context.py", line 149, in free
    EGL.eglMakeCurrent(EGL_DISPLAY, EGL.EGL_NO_SURFACE, EGL.EGL_NO_SURFACE, EGL.EGL_NO_CONTEXT)
  File "/home/user/anaconda3/envs/vla_smolvla_libero/lib/python3.12/site-packages/OpenGL/error.py", line 230, in glCheckError
    raise self._errorClass(
OpenGL.raw.EGL._errors.EGLError: EGLError(
	err = EGL_NOT_INITIALIZED,
	baseOperation = eglMakeCurrent,
	cArguments = (
		<OpenGL._opaque.EGLDisplay_pointer object at 0x77b4321e36d0>,
		<OpenGL._opaque.EGLSurface_pointer object at 0x77b4683b0cd0>,
		<OpenGL._opaque.EGLSurface_pointer object at 0x77b4683b0cd0>,
		<OpenGL._opaque.EGLContext_pointer object at 0x77b4683b0bd0>,
	),
	result = 0
)
