Loading  HuggingFaceTB/SmolVLM2-500M-Video-Instruct weights ...
Reducing the number of VLM layers to 16 ...
Loading weights from local directory
[info] using task orders [0, 1, 2, 3, 4, 5, 6, 7, 8, 9]
Local assets not found. Downloading from HuggingFace Hub...
Assets already downloaded at /home/user/.cache/libero/assets
[info] using task orders [0, 1, 2, 3, 4, 5, 6, 7, 8, 9]
[update 0] task=5 attempt=0 rollout=0 success=True steps=200 n_chunks=200
[update 0] task=5 attempt=0 rollout=1 success=True steps=169 n_chunks=169
[update 0] task=5 attempt=0 rollout=2 success=True steps=174 n_chunks=174
[update 0] task=5 attempt=0 rollout=3 success=True steps=151 n_chunks=151
[update 0] task=5 attempt=0 rollout=4 success=True steps=164 n_chunks=164
[update 0] task=5 attempt=0 rollout=5 success=True steps=130 n_chunks=130
[update 0] task=3 attempt=0 rollout=0 success=True steps=173 n_chunks=173
[update 0] task=3 attempt=0 rollout=1 success=True steps=183 n_chunks=183
[update 0] task=3 attempt=0 rollout=2 success=True steps=175 n_chunks=175
[update 0] task=3 attempt=0 rollout=3 success=True steps=201 n_chunks=201
[update 0] task=3 attempt=0 rollout=4 success=True steps=187 n_chunks=187
[update 0] task=3 attempt=0 rollout=5 success=True steps=186 n_chunks=186
===== UPDATE 0: success_rate=1.000 loss=None grad_norm=None elapsed=552s =====
[update 1] task=5 attempt=0 rollout=0 success=True steps=155 n_chunks=155
[update 1] task=5 attempt=0 rollout=1 success=True steps=121 n_chunks=121
[update 1] task=5 attempt=0 rollout=2 success=True steps=158 n_chunks=158
[update 1] task=5 attempt=0 rollout=3 success=True steps=123 n_chunks=123
[update 1] task=5 attempt=0 rollout=4 success=True steps=144 n_chunks=144
[update 1] task=5 attempt=0 rollout=5 success=True steps=133 n_chunks=133
[update 1] task=3 attempt=0 rollout=0 success=True steps=174 n_chunks=174
[update 1] task=3 attempt=0 rollout=1 success=True steps=188 n_chunks=188
[update 1] task=3 attempt=0 rollout=2 success=False steps=300 n_chunks=300
[update 1] task=3 attempt=0 rollout=3 success=True steps=196 n_chunks=196
[update 1] task=3 attempt=0 rollout=4 success=False steps=300 n_chunks=300
[update 1] task=3 attempt=0 rollout=5 success=True steps=193 n_chunks=193
===== UPDATE 1: success_rate=0.833 loss=0.43056825908531005 grad_norm=172.9931182861328 elapsed=1401s =====
[update 2] task=5 attempt=0 rollout=0 success=True steps=144 n_chunks=144
[update 2] task=5 attempt=0 rollout=1 success=True steps=211 n_chunks=211
[update 2] task=5 attempt=0 rollout=2 success=True steps=155 n_chunks=155
[update 2] task=5 attempt=0 rollout=3 success=True steps=168 n_chunks=168
[update 2] task=5 attempt=0 rollout=4 success=True steps=137 n_chunks=137
[update 2] task=5 attempt=0 rollout=5 success=True steps=146 n_chunks=146
[update 2] task=3 attempt=0 rollout=0 success=False steps=300 n_chunks=300
[update 2] task=3 attempt=0 rollout=1 success=True steps=188 n_chunks=188
[update 2] task=3 attempt=0 rollout=2 success=True steps=177 n_chunks=177
[update 2] task=3 attempt=0 rollout=3 success=True steps=192 n_chunks=192
[update 2] task=3 attempt=0 rollout=4 success=True steps=177 n_chunks=177
[update 2] task=3 attempt=0 rollout=5 success=False steps=300 n_chunks=300
===== UPDATE 2: success_rate=0.833 loss=0.4783992744993413 grad_norm=181.6743621826172 elapsed=2279s =====
[update 3] task=5 attempt=0 rollout=0 success=True steps=137 n_chunks=137
[update 3] task=5 attempt=0 rollout=1 success=True steps=141 n_chunks=141
[update 3] task=5 attempt=0 rollout=2 success=True steps=162 n_chunks=162
[update 3] task=5 attempt=0 rollout=3 success=True steps=188 n_chunks=188
[update 3] task=5 attempt=0 rollout=4 success=True steps=157 n_chunks=157
[update 3] task=5 attempt=0 rollout=5 success=True steps=140 n_chunks=140
[update 3] task=3 attempt=0 rollout=0 success=True steps=183 n_chunks=183
[update 3] task=3 attempt=0 rollout=1 success=True steps=168 n_chunks=168
[update 3] task=3 attempt=0 rollout=2 success=True steps=176 n_chunks=176
[update 3] task=3 attempt=0 rollout=3 success=True steps=191 n_chunks=191
[update 3] task=3 attempt=0 rollout=4 success=False steps=300 n_chunks=300
[update 3] task=3 attempt=0 rollout=5 success=False steps=300 n_chunks=300
===== UPDATE 3: success_rate=0.833 loss=0.4837174802702005 grad_norm=156.5861358642578 elapsed=3126s =====
[update 4] task=5 attempt=0 rollout=0 success=True steps=149 n_chunks=149
[update 4] task=5 attempt=0 rollout=1 success=True steps=144 n_chunks=144
[update 4] task=5 attempt=0 rollout=2 success=True steps=130 n_chunks=130
[update 4] task=5 attempt=0 rollout=3 success=True steps=117 n_chunks=117
[update 4] task=5 attempt=0 rollout=4 success=True steps=160 n_chunks=160
[update 4] task=5 attempt=0 rollout=5 success=True steps=122 n_chunks=122
[update 4] task=3 attempt=0 rollout=0 success=True steps=193 n_chunks=193
[update 4] task=3 attempt=0 rollout=1 success=True steps=182 n_chunks=182
[update 4] task=3 attempt=0 rollout=2 success=True steps=176 n_chunks=176
[update 4] task=3 attempt=0 rollout=3 success=True steps=199 n_chunks=199
[update 4] task=3 attempt=0 rollout=4 success=False steps=300 n_chunks=300
[update 4] task=3 attempt=0 rollout=5 success=False steps=300 n_chunks=300
===== UPDATE 4: success_rate=0.833 loss=0.44114043990770974 grad_norm=150.217529296875 elapsed=3969s =====
[update 5] task=5 attempt=0 rollout=0 success=True steps=158 n_chunks=158
[update 5] task=5 attempt=0 rollout=1 success=True steps=264 n_chunks=264
[update 5] task=5 attempt=0 rollout=2 success=True steps=170 n_chunks=170
[update 5] task=5 attempt=0 rollout=3 success=True steps=138 n_chunks=138
[update 5] task=5 attempt=0 rollout=4 success=False steps=300 n_chunks=300
[update 5] task=5 attempt=0 rollout=5 success=True steps=147 n_chunks=147
[update 5] task=3 attempt=0 rollout=0 success=True steps=173 n_chunks=173
[update 5] task=3 attempt=0 rollout=1 success=True steps=188 n_chunks=188
[update 5] task=3 attempt=0 rollout=2 success=True steps=173 n_chunks=173
[update 5] task=3 attempt=0 rollout=3 success=True steps=195 n_chunks=195
[update 5] task=3 attempt=0 rollout=4 success=True steps=184 n_chunks=184
[update 5] task=3 attempt=0 rollout=5 success=False steps=300 n_chunks=300
===== UPDATE 5: success_rate=0.833 loss=0.43069387855140734 grad_norm=265.957275390625 elapsed=5079s =====
[update 6] task=5 attempt=0 rollout=0 success=True steps=159 n_chunks=159
[update 6] task=5 attempt=0 rollout=1 success=True steps=144 n_chunks=144
[update 6] task=5 attempt=0 rollout=2 success=True steps=135 n_chunks=135
[update 6] task=5 attempt=0 rollout=3 success=True steps=136 n_chunks=136
[update 6] task=5 attempt=0 rollout=4 success=True steps=160 n_chunks=160
[update 6] task=5 attempt=0 rollout=5 success=True steps=143 n_chunks=143
[update 6] task=3 attempt=0 rollout=0 success=True steps=178 n_chunks=178
[update 6] task=3 attempt=0 rollout=1 success=True steps=173 n_chunks=173
[update 6] task=3 attempt=0 rollout=2 success=True steps=186 n_chunks=186
[update 6] task=3 attempt=0 rollout=3 success=False steps=300 n_chunks=300
[update 6] task=3 attempt=0 rollout=4 success=True steps=187 n_chunks=187
[update 6] task=3 attempt=0 rollout=5 success=False steps=300 n_chunks=300
===== UPDATE 6: success_rate=0.833 loss=0.4630905195755541 grad_norm=177.8076629638672 elapsed=5932s =====
[update 7] task=5 attempt=0 rollout=0 success=True steps=163 n_chunks=163
[update 7] task=5 attempt=0 rollout=1 success=True steps=141 n_chunks=141
[update 7] task=5 attempt=0 rollout=2 success=True steps=173 n_chunks=173
[update 7] task=5 attempt=0 rollout=3 success=True steps=191 n_chunks=191
[update 7] task=5 attempt=0 rollout=4 success=True steps=139 n_chunks=139
[update 7] task=5 attempt=0 rollout=5 success=True steps=152 n_chunks=152
[update 7] task=3 attempt=0 rollout=0 success=True steps=210 n_chunks=210
[update 7] task=3 attempt=0 rollout=1 success=True steps=178 n_chunks=178
[update 7] task=3 attempt=0 rollout=2 success=True steps=180 n_chunks=180
[update 7] task=3 attempt=0 rollout=3 success=True steps=186 n_chunks=186
[update 7] task=3 attempt=0 rollout=4 success=True steps=187 n_chunks=187
[update 7] task=3 attempt=0 rollout=5 success=False steps=300 n_chunks=300
===== UPDATE 7: success_rate=0.917 loss=0.36274255508381353 grad_norm=160.35397338867188 elapsed=6762s =====
[update 8] task=5 attempt=0 rollout=0 success=True steps=134 n_chunks=134
[update 8] task=5 attempt=0 rollout=1 success=True steps=145 n_chunks=145
[update 8] task=5 attempt=0 rollout=2 success=True steps=145 n_chunks=145
[update 8] task=5 attempt=0 rollout=3 success=True steps=154 n_chunks=154
[update 8] task=5 attempt=0 rollout=4 success=True steps=162 n_chunks=162
[update 8] task=5 attempt=0 rollout=5 success=True steps=145 n_chunks=145
[update 8] task=3 attempt=0 rollout=0 success=True steps=180 n_chunks=180
[update 8] task=3 attempt=0 rollout=1 success=True steps=181 n_chunks=181
[update 8] task=3 attempt=0 rollout=2 success=True steps=189 n_chunks=189
[update 8] task=3 attempt=0 rollout=3 success=True steps=189 n_chunks=189
[update 8] task=3 attempt=0 rollout=4 success=True steps=195 n_chunks=195
[update 8] task=3 attempt=0 rollout=5 success=False steps=300 n_chunks=300
===== UPDATE 8: success_rate=0.917 loss=0.3877752406139235 grad_norm=167.97019958496094 elapsed=7561s =====
[update 9] task=5 attempt=0 rollout=0 success=True steps=162 n_chunks=162
[update 9] task=5 attempt=0 rollout=1 success=True steps=144 n_chunks=144
[update 9] task=5 attempt=0 rollout=2 success=True steps=163 n_chunks=163
[update 9] task=5 attempt=0 rollout=3 success=True steps=142 n_chunks=142
[update 9] task=5 attempt=0 rollout=4 success=True steps=147 n_chunks=147
[update 9] task=5 attempt=0 rollout=5 success=True steps=143 n_chunks=143
[update 9] task=3 attempt=0 rollout=0 success=True steps=170 n_chunks=170
[update 9] task=3 attempt=0 rollout=1 success=True steps=179 n_chunks=179
[update 9] task=3 attempt=0 rollout=2 success=True steps=189 n_chunks=189
[update 9] task=3 attempt=0 rollout=3 success=True steps=198 n_chunks=198
[update 9] task=3 attempt=0 rollout=4 success=False steps=300 n_chunks=300
[update 9] task=3 attempt=0 rollout=5 success=False steps=300 n_chunks=300
===== UPDATE 9: success_rate=0.833 loss=0.4584515031404838 grad_norm=172.79237365722656 elapsed=8424s =====
[update 10] task=5 attempt=0 rollout=0 success=True steps=132 n_chunks=132
[update 10] task=5 attempt=0 rollout=1 success=True steps=197 n_chunks=197
[update 10] task=5 attempt=0 rollout=2 success=True steps=133 n_chunks=133
[update 10] task=5 attempt=0 rollout=3 success=True steps=129 n_chunks=129
[update 10] task=5 attempt=0 rollout=4 success=True steps=134 n_chunks=134
[update 10] task=5 attempt=0 rollout=5 success=True steps=137 n_chunks=137
[update 10] task=3 attempt=0 rollout=0 success=True steps=182 n_chunks=182
[update 10] task=3 attempt=0 rollout=1 success=True steps=181 n_chunks=181
[update 10] task=3 attempt=0 rollout=2 success=True steps=175 n_chunks=175
[update 10] task=3 attempt=0 rollout=3 success=True steps=210 n_chunks=210
[update 10] task=3 attempt=0 rollout=4 success=False steps=300 n_chunks=300
[update 10] task=3 attempt=0 rollout=5 success=False steps=300 n_chunks=300
===== UPDATE 10: success_rate=0.833 loss=0.49326106012751864 grad_norm=170.73284912109375 elapsed=9271s =====
[update 11] task=5 attempt=0 rollout=0 success=True steps=149 n_chunks=149
[update 11] task=5 attempt=0 rollout=1 success=True steps=215 n_chunks=215
[update 11] task=5 attempt=0 rollout=2 success=True steps=145 n_chunks=145
[update 11] task=5 attempt=0 rollout=3 success=True steps=130 n_chunks=130
[update 11] task=5 attempt=0 rollout=4 success=True steps=152 n_chunks=152
[update 11] task=5 attempt=0 rollout=5 success=True steps=137 n_chunks=137
[update 11] task=3 attempt=0 rollout=0 success=True steps=187 n_chunks=187
[update 11] task=3 attempt=0 rollout=1 success=True steps=184 n_chunks=184
[update 11] task=3 attempt=0 rollout=2 success=True steps=169 n_chunks=169
[update 11] task=3 attempt=0 rollout=3 success=False steps=300 n_chunks=300
[update 11] task=3 attempt=0 rollout=4 success=False steps=300 n_chunks=300
[update 11] task=3 attempt=0 rollout=5 success=False steps=300 n_chunks=300
===== UPDATE 11: success_rate=0.750 loss=0.49717883459395834 grad_norm=162.43035888671875 elapsed=10178s =====
[update 12] task=5 attempt=0 rollout=0 success=True steps=125 n_chunks=125
[update 12] task=5 attempt=0 rollout=1 success=True steps=134 n_chunks=134
[update 12] task=5 attempt=0 rollout=2 success=True steps=165 n_chunks=165
[update 12] task=5 attempt=0 rollout=3 success=True steps=134 n_chunks=134
[update 12] task=5 attempt=0 rollout=4 success=True steps=142 n_chunks=142
[update 12] task=5 attempt=0 rollout=5 success=True steps=131 n_chunks=131
[update 12] task=3 attempt=0 rollout=0 success=True steps=196 n_chunks=196
[update 12] task=3 attempt=0 rollout=1 success=True steps=190 n_chunks=190
[update 12] task=3 attempt=0 rollout=2 success=True steps=170 n_chunks=170
[update 12] task=3 attempt=0 rollout=3 success=True steps=203 n_chunks=203
[update 12] task=3 attempt=0 rollout=4 success=True steps=191 n_chunks=191
[update 12] task=3 attempt=0 rollout=5 success=False steps=300 n_chunks=300
===== UPDATE 12: success_rate=0.917 loss=0.3634425525665283 grad_norm=160.9889678955078 elapsed=10981s =====
[update 13] task=5 attempt=0 rollout=0 success=True steps=180 n_chunks=180
[update 13] task=5 attempt=0 rollout=1 success=True steps=169 n_chunks=169
[update 13] task=5 attempt=0 rollout=2 success=True steps=138 n_chunks=138
[update 13] task=5 attempt=0 rollout=3 success=True steps=140 n_chunks=140
[update 13] task=5 attempt=0 rollout=4 success=True steps=187 n_chunks=187
[update 13] task=5 attempt=0 rollout=5 success=True steps=117 n_chunks=117
[update 13] task=3 attempt=0 rollout=0 success=True steps=170 n_chunks=170
[update 13] task=3 attempt=0 rollout=1 success=True steps=189 n_chunks=189
[update 13] task=3 attempt=0 rollout=2 success=True steps=170 n_chunks=170
[update 13] task=3 attempt=0 rollout=3 success=False steps=300 n_chunks=300
[update 13] task=3 attempt=0 rollout=4 success=False steps=300 n_chunks=300
[update 13] task=3 attempt=0 rollout=5 success=False steps=300 n_chunks=300
===== UPDATE 13: success_rate=0.750 loss=0.49313261681624104 grad_norm=172.8267364501953 elapsed=11883s =====
[update 14] task=5 attempt=0 rollout=0 success=True steps=151 n_chunks=151
[update 14] task=5 attempt=0 rollout=1 success=True steps=185 n_chunks=185
[update 14] task=5 attempt=0 rollout=2 success=True steps=141 n_chunks=141
[update 14] task=5 attempt=0 rollout=3 success=True steps=126 n_chunks=126
[update 14] task=5 attempt=0 rollout=4 success=True steps=136 n_chunks=136
[update 14] task=5 attempt=0 rollout=5 success=True steps=127 n_chunks=127
[update 14] task=3 attempt=0 rollout=0 success=True steps=182 n_chunks=182
[update 14] task=3 attempt=0 rollout=1 success=True steps=185 n_chunks=185
[update 14] task=3 attempt=0 rollout=2 success=True steps=183 n_chunks=183
[update 14] task=3 attempt=0 rollout=3 success=False steps=300 n_chunks=300
[update 14] task=3 attempt=0 rollout=4 success=True steps=186 n_chunks=186
[update 14] task=3 attempt=0 rollout=5 success=False steps=300 n_chunks=300
===== UPDATE 14: success_rate=0.833 loss=0.4816641584484877 grad_norm=156.62950134277344 elapsed=12734s =====
[update 15] task=5 attempt=0 rollout=0 success=True steps=161 n_chunks=161
[update 15] task=5 attempt=0 rollout=1 success=True steps=147 n_chunks=147
[update 15] task=5 attempt=0 rollout=2 success=True steps=130 n_chunks=130
[update 15] task=5 attempt=0 rollout=3 success=True steps=133 n_chunks=133
[update 15] task=5 attempt=0 rollout=4 success=True steps=159 n_chunks=159
[update 15] task=5 attempt=0 rollout=5 success=True steps=138 n_chunks=138
[update 15] task=3 attempt=0 rollout=0 success=False steps=300 n_chunks=300
[update 15] task=3 attempt=0 rollout=1 success=True steps=176 n_chunks=176
[update 15] task=3 attempt=0 rollout=2 success=True steps=179 n_chunks=179
[update 15] task=3 attempt=0 rollout=3 success=True steps=191 n_chunks=191
[update 15] task=3 attempt=0 rollout=4 success=True steps=187 n_chunks=187
[update 15] task=3 attempt=0 rollout=5 success=False steps=300 n_chunks=300
===== UPDATE 15: success_rate=0.833 loss=0.4866094236434713 grad_norm=161.13446044921875 elapsed=13581s =====
[update 16] task=5 attempt=0 rollout=0 success=True steps=150 n_chunks=150
[update 16] task=5 attempt=0 rollout=1 success=True steps=160 n_chunks=160
[update 16] task=5 attempt=0 rollout=2 success=True steps=115 n_chunks=115
[update 16] task=5 attempt=0 rollout=3 success=True steps=143 n_chunks=143
[update 16] task=5 attempt=0 rollout=4 success=True steps=187 n_chunks=187
[update 16] task=5 attempt=0 rollout=5 success=True steps=124 n_chunks=124
[update 16] task=3 attempt=0 rollout=0 success=True steps=186 n_chunks=186
[update 16] task=3 attempt=0 rollout=1 success=True steps=181 n_chunks=181
[update 16] task=3 attempt=0 rollout=2 success=True steps=192 n_chunks=192
[update 16] task=3 attempt=0 rollout=3 success=True steps=200 n_chunks=200
[update 16] task=3 attempt=0 rollout=4 success=True steps=196 n_chunks=196
[update 16] task=3 attempt=0 rollout=5 success=False steps=300 n_chunks=300
===== UPDATE 16: success_rate=0.917 loss=0.36268766068842306 grad_norm=161.18067932128906 elapsed=14385s =====
[update 17] task=5 attempt=0 rollout=0 success=True steps=142 n_chunks=142
[update 17] task=5 attempt=0 rollout=1 success=True steps=146 n_chunks=146
[update 17] task=5 attempt=0 rollout=2 success=True steps=142 n_chunks=142
[update 17] task=5 attempt=0 rollout=3 success=True steps=134 n_chunks=134
[update 17] task=5 attempt=0 rollout=4 success=True steps=151 n_chunks=151
[update 17] task=5 attempt=0 rollout=5 success=True steps=148 n_chunks=148
[update 17] task=3 attempt=0 rollout=0 success=True steps=186 n_chunks=186
[update 17] task=3 attempt=0 rollout=1 success=True steps=199 n_chunks=199
[update 17] task=3 attempt=0 rollout=2 success=True steps=170 n_chunks=170
[update 17] task=3 attempt=0 rollout=3 success=True steps=193 n_chunks=193
[update 17] task=3 attempt=0 rollout=4 success=False steps=300 n_chunks=300
[update 17] task=3 attempt=0 rollout=5 success=False steps=300 n_chunks=300
===== UPDATE 17: success_rate=0.833 loss=0.4521212474793992 grad_norm=169.784912109375 elapsed=15213s =====
[update 18] task=5 attempt=0 rollout=0 success=True steps=143 n_chunks=143
[update 18] task=5 attempt=0 rollout=1 success=True steps=130 n_chunks=130
[update 18] task=5 attempt=0 rollout=2 success=True steps=168 n_chunks=168
[update 18] task=5 attempt=0 rollout=3 success=True steps=165 n_chunks=165
[update 18] task=5 attempt=0 rollout=4 success=True steps=153 n_chunks=153
[update 18] task=5 attempt=0 rollout=5 success=True steps=137 n_chunks=137
[update 18] task=3 attempt=0 rollout=0 success=True steps=182 n_chunks=182
[update 18] task=3 attempt=0 rollout=1 success=True steps=176 n_chunks=176
[update 18] task=3 attempt=0 rollout=2 success=True steps=175 n_chunks=175
[update 18] task=3 attempt=0 rollout=3 success=True steps=194 n_chunks=194
[update 18] task=3 attempt=0 rollout=4 success=False steps=300 n_chunks=300
[update 18] task=3 attempt=0 rollout=5 success=False steps=300 n_chunks=300
===== UPDATE 18: success_rate=0.833 loss=0.4340703748363072 grad_norm=159.10440063476562 elapsed=15957s =====
[update 19] task=5 attempt=0 rollout=0 success=True steps=152 n_chunks=152
[update 19] task=5 attempt=0 rollout=1 success=True steps=138 n_chunks=138
[update 19] task=5 attempt=0 rollout=2 success=True steps=146 n_chunks=146
[update 19] task=5 attempt=0 rollout=3 success=True steps=153 n_chunks=153
[update 19] task=5 attempt=0 rollout=4 success=True steps=141 n_chunks=141
[update 19] task=5 attempt=0 rollout=5 success=True steps=137 n_chunks=137
[update 19] task=3 attempt=0 rollout=0 success=True steps=173 n_chunks=173
[update 19] task=3 attempt=0 rollout=1 success=False steps=300 n_chunks=300
[update 19] task=3 attempt=0 rollout=2 success=True steps=191 n_chunks=191
[update 19] task=3 attempt=0 rollout=3 success=True steps=188 n_chunks=188
[update 19] task=3 attempt=0 rollout=4 success=True steps=201 n_chunks=201
[update 19] task=3 attempt=0 rollout=5 success=False steps=300 n_chunks=300
===== UPDATE 19: success_rate=0.833 loss=0.455213046699476 grad_norm=175.98919677734375 elapsed=16808s =====
[update 20] task=5 attempt=0 rollout=0 success=True steps=137 n_chunks=137
[update 20] task=5 attempt=0 rollout=1 success=True steps=172 n_chunks=172
[update 20] task=5 attempt=0 rollout=2 success=True steps=127 n_chunks=127
[update 20] task=5 attempt=0 rollout=3 success=True steps=199 n_chunks=199
[update 20] task=5 attempt=0 rollout=4 success=True steps=180 n_chunks=180
[update 20] task=5 attempt=0 rollout=5 success=True steps=154 n_chunks=154
[update 20] task=3 attempt=0 rollout=0 success=True steps=185 n_chunks=185
[update 20] task=3 attempt=0 rollout=1 success=True steps=172 n_chunks=172
[update 20] task=3 attempt=0 rollout=2 success=True steps=173 n_chunks=173
[update 20] task=3 attempt=0 rollout=3 success=True steps=190 n_chunks=190
[update 20] task=3 attempt=0 rollout=4 success=True steps=182 n_chunks=182
[update 20] task=3 attempt=0 rollout=5 success=False steps=300 n_chunks=300
===== UPDATE 20: success_rate=0.917 loss=0.38540814092968545 grad_norm=161.64813232421875 elapsed=17616s =====
[update 21] task=5 attempt=0 rollout=0 success=True steps=137 n_chunks=137
[update 21] task=5 attempt=0 rollout=1 success=True steps=140 n_chunks=140
[update 21] task=5 attempt=0 rollout=2 success=True steps=119 n_chunks=119
[update 21] task=5 attempt=0 rollout=3 success=True steps=164 n_chunks=164
[update 21] task=5 attempt=0 rollout=4 success=True steps=136 n_chunks=136
[update 21] task=5 attempt=0 rollout=5 success=True steps=136 n_chunks=136
[update 21] task=3 attempt=0 rollout=0 success=False steps=300 n_chunks=300
[update 21] task=3 attempt=0 rollout=1 success=True steps=200 n_chunks=200
[update 21] task=3 attempt=0 rollout=2 success=True steps=182 n_chunks=182
[update 21] task=3 attempt=0 rollout=3 success=False steps=300 n_chunks=300
[update 21] task=3 attempt=0 rollout=4 success=True steps=193 n_chunks=193
[update 21] task=3 attempt=0 rollout=5 success=True steps=218 n_chunks=218
===== UPDATE 21: success_rate=0.833 loss=0.37962442893222004 grad_norm=170.46542358398438 elapsed=18402s =====
[update 22] task=5 attempt=0 rollout=0 success=True steps=125 n_chunks=125
[update 22] task=5 attempt=0 rollout=1 success=True steps=145 n_chunks=145
[update 22] task=5 attempt=0 rollout=2 success=True steps=134 n_chunks=134
[update 22] task=5 attempt=0 rollout=3 success=True steps=163 n_chunks=163
[update 22] task=5 attempt=0 rollout=4 success=True steps=159 n_chunks=159
[update 22] task=5 attempt=0 rollout=5 success=True steps=130 n_chunks=130
[update 22] task=3 attempt=0 rollout=0 success=True steps=180 n_chunks=180
[update 22] task=3 attempt=0 rollout=1 success=True steps=176 n_chunks=176
[update 22] task=3 attempt=0 rollout=2 success=True steps=177 n_chunks=177
[update 22] task=3 attempt=0 rollout=3 success=True steps=187 n_chunks=187
[update 22] task=3 attempt=0 rollout=4 success=False steps=300 n_chunks=300
[update 22] task=3 attempt=0 rollout=5 success=True steps=192 n_chunks=192
===== UPDATE 22: success_rate=0.917 loss=0.39799387263681235 grad_norm=172.12210083007812 elapsed=19056s =====
[update 23] task=5 attempt=0 rollout=0 success=True steps=138 n_chunks=138
[update 23] task=5 attempt=0 rollout=1 success=True steps=166 n_chunks=166
[update 23] task=5 attempt=0 rollout=2 success=True steps=169 n_chunks=169
[update 23] task=5 attempt=0 rollout=3 success=True steps=154 n_chunks=154
[update 23] task=5 attempt=0 rollout=4 success=True steps=146 n_chunks=146
[update 23] task=5 attempt=0 rollout=5 success=True steps=148 n_chunks=148
[update 23] task=3 attempt=0 rollout=0 success=False steps=300 n_chunks=300
[update 23] task=3 attempt=0 rollout=1 success=True steps=188 n_chunks=188
[update 23] task=3 attempt=0 rollout=2 success=True steps=190 n_chunks=190
[update 23] task=3 attempt=0 rollout=3 success=True steps=185 n_chunks=185
[update 23] task=3 attempt=0 rollout=4 success=False steps=300 n_chunks=300
[update 23] task=3 attempt=0 rollout=5 success=False steps=300 n_chunks=300
===== UPDATE 23: success_rate=0.750 loss=0.44036087530244317 grad_norm=154.23582458496094 elapsed=19939s =====
Saved RL checkpoint to rl_checkpoint_libero_goal_vanilla_s1

Fetching 4 files:   0%|          | 0/4 [00:00<?, ?it/s]
Fetching 4 files: 100%|██████████| 4/4 [00:00<00:00, 90687.65it/s]
Warning: You are sending unauthenticated requests to the HF Hub. Please set a HF_TOKEN to enable higher rate limits and faster downloads.
WARNING:huggingface_hub.utils._http:Warning: You are sending unauthenticated requests to the HF Hub. Please set a HF_TOKEN to enable higher rate limits and faster downloads.
`torch_dtype` is deprecated! Use `dtype` instead!

Loading weights:   0%|          | 0/489 [00:00<?, ?it/s]
Loading weights: 100%|██████████| 489/489 [00:00<00:00, 6036.16it/s]
[robosuite WARNING] No private macro file found! (__init__.py:7)
WARNING:robosuite_logs:No private macro file found!
[robosuite WARNING] It is recommended to use a private macro file (__init__.py:8)
WARNING:robosuite_logs:It is recommended to use a private macro file
[robosuite WARNING] To setup, run: python /home/user/anaconda3/envs/vla_smolvla_libero/lib/python3.12/site-packages/robosuite/scripts/setup_macros.py (__init__.py:9)
WARNING:robosuite_logs:To setup, run: python /home/user/anaconda3/envs/vla_smolvla_libero/lib/python3.12/site-packages/robosuite/scripts/setup_macros.py
Exception ignored in: <function MjRenderContext.__del__ at 0x79767be86980>
Traceback (most recent call last):
  File "/home/user/anaconda3/envs/vla_smolvla_libero/lib/python3.12/site-packages/robosuite/utils/binding_utils.py", line 199, in __del__
    self.gl_ctx.free()
  File "/home/user/anaconda3/envs/vla_smolvla_libero/lib/python3.12/site-packages/robosuite/renderers/context/egl_context.py", line 150, in free
    EGL.eglDestroyContext(EGL_DISPLAY, self._context)
  File "/home/user/anaconda3/envs/vla_smolvla_libero/lib/python3.12/site-packages/OpenGL/error.py", line 230, in glCheckError
    raise self._errorClass(
OpenGL.raw.EGL._errors.EGLError: EGLError(
	err = EGL_NOT_INITIALIZED,
	baseOperation = eglDestroyContext,
	cArguments = (
		<OpenGL._opaque.EGLDisplay_pointer object at 0x7976583964d0>,
		<OpenGL._opaque.EGLContext_pointer object at 0x7976120111d0>,
	),
	result = 0
)
Exception ignored in: <function EGLGLContext.__del__ at 0x79767be86840>
Traceback (most recent call last):
  File "/home/user/anaconda3/envs/vla_smolvla_libero/lib/python3.12/site-packages/robosuite/renderers/context/egl_context.py", line 155, in __del__
    self.free()
  File "/home/user/anaconda3/envs/vla_smolvla_libero/lib/python3.12/site-packages/robosuite/renderers/context/egl_context.py", line 150, in free
    EGL.eglDestroyContext(EGL_DISPLAY, self._context)
  File "/home/user/anaconda3/envs/vla_smolvla_libero/lib/python3.12/site-packages/OpenGL/error.py", line 230, in glCheckError
    raise self._errorClass(
OpenGL.raw.EGL._errors.EGLError: EGLError(
	err = EGL_NOT_INITIALIZED,
	baseOperation = eglDestroyContext,
	cArguments = (
		<OpenGL._opaque.EGLDisplay_pointer object at 0x7976583964d0>,
		<OpenGL._opaque.EGLContext_pointer object at 0x7976120111d0>,
	),
	result = 0
)
Exception ignored in: <function MjRenderContext.__del__ at 0x79767be86980>
Traceback (most recent call last):
  File "/home/user/anaconda3/envs/vla_smolvla_libero/lib/python3.12/site-packages/robosuite/utils/binding_utils.py", line 199, in __del__
    self.gl_ctx.free()
  File "/home/user/anaconda3/envs/vla_smolvla_libero/lib/python3.12/site-packages/robosuite/renderers/context/egl_context.py", line 149, in free
    EGL.eglMakeCurrent(EGL_DISPLAY, EGL.EGL_NO_SURFACE, EGL.EGL_NO_SURFACE, EGL.EGL_NO_CONTEXT)
  File "/home/user/anaconda3/envs/vla_smolvla_libero/lib/python3.12/site-packages/OpenGL/error.py", line 230, in glCheckError
    raise self._errorClass(
OpenGL.raw.EGL._errors.EGLError: EGLError(
	err = EGL_NOT_INITIALIZED,
	baseOperation = eglMakeCurrent,
	cArguments = (
		<OpenGL._opaque.EGLDisplay_pointer object at 0x7976583964d0>,
		<OpenGL._opaque.EGLSurface_pointer object at 0x79767be2f5d0>,
		<OpenGL._opaque.EGLSurface_pointer object at 0x79767be2f5d0>,
		<OpenGL._opaque.EGLContext_pointer object at 0x79767be2f4d0>,
	),
	result = 0
)
Exception ignored in: <function EGLGLContext.__del__ at 0x79767be86840>
Traceback (most recent call last):
  File "/home/user/anaconda3/envs/vla_smolvla_libero/lib/python3.12/site-packages/robosuite/renderers/context/egl_context.py", line 155, in __del__
    self.free()
  File "/home/user/anaconda3/envs/vla_smolvla_libero/lib/python3.12/site-packages/robosuite/renderers/context/egl_context.py", line 149, in free
    EGL.eglMakeCurrent(EGL_DISPLAY, EGL.EGL_NO_SURFACE, EGL.EGL_NO_SURFACE, EGL.EGL_NO_CONTEXT)
  File "/home/user/anaconda3/envs/vla_smolvla_libero/lib/python3.12/site-packages/OpenGL/error.py", line 230, in glCheckError
    raise self._errorClass(
OpenGL.raw.EGL._errors.EGLError: EGLError(
	err = EGL_NOT_INITIALIZED,
	baseOperation = eglMakeCurrent,
	cArguments = (
		<OpenGL._opaque.EGLDisplay_pointer object at 0x7976583964d0>,
		<OpenGL._opaque.EGLSurface_pointer object at 0x79767be2f5d0>,
		<OpenGL._opaque.EGLSurface_pointer object at 0x79767be2f5d0>,
		<OpenGL._opaque.EGLContext_pointer object at 0x79767be2f4d0>,
	),
	result = 0
)


