
Fetching 4 files:   0%|          | 0/4 [00:00<?, ?it/s]
Fetching 4 files: 100%|██████████| 4/4 [00:00<00:00, 92182.51it/s]
Warning: You are sending unauthenticated requests to the HF Hub. Please set a HF_TOKEN to enable higher rate limits and faster downloads.
WARNING:huggingface_hub.utils._http:Warning: You are sending unauthenticated requests to the HF Hub. Please set a HF_TOKEN to enable higher rate limits and faster downloads.
`torch_dtype` is deprecated! Use `dtype` instead!

Loading weights:   0%|          | 0/489 [00:00<?, ?it/s]
Loading weights: 100%|██████████| 489/489 [00:00<00:00, 6321.14it/s]
[robosuite WARNING] No private macro file found! (__init__.py:7)
WARNING:robosuite_logs:No private macro file found!
[robosuite WARNING] It is recommended to use a private macro file (__init__.py:8)
WARNING:robosuite_logs:It is recommended to use a private macro file
[robosuite WARNING] To setup, run: python /home/user/anaconda3/envs/vla_smolvla_libero/lib/python3.12/site-packages/robosuite/scripts/setup_macros.py (__init__.py:9)
WARNING:robosuite_logs:To setup, run: python /home/user/anaconda3/envs/vla_smolvla_libero/lib/python3.12/site-packages/robosuite/scripts/setup_macros.py
Exception ignored in: <function MjRenderContext.__del__ at 0x798cb1f30e00>
Traceback (most recent call last):
  File "/home/user/anaconda3/envs/vla_smolvla_libero/lib/python3.12/site-packages/robosuite/utils/binding_utils.py", line 199, in __del__
    self.gl_ctx.free()
  File "/home/user/anaconda3/envs/vla_smolvla_libero/lib/python3.12/site-packages/robosuite/renderers/context/egl_context.py", line 150, in free
    EGL.eglDestroyContext(EGL_DISPLAY, self._context)
  File "/home/user/anaconda3/envs/vla_smolvla_libero/lib/python3.12/site-packages/OpenGL/error.py", line 230, in glCheckError
    raise self._errorClass(
OpenGL.raw.EGL._errors.EGLError: EGLError(
	err = EGL_NOT_INITIALIZED,
	baseOperation = eglDestroyContext,
	cArguments = (
		<OpenGL._opaque.EGLDisplay_pointer object at 0x798c940ff3d0>,
		<OpenGL._opaque.EGLContext_pointer object at 0x798c8fe8b650>,
	),
	result = 0
)
Exception ignored in: <function EGLGLContext.__del__ at 0x798cb1f30cc0>
Traceback (most recent call last):
  File "/home/user/anaconda3/envs/vla_smolvla_libero/lib/python3.12/site-packages/robosuite/renderers/context/egl_context.py", line 155, in __del__
    self.free()
  File "/home/user/anaconda3/envs/vla_smolvla_libero/lib/python3.12/site-packages/robosuite/renderers/context/egl_context.py", line 150, in free
    EGL.eglDestroyContext(EGL_DISPLAY, self._context)
  File "/home/user/anaconda3/envs/vla_smolvla_libero/lib/python3.12/site-packages/OpenGL/error.py", line 230, in glCheckError
    raise self._errorClass(
OpenGL.raw.EGL._errors.EGLError: EGLError(
	err = EGL_NOT_INITIALIZED,
	baseOperation = eglDestroyContext,
	cArguments = (
		<OpenGL._opaque.EGLDisplay_pointer object at 0x798c940ff3d0>,
		<OpenGL._opaque.EGLContext_pointer object at 0x798c8fe8b650>,
	),
	result = 0
)
Exception ignored in: <function MjRenderContext.__del__ at 0x798cb1f30e00>
Traceback (most recent call last):
  File "/home/user/anaconda3/envs/vla_smolvla_libero/lib/python3.12/site-packages/robosuite/utils/binding_utils.py", line 199, in __del__
    self.gl_ctx.free()
  File "/home/user/anaconda3/envs/vla_smolvla_libero/lib/python3.12/site-packages/robosuite/renderers/context/egl_context.py", line 149, in free
    EGL.eglMakeCurrent(EGL_DISPLAY, EGL.EGL_NO_SURFACE, EGL.EGL_NO_SURFACE, EGL.EGL_NO_CONTEXT)
  File "/home/user/anaconda3/envs/vla_smolvla_libero/lib/python3.12/site-packages/OpenGL/error.py", line 230, in glCheckError
    raise self._errorClass(
OpenGL.raw.EGL._errors.EGLError: EGLError(
	err = EGL_NOT_INITIALIZED,
	baseOperation = eglMakeCurrent,
	cArguments = (
		<OpenGL._opaque.EGLDisplay_pointer object at 0x798c940ff3d0>,
		<OpenGL._opaque.EGLSurface_pointer object at 0x798cbc1909d0>,
		<OpenGL._opaque.EGLSurface_pointer object at 0x798cbc1909d0>,
		<OpenGL._opaque.EGLContext_pointer object at 0x798cbc1908d0>,
	),
	result = 0
)
Exception ignored in: <function EGLGLContext.__del__ at 0x798cb1f30cc0>
Traceback (most recent call last):
  File "/home/user/anaconda3/envs/vla_smolvla_libero/lib/python3.12/site-packages/robosuite/renderers/context/egl_context.py", line 155, in __del__
    self.free()
  File "/home/user/anaconda3/envs/vla_smolvla_libero/lib/python3.12/site-packages/robosuite/renderers/context/egl_context.py", line 149, in free
    EGL.eglMakeCurrent(EGL_DISPLAY, EGL.EGL_NO_SURFACE, EGL.EGL_NO_SURFACE, EGL.EGL_NO_CONTEXT)
  File "/home/user/anaconda3/envs/vla_smolvla_libero/lib/python3.12/site-packages/OpenGL/error.py", line 230, in glCheckError
    raise self._errorClass(
OpenGL.raw.EGL._errors.EGLError: EGLError(
	err = EGL_NOT_INITIALIZED,
	baseOperation = eglMakeCurrent,
	cArguments = (
		<OpenGL._opaque.EGLDisplay_pointer object at 0x798c940ff3d0>,
		<OpenGL._opaque.EGLSurface_pointer object at 0x798cbc1909d0>,
		<OpenGL._opaque.EGLSurface_pointer object at 0x798cbc1909d0>,
		<OpenGL._opaque.EGLContext_pointer object at 0x798cbc1908d0>,
	),
	result = 0
)

Loading  HuggingFaceTB/SmolVLM2-500M-Video-Instruct weights ...
Reducing the number of VLM layers to 16 ...
Loading weights from local directory
[info] using task orders [0, 1, 2, 3, 4, 5, 6, 7, 8, 9]
Local assets not found. Downloading from HuggingFace Hub...
Assets already downloaded at /home/user/.cache/libero/assets
[info] using task orders [0, 1, 2, 3, 4, 5, 6, 7, 8, 9]
[update 0] task=3 rollout=0 success=True steps=91 n_chunks=91
[update 0] task=3 rollout=1 success=True steps=93 n_chunks=93
[update 0] task=3 rollout=2 success=True steps=88 n_chunks=88
[update 0] task=3 rollout=3 success=True steps=89 n_chunks=89
[update 0] task=3 rollout=4 success=True steps=89 n_chunks=89
[update 0] task=3 rollout=5 success=True steps=84 n_chunks=84
[update 0] task=5 rollout=0 success=False steps=220 n_chunks=220
[update 0] task=5 rollout=1 success=False steps=220 n_chunks=220
[update 0] task=5 rollout=2 success=False steps=220 n_chunks=220
[update 0] task=5 rollout=3 success=False steps=220 n_chunks=220
[update 0] task=5 rollout=4 success=False steps=220 n_chunks=220
[update 0] task=5 rollout=5 success=False steps=220 n_chunks=220
===== UPDATE 0: success_rate=0.500 loss=None grad_norm=None elapsed=325s =====
[update 1] task=3 rollout=0 success=True steps=89 n_chunks=89
[update 1] task=3 rollout=1 success=False steps=220 n_chunks=220
[update 1] task=3 rollout=2 success=True steps=85 n_chunks=85
[update 1] task=3 rollout=3 success=True steps=89 n_chunks=89
[update 1] task=3 rollout=4 success=True steps=93 n_chunks=93
[update 1] task=3 rollout=5 success=True steps=91 n_chunks=91
[update 1] task=5 rollout=0 success=False steps=220 n_chunks=220
[update 1] task=5 rollout=1 success=False steps=220 n_chunks=220
[update 1] task=5 rollout=2 success=False steps=220 n_chunks=220
[update 1] task=5 rollout=3 success=False steps=220 n_chunks=220
[update 1] task=5 rollout=4 success=False steps=220 n_chunks=220
[update 1] task=5 rollout=5 success=False steps=220 n_chunks=220
===== UPDATE 1: success_rate=0.417 loss=0.8102650950694906 grad_norm=150.48294067382812 elapsed=752s =====
[update 2] task=3 rollout=0 success=True steps=91 n_chunks=91
[update 2] task=3 rollout=1 success=True steps=96 n_chunks=96
[update 2] task=3 rollout=2 success=True steps=81 n_chunks=81
[update 2] task=3 rollout=3 success=True steps=85 n_chunks=85
[update 2] task=3 rollout=4 success=True steps=95 n_chunks=95
[update 2] task=3 rollout=5 success=True steps=84 n_chunks=84
[update 2] task=5 rollout=0 success=False steps=220 n_chunks=220
[update 2] task=5 rollout=1 success=False steps=220 n_chunks=220
[update 2] task=5 rollout=2 success=False steps=220 n_chunks=220
[update 2] task=5 rollout=3 success=False steps=220 n_chunks=220
[update 2] task=5 rollout=4 success=False steps=220 n_chunks=220
[update 2] task=5 rollout=5 success=False steps=220 n_chunks=220
===== UPDATE 2: success_rate=0.500 loss=None grad_norm=None elapsed=1074s =====
[update 3] task=3 rollout=0 success=True steps=95 n_chunks=95
[update 3] task=3 rollout=1 success=True steps=88 n_chunks=88
[update 3] task=3 rollout=2 success=True steps=85 n_chunks=85
[update 3] task=3 rollout=3 success=True steps=86 n_chunks=86
[update 3] task=3 rollout=4 success=True steps=88 n_chunks=88
[update 3] task=3 rollout=5 success=True steps=86 n_chunks=86
[update 3] task=5 rollout=0 success=False steps=220 n_chunks=220
[update 3] task=5 rollout=1 success=False steps=220 n_chunks=220
[update 3] task=5 rollout=2 success=False steps=220 n_chunks=220
[update 3] task=5 rollout=3 success=False steps=220 n_chunks=220
[update 3] task=5 rollout=4 success=False steps=220 n_chunks=220
[update 3] task=5 rollout=5 success=False steps=220 n_chunks=220
===== UPDATE 3: success_rate=0.500 loss=None grad_norm=None elapsed=1386s =====
[update 4] task=3 rollout=0 success=True steps=91 n_chunks=91
[update 4] task=3 rollout=1 success=True steps=94 n_chunks=94
[update 4] task=3 rollout=2 success=True steps=99 n_chunks=99
[update 4] task=3 rollout=3 success=True steps=83 n_chunks=83
[update 4] task=3 rollout=4 success=True steps=88 n_chunks=88
[update 4] task=3 rollout=5 success=True steps=91 n_chunks=91
[update 4] task=5 rollout=0 success=True steps=106 n_chunks=106
[update 4] task=5 rollout=1 success=False steps=220 n_chunks=220
[update 4] task=5 rollout=2 success=False steps=220 n_chunks=220
[update 4] task=5 rollout=3 success=False steps=220 n_chunks=220
[update 4] task=5 rollout=4 success=False steps=220 n_chunks=220
[update 4] task=5 rollout=5 success=False steps=220 n_chunks=220
===== UPDATE 4: success_rate=0.583 loss=0.39677467890343265 grad_norm=139.2880859375 elapsed=1812s =====
[update 5] task=3 rollout=0 success=True steps=88 n_chunks=88
[update 5] task=3 rollout=1 success=True steps=96 n_chunks=96
[update 5] task=3 rollout=2 success=True steps=80 n_chunks=80
[update 5] task=3 rollout=3 success=True steps=89 n_chunks=89
[update 5] task=3 rollout=4 success=True steps=89 n_chunks=89
[update 5] task=3 rollout=5 success=True steps=81 n_chunks=81
[update 5] task=5 rollout=0 success=False steps=220 n_chunks=220
[update 5] task=5 rollout=1 success=False steps=220 n_chunks=220
[update 5] task=5 rollout=2 success=False steps=220 n_chunks=220
[update 5] task=5 rollout=3 success=False steps=220 n_chunks=220
[update 5] task=5 rollout=4 success=False steps=220 n_chunks=220
[update 5] task=5 rollout=5 success=False steps=220 n_chunks=220
===== UPDATE 5: success_rate=0.500 loss=None grad_norm=None elapsed=2109s =====
[update 6] task=3 rollout=0 success=True steps=88 n_chunks=88
[update 6] task=3 rollout=1 success=True steps=97 n_chunks=97
[update 6] task=3 rollout=2 success=False steps=220 n_chunks=220
[update 6] task=3 rollout=3 success=True steps=90 n_chunks=90
[update 6] task=3 rollout=4 success=True steps=89 n_chunks=89
[update 6] task=3 rollout=5 success=True steps=87 n_chunks=87
[update 6] task=5 rollout=0 success=False steps=220 n_chunks=220
[update 6] task=5 rollout=1 success=False steps=220 n_chunks=220
[update 6] task=5 rollout=2 success=False steps=220 n_chunks=220
[update 6] task=5 rollout=3 success=False steps=220 n_chunks=220
[update 6] task=5 rollout=4 success=False steps=220 n_chunks=220
[update 6] task=5 rollout=5 success=False steps=220 n_chunks=220
===== UPDATE 6: success_rate=0.417 loss=0.8512826600124512 grad_norm=167.79713439941406 elapsed=2505s =====
[update 7] task=3 rollout=0 success=True steps=88 n_chunks=88
[update 7] task=3 rollout=1 success=True steps=91 n_chunks=91
[update 7] task=3 rollout=2 success=True steps=83 n_chunks=83
[update 7] task=3 rollout=3 success=True steps=88 n_chunks=88
[update 7] task=3 rollout=4 success=True steps=88 n_chunks=88
[update 7] task=3 rollout=5 success=False steps=220 n_chunks=220
[update 7] task=5 rollout=0 success=False steps=220 n_chunks=220
[update 7] task=5 rollout=1 success=False steps=220 n_chunks=220
[update 7] task=5 rollout=2 success=False steps=220 n_chunks=220
[update 7] task=5 rollout=3 success=False steps=220 n_chunks=220
[update 7] task=5 rollout=4 success=False steps=220 n_chunks=220
[update 7] task=5 rollout=5 success=False steps=220 n_chunks=220
===== UPDATE 7: success_rate=0.417 loss=0.8593793442999338 grad_norm=164.48257446289062 elapsed=2900s =====
Saved RL checkpoint to /home/user/Desktop/multi-rate/vla-rft/rl_checkpoint_pilot

