Loading  HuggingFaceTB/SmolVLM2-500M-Video-Instruct weights ...
Reducing the number of VLM layers to 16 ...
Loading weights from local directory
[info] using task orders [0, 1, 2, 3, 4, 5, 6, 7, 8, 9]
Local assets not found. Downloading from HuggingFace Hub...
Assets already downloaded at /home/user/.cache/libero/assets
[info] using task orders [0, 1, 2, 3, 4, 5, 6, 7, 8, 9]
[update 0] task=3 attempt=0 rollout=0 success=False steps=300 n_chunks=300
[update 0] task=3 attempt=0 rollout=1 success=True steps=173 n_chunks=173
[update 0] task=3 attempt=0 rollout=2 success=True steps=182 n_chunks=182
[update 0] task=3 attempt=0 rollout=3 success=True steps=209 n_chunks=209
[update 0] task=3 attempt=0 rollout=4 success=False steps=300 n_chunks=300
[update 0] task=3 attempt=0 rollout=5 success=False steps=300 n_chunks=300
[update 0] task=5 attempt=0 rollout=0 success=True steps=135 n_chunks=135
[update 0] task=5 attempt=0 rollout=1 success=True steps=134 n_chunks=134
[update 0] task=5 attempt=0 rollout=2 success=True steps=153 n_chunks=153
[update 0] task=5 attempt=0 rollout=3 success=True steps=132 n_chunks=132
[update 0] task=5 attempt=0 rollout=4 success=True steps=153 n_chunks=153
[update 0] task=5 attempt=0 rollout=5 success=True steps=158 n_chunks=158
===== UPDATE 0: success_rate=0.750 loss=0.43842492977289554 grad_norm=170.52088928222656 elapsed=911s =====
[update 1] task=3 attempt=0 rollout=0 success=False steps=300 n_chunks=300
[update 1] task=3 attempt=0 rollout=1 success=True steps=192 n_chunks=192
[update 1] task=3 attempt=0 rollout=2 success=True steps=180 n_chunks=180
[update 1] task=3 attempt=0 rollout=3 success=True steps=194 n_chunks=194
[update 1] task=3 attempt=0 rollout=4 success=True steps=160 n_chunks=160
[update 1] task=3 attempt=0 rollout=5 success=True steps=184 n_chunks=184
[update 1] task=5 attempt=0 rollout=0 success=True steps=132 n_chunks=132
[update 1] task=5 attempt=0 rollout=1 success=True steps=134 n_chunks=134
[update 1] task=5 attempt=0 rollout=2 success=True steps=144 n_chunks=144
[update 1] task=5 attempt=0 rollout=3 success=True steps=144 n_chunks=144
[update 1] task=5 attempt=0 rollout=4 success=True steps=141 n_chunks=141
[update 1] task=5 attempt=0 rollout=5 success=True steps=129 n_chunks=129
===== UPDATE 1: success_rate=0.917 loss=0.39679310873520274 grad_norm=162.18772888183594 elapsed=1692s =====
[update 2] task=3 attempt=0 rollout=0 success=True steps=177 n_chunks=177
[update 2] task=3 attempt=0 rollout=1 success=True steps=182 n_chunks=182
[update 2] task=3 attempt=0 rollout=2 success=True steps=184 n_chunks=184
[update 2] task=3 attempt=0 rollout=3 success=True steps=185 n_chunks=185
[update 2] task=3 attempt=0 rollout=4 success=False steps=300 n_chunks=300
[update 2] task=3 attempt=0 rollout=5 success=False steps=300 n_chunks=300
[update 2] task=5 attempt=0 rollout=0 success=True steps=137 n_chunks=137
[update 2] task=5 attempt=0 rollout=1 success=True steps=143 n_chunks=143
[update 2] task=5 attempt=0 rollout=2 success=True steps=143 n_chunks=143
[update 2] task=5 attempt=0 rollout=3 success=True steps=128 n_chunks=128
[update 2] task=5 attempt=0 rollout=4 success=True steps=141 n_chunks=141
[update 2] task=5 attempt=0 rollout=5 success=True steps=142 n_chunks=142
===== UPDATE 2: success_rate=0.833 loss=0.45275437728647727 grad_norm=168.1349334716797 elapsed=2439s =====
[update 3] task=3 attempt=0 rollout=0 success=True steps=204 n_chunks=204
[update 3] task=3 attempt=0 rollout=1 success=True steps=177 n_chunks=177
[update 3] task=3 attempt=0 rollout=2 success=True steps=167 n_chunks=167
[update 3] task=3 attempt=0 rollout=3 success=True steps=193 n_chunks=193
[update 3] task=3 attempt=0 rollout=4 success=True steps=179 n_chunks=179
[update 3] task=3 attempt=0 rollout=5 success=True steps=197 n_chunks=197
[update 3] task=5 attempt=0 rollout=0 success=True steps=145 n_chunks=145
[update 3] task=5 attempt=0 rollout=1 success=True steps=151 n_chunks=151
[update 3] task=5 attempt=0 rollout=2 success=True steps=145 n_chunks=145
[update 3] task=5 attempt=0 rollout=3 success=True steps=136 n_chunks=136
[update 3] task=5 attempt=0 rollout=4 success=True steps=144 n_chunks=144
[update 3] task=5 attempt=0 rollout=5 success=True steps=135 n_chunks=135
===== UPDATE 3: success_rate=1.000 loss=None grad_norm=None elapsed=2930s =====
[update 4] task=3 attempt=0 rollout=0 success=True steps=176 n_chunks=176
[update 4] task=3 attempt=0 rollout=1 success=True steps=177 n_chunks=177
[update 4] task=3 attempt=0 rollout=2 success=False steps=300 n_chunks=300
[update 4] task=3 attempt=0 rollout=3 success=False steps=300 n_chunks=300
[update 4] task=3 attempt=0 rollout=4 success=True steps=177 n_chunks=177
[update 4] task=3 attempt=0 rollout=5 success=False steps=300 n_chunks=300
[update 4] task=5 attempt=0 rollout=0 success=True steps=136 n_chunks=136
[update 4] task=5 attempt=0 rollout=1 success=False steps=300 n_chunks=300
[update 4] task=5 attempt=0 rollout=2 success=True steps=135 n_chunks=135
[update 4] task=5 attempt=0 rollout=3 success=True steps=124 n_chunks=124
[update 4] task=5 attempt=0 rollout=4 success=True steps=161 n_chunks=161
[update 4] task=5 attempt=0 rollout=5 success=True steps=129 n_chunks=129
===== UPDATE 4: success_rate=0.667 loss=0.6066890006603415 grad_norm=244.48687744140625 elapsed=4049s =====
[update 5] task=3 attempt=0 rollout=0 success=True steps=200 n_chunks=200
[update 5] task=3 attempt=0 rollout=1 success=True steps=178 n_chunks=178
[update 5] task=3 attempt=0 rollout=2 success=False steps=300 n_chunks=300
[update 5] task=3 attempt=0 rollout=3 success=False steps=300 n_chunks=300
[update 5] task=3 attempt=0 rollout=4 success=True steps=185 n_chunks=185
[update 5] task=3 attempt=0 rollout=5 success=False steps=300 n_chunks=300
[update 5] task=5 attempt=0 rollout=0 success=True steps=178 n_chunks=178
[update 5] task=5 attempt=0 rollout=1 success=True steps=136 n_chunks=136
[update 5] task=5 attempt=0 rollout=2 success=True steps=128 n_chunks=128
[update 5] task=5 attempt=0 rollout=3 success=True steps=130 n_chunks=130
[update 5] task=5 attempt=0 rollout=4 success=True steps=147 n_chunks=147
[update 5] task=5 attempt=0 rollout=5 success=True steps=131 n_chunks=131
===== UPDATE 5: success_rate=0.750 loss=0.45644817381628716 grad_norm=164.49264526367188 elapsed=4959s =====
[update 6] task=3 attempt=0 rollout=0 success=True steps=169 n_chunks=169
[update 6] task=3 attempt=0 rollout=1 success=False steps=300 n_chunks=300
[update 6] task=3 attempt=0 rollout=2 success=True steps=184 n_chunks=184
[update 6] task=3 attempt=0 rollout=3 success=True steps=196 n_chunks=196
[update 6] task=3 attempt=0 rollout=4 success=True steps=179 n_chunks=179
[update 6] task=3 attempt=0 rollout=5 success=False steps=300 n_chunks=300
[update 6] task=5 attempt=0 rollout=0 success=True steps=131 n_chunks=131
[update 6] task=5 attempt=0 rollout=1 success=True steps=137 n_chunks=137
[update 6] task=5 attempt=0 rollout=2 success=True steps=195 n_chunks=195
[update 6] task=5 attempt=0 rollout=3 success=True steps=137 n_chunks=137
[update 6] task=5 attempt=0 rollout=4 success=True steps=138 n_chunks=138
[update 6] task=5 attempt=0 rollout=5 success=True steps=117 n_chunks=117
===== UPDATE 6: success_rate=0.833 loss=0.44857882353735257 grad_norm=161.12486267089844 elapsed=5798s =====
[update 7] task=3 attempt=0 rollout=0 success=True steps=230 n_chunks=230
[update 7] task=3 attempt=0 rollout=1 success=True steps=190 n_chunks=190
[update 7] task=3 attempt=0 rollout=2 success=True steps=176 n_chunks=176
[update 7] task=3 attempt=0 rollout=3 success=True steps=188 n_chunks=188
[update 7] task=3 attempt=0 rollout=4 success=True steps=200 n_chunks=200
[update 7] task=3 attempt=0 rollout=5 success=False steps=300 n_chunks=300
[update 7] task=5 attempt=0 rollout=0 success=True steps=137 n_chunks=137
[update 7] task=5 attempt=0 rollout=1 success=True steps=140 n_chunks=140
[update 7] task=5 attempt=0 rollout=2 success=True steps=143 n_chunks=143
[update 7] task=5 attempt=0 rollout=3 success=True steps=142 n_chunks=142
[update 7] task=5 attempt=0 rollout=4 success=True steps=143 n_chunks=143
[update 7] task=5 attempt=0 rollout=5 success=True steps=143 n_chunks=143
===== UPDATE 7: success_rate=0.917 loss=0.34986881417370286 grad_norm=164.93043518066406 elapsed=6625s =====
[update 8] task=3 attempt=0 rollout=0 success=False steps=300 n_chunks=300
[update 8] task=3 attempt=0 rollout=1 success=True steps=179 n_chunks=179
[update 8] task=3 attempt=0 rollout=2 success=True steps=192 n_chunks=192
[update 8] task=3 attempt=0 rollout=3 success=True steps=180 n_chunks=180
[update 8] task=3 attempt=0 rollout=4 success=False steps=300 n_chunks=300
[update 8] task=3 attempt=0 rollout=5 success=False steps=300 n_chunks=300
[update 8] task=5 attempt=0 rollout=0 success=True steps=154 n_chunks=154
[update 8] task=5 attempt=0 rollout=1 success=True steps=145 n_chunks=145
[update 8] task=5 attempt=0 rollout=2 success=True steps=152 n_chunks=152
[update 8] task=5 attempt=0 rollout=3 success=True steps=128 n_chunks=128
[update 8] task=5 attempt=0 rollout=4 success=True steps=172 n_chunks=172
[update 8] task=5 attempt=0 rollout=5 success=True steps=162 n_chunks=162
===== UPDATE 8: success_rate=0.750 loss=0.48674643409408264 grad_norm=164.3881378173828 elapsed=7546s =====
[update 9] task=3 attempt=0 rollout=0 success=True steps=176 n_chunks=176
[update 9] task=3 attempt=0 rollout=1 success=True steps=184 n_chunks=184
[update 9] task=3 attempt=0 rollout=2 success=True steps=175 n_chunks=175
[update 9] task=3 attempt=0 rollout=3 success=False steps=300 n_chunks=300
[update 9] task=3 attempt=0 rollout=4 success=True steps=194 n_chunks=194
[update 9] task=3 attempt=0 rollout=5 success=False steps=300 n_chunks=300
[update 9] task=5 attempt=0 rollout=0 success=True steps=121 n_chunks=121
[update 9] task=5 attempt=0 rollout=1 success=True steps=144 n_chunks=144
[update 9] task=5 attempt=0 rollout=2 success=True steps=171 n_chunks=171
[update 9] task=5 attempt=0 rollout=3 success=True steps=181 n_chunks=181
[update 9] task=5 attempt=0 rollout=4 success=True steps=155 n_chunks=155
[update 9] task=5 attempt=0 rollout=5 success=True steps=135 n_chunks=135
===== UPDATE 9: success_rate=0.833 loss=0.5056163843544558 grad_norm=158.01499938964844 elapsed=8409s =====
[update 10] task=3 attempt=0 rollout=0 success=True steps=167 n_chunks=167
[update 10] task=3 attempt=0 rollout=1 success=True steps=191 n_chunks=191
[update 10] task=3 attempt=0 rollout=2 success=False steps=300 n_chunks=300
[update 10] task=3 attempt=0 rollout=3 success=False steps=300 n_chunks=300
[update 10] task=3 attempt=0 rollout=4 success=True steps=190 n_chunks=190
[update 10] task=3 attempt=0 rollout=5 success=False steps=300 n_chunks=300
[update 10] task=5 attempt=0 rollout=0 success=True steps=122 n_chunks=122
[update 10] task=5 attempt=0 rollout=1 success=True steps=145 n_chunks=145
[update 10] task=5 attempt=0 rollout=2 success=True steps=138 n_chunks=138
[update 10] task=5 attempt=0 rollout=3 success=True steps=140 n_chunks=140
[update 10] task=5 attempt=0 rollout=4 success=True steps=164 n_chunks=164
[update 10] task=5 attempt=0 rollout=5 success=True steps=141 n_chunks=141
===== UPDATE 10: success_rate=0.750 loss=0.4751486396674293 grad_norm=157.54258728027344 elapsed=9301s =====
[update 11] task=3 attempt=0 rollout=0 success=True steps=174 n_chunks=174
[update 11] task=3 attempt=0 rollout=1 success=True steps=177 n_chunks=177
[update 11] task=3 attempt=0 rollout=2 success=True steps=182 n_chunks=182
[update 11] task=3 attempt=0 rollout=3 success=False steps=300 n_chunks=300
[update 11] task=3 attempt=0 rollout=4 success=True steps=193 n_chunks=193
[update 11] task=3 attempt=0 rollout=5 success=False steps=300 n_chunks=300
[update 11] task=5 attempt=0 rollout=0 success=True steps=138 n_chunks=138
[update 11] task=5 attempt=0 rollout=1 success=True steps=188 n_chunks=188
[update 11] task=5 attempt=0 rollout=2 success=True steps=151 n_chunks=151
[update 11] task=5 attempt=0 rollout=3 success=True steps=157 n_chunks=157
[update 11] task=5 attempt=0 rollout=4 success=True steps=147 n_chunks=147
[update 11] task=5 attempt=0 rollout=5 success=True steps=124 n_chunks=124
===== UPDATE 11: success_rate=0.833 loss=0.49528634476266115 grad_norm=179.33958435058594 elapsed=10152s =====
[update 12] task=3 attempt=0 rollout=0 success=True steps=172 n_chunks=172
[update 12] task=3 attempt=0 rollout=1 success=True steps=172 n_chunks=172
[update 12] task=3 attempt=0 rollout=2 success=True steps=170 n_chunks=170
[update 12] task=3 attempt=0 rollout=3 success=True steps=194 n_chunks=194
[update 12] task=3 attempt=0 rollout=4 success=False steps=300 n_chunks=300
[update 12] task=3 attempt=0 rollout=5 success=True steps=197 n_chunks=197
[update 12] task=5 attempt=0 rollout=0 success=True steps=167 n_chunks=167
[update 12] task=5 attempt=0 rollout=1 success=True steps=150 n_chunks=150
[update 12] task=5 attempt=0 rollout=2 success=True steps=191 n_chunks=191
[update 12] task=5 attempt=0 rollout=3 success=True steps=133 n_chunks=133
[update 12] task=5 attempt=0 rollout=4 success=True steps=255 n_chunks=255
[update 12] task=5 attempt=0 rollout=5 success=True steps=149 n_chunks=149
===== UPDATE 12: success_rate=0.917 loss=0.45048452380781845 grad_norm=157.59799194335938 elapsed=10994s =====
[update 13] task=3 attempt=0 rollout=0 success=True steps=198 n_chunks=198
[update 13] task=3 attempt=0 rollout=1 success=True steps=183 n_chunks=183
[update 13] task=3 attempt=0 rollout=2 success=True steps=170 n_chunks=170
[update 13] task=3 attempt=0 rollout=3 success=True steps=187 n_chunks=187
[update 13] task=3 attempt=0 rollout=4 success=True steps=179 n_chunks=179
[update 13] task=3 attempt=0 rollout=5 success=False steps=300 n_chunks=300
[update 13] task=5 attempt=0 rollout=0 success=True steps=253 n_chunks=253
[update 13] task=5 attempt=0 rollout=1 success=True steps=199 n_chunks=199
[update 13] task=5 attempt=0 rollout=2 success=True steps=130 n_chunks=130
[update 13] task=5 attempt=0 rollout=3 success=True steps=211 n_chunks=211
[update 13] task=5 attempt=0 rollout=4 success=True steps=145 n_chunks=145
[update 13] task=5 attempt=0 rollout=5 success=True steps=125 n_chunks=125
===== UPDATE 13: success_rate=0.917 loss=0.3957155027542334 grad_norm=169.54811096191406 elapsed=11840s =====
[update 14] task=3 attempt=0 rollout=0 success=False steps=300 n_chunks=300
[update 14] task=3 attempt=0 rollout=1 success=True steps=175 n_chunks=175
[update 14] task=3 attempt=0 rollout=2 success=True steps=163 n_chunks=163
[update 14] task=3 attempt=0 rollout=3 success=True steps=192 n_chunks=192
[update 14] task=3 attempt=0 rollout=4 success=False steps=300 n_chunks=300
[update 14] task=3 attempt=0 rollout=5 success=False steps=300 n_chunks=300
[update 14] task=5 attempt=0 rollout=0 success=True steps=134 n_chunks=134
[update 14] task=5 attempt=0 rollout=1 success=True steps=159 n_chunks=159
[update 14] task=5 attempt=0 rollout=2 success=True steps=145 n_chunks=145
[update 14] task=5 attempt=0 rollout=3 success=True steps=149 n_chunks=149
[update 14] task=5 attempt=0 rollout=4 success=True steps=141 n_chunks=141
[update 14] task=5 attempt=0 rollout=5 success=True steps=137 n_chunks=137
===== UPDATE 14: success_rate=0.750 loss=0.5037077383561568 grad_norm=151.79393005371094 elapsed=12726s =====
[update 15] task=3 attempt=0 rollout=0 success=True steps=172 n_chunks=172
[update 15] task=3 attempt=0 rollout=1 success=True steps=171 n_chunks=171
[update 15] task=3 attempt=0 rollout=2 success=True steps=177 n_chunks=177
[update 15] task=3 attempt=0 rollout=3 success=True steps=195 n_chunks=195
[update 15] task=3 attempt=0 rollout=4 success=False steps=300 n_chunks=300
[update 15] task=3 attempt=0 rollout=5 success=False steps=300 n_chunks=300
[update 15] task=5 attempt=0 rollout=0 success=True steps=134 n_chunks=134
[update 15] task=5 attempt=0 rollout=1 success=True steps=199 n_chunks=199
[update 15] task=5 attempt=0 rollout=2 success=True steps=139 n_chunks=139
[update 15] task=5 attempt=0 rollout=3 success=True steps=213 n_chunks=213
[update 15] task=5 attempt=0 rollout=4 success=True steps=251 n_chunks=251
[update 15] task=5 attempt=0 rollout=5 success=True steps=133 n_chunks=133
===== UPDATE 15: success_rate=0.833 loss=0.511017430463218 grad_norm=162.86790466308594 elapsed=13623s =====
[update 16] task=3 attempt=0 rollout=0 success=True steps=175 n_chunks=175
[update 16] task=3 attempt=0 rollout=1 success=True steps=175 n_chunks=175
[update 16] task=3 attempt=0 rollout=2 success=True steps=168 n_chunks=168
[update 16] task=3 attempt=0 rollout=3 success=False steps=300 n_chunks=300
[update 16] task=3 attempt=0 rollout=4 success=False steps=300 n_chunks=300
[update 16] task=3 attempt=0 rollout=5 success=False steps=300 n_chunks=300
[update 16] task=5 attempt=0 rollout=0 success=True steps=136 n_chunks=136
[update 16] task=5 attempt=0 rollout=1 success=True steps=133 n_chunks=133
[update 16] task=5 attempt=0 rollout=2 success=True steps=132 n_chunks=132
[update 16] task=5 attempt=0 rollout=3 success=True steps=118 n_chunks=118
[update 16] task=5 attempt=0 rollout=4 success=True steps=166 n_chunks=166
[update 16] task=5 attempt=0 rollout=5 success=True steps=143 n_chunks=143
===== UPDATE 16: success_rate=0.750 loss=0.5232226987735845 grad_norm=170.9533233642578 elapsed=14498s =====
[update 17] task=3 attempt=0 rollout=0 success=True steps=196 n_chunks=196
[update 17] task=3 attempt=0 rollout=1 success=True steps=182 n_chunks=182
[update 17] task=3 attempt=0 rollout=2 success=True steps=175 n_chunks=175
[update 17] task=3 attempt=0 rollout=3 success=True steps=190 n_chunks=190
[update 17] task=3 attempt=0 rollout=4 success=False steps=300 n_chunks=300
[update 17] task=3 attempt=0 rollout=5 success=False steps=300 n_chunks=300
[update 17] task=5 attempt=0 rollout=0 success=True steps=140 n_chunks=140
[update 17] task=5 attempt=0 rollout=1 success=True steps=202 n_chunks=202
[update 17] task=5 attempt=0 rollout=2 success=True steps=130 n_chunks=130
[update 17] task=5 attempt=0 rollout=3 success=True steps=124 n_chunks=124
[update 17] task=5 attempt=0 rollout=4 success=True steps=149 n_chunks=149
[update 17] task=5 attempt=0 rollout=5 success=True steps=151 n_chunks=151
===== UPDATE 17: success_rate=0.833 loss=0.5038460010658514 grad_norm=168.19119262695312 elapsed=15356s =====
[update 18] task=3 attempt=0 rollout=0 success=True steps=182 n_chunks=182
[update 18] task=3 attempt=0 rollout=1 success=True steps=185 n_chunks=185
[update 18] task=3 attempt=0 rollout=2 success=True steps=189 n_chunks=189
[update 18] task=3 attempt=0 rollout=3 success=True steps=185 n_chunks=185
[update 18] task=3 attempt=0 rollout=4 success=True steps=185 n_chunks=185
[update 18] task=3 attempt=0 rollout=5 success=False steps=300 n_chunks=300
[update 18] task=5 attempt=0 rollout=0 success=True steps=146 n_chunks=146
[update 18] task=5 attempt=0 rollout=1 success=True steps=151 n_chunks=151
[update 18] task=5 attempt=0 rollout=2 success=True steps=155 n_chunks=155
[update 18] task=5 attempt=0 rollout=3 success=True steps=150 n_chunks=150
[update 18] task=5 attempt=0 rollout=4 success=True steps=143 n_chunks=143
[update 18] task=5 attempt=0 rollout=5 success=True steps=147 n_chunks=147
===== UPDATE 18: success_rate=0.917 loss=0.4234084496684798 grad_norm=180.46839904785156 elapsed=16166s =====
[update 19] task=3 attempt=0 rollout=0 success=True steps=201 n_chunks=201
[update 19] task=3 attempt=0 rollout=1 success=False steps=300 n_chunks=300
[update 19] task=3 attempt=0 rollout=2 success=True steps=200 n_chunks=200
[update 19] task=3 attempt=0 rollout=3 success=True steps=185 n_chunks=185
[update 19] task=3 attempt=0 rollout=4 success=True steps=210 n_chunks=210
[update 19] task=3 attempt=0 rollout=5 success=False steps=300 n_chunks=300
[update 19] task=5 attempt=0 rollout=0 success=True steps=143 n_chunks=143
[update 19] task=5 attempt=0 rollout=1 success=True steps=141 n_chunks=141
[update 19] task=5 attempt=0 rollout=2 success=False steps=300 n_chunks=300
[update 19] task=5 attempt=0 rollout=3 success=True steps=154 n_chunks=154
[update 19] task=5 attempt=0 rollout=4 success=True steps=190 n_chunks=190
[update 19] task=5 attempt=0 rollout=5 success=True steps=143 n_chunks=143
===== UPDATE 19: success_rate=0.750 loss=0.4899628034935918 grad_norm=234.12503051757812 elapsed=17300s =====
[update 20] task=3 attempt=0 rollout=0 success=True steps=179 n_chunks=179
[update 20] task=3 attempt=0 rollout=1 success=True steps=178 n_chunks=178
[update 20] task=3 attempt=0 rollout=2 success=True steps=188 n_chunks=188
[update 20] task=3 attempt=0 rollout=3 success=False steps=300 n_chunks=300
[update 20] task=3 attempt=0 rollout=4 success=False steps=300 n_chunks=300
[update 20] task=3 attempt=0 rollout=5 success=True steps=188 n_chunks=188
[update 20] task=5 attempt=0 rollout=0 success=True steps=125 n_chunks=125
[update 20] task=5 attempt=0 rollout=1 success=True steps=160 n_chunks=160
[update 20] task=5 attempt=0 rollout=2 success=True steps=143 n_chunks=143
[update 20] task=5 attempt=0 rollout=3 success=True steps=148 n_chunks=148
[update 20] task=5 attempt=0 rollout=4 success=True steps=135 n_chunks=135
[update 20] task=5 attempt=0 rollout=5 success=True steps=153 n_chunks=153
===== UPDATE 20: success_rate=0.833 loss=0.47711595595553685 grad_norm=163.304931640625 elapsed=18084s =====
[update 21] task=3 attempt=0 rollout=0 success=True steps=183 n_chunks=183
[update 21] task=3 attempt=0 rollout=1 success=True steps=182 n_chunks=182
[update 21] task=3 attempt=0 rollout=2 success=False steps=300 n_chunks=300
[update 21] task=3 attempt=0 rollout=3 success=True steps=187 n_chunks=187
[update 21] task=3 attempt=0 rollout=4 success=False steps=300 n_chunks=300
[update 21] task=3 attempt=0 rollout=5 success=False steps=300 n_chunks=300
[update 21] task=5 attempt=0 rollout=0 success=True steps=179 n_chunks=179
[update 21] task=5 attempt=0 rollout=1 success=True steps=190 n_chunks=190
[update 21] task=5 attempt=0 rollout=2 success=True steps=150 n_chunks=150
[update 21] task=5 attempt=0 rollout=3 success=True steps=133 n_chunks=133
[update 21] task=5 attempt=0 rollout=4 success=True steps=146 n_chunks=146
[update 21] task=5 attempt=0 rollout=5 success=True steps=145 n_chunks=145
===== UPDATE 21: success_rate=0.750 loss=0.4582662432154348 grad_norm=167.32398986816406 elapsed=18935s =====
[update 22] task=3 attempt=0 rollout=0 success=True steps=183 n_chunks=183
[update 22] task=3 attempt=0 rollout=1 success=True steps=170 n_chunks=170
[update 22] task=3 attempt=0 rollout=2 success=True steps=179 n_chunks=179
[update 22] task=3 attempt=0 rollout=3 success=True steps=196 n_chunks=196
[update 22] task=3 attempt=0 rollout=4 success=False steps=300 n_chunks=300
[update 22] task=3 attempt=0 rollout=5 success=False steps=300 n_chunks=300
[update 22] task=5 attempt=0 rollout=0 success=True steps=133 n_chunks=133
[update 22] task=5 attempt=0 rollout=1 success=True steps=158 n_chunks=158
[update 22] task=5 attempt=0 rollout=2 success=True steps=168 n_chunks=168
[update 22] task=5 attempt=0 rollout=3 success=True steps=123 n_chunks=123
[update 22] task=5 attempt=0 rollout=4 success=True steps=164 n_chunks=164
[update 22] task=5 attempt=0 rollout=5 success=True steps=140 n_chunks=140
===== UPDATE 22: success_rate=0.833 loss=0.45437216305409567 grad_norm=163.9800567626953 elapsed=19776s =====
[update 23] task=3 attempt=0 rollout=0 success=True steps=174 n_chunks=174
[update 23] task=3 attempt=0 rollout=1 success=True steps=180 n_chunks=180
[update 23] task=3 attempt=0 rollout=2 success=True steps=176 n_chunks=176
[update 23] task=3 attempt=0 rollout=3 success=True steps=187 n_chunks=187
[update 23] task=3 attempt=0 rollout=4 success=True steps=192 n_chunks=192
[update 23] task=3 attempt=0 rollout=5 success=False steps=300 n_chunks=300
[update 23] task=5 attempt=0 rollout=0 success=True steps=130 n_chunks=130
[update 23] task=5 attempt=0 rollout=1 success=True steps=146 n_chunks=146
[update 23] task=5 attempt=0 rollout=2 success=True steps=133 n_chunks=133
[update 23] task=5 attempt=0 rollout=3 success=True steps=147 n_chunks=147
[update 23] task=5 attempt=0 rollout=4 success=True steps=142 n_chunks=142
[update 23] task=5 attempt=0 rollout=5 success=True steps=150 n_chunks=150
===== UPDATE 23: success_rate=0.917 loss=0.41824510276958504 grad_norm=187.79605102539062 elapsed=20564s =====
Saved RL checkpoint to rl_checkpoint_libero_goal_vanilla_s0

Fetching 4 files:   0%|          | 0/4 [00:00<?, ?it/s]
Fetching 4 files: 100%|██████████| 4/4 [00:00<00:00, 70197.56it/s]
`torch_dtype` is deprecated! Use `dtype` instead!

Loading weights:   0%|          | 0/489 [00:00<?, ?it/s]
Loading weights: 100%|██████████| 489/489 [00:00<00:00, 6479.77it/s]
Warning: You are sending unauthenticated requests to the HF Hub. Please set a HF_TOKEN to enable higher rate limits and faster downloads.
WARNING:huggingface_hub.utils._http:Warning: You are sending unauthenticated requests to the HF Hub. Please set a HF_TOKEN to enable higher rate limits and faster downloads.
[robosuite WARNING] No private macro file found! (__init__.py:7)
WARNING:robosuite_logs:No private macro file found!
[robosuite WARNING] It is recommended to use a private macro file (__init__.py:8)
WARNING:robosuite_logs:It is recommended to use a private macro file
[robosuite WARNING] To setup, run: python /home/user/anaconda3/envs/vla_smolvla_libero/lib/python3.12/site-packages/robosuite/scripts/setup_macros.py (__init__.py:9)
WARNING:robosuite_logs:To setup, run: python /home/user/anaconda3/envs/vla_smolvla_libero/lib/python3.12/site-packages/robosuite/scripts/setup_macros.py
Exception ignored in: <function MjRenderContext.__del__ at 0x7990a27ce980>
Traceback (most recent call last):
  File "/home/user/anaconda3/envs/vla_smolvla_libero/lib/python3.12/site-packages/robosuite/utils/binding_utils.py", line 199, in __del__
    self.gl_ctx.free()
  File "/home/user/anaconda3/envs/vla_smolvla_libero/lib/python3.12/site-packages/robosuite/renderers/context/egl_context.py", line 150, in free
    EGL.eglDestroyContext(EGL_DISPLAY, self._context)
  File "/home/user/anaconda3/envs/vla_smolvla_libero/lib/python3.12/site-packages/OpenGL/error.py", line 230, in glCheckError
    raise self._errorClass(
OpenGL.raw.EGL._errors.EGLError: EGLError(
	err = EGL_NOT_INITIALIZED,
	baseOperation = eglDestroyContext,
	cArguments = (
		<OpenGL._opaque.EGLDisplay_pointer object at 0x79908605e4d0>,
		<OpenGL._opaque.EGLContext_pointer object at 0x7990860118d0>,
	),
	result = 0
)
Exception ignored in: <function EGLGLContext.__del__ at 0x7990a27ce840>
Traceback (most recent call last):
  File "/home/user/anaconda3/envs/vla_smolvla_libero/lib/python3.12/site-packages/robosuite/renderers/context/egl_context.py", line 155, in __del__
    self.free()
  File "/home/user/anaconda3/envs/vla_smolvla_libero/lib/python3.12/site-packages/robosuite/renderers/context/egl_context.py", line 150, in free
    EGL.eglDestroyContext(EGL_DISPLAY, self._context)
  File "/home/user/anaconda3/envs/vla_smolvla_libero/lib/python3.12/site-packages/OpenGL/error.py", line 230, in glCheckError
    raise self._errorClass(
OpenGL.raw.EGL._errors.EGLError: EGLError(
	err = EGL_NOT_INITIALIZED,
	baseOperation = eglDestroyContext,
	cArguments = (
		<OpenGL._opaque.EGLDisplay_pointer object at 0x79908605e4d0>,
		<OpenGL._opaque.EGLContext_pointer object at 0x7990860118d0>,
	),
	result = 0
)
Exception ignored in: <function MjRenderContext.__del__ at 0x7990a27ce980>
Traceback (most recent call last):
  File "/home/user/anaconda3/envs/vla_smolvla_libero/lib/python3.12/site-packages/robosuite/utils/binding_utils.py", line 199, in __del__
    self.gl_ctx.free()
  File "/home/user/anaconda3/envs/vla_smolvla_libero/lib/python3.12/site-packages/robosuite/renderers/context/egl_context.py", line 149, in free
    EGL.eglMakeCurrent(EGL_DISPLAY, EGL.EGL_NO_SURFACE, EGL.EGL_NO_SURFACE, EGL.EGL_NO_CONTEXT)
  File "/home/user/anaconda3/envs/vla_smolvla_libero/lib/python3.12/site-packages/OpenGL/error.py", line 230, in glCheckError
    raise self._errorClass(
OpenGL.raw.EGL._errors.EGLError: EGLError(
	err = EGL_NOT_INITIALIZED,
	baseOperation = eglMakeCurrent,
	cArguments = (
		<OpenGL._opaque.EGLDisplay_pointer object at 0x79908605e4d0>,
		<OpenGL._opaque.EGLSurface_pointer object at 0x7990ada3f5d0>,
		<OpenGL._opaque.EGLSurface_pointer object at 0x7990ada3f5d0>,
		<OpenGL._opaque.EGLContext_pointer object at 0x7990ada3f4d0>,
	),
	result = 0
)
Exception ignored in: <function EGLGLContext.__del__ at 0x7990a27ce840>
Traceback (most recent call last):
  File "/home/user/anaconda3/envs/vla_smolvla_libero/lib/python3.12/site-packages/robosuite/renderers/context/egl_context.py", line 155, in __del__
    self.free()
  File "/home/user/anaconda3/envs/vla_smolvla_libero/lib/python3.12/site-packages/robosuite/renderers/context/egl_context.py", line 149, in free
    EGL.eglMakeCurrent(EGL_DISPLAY, EGL.EGL_NO_SURFACE, EGL.EGL_NO_SURFACE, EGL.EGL_NO_CONTEXT)
  File "/home/user/anaconda3/envs/vla_smolvla_libero/lib/python3.12/site-packages/OpenGL/error.py", line 230, in glCheckError
    raise self._errorClass(
OpenGL.raw.EGL._errors.EGLError: EGLError(
	err = EGL_NOT_INITIALIZED,
	baseOperation = eglMakeCurrent,
	cArguments = (
		<OpenGL._opaque.EGLDisplay_pointer object at 0x79908605e4d0>,
		<OpenGL._opaque.EGLSurface_pointer object at 0x7990ada3f5d0>,
		<OpenGL._opaque.EGLSurface_pointer object at 0x7990ada3f5d0>,
		<OpenGL._opaque.EGLContext_pointer object at 0x7990ada3f4d0>,
	),
	result = 0
)


