Loading  HuggingFaceTB/SmolVLM2-500M-Video-Instruct weights ...
Reducing the number of VLM layers to 16 ...
Loading weights from local directory
[info] using task orders [0, 1, 2, 3, 4, 5, 6, 7, 8, 9]
Local assets not found. Downloading from HuggingFace Hub...
Assets already downloaded at /home/user/.cache/libero/assets
[info] using task orders [0, 1, 2, 3, 4, 5, 6, 7, 8, 9]
[info] using task orders [0, 1, 2, 3, 4, 5, 6, 7, 8, 9]
[info] using task orders [0, 1, 2, 3, 4, 5, 6, 7, 8, 9]
[info] using task orders [0, 1, 2, 3, 4, 5, 6, 7, 8, 9]
[info] using task orders [0, 1, 2, 3, 4, 5, 6, 7, 8, 9]
[info] using task orders [0, 1, 2, 3, 4, 5, 6, 7, 8, 9]
[info] using task orders [0, 1, 2, 3, 4, 5, 6, 7, 8, 9]
[info] using task orders [0, 1, 2, 3, 4, 5, 6, 7, 8, 9]
[info] using task orders [0, 1, 2, 3, 4, 5, 6, 7, 8, 9]
[update 0] task=7 attempt=0 rollout=0 success=True steps=120 n_chunks=120
[update 0] task=7 attempt=0 rollout=1 success=True steps=153 n_chunks=153
[update 0] task=7 attempt=0 rollout=2 success=True steps=140 n_chunks=140
[update 0] task=7 attempt=0 rollout=3 success=True steps=118 n_chunks=118
[update 0] task=7 attempt=0 rollout=4 success=True steps=130 n_chunks=130
[update 0] task=7 attempt=0 rollout=5 success=True steps=112 n_chunks=112
[update 0] task=7 degenerate group (all reward=1.0), resampling (1/2)
[update 0] task=7 attempt=1 rollout=0 success=True steps=129 n_chunks=129
[update 0] task=7 attempt=1 rollout=1 success=True steps=116 n_chunks=116
[update 0] task=7 attempt=1 rollout=2 success=True steps=129 n_chunks=129
[update 0] task=7 attempt=1 rollout=3 success=True steps=115 n_chunks=115
[update 0] task=7 attempt=1 rollout=4 success=True steps=129 n_chunks=129
[update 0] task=7 attempt=1 rollout=5 success=False steps=220 n_chunks=220
[update 0] task=8 attempt=0 rollout=0 success=True steps=102 n_chunks=102
[update 0] task=8 attempt=0 rollout=1 success=False steps=220 n_chunks=220
[update 0] task=8 attempt=0 rollout=2 success=False steps=220 n_chunks=220
[update 0] task=8 attempt=0 rollout=3 success=True steps=103 n_chunks=103
[update 0] task=8 attempt=0 rollout=4 success=False steps=220 n_chunks=220
[update 0] task=8 attempt=0 rollout=5 success=False steps=220 n_chunks=220
===== UPDATE 0: success_rate=0.583 loss=0.5870469685680719 grad_norm=196.5978240966797 elapsed=1091s =====
[update 1] task=1 attempt=0 rollout=0 success=True steps=113 n_chunks=113
[update 1] task=1 attempt=0 rollout=1 success=True steps=121 n_chunks=121
[update 1] task=1 attempt=0 rollout=2 success=True steps=119 n_chunks=119
[update 1] task=1 attempt=0 rollout=3 success=True steps=115 n_chunks=115
[update 1] task=1 attempt=0 rollout=4 success=True steps=115 n_chunks=115
[update 1] task=1 attempt=0 rollout=5 success=True steps=104 n_chunks=104
[update 1] task=1 degenerate group (all reward=1.0), resampling (1/2)
[update 1] task=1 attempt=1 rollout=0 success=True steps=112 n_chunks=112
[update 1] task=1 attempt=1 rollout=1 success=True steps=112 n_chunks=112
[update 1] task=1 attempt=1 rollout=2 success=True steps=126 n_chunks=126
[update 1] task=1 attempt=1 rollout=3 success=True steps=110 n_chunks=110
[update 1] task=1 attempt=1 rollout=4 success=True steps=113 n_chunks=113
[update 1] task=1 attempt=1 rollout=5 success=True steps=110 n_chunks=110
[update 1] task=1 degenerate group (all reward=1.0), resampling (2/2)
[update 1] task=1 attempt=2 rollout=0 success=True steps=116 n_chunks=116
[update 1] task=1 attempt=2 rollout=1 success=True steps=120 n_chunks=120
[update 1] task=1 attempt=2 rollout=2 success=True steps=118 n_chunks=118
[update 1] task=1 attempt=2 rollout=3 success=True steps=110 n_chunks=110
[update 1] task=1 attempt=2 rollout=4 success=False steps=220 n_chunks=220
[update 1] task=1 attempt=2 rollout=5 success=True steps=107 n_chunks=107
[update 1] task=5 attempt=0 rollout=0 success=False steps=220 n_chunks=220
[update 1] task=5 attempt=0 rollout=1 success=False steps=220 n_chunks=220
[update 1] task=5 attempt=0 rollout=2 success=False steps=220 n_chunks=220
[update 1] task=5 attempt=0 rollout=3 success=False steps=220 n_chunks=220
[update 1] task=5 attempt=0 rollout=4 success=False steps=220 n_chunks=220
[update 1] task=5 attempt=0 rollout=5 success=False steps=220 n_chunks=220
[update 1] task=5 degenerate group (all reward=0.0), resampling (1/2)
[update 1] task=5 attempt=1 rollout=0 success=False steps=220 n_chunks=220
[update 1] task=5 attempt=1 rollout=1 success=False steps=220 n_chunks=220
[update 1] task=5 attempt=1 rollout=2 success=False steps=220 n_chunks=220
[update 1] task=5 attempt=1 rollout=3 success=False steps=220 n_chunks=220
[update 1] task=5 attempt=1 rollout=4 success=False steps=220 n_chunks=220
[update 1] task=5 attempt=1 rollout=5 success=False steps=220 n_chunks=220
[update 1] task=5 degenerate group (all reward=0.0), resampling (2/2)
[update 1] task=5 attempt=2 rollout=0 success=False steps=220 n_chunks=220
[update 1] task=5 attempt=2 rollout=1 success=False steps=220 n_chunks=220
[update 1] task=5 attempt=2 rollout=2 success=False steps=220 n_chunks=220
[update 1] task=5 attempt=2 rollout=3 success=False steps=220 n_chunks=220
[update 1] task=5 attempt=2 rollout=4 success=False steps=220 n_chunks=220
[update 1] task=5 attempt=2 rollout=5 success=False steps=220 n_chunks=220
===== UPDATE 1: success_rate=0.417 loss=0.6108634214184226 grad_norm=158.7256317138672 elapsed=2838s =====
[update 2] task=3 attempt=0 rollout=0 success=True steps=88 n_chunks=88
[update 2] task=3 attempt=0 rollout=1 success=False steps=220 n_chunks=220
[update 2] task=3 attempt=0 rollout=2 success=True steps=79 n_chunks=79
[update 2] task=3 attempt=0 rollout=3 success=True steps=85 n_chunks=85
[update 2] task=3 attempt=0 rollout=4 success=True steps=89 n_chunks=89
[update 2] task=3 attempt=0 rollout=5 success=True steps=89 n_chunks=89
[update 2] task=4 attempt=0 rollout=0 success=True steps=130 n_chunks=130
[update 2] task=4 attempt=0 rollout=1 success=False steps=220 n_chunks=220
[update 2] task=4 attempt=0 rollout=2 success=True steps=128 n_chunks=128
[update 2] task=4 attempt=0 rollout=3 success=True steps=142 n_chunks=142
[update 2] task=4 attempt=0 rollout=4 success=False steps=220 n_chunks=220
[update 2] task=4 attempt=0 rollout=5 success=True steps=162 n_chunks=162
===== UPDATE 2: success_rate=0.750 loss=0.6010795835288327 grad_norm=239.6931610107422 elapsed=3614s =====
[update 3] task=2 attempt=0 rollout=0 success=True steps=120 n_chunks=120
[update 3] task=2 attempt=0 rollout=1 success=True steps=103 n_chunks=103
[update 3] task=2 attempt=0 rollout=2 success=True steps=101 n_chunks=101
[update 3] task=2 attempt=0 rollout=3 success=True steps=103 n_chunks=103
[update 3] task=2 attempt=0 rollout=4 success=True steps=116 n_chunks=116
[update 3] task=2 attempt=0 rollout=5 success=True steps=95 n_chunks=95
[update 3] task=2 degenerate group (all reward=1.0), resampling (1/2)
[update 3] task=2 attempt=1 rollout=0 success=True steps=99 n_chunks=99
[update 3] task=2 attempt=1 rollout=1 success=True steps=104 n_chunks=104
[update 3] task=2 attempt=1 rollout=2 success=True steps=100 n_chunks=100
[update 3] task=2 attempt=1 rollout=3 success=True steps=105 n_chunks=105
[update 3] task=2 attempt=1 rollout=4 success=True steps=103 n_chunks=103
[update 3] task=2 attempt=1 rollout=5 success=True steps=109 n_chunks=109
[update 3] task=2 degenerate group (all reward=1.0), resampling (2/2)
[update 3] task=2 attempt=2 rollout=0 success=True steps=99 n_chunks=99
[update 3] task=2 attempt=2 rollout=1 success=True steps=93 n_chunks=93
[update 3] task=2 attempt=2 rollout=2 success=True steps=85 n_chunks=85
[update 3] task=2 attempt=2 rollout=3 success=True steps=115 n_chunks=115
[update 3] task=2 attempt=2 rollout=4 success=True steps=112 n_chunks=112
[update 3] task=2 attempt=2 rollout=5 success=True steps=101 n_chunks=101
[update 3] task=0 attempt=0 rollout=0 success=False steps=220 n_chunks=220
[update 3] task=0 attempt=0 rollout=1 success=True steps=79 n_chunks=79
[update 3] task=0 attempt=0 rollout=2 success=False steps=220 n_chunks=220
[update 3] task=0 attempt=0 rollout=3 success=True steps=89 n_chunks=89
[update 3] task=0 attempt=0 rollout=4 success=True steps=79 n_chunks=79
[update 3] task=0 attempt=0 rollout=5 success=True steps=82 n_chunks=82
===== UPDATE 3: success_rate=0.833 loss=1.009090489001826 grad_norm=147.36676025390625 elapsed=4493s =====
[update 4] task=9 attempt=0 rollout=0 success=True steps=121 n_chunks=121
[update 4] task=9 attempt=0 rollout=1 success=True steps=134 n_chunks=134
[update 4] task=9 attempt=0 rollout=2 success=True steps=119 n_chunks=119
[update 4] task=9 attempt=0 rollout=3 success=True steps=127 n_chunks=127
[update 4] task=9 attempt=0 rollout=4 success=True steps=119 n_chunks=119
[update 4] task=9 attempt=0 rollout=5 success=True steps=120 n_chunks=120
[update 4] task=9 degenerate group (all reward=1.0), resampling (1/2)
[update 4] task=9 attempt=1 rollout=0 success=True steps=124 n_chunks=124
[update 4] task=9 attempt=1 rollout=1 success=True steps=135 n_chunks=135
[update 4] task=9 attempt=1 rollout=2 success=True steps=124 n_chunks=124
[update 4] task=9 attempt=1 rollout=3 success=True steps=131 n_chunks=131
[update 4] task=9 attempt=1 rollout=4 success=True steps=120 n_chunks=120
[update 4] task=9 attempt=1 rollout=5 success=True steps=131 n_chunks=131
[update 4] task=9 degenerate group (all reward=1.0), resampling (2/2)
[update 4] task=9 attempt=2 rollout=0 success=False steps=220 n_chunks=220
[update 4] task=9 attempt=2 rollout=1 success=False steps=220 n_chunks=220
[update 4] task=9 attempt=2 rollout=2 success=True steps=123 n_chunks=123
[update 4] task=9 attempt=2 rollout=3 success=False steps=220 n_chunks=220
[update 4] task=9 attempt=2 rollout=4 success=True steps=127 n_chunks=127
[update 4] task=9 attempt=2 rollout=5 success=True steps=126 n_chunks=126
[update 4] task=6 attempt=0 rollout=0 success=True steps=110 n_chunks=110
[update 4] task=6 attempt=0 rollout=1 success=True steps=99 n_chunks=99
[update 4] task=6 attempt=0 rollout=2 success=True steps=113 n_chunks=113
[update 4] task=6 attempt=0 rollout=3 success=True steps=108 n_chunks=108
[update 4] task=6 attempt=0 rollout=4 success=True steps=109 n_chunks=109
[update 4] task=6 attempt=0 rollout=5 success=True steps=105 n_chunks=105
[update 4] task=6 degenerate group (all reward=1.0), resampling (1/2)
[update 4] task=6 attempt=1 rollout=0 success=True steps=111 n_chunks=111
[update 4] task=6 attempt=1 rollout=1 success=True steps=110 n_chunks=110
[update 4] task=6 attempt=1 rollout=2 success=True steps=114 n_chunks=114
[update 4] task=6 attempt=1 rollout=3 success=True steps=105 n_chunks=105
[update 4] task=6 attempt=1 rollout=4 success=True steps=105 n_chunks=105
[update 4] task=6 attempt=1 rollout=5 success=True steps=103 n_chunks=103
[update 4] task=6 degenerate group (all reward=1.0), resampling (2/2)
[update 4] task=6 attempt=2 rollout=0 success=True steps=106 n_chunks=106
[update 4] task=6 attempt=2 rollout=1 success=True steps=113 n_chunks=113
[update 4] task=6 attempt=2 rollout=2 success=True steps=110 n_chunks=110
[update 4] task=6 attempt=2 rollout=3 success=True steps=104 n_chunks=104
[update 4] task=6 attempt=2 rollout=4 success=True steps=106 n_chunks=106
[update 4] task=6 attempt=2 rollout=5 success=True steps=105 n_chunks=105
===== UPDATE 4: success_rate=0.750 loss=0.5615544326632179 grad_norm=151.587890625 elapsed=5905s =====
[update 5] task=7 attempt=0 rollout=0 success=True steps=152 n_chunks=152
[update 5] task=7 attempt=0 rollout=1 success=True steps=129 n_chunks=129
[update 5] task=7 attempt=0 rollout=2 success=True steps=124 n_chunks=124
[update 5] task=7 attempt=0 rollout=3 success=True steps=115 n_chunks=115
[update 5] task=7 attempt=0 rollout=4 success=True steps=139 n_chunks=139
[update 5] task=7 attempt=0 rollout=5 success=True steps=112 n_chunks=112
[update 5] task=7 degenerate group (all reward=1.0), resampling (1/2)
[update 5] task=7 attempt=1 rollout=0 success=True steps=169 n_chunks=169
[update 5] task=7 attempt=1 rollout=1 success=True steps=127 n_chunks=127
[update 5] task=7 attempt=1 rollout=2 success=True steps=123 n_chunks=123
[update 5] task=7 attempt=1 rollout=3 success=True steps=111 n_chunks=111
[update 5] task=7 attempt=1 rollout=4 success=False steps=220 n_chunks=220
[update 5] task=7 attempt=1 rollout=5 success=True steps=114 n_chunks=114
[update 5] task=8 attempt=0 rollout=0 success=True steps=92 n_chunks=92
[update 5] task=8 attempt=0 rollout=1 success=True steps=99 n_chunks=99
[update 5] task=8 attempt=0 rollout=2 success=False steps=220 n_chunks=220
[update 5] task=8 attempt=0 rollout=3 success=True steps=94 n_chunks=94
[update 5] task=8 attempt=0 rollout=4 success=False steps=220 n_chunks=220
[update 5] task=8 attempt=0 rollout=5 success=True steps=95 n_chunks=95
===== UPDATE 5: success_rate=0.750 loss=0.6397130822944245 grad_norm=230.5004119873047 elapsed=6893s =====
[update 6] task=1 attempt=0 rollout=0 success=True steps=114 n_chunks=114
[update 6] task=1 attempt=0 rollout=1 success=True steps=109 n_chunks=109
[update 6] task=1 attempt=0 rollout=2 success=True steps=109 n_chunks=109
[update 6] task=1 attempt=0 rollout=3 success=True steps=116 n_chunks=116
[update 6] task=1 attempt=0 rollout=4 success=False steps=220 n_chunks=220
[update 6] task=1 attempt=0 rollout=5 success=True steps=109 n_chunks=109
[update 6] task=5 attempt=0 rollout=0 success=False steps=220 n_chunks=220
[update 6] task=5 attempt=0 rollout=1 success=False steps=220 n_chunks=220
[update 6] task=5 attempt=0 rollout=2 success=False steps=220 n_chunks=220
[update 6] task=5 attempt=0 rollout=3 success=False steps=220 n_chunks=220
[update 6] task=5 attempt=0 rollout=4 success=False steps=220 n_chunks=220
[update 6] task=5 attempt=0 rollout=5 success=False steps=220 n_chunks=220
[update 6] task=5 degenerate group (all reward=0.0), resampling (1/2)
[update 6] task=5 attempt=1 rollout=0 success=False steps=220 n_chunks=220
[update 6] task=5 attempt=1 rollout=1 success=False steps=220 n_chunks=220
[update 6] task=5 attempt=1 rollout=2 success=False steps=220 n_chunks=220
[update 6] task=5 attempt=1 rollout=3 success=False steps=220 n_chunks=220
[update 6] task=5 attempt=1 rollout=4 success=False steps=220 n_chunks=220
[update 6] task=5 attempt=1 rollout=5 success=False steps=220 n_chunks=220
[update 6] task=5 degenerate group (all reward=0.0), resampling (2/2)
[update 6] task=5 attempt=2 rollout=0 success=False steps=220 n_chunks=220
[update 6] task=5 attempt=2 rollout=1 success=False steps=220 n_chunks=220
[update 6] task=5 attempt=2 rollout=2 success=False steps=220 n_chunks=220
[update 6] task=5 attempt=2 rollout=3 success=False steps=220 n_chunks=220
[update 6] task=5 attempt=2 rollout=4 success=False steps=220 n_chunks=220
[update 6] task=5 attempt=2 rollout=5 success=False steps=220 n_chunks=220
===== UPDATE 6: success_rate=0.417 loss=0.6209073947356628 grad_norm=154.8975067138672 elapsed=8267s =====
[update 7] task=3 attempt=0 rollout=0 success=True steps=84 n_chunks=84
[update 7] task=3 attempt=0 rollout=1 success=True steps=92 n_chunks=92
[update 7] task=3 attempt=0 rollout=2 success=True steps=82 n_chunks=82
[update 7] task=3 attempt=0 rollout=3 success=True steps=90 n_chunks=90
[update 7] task=3 attempt=0 rollout=4 success=True steps=96 n_chunks=96
[update 7] task=3 attempt=0 rollout=5 success=True steps=90 n_chunks=90
[update 7] task=3 degenerate group (all reward=1.0), resampling (1/2)
[update 7] task=3 attempt=1 rollout=0 success=True steps=87 n_chunks=87
[update 7] task=3 attempt=1 rollout=1 success=True steps=95 n_chunks=95
[update 7] task=3 attempt=1 rollout=2 success=True steps=78 n_chunks=78
[update 7] task=3 attempt=1 rollout=3 success=True steps=87 n_chunks=87
[update 7] task=3 attempt=1 rollout=4 success=True steps=87 n_chunks=87
[update 7] task=3 attempt=1 rollout=5 success=True steps=86 n_chunks=86
[update 7] task=3 degenerate group (all reward=1.0), resampling (2/2)
[update 7] task=3 attempt=2 rollout=0 success=True steps=86 n_chunks=86
[update 7] task=3 attempt=2 rollout=1 success=True steps=96 n_chunks=96
[update 7] task=3 attempt=2 rollout=2 success=True steps=85 n_chunks=85
[update 7] task=3 attempt=2 rollout=3 success=True steps=84 n_chunks=84
[update 7] task=3 attempt=2 rollout=4 success=True steps=88 n_chunks=88
[update 7] task=3 attempt=2 rollout=5 success=True steps=83 n_chunks=83
[update 7] task=4 attempt=0 rollout=0 success=True steps=140 n_chunks=140
[update 7] task=4 attempt=0 rollout=1 success=False steps=220 n_chunks=220
[update 7] task=4 attempt=0 rollout=2 success=False steps=220 n_chunks=220
[update 7] task=4 attempt=0 rollout=3 success=True steps=137 n_chunks=137
[update 7] task=4 attempt=0 rollout=4 success=False steps=220 n_chunks=220
[update 7] task=4 attempt=0 rollout=5 success=True steps=151 n_chunks=151
===== UPDATE 7: success_rate=0.750 loss=0.43248776653233695 grad_norm=143.21368408203125 elapsed=9217s =====
[update 8] task=2 attempt=0 rollout=0 success=True steps=104 n_chunks=104
[update 8] task=2 attempt=0 rollout=1 success=True steps=99 n_chunks=99
[update 8] task=2 attempt=0 rollout=2 success=True steps=107 n_chunks=107
[update 8] task=2 attempt=0 rollout=3 success=True steps=123 n_chunks=123
[update 8] task=2 attempt=0 rollout=4 success=True steps=160 n_chunks=160
[update 8] task=2 attempt=0 rollout=5 success=True steps=106 n_chunks=106
[update 8] task=2 degenerate group (all reward=1.0), resampling (1/2)
[update 8] task=2 attempt=1 rollout=0 success=True steps=145 n_chunks=145
[update 8] task=2 attempt=1 rollout=1 success=True steps=105 n_chunks=105
[update 8] task=2 attempt=1 rollout=2 success=True steps=121 n_chunks=121
[update 8] task=2 attempt=1 rollout=3 success=True steps=104 n_chunks=104
[update 8] task=2 attempt=1 rollout=4 success=True steps=101 n_chunks=101
[update 8] task=2 attempt=1 rollout=5 success=True steps=89 n_chunks=89
[update 8] task=2 degenerate group (all reward=1.0), resampling (2/2)
[update 8] task=2 attempt=2 rollout=0 success=True steps=103 n_chunks=103
[update 8] task=2 attempt=2 rollout=1 success=True steps=104 n_chunks=104
[update 8] task=2 attempt=2 rollout=2 success=True steps=114 n_chunks=114
[update 8] task=2 attempt=2 rollout=3 success=True steps=103 n_chunks=103
[update 8] task=2 attempt=2 rollout=4 success=True steps=101 n_chunks=101
[update 8] task=2 attempt=2 rollout=5 success=True steps=95 n_chunks=95
[update 8] task=0 attempt=0 rollout=0 success=True steps=80 n_chunks=80
[update 8] task=0 attempt=0 rollout=1 success=False steps=220 n_chunks=220
[update 8] task=0 attempt=0 rollout=2 success=False steps=220 n_chunks=220
[update 8] task=0 attempt=0 rollout=3 success=True steps=84 n_chunks=84
[update 8] task=0 attempt=0 rollout=4 success=True steps=80 n_chunks=80
[update 8] task=0 attempt=0 rollout=5 success=True steps=69 n_chunks=69
===== UPDATE 8: success_rate=0.833 loss=1.0033804125203238 grad_norm=157.2258758544922 elapsed=10109s =====
[update 9] task=9 attempt=0 rollout=0 success=True steps=127 n_chunks=127
[update 9] task=9 attempt=0 rollout=1 success=True steps=124 n_chunks=124
[update 9] task=9 attempt=0 rollout=2 success=True steps=122 n_chunks=122
[update 9] task=9 attempt=0 rollout=3 success=True steps=117 n_chunks=117
[update 9] task=9 attempt=0 rollout=4 success=True steps=118 n_chunks=118
[update 9] task=9 attempt=0 rollout=5 success=True steps=120 n_chunks=120
[update 9] task=9 degenerate group (all reward=1.0), resampling (1/2)
[update 9] task=9 attempt=1 rollout=0 success=True steps=125 n_chunks=125
[update 9] task=9 attempt=1 rollout=1 success=True steps=141 n_chunks=141
[update 9] task=9 attempt=1 rollout=2 success=True steps=125 n_chunks=125
[update 9] task=9 attempt=1 rollout=3 success=True steps=116 n_chunks=116
[update 9] task=9 attempt=1 rollout=4 success=True steps=113 n_chunks=113
[update 9] task=9 attempt=1 rollout=5 success=True steps=126 n_chunks=126
[update 9] task=9 degenerate group (all reward=1.0), resampling (2/2)
[update 9] task=9 attempt=2 rollout=0 success=True steps=123 n_chunks=123
[update 9] task=9 attempt=2 rollout=1 success=False steps=220 n_chunks=220
[update 9] task=9 attempt=2 rollout=2 success=True steps=126 n_chunks=126
[update 9] task=9 attempt=2 rollout=3 success=True steps=117 n_chunks=117
[update 9] task=9 attempt=2 rollout=4 success=True steps=114 n_chunks=114
[update 9] task=9 attempt=2 rollout=5 success=True steps=125 n_chunks=125
[update 9] task=6 attempt=0 rollout=0 success=True steps=115 n_chunks=115
[update 9] task=6 attempt=0 rollout=1 success=True steps=136 n_chunks=136
[update 9] task=6 attempt=0 rollout=2 success=True steps=100 n_chunks=100
[update 9] task=6 attempt=0 rollout=3 success=True steps=102 n_chunks=102
[update 9] task=6 attempt=0 rollout=4 success=True steps=103 n_chunks=103
[update 9] task=6 attempt=0 rollout=5 success=True steps=107 n_chunks=107
[update 9] task=6 degenerate group (all reward=1.0), resampling (1/2)
[update 9] task=6 attempt=1 rollout=0 success=True steps=116 n_chunks=116
[update 9] task=6 attempt=1 rollout=1 success=True steps=110 n_chunks=110
[update 9] task=6 attempt=1 rollout=2 success=True steps=103 n_chunks=103
[update 9] task=6 attempt=1 rollout=3 success=True steps=104 n_chunks=104
[update 9] task=6 attempt=1 rollout=4 success=True steps=110 n_chunks=110
[update 9] task=6 attempt=1 rollout=5 success=True steps=107 n_chunks=107
[update 9] task=6 degenerate group (all reward=1.0), resampling (2/2)
[update 9] task=6 attempt=2 rollout=0 success=True steps=107 n_chunks=107
[update 9] task=6 attempt=2 rollout=1 success=True steps=99 n_chunks=99
[update 9] task=6 attempt=2 rollout=2 success=True steps=110 n_chunks=110
[update 9] task=6 attempt=2 rollout=3 success=True steps=104 n_chunks=104
[update 9] task=6 attempt=2 rollout=4 success=True steps=107 n_chunks=107
[update 9] task=6 attempt=2 rollout=5 success=True steps=108 n_chunks=108
===== UPDATE 9: success_rate=0.917 loss=0.5099476066502657 grad_norm=154.82574462890625 elapsed=11421s =====
[update 10] task=7 attempt=0 rollout=0 success=True steps=159 n_chunks=159
[update 10] task=7 attempt=0 rollout=1 success=True steps=120 n_chunks=120
[update 10] task=7 attempt=0 rollout=2 success=True steps=122 n_chunks=122
[update 10] task=7 attempt=0 rollout=3 success=True steps=113 n_chunks=113
[update 10] task=7 attempt=0 rollout=4 success=True steps=131 n_chunks=131
[update 10] task=7 attempt=0 rollout=5 success=False steps=220 n_chunks=220
[update 10] task=8 attempt=0 rollout=0 success=True steps=88 n_chunks=88
[update 10] task=8 attempt=0 rollout=1 success=True steps=100 n_chunks=100
[update 10] task=8 attempt=0 rollout=2 success=False steps=220 n_chunks=220
[update 10] task=8 attempt=0 rollout=3 success=True steps=95 n_chunks=95
[update 10] task=8 attempt=0 rollout=4 success=False steps=220 n_chunks=220
[update 10] task=8 attempt=0 rollout=5 success=True steps=105 n_chunks=105
===== UPDATE 10: success_rate=0.750 loss=0.6554534359050093 grad_norm=224.28475952148438 elapsed=12207s =====
[update 11] task=1 attempt=0 rollout=0 success=True steps=114 n_chunks=114
[update 11] task=1 attempt=0 rollout=1 success=True steps=110 n_chunks=110
[update 11] task=1 attempt=0 rollout=2 success=True steps=117 n_chunks=117
[update 11] task=1 attempt=0 rollout=3 success=True steps=110 n_chunks=110
[update 11] task=1 attempt=0 rollout=4 success=True steps=120 n_chunks=120
[update 11] task=1 attempt=0 rollout=5 success=True steps=108 n_chunks=108
[update 11] task=1 degenerate group (all reward=1.0), resampling (1/2)
[update 11] task=1 attempt=1 rollout=0 success=True steps=114 n_chunks=114
[update 11] task=1 attempt=1 rollout=1 success=True steps=110 n_chunks=110
[update 11] task=1 attempt=1 rollout=2 success=True steps=113 n_chunks=113
[update 11] task=1 attempt=1 rollout=3 success=True steps=113 n_chunks=113
[update 11] task=1 attempt=1 rollout=4 success=False steps=220 n_chunks=220
[update 11] task=1 attempt=1 rollout=5 success=True steps=109 n_chunks=109
[update 11] task=5 attempt=0 rollout=0 success=False steps=220 n_chunks=220
[update 11] task=5 attempt=0 rollout=1 success=False steps=220 n_chunks=220
[update 11] task=5 attempt=0 rollout=2 success=False steps=220 n_chunks=220
[update 11] task=5 attempt=0 rollout=3 success=False steps=220 n_chunks=220
[update 11] task=5 attempt=0 rollout=4 success=False steps=220 n_chunks=220
[update 11] task=5 attempt=0 rollout=5 success=False steps=220 n_chunks=220
[update 11] task=5 degenerate group (all reward=0.0), resampling (1/2)
[update 11] task=5 attempt=1 rollout=0 success=False steps=220 n_chunks=220
[update 11] task=5 attempt=1 rollout=1 success=False steps=220 n_chunks=220
[update 11] task=5 attempt=1 rollout=2 success=False steps=220 n_chunks=220
[update 11] task=5 attempt=1 rollout=3 success=False steps=220 n_chunks=220
[update 11] task=5 attempt=1 rollout=4 success=False steps=220 n_chunks=220
[update 11] task=5 attempt=1 rollout=5 success=False steps=220 n_chunks=220
[update 11] task=5 degenerate group (all reward=0.0), resampling (2/2)
[update 11] task=5 attempt=2 rollout=0 success=False steps=220 n_chunks=220
[update 11] task=5 attempt=2 rollout=1 success=False steps=220 n_chunks=220
[update 11] task=5 attempt=2 rollout=2 success=False steps=220 n_chunks=220
[update 11] task=5 attempt=2 rollout=3 success=False steps=220 n_chunks=220
[update 11] task=5 attempt=2 rollout=4 success=False steps=220 n_chunks=220
[update 11] task=5 attempt=2 rollout=5 success=False steps=220 n_chunks=220
===== UPDATE 11: success_rate=0.417 loss=0.6579866868387597 grad_norm=176.7978973388672 elapsed=13671s =====
[update 12] task=3 attempt=0 rollout=0 success=True steps=83 n_chunks=83
[update 12] task=3 attempt=0 rollout=1 success=True steps=93 n_chunks=93
[update 12] task=3 attempt=0 rollout=2 success=True steps=84 n_chunks=84
[update 12] task=3 attempt=0 rollout=3 success=True steps=90 n_chunks=90
[update 12] task=3 attempt=0 rollout=4 success=True steps=88 n_chunks=88
[update 12] task=3 attempt=0 rollout=5 success=True steps=84 n_chunks=84
[update 12] task=3 degenerate group (all reward=1.0), resampling (1/2)
[update 12] task=3 attempt=1 rollout=0 success=True steps=92 n_chunks=92
[update 12] task=3 attempt=1 rollout=1 success=True steps=97 n_chunks=97
[update 12] task=3 attempt=1 rollout=2 success=True steps=83 n_chunks=83
[update 12] task=3 attempt=1 rollout=3 success=True steps=86 n_chunks=86
[update 12] task=3 attempt=1 rollout=4 success=True steps=92 n_chunks=92
[update 12] task=3 attempt=1 rollout=5 success=True steps=90 n_chunks=90
[update 12] task=3 degenerate group (all reward=1.0), resampling (2/2)
[update 12] task=3 attempt=2 rollout=0 success=True steps=86 n_chunks=86
[update 12] task=3 attempt=2 rollout=1 success=True steps=92 n_chunks=92
[update 12] task=3 attempt=2 rollout=2 success=False steps=220 n_chunks=220
[update 12] task=3 attempt=2 rollout=3 success=True steps=85 n_chunks=85
[update 12] task=3 attempt=2 rollout=4 success=True steps=86 n_chunks=86
[update 12] task=3 attempt=2 rollout=5 success=True steps=86 n_chunks=86
[update 12] task=4 attempt=0 rollout=0 success=True steps=137 n_chunks=137
[update 12] task=4 attempt=0 rollout=1 success=False steps=220 n_chunks=220
[update 12] task=4 attempt=0 rollout=2 success=True steps=137 n_chunks=137
[update 12] task=4 attempt=0 rollout=3 success=True steps=141 n_chunks=141
[update 12] task=4 attempt=0 rollout=4 success=False steps=220 n_chunks=220
[update 12] task=4 attempt=0 rollout=5 success=True steps=141 n_chunks=141
===== UPDATE 12: success_rate=0.750 loss=0.6323088289462458 grad_norm=212.6018524169922 elapsed=14612s =====
[update 13] task=2 attempt=0 rollout=0 success=True steps=107 n_chunks=107
[update 13] task=2 attempt=0 rollout=1 success=True steps=97 n_chunks=97
[update 13] task=2 attempt=0 rollout=2 success=True steps=87 n_chunks=87
[update 13] task=2 attempt=0 rollout=3 success=True steps=112 n_chunks=112
[update 13] task=2 attempt=0 rollout=4 success=True steps=107 n_chunks=107
[update 13] task=2 attempt=0 rollout=5 success=True steps=96 n_chunks=96
[update 13] task=2 degenerate group (all reward=1.0), resampling (1/2)
[update 13] task=2 attempt=1 rollout=0 success=True steps=114 n_chunks=114
[update 13] task=2 attempt=1 rollout=1 success=True steps=102 n_chunks=102
[update 13] task=2 attempt=1 rollout=2 success=True steps=92 n_chunks=92
[update 13] task=2 attempt=1 rollout=3 success=True steps=117 n_chunks=117
[update 13] task=2 attempt=1 rollout=4 success=True steps=97 n_chunks=97
[update 13] task=2 attempt=1 rollout=5 success=True steps=119 n_chunks=119
[update 13] task=2 degenerate group (all reward=1.0), resampling (2/2)
[update 13] task=2 attempt=2 rollout=0 success=True steps=112 n_chunks=112
[update 13] task=2 attempt=2 rollout=1 success=True steps=97 n_chunks=97
[update 13] task=2 attempt=2 rollout=2 success=True steps=138 n_chunks=138
[update 13] task=2 attempt=2 rollout=3 success=True steps=117 n_chunks=117
[update 13] task=2 attempt=2 rollout=4 success=True steps=116 n_chunks=116
[update 13] task=2 attempt=2 rollout=5 success=True steps=117 n_chunks=117
[update 13] task=0 attempt=0 rollout=0 success=True steps=81 n_chunks=81
[update 13] task=0 attempt=0 rollout=1 success=False steps=220 n_chunks=220
[update 13] task=0 attempt=0 rollout=2 success=False steps=220 n_chunks=220
[update 13] task=0 attempt=0 rollout=3 success=True steps=75 n_chunks=75
[update 13] task=0 attempt=0 rollout=4 success=True steps=75 n_chunks=75
[update 13] task=0 attempt=0 rollout=5 success=True steps=86 n_chunks=86
===== UPDATE 13: success_rate=0.833 loss=1.0454708103144656 grad_norm=156.27041625976562 elapsed=15487s =====
[update 14] task=9 attempt=0 rollout=0 success=True steps=115 n_chunks=115
[update 14] task=9 attempt=0 rollout=1 success=True steps=124 n_chunks=124
[update 14] task=9 attempt=0 rollout=2 success=True steps=125 n_chunks=125
[update 14] task=9 attempt=0 rollout=3 success=True steps=129 n_chunks=129
[update 14] task=9 attempt=0 rollout=4 success=True steps=117 n_chunks=117
[update 14] task=9 attempt=0 rollout=5 success=True steps=123 n_chunks=123
[update 14] task=9 degenerate group (all reward=1.0), resampling (1/2)
[update 14] task=9 attempt=1 rollout=0 success=True steps=119 n_chunks=119
[update 14] task=9 attempt=1 rollout=1 success=True steps=128 n_chunks=128
[update 14] task=9 attempt=1 rollout=2 success=True steps=122 n_chunks=122
[update 14] task=9 attempt=1 rollout=3 success=True steps=114 n_chunks=114
[update 14] task=9 attempt=1 rollout=4 success=True steps=121 n_chunks=121
[update 14] task=9 attempt=1 rollout=5 success=True steps=123 n_chunks=123
[update 14] task=9 degenerate group (all reward=1.0), resampling (2/2)
[update 14] task=9 attempt=2 rollout=0 success=False steps=220 n_chunks=220
[update 14] task=9 attempt=2 rollout=1 success=False steps=220 n_chunks=220
[update 14] task=9 attempt=2 rollout=2 success=True steps=127 n_chunks=127
[update 14] task=9 attempt=2 rollout=3 success=True steps=122 n_chunks=122
[update 14] task=9 attempt=2 rollout=4 success=True steps=122 n_chunks=122
[update 14] task=9 attempt=2 rollout=5 success=True steps=126 n_chunks=126
[update 14] task=6 attempt=0 rollout=0 success=True steps=103 n_chunks=103
[update 14] task=6 attempt=0 rollout=1 success=True steps=103 n_chunks=103
[update 14] task=6 attempt=0 rollout=2 success=True steps=107 n_chunks=107
[update 14] task=6 attempt=0 rollout=3 success=True steps=103 n_chunks=103
[update 14] task=6 attempt=0 rollout=4 success=True steps=101 n_chunks=101
[update 14] task=6 attempt=0 rollout=5 success=True steps=102 n_chunks=102
[update 14] task=6 degenerate group (all reward=1.0), resampling (1/2)
[update 14] task=6 attempt=1 rollout=0 success=True steps=108 n_chunks=108
[update 14] task=6 attempt=1 rollout=1 success=True steps=104 n_chunks=104
[update 14] task=6 attempt=1 rollout=2 success=True steps=106 n_chunks=106
[update 14] task=6 attempt=1 rollout=3 success=True steps=106 n_chunks=106
[update 14] task=6 attempt=1 rollout=4 success=True steps=103 n_chunks=103
[update 14] task=6 attempt=1 rollout=5 success=True steps=114 n_chunks=114
[update 14] task=6 degenerate group (all reward=1.0), resampling (2/2)
[update 14] task=6 attempt=2 rollout=0 success=True steps=109 n_chunks=109
[update 14] task=6 attempt=2 rollout=1 success=True steps=100 n_chunks=100
[update 14] task=6 attempt=2 rollout=2 success=True steps=103 n_chunks=103
[update 14] task=6 attempt=2 rollout=3 success=True steps=108 n_chunks=108
[update 14] task=6 attempt=2 rollout=4 success=True steps=107 n_chunks=107
[update 14] task=6 attempt=2 rollout=5 success=True steps=116 n_chunks=116
===== UPDATE 14: success_rate=0.833 loss=0.5327602266756422 grad_norm=157.25918579101562 elapsed=16862s =====
[update 15] task=7 attempt=0 rollout=0 success=True steps=131 n_chunks=131
[update 15] task=7 attempt=0 rollout=1 success=True steps=124 n_chunks=124
[update 15] task=7 attempt=0 rollout=2 success=True steps=118 n_chunks=118
[update 15] task=7 attempt=0 rollout=3 success=True steps=112 n_chunks=112
[update 15] task=7 attempt=0 rollout=4 success=True steps=144 n_chunks=144
[update 15] task=7 attempt=0 rollout=5 success=True steps=118 n_chunks=118
[update 15] task=7 degenerate group (all reward=1.0), resampling (1/2)
[update 15] task=7 attempt=1 rollout=0 success=True steps=138 n_chunks=138
[update 15] task=7 attempt=1 rollout=1 success=True steps=118 n_chunks=118
[update 15] task=7 attempt=1 rollout=2 success=True steps=124 n_chunks=124
[update 15] task=7 attempt=1 rollout=3 success=True steps=123 n_chunks=123
[update 15] task=7 attempt=1 rollout=4 success=True steps=131 n_chunks=131
[update 15] task=7 attempt=1 rollout=5 success=True steps=111 n_chunks=111
[update 15] task=7 degenerate group (all reward=1.0), resampling (2/2)
[update 15] task=7 attempt=2 rollout=0 success=True steps=131 n_chunks=131
[update 15] task=7 attempt=2 rollout=1 success=True steps=114 n_chunks=114
[update 15] task=7 attempt=2 rollout=2 success=True steps=135 n_chunks=135
[update 15] task=7 attempt=2 rollout=3 success=True steps=108 n_chunks=108
[update 15] task=7 attempt=2 rollout=4 success=True steps=137 n_chunks=137
[update 15] task=7 attempt=2 rollout=5 success=True steps=118 n_chunks=118
[update 15] task=8 attempt=0 rollout=0 success=False steps=220 n_chunks=220
[update 15] task=8 attempt=0 rollout=1 success=True steps=106 n_chunks=106
[update 15] task=8 attempt=0 rollout=2 success=False steps=220 n_chunks=220
[update 15] task=8 attempt=0 rollout=3 success=True steps=102 n_chunks=102
[update 15] task=8 attempt=0 rollout=4 success=False steps=220 n_chunks=220
[update 15] task=8 attempt=0 rollout=5 success=False steps=220 n_chunks=220
===== UPDATE 15: success_rate=0.667 loss=0.5882556322304642 grad_norm=137.24671936035156 elapsed=17991s =====
[update 16] task=1 attempt=0 rollout=0 success=False steps=220 n_chunks=220
[update 16] task=1 attempt=0 rollout=1 success=True steps=121 n_chunks=121
[update 16] task=1 attempt=0 rollout=2 success=True steps=119 n_chunks=119
[update 16] task=1 attempt=0 rollout=3 success=True steps=109 n_chunks=109
[update 16] task=1 attempt=0 rollout=4 success=False steps=220 n_chunks=220
[update 16] task=1 attempt=0 rollout=5 success=True steps=108 n_chunks=108
[update 16] task=5 attempt=0 rollout=0 success=False steps=220 n_chunks=220
[update 16] task=5 attempt=0 rollout=1 success=False steps=220 n_chunks=220
[update 16] task=5 attempt=0 rollout=2 success=False steps=220 n_chunks=220
[update 16] task=5 attempt=0 rollout=3 success=False steps=220 n_chunks=220
[update 16] task=5 attempt=0 rollout=4 success=False steps=220 n_chunks=220
[update 16] task=5 attempt=0 rollout=5 success=False steps=220 n_chunks=220
[update 16] task=5 degenerate group (all reward=0.0), resampling (1/2)
[update 16] task=5 attempt=1 rollout=0 success=False steps=220 n_chunks=220
[update 16] task=5 attempt=1 rollout=1 success=False steps=220 n_chunks=220
[update 16] task=5 attempt=1 rollout=2 success=True steps=220 n_chunks=220
[update 16] task=5 attempt=1 rollout=3 success=False steps=220 n_chunks=220
[update 16] task=5 attempt=1 rollout=4 success=False steps=220 n_chunks=220
[update 16] task=5 attempt=1 rollout=5 success=False steps=220 n_chunks=220
===== UPDATE 16: success_rate=0.417 loss=0.28022671408571526 grad_norm=243.2822723388672 elapsed=19357s =====
[update 17] task=3 attempt=0 rollout=0 success=True steps=89 n_chunks=89
[update 17] task=3 attempt=0 rollout=1 success=True steps=94 n_chunks=94
[update 17] task=3 attempt=0 rollout=2 success=True steps=89 n_chunks=89
[update 17] task=3 attempt=0 rollout=3 success=True steps=88 n_chunks=88
[update 17] task=3 attempt=0 rollout=4 success=True steps=84 n_chunks=84
[update 17] task=3 attempt=0 rollout=5 success=True steps=92 n_chunks=92
[update 17] task=3 degenerate group (all reward=1.0), resampling (1/2)
[update 17] task=3 attempt=1 rollout=0 success=True steps=99 n_chunks=99
[update 17] task=3 attempt=1 rollout=1 success=True steps=92 n_chunks=92
[update 17] task=3 attempt=1 rollout=2 success=True steps=81 n_chunks=81
[update 17] task=3 attempt=1 rollout=3 success=True steps=99 n_chunks=99
[update 17] task=3 attempt=1 rollout=4 success=True steps=98 n_chunks=98
[update 17] task=3 attempt=1 rollout=5 success=True steps=91 n_chunks=91
[update 17] task=3 degenerate group (all reward=1.0), resampling (2/2)
[update 17] task=3 attempt=2 rollout=0 success=True steps=88 n_chunks=88
[update 17] task=3 attempt=2 rollout=1 success=True steps=93 n_chunks=93
[update 17] task=3 attempt=2 rollout=2 success=True steps=84 n_chunks=84
[update 17] task=3 attempt=2 rollout=3 success=True steps=86 n_chunks=86
[update 17] task=3 attempt=2 rollout=4 success=True steps=88 n_chunks=88
[update 17] task=3 attempt=2 rollout=5 success=True steps=94 n_chunks=94
[update 17] task=4 attempt=0 rollout=0 success=True steps=142 n_chunks=142
[update 17] task=4 attempt=0 rollout=1 success=False steps=220 n_chunks=220
[update 17] task=4 attempt=0 rollout=2 success=True steps=131 n_chunks=131
[update 17] task=4 attempt=0 rollout=3 success=False steps=220 n_chunks=220
[update 17] task=4 attempt=0 rollout=4 success=False steps=220 n_chunks=220
[update 17] task=4 attempt=0 rollout=5 success=True steps=141 n_chunks=141
===== UPDATE 17: success_rate=0.750 loss=0.4801169360816146 grad_norm=142.29685974121094 elapsed=20323s =====
[update 18] task=2 attempt=0 rollout=0 success=True steps=104 n_chunks=104
[update 18] task=2 attempt=0 rollout=1 success=True steps=95 n_chunks=95
[update 18] task=2 attempt=0 rollout=2 success=True steps=204 n_chunks=204
[update 18] task=2 attempt=0 rollout=3 success=True steps=103 n_chunks=103
[update 18] task=2 attempt=0 rollout=4 success=True steps=105 n_chunks=105
[update 18] task=2 attempt=0 rollout=5 success=True steps=114 n_chunks=114
[update 18] task=2 degenerate group (all reward=1.0), resampling (1/2)
[update 18] task=2 attempt=1 rollout=0 success=True steps=115 n_chunks=115
[update 18] task=2 attempt=1 rollout=1 success=True steps=101 n_chunks=101
[update 18] task=2 attempt=1 rollout=2 success=True steps=105 n_chunks=105
[update 18] task=2 attempt=1 rollout=3 success=True steps=100 n_chunks=100
[update 18] task=2 attempt=1 rollout=4 success=True steps=104 n_chunks=104
[update 18] task=2 attempt=1 rollout=5 success=True steps=105 n_chunks=105
[update 18] task=2 degenerate group (all reward=1.0), resampling (2/2)
[update 18] task=2 attempt=2 rollout=0 success=True steps=103 n_chunks=103
[update 18] task=2 attempt=2 rollout=1 success=True steps=100 n_chunks=100
[update 18] task=2 attempt=2 rollout=2 success=True steps=100 n_chunks=100
[update 18] task=2 attempt=2 rollout=3 success=True steps=98 n_chunks=98
[update 18] task=2 attempt=2 rollout=4 success=True steps=116 n_chunks=116
[update 18] task=2 attempt=2 rollout=5 success=True steps=92 n_chunks=92
[update 18] task=0 attempt=0 rollout=0 success=True steps=93 n_chunks=93
[update 18] task=0 attempt=0 rollout=1 success=True steps=88 n_chunks=88
[update 18] task=0 attempt=0 rollout=2 success=False steps=220 n_chunks=220
[update 18] task=0 attempt=0 rollout=3 success=False steps=220 n_chunks=220
[update 18] task=0 attempt=0 rollout=4 success=True steps=77 n_chunks=77
[update 18] task=0 attempt=0 rollout=5 success=True steps=77 n_chunks=77
===== UPDATE 18: success_rate=0.833 loss=0.9561457491690113 grad_norm=155.28810119628906 elapsed=21221s =====
[update 19] task=9 attempt=0 rollout=0 success=True steps=122 n_chunks=122
[update 19] task=9 attempt=0 rollout=1 success=True steps=116 n_chunks=116
[update 19] task=9 attempt=0 rollout=2 success=True steps=126 n_chunks=126
[update 19] task=9 attempt=0 rollout=3 success=True steps=119 n_chunks=119
[update 19] task=9 attempt=0 rollout=4 success=True steps=122 n_chunks=122
[update 19] task=9 attempt=0 rollout=5 success=True steps=124 n_chunks=124
[update 19] task=9 degenerate group (all reward=1.0), resampling (1/2)
[update 19] task=9 attempt=1 rollout=0 success=False steps=220 n_chunks=220
[update 19] task=9 attempt=1 rollout=1 success=True steps=126 n_chunks=126
[update 19] task=9 attempt=1 rollout=2 success=True steps=123 n_chunks=123
[update 19] task=9 attempt=1 rollout=3 success=True steps=117 n_chunks=117
[update 19] task=9 attempt=1 rollout=4 success=True steps=118 n_chunks=118
[update 19] task=9 attempt=1 rollout=5 success=True steps=126 n_chunks=126
[update 19] task=6 attempt=0 rollout=0 success=True steps=111 n_chunks=111
[update 19] task=6 attempt=0 rollout=1 success=True steps=105 n_chunks=105
[update 19] task=6 attempt=0 rollout=2 success=True steps=105 n_chunks=105
[update 19] task=6 attempt=0 rollout=3 success=True steps=100 n_chunks=100
[update 19] task=6 attempt=0 rollout=4 success=True steps=106 n_chunks=106
[update 19] task=6 attempt=0 rollout=5 success=True steps=105 n_chunks=105
[update 19] task=6 degenerate group (all reward=1.0), resampling (1/2)
[update 19] task=6 attempt=1 rollout=0 success=True steps=108 n_chunks=108
[update 19] task=6 attempt=1 rollout=1 success=True steps=108 n_chunks=108
[update 19] task=6 attempt=1 rollout=2 success=True steps=107 n_chunks=107
[update 19] task=6 attempt=1 rollout=3 success=True steps=101 n_chunks=101
[update 19] task=6 attempt=1 rollout=4 success=True steps=104 n_chunks=104
[update 19] task=6 attempt=1 rollout=5 success=True steps=104 n_chunks=104
[update 19] task=6 degenerate group (all reward=1.0), resampling (2/2)
[update 19] task=6 attempt=2 rollout=0 success=True steps=105 n_chunks=105
[update 19] task=6 attempt=2 rollout=1 success=True steps=99 n_chunks=99
[update 19] task=6 attempt=2 rollout=2 success=True steps=108 n_chunks=108
[update 19] task=6 attempt=2 rollout=3 success=True steps=117 n_chunks=117
[update 19] task=6 attempt=2 rollout=4 success=True steps=101 n_chunks=101
[update 19] task=6 attempt=2 rollout=5 success=True steps=107 n_chunks=107
===== UPDATE 19: success_rate=0.917 loss=0.5284128622836377 grad_norm=152.07373046875 elapsed=22328s =====
[update 20] task=7 attempt=0 rollout=0 success=True steps=111 n_chunks=111
[update 20] task=7 attempt=0 rollout=1 success=True steps=115 n_chunks=115
[update 20] task=7 attempt=0 rollout=2 success=True steps=124 n_chunks=124
[update 20] task=7 attempt=0 rollout=3 success=True steps=118 n_chunks=118
[update 20] task=7 attempt=0 rollout=4 success=True steps=122 n_chunks=122
[update 20] task=7 attempt=0 rollout=5 success=True steps=119 n_chunks=119
[update 20] task=7 degenerate group (all reward=1.0), resampling (1/2)
[update 20] task=7 attempt=1 rollout=0 success=True steps=170 n_chunks=170
[update 20] task=7 attempt=1 rollout=1 success=True steps=128 n_chunks=128
[update 20] task=7 attempt=1 rollout=2 success=True steps=131 n_chunks=131
[update 20] task=7 attempt=1 rollout=3 success=True steps=115 n_chunks=115
[update 20] task=7 attempt=1 rollout=4 success=True steps=151 n_chunks=151
[update 20] task=7 attempt=1 rollout=5 success=True steps=119 n_chunks=119
[update 20] task=7 degenerate group (all reward=1.0), resampling (2/2)
[update 20] task=7 attempt=2 rollout=0 success=False steps=220 n_chunks=220
[update 20] task=7 attempt=2 rollout=1 success=True steps=118 n_chunks=118
[update 20] task=7 attempt=2 rollout=2 success=True steps=113 n_chunks=113
[update 20] task=7 attempt=2 rollout=3 success=True steps=116 n_chunks=116
[update 20] task=7 attempt=2 rollout=4 success=True steps=124 n_chunks=124
[update 20] task=7 attempt=2 rollout=5 success=False steps=220 n_chunks=220
[update 20] task=8 attempt=0 rollout=0 success=True steps=96 n_chunks=96
[update 20] task=8 attempt=0 rollout=1 success=False steps=220 n_chunks=220
[update 20] task=8 attempt=0 rollout=2 success=False steps=220 n_chunks=220
[update 20] task=8 attempt=0 rollout=3 success=True steps=110 n_chunks=110
[update 20] task=8 attempt=0 rollout=4 success=False steps=220 n_chunks=220
[update 20] task=8 attempt=0 rollout=5 success=True steps=95 n_chunks=95
===== UPDATE 20: success_rate=0.583 loss=0.6774284996920161 grad_norm=198.03643798828125 elapsed=23634s =====
[update 21] task=1 attempt=0 rollout=0 success=True steps=115 n_chunks=115
[update 21] task=1 attempt=0 rollout=1 success=True steps=117 n_chunks=117
[update 21] task=1 attempt=0 rollout=2 success=True steps=122 n_chunks=122
[update 21] task=1 attempt=0 rollout=3 success=True steps=110 n_chunks=110
[update 21] task=1 attempt=0 rollout=4 success=False steps=220 n_chunks=220
[update 21] task=1 attempt=0 rollout=5 success=True steps=106 n_chunks=106
[update 21] task=5 attempt=0 rollout=0 success=False steps=220 n_chunks=220
[update 21] task=5 attempt=0 rollout=1 success=False steps=220 n_chunks=220
[update 21] task=5 attempt=0 rollout=2 success=False steps=220 n_chunks=220
[update 21] task=5 attempt=0 rollout=3 success=False steps=220 n_chunks=220
[update 21] task=5 attempt=0 rollout=4 success=False steps=220 n_chunks=220
[update 21] task=5 attempt=0 rollout=5 success=False steps=220 n_chunks=220
[update 21] task=5 degenerate group (all reward=0.0), resampling (1/2)
[update 21] task=5 attempt=1 rollout=0 success=False steps=220 n_chunks=220
[update 21] task=5 attempt=1 rollout=1 success=False steps=220 n_chunks=220
[update 21] task=5 attempt=1 rollout=2 success=False steps=220 n_chunks=220
[update 21] task=5 attempt=1 rollout=3 success=False steps=220 n_chunks=220
[update 21] task=5 attempt=1 rollout=4 success=False steps=220 n_chunks=220
[update 21] task=5 attempt=1 rollout=5 success=False steps=220 n_chunks=220
[update 21] task=5 degenerate group (all reward=0.0), resampling (2/2)
[update 21] task=5 attempt=2 rollout=0 success=False steps=220 n_chunks=220
[update 21] task=5 attempt=2 rollout=1 success=False steps=220 n_chunks=220
[update 21] task=5 attempt=2 rollout=2 success=False steps=220 n_chunks=220
[update 21] task=5 attempt=2 rollout=3 success=False steps=220 n_chunks=220
[update 21] task=5 attempt=2 rollout=4 success=False steps=220 n_chunks=220
[update 21] task=5 attempt=2 rollout=5 success=False steps=220 n_chunks=220
===== UPDATE 21: success_rate=0.417 loss=0.583988416383538 grad_norm=149.35580444335938 elapsed=24965s =====
[update 22] task=3 attempt=0 rollout=0 success=True steps=88 n_chunks=88
[update 22] task=3 attempt=0 rollout=1 success=True steps=88 n_chunks=88
[update 22] task=3 attempt=0 rollout=2 success=False steps=220 n_chunks=220
[update 22] task=3 attempt=0 rollout=3 success=True steps=83 n_chunks=83
[update 22] task=3 attempt=0 rollout=4 success=True steps=90 n_chunks=90
[update 22] task=3 attempt=0 rollout=5 success=True steps=87 n_chunks=87
[update 22] task=4 attempt=0 rollout=0 success=True steps=220 n_chunks=220
[update 22] task=4 attempt=0 rollout=1 success=False steps=220 n_chunks=220
[update 22] task=4 attempt=0 rollout=2 success=True steps=125 n_chunks=125
[update 22] task=4 attempt=0 rollout=3 success=False steps=220 n_chunks=220
[update 22] task=4 attempt=0 rollout=4 success=True steps=152 n_chunks=152
[update 22] task=4 attempt=0 rollout=5 success=True steps=151 n_chunks=151
===== UPDATE 22: success_rate=0.750 loss=0.5484133220593864 grad_norm=244.1381378173828 elapsed=25734s =====
[update 23] task=2 attempt=0 rollout=0 success=False steps=220 n_chunks=220
[update 23] task=2 attempt=0 rollout=1 success=True steps=98 n_chunks=98
[update 23] task=2 attempt=0 rollout=2 success=True steps=104 n_chunks=104
[update 23] task=2 attempt=0 rollout=3 success=True steps=106 n_chunks=106
[update 23] task=2 attempt=0 rollout=4 success=True steps=104 n_chunks=104
[update 23] task=2 attempt=0 rollout=5 success=True steps=96 n_chunks=96
[update 23] task=0 attempt=0 rollout=0 success=False steps=220 n_chunks=220
[update 23] task=0 attempt=0 rollout=1 success=False steps=220 n_chunks=220
[update 23] task=0 attempt=0 rollout=2 success=False steps=220 n_chunks=220
[update 23] task=0 attempt=0 rollout=3 success=True steps=84 n_chunks=84
[update 23] task=0 attempt=0 rollout=4 success=True steps=76 n_chunks=76
[update 23] task=0 attempt=0 rollout=5 success=True steps=73 n_chunks=73
===== UPDATE 23: success_rate=0.667 loss=0.8399916538517097 grad_norm=203.77259826660156 elapsed=26511s =====
Saved RL checkpoint to rl_checkpoint_libero_spatial_fixed_s0

Fetching 4 files:   0%|          | 0/4 [00:00<?, ?it/s]
Fetching 4 files: 100%|██████████| 4/4 [00:00<00:00, 93727.46it/s]
Warning: You are sending unauthenticated requests to the HF Hub. Please set a HF_TOKEN to enable higher rate limits and faster downloads.
WARNING:huggingface_hub.utils._http:Warning: You are sending unauthenticated requests to the HF Hub. Please set a HF_TOKEN to enable higher rate limits and faster downloads.
`torch_dtype` is deprecated! Use `dtype` instead!

Loading weights:   0%|          | 0/489 [00:00<?, ?it/s]
Loading weights:  61%|██████    | 298/489 [00:00<00:00, 2965.03it/s]
Loading weights: 100%|██████████| 489/489 [00:00<00:00, 3341.45it/s]
[robosuite WARNING] No private macro file found! (__init__.py:7)
WARNING:robosuite_logs:No private macro file found!
[robosuite WARNING] It is recommended to use a private macro file (__init__.py:8)
WARNING:robosuite_logs:It is recommended to use a private macro file
[robosuite WARNING] To setup, run: python /home/user/anaconda3/envs/vla_smolvla_libero/lib/python3.12/site-packages/robosuite/scripts/setup_macros.py (__init__.py:9)
WARNING:robosuite_logs:To setup, run: python /home/user/anaconda3/envs/vla_smolvla_libero/lib/python3.12/site-packages/robosuite/scripts/setup_macros.py
Exception ignored in: <function MjRenderContext.__del__ at 0x7b38da9a2980>
Traceback (most recent call last):
  File "/home/user/anaconda3/envs/vla_smolvla_libero/lib/python3.12/site-packages/robosuite/utils/binding_utils.py", line 199, in __del__
    self.gl_ctx.free()
  File "/home/user/anaconda3/envs/vla_smolvla_libero/lib/python3.12/site-packages/robosuite/renderers/context/egl_context.py", line 150, in free
    EGL.eglDestroyContext(EGL_DISPLAY, self._context)
  File "/home/user/anaconda3/envs/vla_smolvla_libero/lib/python3.12/site-packages/OpenGL/error.py", line 230, in glCheckError
    raise self._errorClass(
OpenGL.raw.EGL._errors.EGLError: EGLError(
	err = EGL_NOT_INITIALIZED,
	baseOperation = eglDestroyContext,
	cArguments = (
		<OpenGL._opaque.EGLDisplay_pointer object at 0x7b38bf0b9c50>,
		<OpenGL._opaque.EGLContext_pointer object at 0x7b36e1764050>,
	),
	result = 0
)
Exception ignored in: <function EGLGLContext.__del__ at 0x7b38da9a2840>
Traceback (most recent call last):
  File "/home/user/anaconda3/envs/vla_smolvla_libero/lib/python3.12/site-packages/robosuite/renderers/context/egl_context.py", line 155, in __del__
    self.free()
  File "/home/user/anaconda3/envs/vla_smolvla_libero/lib/python3.12/site-packages/robosuite/renderers/context/egl_context.py", line 150, in free
    EGL.eglDestroyContext(EGL_DISPLAY, self._context)
  File "/home/user/anaconda3/envs/vla_smolvla_libero/lib/python3.12/site-packages/OpenGL/error.py", line 230, in glCheckError
    raise self._errorClass(
OpenGL.raw.EGL._errors.EGLError: EGLError(
	err = EGL_NOT_INITIALIZED,
	baseOperation = eglDestroyContext,
	cArguments = (
		<OpenGL._opaque.EGLDisplay_pointer object at 0x7b38bf0b9c50>,
		<OpenGL._opaque.EGLContext_pointer object at 0x7b36e1764050>,
	),
	result = 0
)
Exception ignored in: <function MjRenderContext.__del__ at 0x7b38da9a2980>
Traceback (most recent call last):
  File "/home/user/anaconda3/envs/vla_smolvla_libero/lib/python3.12/site-packages/robosuite/utils/binding_utils.py", line 199, in __del__
    self.gl_ctx.free()
  File "/home/user/anaconda3/envs/vla_smolvla_libero/lib/python3.12/site-packages/robosuite/renderers/context/egl_context.py", line 150, in free
    EGL.eglDestroyContext(EGL_DISPLAY, self._context)
  File "/home/user/anaconda3/envs/vla_smolvla_libero/lib/python3.12/site-packages/OpenGL/error.py", line 230, in glCheckError
    raise self._errorClass(
OpenGL.raw.EGL._errors.EGLError: EGLError(
	err = EGL_NOT_INITIALIZED,
	baseOperation = eglDestroyContext,
	cArguments = (
		<OpenGL._opaque.EGLDisplay_pointer object at 0x7b38bf0b9c50>,
		<OpenGL._opaque.EGLContext_pointer object at 0x7b36e0accf50>,
	),
	result = 0
)
Exception ignored in: <function EGLGLContext.__del__ at 0x7b38da9a2840>
Traceback (most recent call last):
  File "/home/user/anaconda3/envs/vla_smolvla_libero/lib/python3.12/site-packages/robosuite/renderers/context/egl_context.py", line 155, in __del__
    self.free()
  File "/home/user/anaconda3/envs/vla_smolvla_libero/lib/python3.12/site-packages/robosuite/renderers/context/egl_context.py", line 150, in free
    EGL.eglDestroyContext(EGL_DISPLAY, self._context)
  File "/home/user/anaconda3/envs/vla_smolvla_libero/lib/python3.12/site-packages/OpenGL/error.py", line 230, in glCheckError
    raise self._errorClass(
OpenGL.raw.EGL._errors.EGLError: EGLError(
	err = EGL_NOT_INITIALIZED,
	baseOperation = eglDestroyContext,
	cArguments = (
		<OpenGL._opaque.EGLDisplay_pointer object at 0x7b38bf0b9c50>,
		<OpenGL._opaque.EGLContext_pointer object at 0x7b36e0accf50>,
	),
	result = 0
)
Exception ignored in: <function MjRenderContext.__del__ at 0x7b38da9a2980>
Traceback (most recent call last):
  File "/home/user/anaconda3/envs/vla_smolvla_libero/lib/python3.12/site-packages/robosuite/utils/binding_utils.py", line 199, in __del__
    self.gl_ctx.free()
  File "/home/user/anaconda3/envs/vla_smolvla_libero/lib/python3.12/site-packages/robosuite/renderers/context/egl_context.py", line 150, in free
    EGL.eglDestroyContext(EGL_DISPLAY, self._context)
  File "/home/user/anaconda3/envs/vla_smolvla_libero/lib/python3.12/site-packages/OpenGL/error.py", line 230, in glCheckError
    raise self._errorClass(
OpenGL.raw.EGL._errors.EGLError: EGLError(
	err = EGL_NOT_INITIALIZED,
	baseOperation = eglDestroyContext,
	cArguments = (
		<OpenGL._opaque.EGLDisplay_pointer object at 0x7b38bf0b9c50>,
		<OpenGL._opaque.EGLContext_pointer object at 0x7b36e092efd0>,
	),
	result = 0
)
Exception ignored in: <function EGLGLContext.__del__ at 0x7b38da9a2840>
Traceback (most recent call last):
  File "/home/user/anaconda3/envs/vla_smolvla_libero/lib/python3.12/site-packages/robosuite/renderers/context/egl_context.py", line 155, in __del__
    self.free()
  File "/home/user/anaconda3/envs/vla_smolvla_libero/lib/python3.12/site-packages/robosuite/renderers/context/egl_context.py", line 150, in free
    EGL.eglDestroyContext(EGL_DISPLAY, self._context)
  File "/home/user/anaconda3/envs/vla_smolvla_libero/lib/python3.12/site-packages/OpenGL/error.py", line 230, in glCheckError
    raise self._errorClass(
OpenGL.raw.EGL._errors.EGLError: EGLError(
	err = EGL_NOT_INITIALIZED,
	baseOperation = eglDestroyContext,
	cArguments = (
		<OpenGL._opaque.EGLDisplay_pointer object at 0x7b38bf0b9c50>,
		<OpenGL._opaque.EGLContext_pointer object at 0x7b36e092efd0>,
	),
	result = 0
)
Exception ignored in: <function MjRenderContext.__del__ at 0x7b38da9a2980>
Traceback (most recent call last):
  File "/home/user/anaconda3/envs/vla_smolvla_libero/lib/python3.12/site-packages/robosuite/utils/binding_utils.py", line 199, in __del__
    self.gl_ctx.free()
  File "/home/user/anaconda3/envs/vla_smolvla_libero/lib/python3.12/site-packages/robosuite/renderers/context/egl_context.py", line 150, in free
    EGL.eglDestroyContext(EGL_DISPLAY, self._context)
  File "/home/user/anaconda3/envs/vla_smolvla_libero/lib/python3.12/site-packages/OpenGL/error.py", line 230, in glCheckError
    raise self._errorClass(
OpenGL.raw.EGL._errors.EGLError: EGLError(
	err = EGL_NOT_INITIALIZED,
	baseOperation = eglDestroyContext,
	cArguments = (
		<OpenGL._opaque.EGLDisplay_pointer object at 0x7b38bf0b9c50>,
		<OpenGL._opaque.EGLContext_pointer object at 0x7b36e1608cd0>,
	),
	result = 0
)
Exception ignored in: <function EGLGLContext.__del__ at 0x7b38da9a2840>
Traceback (most recent call last):
  File "/home/user/anaconda3/envs/vla_smolvla_libero/lib/python3.12/site-packages/robosuite/renderers/context/egl_context.py", line 155, in __del__
    self.free()
  File "/home/user/anaconda3/envs/vla_smolvla_libero/lib/python3.12/site-packages/robosuite/renderers/context/egl_context.py", line 150, in free
    EGL.eglDestroyContext(EGL_DISPLAY, self._context)
  File "/home/user/anaconda3/envs/vla_smolvla_libero/lib/python3.12/site-packages/OpenGL/error.py", line 230, in glCheckError
    raise self._errorClass(
OpenGL.raw.EGL._errors.EGLError: EGLError(
	err = EGL_NOT_INITIALIZED,
	baseOperation = eglDestroyContext,
	cArguments = (
		<OpenGL._opaque.EGLDisplay_pointer object at 0x7b38bf0b9c50>,
		<OpenGL._opaque.EGLContext_pointer object at 0x7b36e1608cd0>,
	),
	result = 0
)
Exception ignored in: <function MjRenderContext.__del__ at 0x7b38da9a2980>
Traceback (most recent call last):
  File "/home/user/anaconda3/envs/vla_smolvla_libero/lib/python3.12/site-packages/robosuite/utils/binding_utils.py", line 199, in __del__
    self.gl_ctx.free()
  File "/home/user/anaconda3/envs/vla_smolvla_libero/lib/python3.12/site-packages/robosuite/renderers/context/egl_context.py", line 150, in free
    EGL.eglDestroyContext(EGL_DISPLAY, self._context)
  File "/home/user/anaconda3/envs/vla_smolvla_libero/lib/python3.12/site-packages/OpenGL/error.py", line 230, in glCheckError
    raise self._errorClass(
OpenGL.raw.EGL._errors.EGLError: EGLError(
	err = EGL_NOT_INITIALIZED,
	baseOperation = eglDestroyContext,
	cArguments = (
		<OpenGL._opaque.EGLDisplay_pointer object at 0x7b38bf0b9c50>,
		<OpenGL._opaque.EGLContext_pointer object at 0x7b389035f950>,
	),
	result = 0
)
Exception ignored in: <function EGLGLContext.__del__ at 0x7b38da9a2840>
Traceback (most recent call last):
  File "/home/user/anaconda3/envs/vla_smolvla_libero/lib/python3.12/site-packages/robosuite/renderers/context/egl_context.py", line 155, in __del__
    self.free()
  File "/home/user/anaconda3/envs/vla_smolvla_libero/lib/python3.12/site-packages/robosuite/renderers/context/egl_context.py", line 150, in free
    EGL.eglDestroyContext(EGL_DISPLAY, self._context)
  File "/home/user/anaconda3/envs/vla_smolvla_libero/lib/python3.12/site-packages/OpenGL/error.py", line 230, in glCheckError
    raise self._errorClass(
OpenGL.raw.EGL._errors.EGLError: EGLError(
	err = EGL_NOT_INITIALIZED,
	baseOperation = eglDestroyContext,
	cArguments = (
		<OpenGL._opaque.EGLDisplay_pointer object at 0x7b38bf0b9c50>,
		<OpenGL._opaque.EGLContext_pointer object at 0x7b389035f950>,
	),
	result = 0
)
Exception ignored in: <function MjRenderContext.__del__ at 0x7b38da9a2980>
Traceback (most recent call last):
  File "/home/user/anaconda3/envs/vla_smolvla_libero/lib/python3.12/site-packages/robosuite/utils/binding_utils.py", line 199, in __del__
    self.gl_ctx.free()
  File "/home/user/anaconda3/envs/vla_smolvla_libero/lib/python3.12/site-packages/robosuite/renderers/context/egl_context.py", line 150, in free
    EGL.eglDestroyContext(EGL_DISPLAY, self._context)
  File "/home/user/anaconda3/envs/vla_smolvla_libero/lib/python3.12/site-packages/OpenGL/error.py", line 230, in glCheckError
    raise self._errorClass(
OpenGL.raw.EGL._errors.EGLError: EGLError(
	err = EGL_NOT_INITIALIZED,
	baseOperation = eglDestroyContext,
	cArguments = (
		<OpenGL._opaque.EGLDisplay_pointer object at 0x7b38bf0b9c50>,
		<OpenGL._opaque.EGLContext_pointer object at 0x7b36e0d173d0>,
	),
	result = 0
)
Exception ignored in: <function EGLGLContext.__del__ at 0x7b38da9a2840>
Traceback (most recent call last):
  File "/home/user/anaconda3/envs/vla_smolvla_libero/lib/python3.12/site-packages/robosuite/renderers/context/egl_context.py", line 155, in __del__
    self.free()
  File "/home/user/anaconda3/envs/vla_smolvla_libero/lib/python3.12/site-packages/robosuite/renderers/context/egl_context.py", line 150, in free
    EGL.eglDestroyContext(EGL_DISPLAY, self._context)
  File "/home/user/anaconda3/envs/vla_smolvla_libero/lib/python3.12/site-packages/OpenGL/error.py", line 230, in glCheckError
    raise self._errorClass(
OpenGL.raw.EGL._errors.EGLError: EGLError(
	err = EGL_NOT_INITIALIZED,
	baseOperation = eglDestroyContext,
	cArguments = (
		<OpenGL._opaque.EGLDisplay_pointer object at 0x7b38bf0b9c50>,
		<OpenGL._opaque.EGLContext_pointer object at 0x7b36e0d173d0>,
	),
	result = 0
)
Exception ignored in: <function MjRenderContext.__del__ at 0x7b38da9a2980>
Traceback (most recent call last):
  File "/home/user/anaconda3/envs/vla_smolvla_libero/lib/python3.12/site-packages/robosuite/utils/binding_utils.py", line 199, in __del__
    self.gl_ctx.free()
  File "/home/user/anaconda3/envs/vla_smolvla_libero/lib/python3.12/site-packages/robosuite/renderers/context/egl_context.py", line 150, in free
    EGL.eglDestroyContext(EGL_DISPLAY, self._context)
  File "/home/user/anaconda3/envs/vla_smolvla_libero/lib/python3.12/site-packages/OpenGL/error.py", line 230, in glCheckError
    raise self._errorClass(
OpenGL.raw.EGL._errors.EGLError: EGLError(
	err = EGL_NOT_INITIALIZED,
	baseOperation = eglDestroyContext,
	cArguments = (
		<OpenGL._opaque.EGLDisplay_pointer object at 0x7b38bf0b9c50>,
		<OpenGL._opaque.EGLContext_pointer object at 0x7b38902cf8d0>,
	),
	result = 0
)
Exception ignored in: <function EGLGLContext.__del__ at 0x7b38da9a2840>
Traceback (most recent call last):
  File "/home/user/anaconda3/envs/vla_smolvla_libero/lib/python3.12/site-packages/robosuite/renderers/context/egl_context.py", line 155, in __del__
    self.free()
  File "/home/user/anaconda3/envs/vla_smolvla_libero/lib/python3.12/site-packages/robosuite/renderers/context/egl_context.py", line 150, in free
    EGL.eglDestroyContext(EGL_DISPLAY, self._context)
  File "/home/user/anaconda3/envs/vla_smolvla_libero/lib/python3.12/site-packages/OpenGL/error.py", line 230, in glCheckError
    raise self._errorClass(
OpenGL.raw.EGL._errors.EGLError: EGLError(
	err = EGL_NOT_INITIALIZED,
	baseOperation = eglDestroyContext,
	cArguments = (
		<OpenGL._opaque.EGLDisplay_pointer object at 0x7b38bf0b9c50>,
		<OpenGL._opaque.EGLContext_pointer object at 0x7b38902cf8d0>,
	),
	result = 0
)
Exception ignored in: <function MjRenderContext.__del__ at 0x7b38da9a2980>
Traceback (most recent call last):
  File "/home/user/anaconda3/envs/vla_smolvla_libero/lib/python3.12/site-packages/robosuite/utils/binding_utils.py", line 199, in __del__
    self.gl_ctx.free()
  File "/home/user/anaconda3/envs/vla_smolvla_libero/lib/python3.12/site-packages/robosuite/renderers/context/egl_context.py", line 150, in free
    EGL.eglDestroyContext(EGL_DISPLAY, self._context)
  File "/home/user/anaconda3/envs/vla_smolvla_libero/lib/python3.12/site-packages/OpenGL/error.py", line 230, in glCheckError
    raise self._errorClass(
OpenGL.raw.EGL._errors.EGLError: EGLError(
	err = EGL_NOT_INITIALIZED,
	baseOperation = eglDestroyContext,
	cArguments = (
		<OpenGL._opaque.EGLDisplay_pointer object at 0x7b38bf0b9c50>,
		<OpenGL._opaque.EGLContext_pointer object at 0x7b37f434b9d0>,
	),
	result = 0
)
Exception ignored in: <function EGLGLContext.__del__ at 0x7b38da9a2840>
Traceback (most recent call last):
  File "/home/user/anaconda3/envs/vla_smolvla_libero/lib/python3.12/site-packages/robosuite/renderers/context/egl_context.py", line 155, in __del__
    self.free()
  File "/home/user/anaconda3/envs/vla_smolvla_libero/lib/python3.12/site-packages/robosuite/renderers/context/egl_context.py", line 150, in free
    EGL.eglDestroyContext(EGL_DISPLAY, self._context)
  File "/home/user/anaconda3/envs/vla_smolvla_libero/lib/python3.12/site-packages/OpenGL/error.py", line 230, in glCheckError
    raise self._errorClass(
OpenGL.raw.EGL._errors.EGLError: EGLError(
	err = EGL_NOT_INITIALIZED,
	baseOperation = eglDestroyContext,
	cArguments = (
		<OpenGL._opaque.EGLDisplay_pointer object at 0x7b38bf0b9c50>,
		<OpenGL._opaque.EGLContext_pointer object at 0x7b37f434b9d0>,
	),
	result = 0
)
Exception ignored in: <function MjRenderContext.__del__ at 0x7b38da9a2980>
Traceback (most recent call last):
  File "/home/user/anaconda3/envs/vla_smolvla_libero/lib/python3.12/site-packages/robosuite/utils/binding_utils.py", line 199, in __del__
    self.gl_ctx.free()
  File "/home/user/anaconda3/envs/vla_smolvla_libero/lib/python3.12/site-packages/robosuite/renderers/context/egl_context.py", line 150, in free
    EGL.eglDestroyContext(EGL_DISPLAY, self._context)
  File "/home/user/anaconda3/envs/vla_smolvla_libero/lib/python3.12/site-packages/OpenGL/error.py", line 230, in glCheckError
    raise self._errorClass(
OpenGL.raw.EGL._errors.EGLError: EGLError(
	err = EGL_NOT_INITIALIZED,
	baseOperation = eglDestroyContext,
	cArguments = (
		<OpenGL._opaque.EGLDisplay_pointer object at 0x7b38bf0b9c50>,
		<OpenGL._opaque.EGLContext_pointer object at 0x7b37f412a050>,
	),
	result = 0
)
Exception ignored in: <function EGLGLContext.__del__ at 0x7b38da9a2840>
Traceback (most recent call last):
  File "/home/user/anaconda3/envs/vla_smolvla_libero/lib/python3.12/site-packages/robosuite/renderers/context/egl_context.py", line 155, in __del__
    self.free()
  File "/home/user/anaconda3/envs/vla_smolvla_libero/lib/python3.12/site-packages/robosuite/renderers/context/egl_context.py", line 150, in free
    EGL.eglDestroyContext(EGL_DISPLAY, self._context)
  File "/home/user/anaconda3/envs/vla_smolvla_libero/lib/python3.12/site-packages/OpenGL/error.py", line 230, in glCheckError
    raise self._errorClass(
OpenGL.raw.EGL._errors.EGLError: EGLError(
	err = EGL_NOT_INITIALIZED,
	baseOperation = eglDestroyContext,
	cArguments = (
		<OpenGL._opaque.EGLDisplay_pointer object at 0x7b38bf0b9c50>,
		<OpenGL._opaque.EGLContext_pointer object at 0x7b37f412a050>,
	),
	result = 0
)
Exception ignored in: <function MjRenderContext.__del__ at 0x7b38da9a2980>
Traceback (most recent call last):
  File "/home/user/anaconda3/envs/vla_smolvla_libero/lib/python3.12/site-packages/robosuite/utils/binding_utils.py", line 199, in __del__
    self.gl_ctx.free()
  File "/home/user/anaconda3/envs/vla_smolvla_libero/lib/python3.12/site-packages/robosuite/renderers/context/egl_context.py", line 149, in free
    EGL.eglMakeCurrent(EGL_DISPLAY, EGL.EGL_NO_SURFACE, EGL.EGL_NO_SURFACE, EGL.EGL_NO_CONTEXT)
  File "/home/user/anaconda3/envs/vla_smolvla_libero/lib/python3.12/site-packages/OpenGL/error.py", line 230, in glCheckError
    raise self._errorClass(
OpenGL.raw.EGL._errors.EGLError: EGLError(
	err = EGL_NOT_INITIALIZED,
	baseOperation = eglMakeCurrent,
	cArguments = (
		<OpenGL._opaque.EGLDisplay_pointer object at 0x7b38bf0b9c50>,
		<OpenGL._opaque.EGLSurface_pointer object at 0x7b38da94b4d0>,
		<OpenGL._opaque.EGLSurface_pointer object at 0x7b38da94b4d0>,
		<OpenGL._opaque.EGLContext_pointer object at 0x7b38da94b3d0>,
	),
	result = 0
)
Exception ignored in: <function EGLGLContext.__del__ at 0x7b38da9a2840>
Traceback (most recent call last):
  File "/home/user/anaconda3/envs/vla_smolvla_libero/lib/python3.12/site-packages/robosuite/renderers/context/egl_context.py", line 155, in __del__
    self.free()
  File "/home/user/anaconda3/envs/vla_smolvla_libero/lib/python3.12/site-packages/robosuite/renderers/context/egl_context.py", line 149, in free
    EGL.eglMakeCurrent(EGL_DISPLAY, EGL.EGL_NO_SURFACE, EGL.EGL_NO_SURFACE, EGL.EGL_NO_CONTEXT)
  File "/home/user/anaconda3/envs/vla_smolvla_libero/lib/python3.12/site-packages/OpenGL/error.py", line 230, in glCheckError
    raise self._errorClass(
OpenGL.raw.EGL._errors.EGLError: EGLError(
	err = EGL_NOT_INITIALIZED,
	baseOperation = eglMakeCurrent,
	cArguments = (
		<OpenGL._opaque.EGLDisplay_pointer object at 0x7b38bf0b9c50>,
		<OpenGL._opaque.EGLSurface_pointer object at 0x7b38da94b4d0>,
		<OpenGL._opaque.EGLSurface_pointer object at 0x7b38da94b4d0>,
		<OpenGL._opaque.EGLContext_pointer object at 0x7b38da94b3d0>,
	),
	result = 0
)


