Loading  HuggingFaceTB/SmolVLM2-500M-Video-Instruct weights ...
Reducing the number of VLM layers to 16 ...
Loading weights from local directory
[info] using task orders [0, 1, 2, 3, 4, 5, 6, 7, 8, 9]
Local assets not found. Downloading from HuggingFace Hub...
Assets already downloaded at /home/user/.cache/libero/assets
[info] using task orders [0, 1, 2, 3, 4, 5, 6, 7, 8, 9]
[update 0] task=5 attempt=0 rollout=0 success=True steps=213 n_chunks=213
[update 0] task=5 attempt=0 rollout=1 success=True steps=234 n_chunks=234
[update 0] task=5 attempt=0 rollout=2 success=True steps=195 n_chunks=195
[update 0] task=5 attempt=0 rollout=3 success=True steps=222 n_chunks=222
[update 0] task=5 attempt=0 rollout=4 success=True steps=184 n_chunks=184
[update 0] task=5 attempt=0 rollout=5 success=True steps=190 n_chunks=190
[update 0] task=3 attempt=0 rollout=0 success=True steps=284 n_chunks=284
[update 0] task=3 attempt=0 rollout=1 success=True steps=237 n_chunks=237
[update 0] task=3 attempt=0 rollout=2 success=True steps=275 n_chunks=275
[update 0] task=3 attempt=0 rollout=3 success=True steps=233 n_chunks=233
[update 0] task=3 attempt=0 rollout=4 success=True steps=241 n_chunks=241
[update 0] task=3 attempt=0 rollout=5 success=True steps=228 n_chunks=228
===== UPDATE 0: success_rate=1.000 loss=None grad_norm=None elapsed=703s =====
[update 1] task=5 attempt=0 rollout=0 success=True steps=203 n_chunks=203
[update 1] task=5 attempt=0 rollout=1 success=True steps=193 n_chunks=193
[update 1] task=5 attempt=0 rollout=2 success=True steps=230 n_chunks=230
[update 1] task=5 attempt=0 rollout=3 success=True steps=199 n_chunks=199
[update 1] task=5 attempt=0 rollout=4 success=False steps=520 n_chunks=520
[update 1] task=5 attempt=0 rollout=5 success=True steps=164 n_chunks=164
[update 1] task=3 attempt=0 rollout=0 success=True steps=291 n_chunks=291
[update 1] task=3 attempt=0 rollout=1 success=True steps=266 n_chunks=266
[update 1] task=3 attempt=0 rollout=2 success=True steps=272 n_chunks=272
[update 1] task=3 attempt=0 rollout=3 success=True steps=252 n_chunks=252
[update 1] task=3 attempt=0 rollout=4 success=True steps=262 n_chunks=262
[update 1] task=3 attempt=0 rollout=5 success=True steps=258 n_chunks=258
===== UPDATE 1: success_rate=0.917 loss=0.9013565812504315 grad_norm=212.94827270507812 elapsed=1807s =====
[update 2] task=5 attempt=0 rollout=0 success=True steps=234 n_chunks=234
[update 2] task=5 attempt=0 rollout=1 success=True steps=213 n_chunks=213
[update 2] task=5 attempt=0 rollout=2 success=True steps=219 n_chunks=219
[update 2] task=5 attempt=0 rollout=3 success=True steps=217 n_chunks=217
[update 2] task=5 attempt=0 rollout=4 success=True steps=176 n_chunks=176
[update 2] task=5 attempt=0 rollout=5 success=True steps=192 n_chunks=192
[update 2] task=3 attempt=0 rollout=0 success=True steps=240 n_chunks=240
[update 2] task=3 attempt=0 rollout=1 success=True steps=260 n_chunks=260
[update 2] task=3 attempt=0 rollout=2 success=True steps=295 n_chunks=295
[update 2] task=3 attempt=0 rollout=3 success=True steps=246 n_chunks=246
[update 2] task=3 attempt=0 rollout=4 success=True steps=244 n_chunks=244
[update 2] task=3 attempt=0 rollout=5 success=True steps=229 n_chunks=229
===== UPDATE 2: success_rate=1.000 loss=None grad_norm=None elapsed=2519s =====
[update 3] task=5 attempt=0 rollout=0 success=True steps=190 n_chunks=190
[update 3] task=5 attempt=0 rollout=1 success=True steps=221 n_chunks=221
[update 3] task=5 attempt=0 rollout=2 success=True steps=203 n_chunks=203
[update 3] task=5 attempt=0 rollout=3 success=True steps=197 n_chunks=197
[update 3] task=5 attempt=0 rollout=4 success=True steps=179 n_chunks=179
[update 3] task=5 attempt=0 rollout=5 success=True steps=188 n_chunks=188
[update 3] task=3 attempt=0 rollout=0 success=True steps=281 n_chunks=281
[update 3] task=3 attempt=0 rollout=1 success=True steps=251 n_chunks=251
[update 3] task=3 attempt=0 rollout=2 success=True steps=307 n_chunks=307
[update 3] task=3 attempt=0 rollout=3 success=True steps=260 n_chunks=260
[update 3] task=3 attempt=0 rollout=4 success=True steps=272 n_chunks=272
[update 3] task=3 attempt=0 rollout=5 success=True steps=231 n_chunks=231
===== UPDATE 3: success_rate=1.000 loss=None grad_norm=None elapsed=3238s =====
[update 4] task=5 attempt=0 rollout=0 success=True steps=292 n_chunks=292
[update 4] task=5 attempt=0 rollout=1 success=True steps=245 n_chunks=245
[update 4] task=5 attempt=0 rollout=2 success=True steps=221 n_chunks=221
[update 4] task=5 attempt=0 rollout=3 success=True steps=170 n_chunks=170
[update 4] task=5 attempt=0 rollout=4 success=True steps=197 n_chunks=197
[update 4] task=5 attempt=0 rollout=5 success=True steps=184 n_chunks=184
[update 4] task=3 attempt=0 rollout=0 success=True steps=254 n_chunks=254
[update 4] task=3 attempt=0 rollout=1 success=True steps=240 n_chunks=240
[update 4] task=3 attempt=0 rollout=2 success=True steps=258 n_chunks=258
[update 4] task=3 attempt=0 rollout=3 success=True steps=242 n_chunks=242
[update 4] task=3 attempt=0 rollout=4 success=True steps=279 n_chunks=279
[update 4] task=3 attempt=0 rollout=5 success=True steps=236 n_chunks=236
===== UPDATE 4: success_rate=1.000 loss=None grad_norm=None elapsed=3967s =====
[update 5] task=5 attempt=0 rollout=0 success=True steps=197 n_chunks=197
[update 5] task=5 attempt=0 rollout=1 success=True steps=196 n_chunks=196
[update 5] task=5 attempt=0 rollout=2 success=True steps=200 n_chunks=200
[update 5] task=5 attempt=0 rollout=3 success=True steps=179 n_chunks=179
[update 5] task=5 attempt=0 rollout=4 success=True steps=184 n_chunks=184
[update 5] task=5 attempt=0 rollout=5 success=True steps=195 n_chunks=195
[update 5] task=3 attempt=0 rollout=0 success=True steps=235 n_chunks=235
[update 5] task=3 attempt=0 rollout=1 success=True steps=262 n_chunks=262
[update 5] task=3 attempt=0 rollout=2 success=True steps=300 n_chunks=300
[update 5] task=3 attempt=0 rollout=3 success=True steps=312 n_chunks=312
[update 5] task=3 attempt=0 rollout=4 success=True steps=260 n_chunks=260
[update 5] task=3 attempt=0 rollout=5 success=True steps=239 n_chunks=239
===== UPDATE 5: success_rate=1.000 loss=None grad_norm=None elapsed=4677s =====
[update 6] task=5 attempt=0 rollout=0 success=True steps=191 n_chunks=191
[update 6] task=5 attempt=0 rollout=1 success=True steps=215 n_chunks=215
[update 6] task=5 attempt=0 rollout=2 success=True steps=184 n_chunks=184
[update 6] task=5 attempt=0 rollout=3 success=True steps=200 n_chunks=200
[update 6] task=5 attempt=0 rollout=4 success=True steps=178 n_chunks=178
[update 6] task=5 attempt=0 rollout=5 success=True steps=202 n_chunks=202
[update 6] task=3 attempt=0 rollout=0 success=True steps=273 n_chunks=273
[update 6] task=3 attempt=0 rollout=1 success=True steps=289 n_chunks=289
[update 6] task=3 attempt=0 rollout=2 success=True steps=280 n_chunks=280
[update 6] task=3 attempt=0 rollout=3 success=True steps=249 n_chunks=249
[update 6] task=3 attempt=0 rollout=4 success=True steps=258 n_chunks=258
[update 6] task=3 attempt=0 rollout=5 success=True steps=255 n_chunks=255
===== UPDATE 6: success_rate=1.000 loss=None grad_norm=None elapsed=5389s =====
[update 7] task=5 attempt=0 rollout=0 success=True steps=199 n_chunks=199
[update 7] task=5 attempt=0 rollout=1 success=True steps=307 n_chunks=307
[update 7] task=5 attempt=0 rollout=2 success=True steps=185 n_chunks=185
[update 7] task=5 attempt=0 rollout=3 success=True steps=198 n_chunks=198
[update 7] task=5 attempt=0 rollout=4 success=True steps=181 n_chunks=181
[update 7] task=5 attempt=0 rollout=5 success=True steps=160 n_chunks=160
[update 7] task=3 attempt=0 rollout=0 success=True steps=250 n_chunks=250
[update 7] task=3 attempt=0 rollout=1 success=True steps=267 n_chunks=267
[update 7] task=3 attempt=0 rollout=2 success=True steps=254 n_chunks=254
[update 7] task=3 attempt=0 rollout=3 success=True steps=234 n_chunks=234
[update 7] task=3 attempt=0 rollout=4 success=True steps=252 n_chunks=252
[update 7] task=3 attempt=0 rollout=5 success=True steps=221 n_chunks=221
===== UPDATE 7: success_rate=1.000 loss=None grad_norm=None elapsed=6087s =====
[update 8] task=5 attempt=0 rollout=0 success=True steps=208 n_chunks=208
[update 8] task=5 attempt=0 rollout=1 success=True steps=235 n_chunks=235
[update 8] task=5 attempt=0 rollout=2 success=True steps=217 n_chunks=217
[update 8] task=5 attempt=0 rollout=3 success=True steps=205 n_chunks=205
[update 8] task=5 attempt=0 rollout=4 success=True steps=196 n_chunks=196
[update 8] task=5 attempt=0 rollout=5 success=True steps=180 n_chunks=180
[update 8] task=3 attempt=0 rollout=0 success=True steps=306 n_chunks=306
[update 8] task=3 attempt=0 rollout=1 success=False steps=520 n_chunks=520
[update 8] task=3 attempt=0 rollout=2 success=False steps=520 n_chunks=520
[update 8] task=3 attempt=0 rollout=3 success=False steps=520 n_chunks=520
[update 8] task=3 attempt=0 rollout=4 success=True steps=254 n_chunks=254
[update 8] task=3 attempt=0 rollout=5 success=True steps=229 n_chunks=229
===== UPDATE 8: success_rate=0.750 loss=0.6068143241453191 grad_norm=198.8043975830078 elapsed=7483s =====
[update 9] task=5 attempt=0 rollout=0 success=True steps=217 n_chunks=217
[update 9] task=5 attempt=0 rollout=1 success=True steps=188 n_chunks=188
[update 9] task=5 attempt=0 rollout=2 success=True steps=205 n_chunks=205
[update 9] task=5 attempt=0 rollout=3 success=False steps=520 n_chunks=520
[update 9] task=5 attempt=0 rollout=4 success=True steps=196 n_chunks=196
[update 9] task=5 attempt=0 rollout=5 success=True steps=193 n_chunks=193
[update 9] task=3 attempt=0 rollout=0 success=True steps=267 n_chunks=267
[update 9] task=3 attempt=0 rollout=1 success=True steps=234 n_chunks=234
[update 9] task=3 attempt=0 rollout=2 success=True steps=278 n_chunks=278
[update 9] task=3 attempt=0 rollout=3 success=True steps=265 n_chunks=265
[update 9] task=3 attempt=0 rollout=4 success=True steps=257 n_chunks=257
[update 9] task=3 attempt=0 rollout=5 success=True steps=258 n_chunks=258
===== UPDATE 9: success_rate=0.917 loss=0.9126860270616332 grad_norm=257.23406982421875 elapsed=8582s =====
[update 10] task=5 attempt=0 rollout=0 success=True steps=202 n_chunks=202
[update 10] task=5 attempt=0 rollout=1 success=True steps=263 n_chunks=263
[update 10] task=5 attempt=0 rollout=2 success=True steps=214 n_chunks=214
[update 10] task=5 attempt=0 rollout=3 success=True steps=174 n_chunks=174
[update 10] task=5 attempt=0 rollout=4 success=True steps=189 n_chunks=189
[update 10] task=5 attempt=0 rollout=5 success=True steps=175 n_chunks=175
[update 10] task=3 attempt=0 rollout=0 success=True steps=310 n_chunks=310
[update 10] task=3 attempt=0 rollout=1 success=True steps=246 n_chunks=246
[update 10] task=3 attempt=0 rollout=2 success=True steps=305 n_chunks=305
[update 10] task=3 attempt=0 rollout=3 success=True steps=313 n_chunks=313
[update 10] task=3 attempt=0 rollout=4 success=True steps=246 n_chunks=246
[update 10] task=3 attempt=0 rollout=5 success=True steps=210 n_chunks=210
===== UPDATE 10: success_rate=1.000 loss=None grad_norm=None elapsed=9321s =====
[update 11] task=5 attempt=0 rollout=0 success=True steps=228 n_chunks=228
[update 11] task=5 attempt=0 rollout=1 success=True steps=409 n_chunks=409
[update 11] task=5 attempt=0 rollout=2 success=True steps=191 n_chunks=191
[update 11] task=5 attempt=0 rollout=3 success=True steps=185 n_chunks=185
[update 11] task=5 attempt=0 rollout=4 success=True steps=197 n_chunks=197
[update 11] task=5 attempt=0 rollout=5 success=True steps=194 n_chunks=194
[update 11] task=3 attempt=0 rollout=0 success=True steps=269 n_chunks=269
[update 11] task=3 attempt=0 rollout=1 success=True steps=251 n_chunks=251
[update 11] task=3 attempt=0 rollout=2 success=True steps=275 n_chunks=275
[update 11] task=3 attempt=0 rollout=3 success=True steps=301 n_chunks=301
[update 11] task=3 attempt=0 rollout=4 success=True steps=249 n_chunks=249
[update 11] task=3 attempt=0 rollout=5 success=True steps=223 n_chunks=223
===== UPDATE 11: success_rate=1.000 loss=None grad_norm=None elapsed=10070s =====
[update 12] task=5 attempt=0 rollout=0 success=True steps=203 n_chunks=203
[update 12] task=5 attempt=0 rollout=1 success=True steps=185 n_chunks=185
[update 12] task=5 attempt=0 rollout=2 success=True steps=196 n_chunks=196
[update 12] task=5 attempt=0 rollout=3 success=True steps=208 n_chunks=208
[update 12] task=5 attempt=0 rollout=4 success=True steps=194 n_chunks=194
[update 12] task=5 attempt=0 rollout=5 success=True steps=226 n_chunks=226
[update 12] task=3 attempt=0 rollout=0 success=True steps=229 n_chunks=229
[update 12] task=3 attempt=0 rollout=1 success=True steps=280 n_chunks=280
[update 12] task=3 attempt=0 rollout=2 success=True steps=248 n_chunks=248
[update 12] task=3 attempt=0 rollout=3 success=True steps=233 n_chunks=233
[update 12] task=3 attempt=0 rollout=4 success=True steps=249 n_chunks=249
[update 12] task=3 attempt=0 rollout=5 success=True steps=223 n_chunks=223
===== UPDATE 12: success_rate=1.000 loss=None grad_norm=None elapsed=10756s =====
[update 13] task=5 attempt=0 rollout=0 success=True steps=278 n_chunks=278
[update 13] task=5 attempt=0 rollout=1 success=True steps=210 n_chunks=210
[update 13] task=5 attempt=0 rollout=2 success=True steps=236 n_chunks=236
[update 13] task=5 attempt=0 rollout=3 success=True steps=227 n_chunks=227
[update 13] task=5 attempt=0 rollout=4 success=True steps=170 n_chunks=170
[update 13] task=5 attempt=0 rollout=5 success=True steps=179 n_chunks=179
[update 13] task=3 attempt=0 rollout=0 success=True steps=259 n_chunks=259
[update 13] task=3 attempt=0 rollout=1 success=True steps=232 n_chunks=232
[update 13] task=3 attempt=0 rollout=2 success=True steps=291 n_chunks=291
[update 13] task=3 attempt=0 rollout=3 success=True steps=272 n_chunks=272
[update 13] task=3 attempt=0 rollout=4 success=True steps=275 n_chunks=275
[update 13] task=3 attempt=0 rollout=5 success=True steps=233 n_chunks=233
===== UPDATE 13: success_rate=1.000 loss=None grad_norm=None elapsed=11499s =====
[update 14] task=5 attempt=0 rollout=0 success=True steps=182 n_chunks=182
[update 14] task=5 attempt=0 rollout=1 success=True steps=260 n_chunks=260
[update 14] task=5 attempt=0 rollout=2 success=True steps=223 n_chunks=223
[update 14] task=5 attempt=0 rollout=3 success=True steps=192 n_chunks=192
[update 14] task=5 attempt=0 rollout=4 success=True steps=184 n_chunks=184
[update 14] task=5 attempt=0 rollout=5 success=True steps=188 n_chunks=188
[update 14] task=3 attempt=0 rollout=0 success=True steps=264 n_chunks=264
[update 14] task=3 attempt=0 rollout=1 success=True steps=231 n_chunks=231
[update 14] task=3 attempt=0 rollout=2 success=True steps=254 n_chunks=254
[update 14] task=3 attempt=0 rollout=3 success=True steps=244 n_chunks=244
[update 14] task=3 attempt=0 rollout=4 success=True steps=286 n_chunks=286
[update 14] task=3 attempt=0 rollout=5 success=True steps=224 n_chunks=224
===== UPDATE 14: success_rate=1.000 loss=None grad_norm=None elapsed=12208s =====
[update 15] task=5 attempt=0 rollout=0 success=True steps=203 n_chunks=203
[update 15] task=5 attempt=0 rollout=1 success=True steps=228 n_chunks=228
[update 15] task=5 attempt=0 rollout=2 success=True steps=191 n_chunks=191
[update 15] task=5 attempt=0 rollout=3 success=True steps=218 n_chunks=218
[update 15] task=5 attempt=0 rollout=4 success=True steps=191 n_chunks=191
[update 15] task=5 attempt=0 rollout=5 success=True steps=170 n_chunks=170
[update 15] task=3 attempt=0 rollout=0 success=True steps=273 n_chunks=273
[update 15] task=3 attempt=0 rollout=1 success=True steps=258 n_chunks=258
[update 15] task=3 attempt=0 rollout=2 success=True steps=280 n_chunks=280
[update 15] task=3 attempt=0 rollout=3 success=True steps=241 n_chunks=241
[update 15] task=3 attempt=0 rollout=4 success=True steps=230 n_chunks=230
[update 15] task=3 attempt=0 rollout=5 success=True steps=261 n_chunks=261
===== UPDATE 15: success_rate=1.000 loss=None grad_norm=None elapsed=12915s =====
[update 16] task=5 attempt=0 rollout=0 success=True steps=209 n_chunks=209
[update 16] task=5 attempt=0 rollout=1 success=True steps=194 n_chunks=194
[update 16] task=5 attempt=0 rollout=2 success=True steps=199 n_chunks=199
[update 16] task=5 attempt=0 rollout=3 success=True steps=214 n_chunks=214
[update 16] task=5 attempt=0 rollout=4 success=True steps=193 n_chunks=193
[update 16] task=5 attempt=0 rollout=5 success=True steps=162 n_chunks=162
[update 16] task=3 attempt=0 rollout=0 success=False steps=520 n_chunks=520
[update 16] task=3 attempt=0 rollout=1 success=True steps=268 n_chunks=268
[update 16] task=3 attempt=0 rollout=2 success=True steps=250 n_chunks=250
[update 16] task=3 attempt=0 rollout=3 success=True steps=235 n_chunks=235
[update 16] task=3 attempt=0 rollout=4 success=False steps=520 n_chunks=520
[update 16] task=3 attempt=0 rollout=5 success=True steps=248 n_chunks=248
===== UPDATE 16: success_rate=0.833 loss=0.7437246733001492 grad_norm=208.1481475830078 elapsed=14158s =====
[update 17] task=5 attempt=0 rollout=0 success=True steps=201 n_chunks=201
[update 17] task=5 attempt=0 rollout=1 success=True steps=185 n_chunks=185
[update 17] task=5 attempt=0 rollout=2 success=True steps=218 n_chunks=218
[update 17] task=5 attempt=0 rollout=3 success=True steps=198 n_chunks=198
[update 17] task=5 attempt=0 rollout=4 success=True steps=180 n_chunks=180
[update 17] task=5 attempt=0 rollout=5 success=True steps=152 n_chunks=152
[update 17] task=3 attempt=0 rollout=0 success=True steps=266 n_chunks=266
[update 17] task=3 attempt=0 rollout=1 success=True steps=305 n_chunks=305
[update 17] task=3 attempt=0 rollout=2 success=True steps=240 n_chunks=240
[update 17] task=3 attempt=0 rollout=3 success=True steps=253 n_chunks=253
[update 17] task=3 attempt=0 rollout=4 success=True steps=304 n_chunks=304
[update 17] task=3 attempt=0 rollout=5 success=True steps=230 n_chunks=230
===== UPDATE 17: success_rate=1.000 loss=None grad_norm=None elapsed=14859s =====
[update 18] task=5 attempt=0 rollout=0 success=True steps=205 n_chunks=205
[update 18] task=5 attempt=0 rollout=1 success=True steps=273 n_chunks=273
[update 18] task=5 attempt=0 rollout=2 success=False steps=520 n_chunks=520
[update 18] task=5 attempt=0 rollout=3 success=True steps=211 n_chunks=211
[update 18] task=5 attempt=0 rollout=4 success=True steps=188 n_chunks=188
[update 18] task=5 attempt=0 rollout=5 success=True steps=173 n_chunks=173
[update 18] task=3 attempt=0 rollout=0 success=True steps=260 n_chunks=260
[update 18] task=3 attempt=0 rollout=1 success=True steps=242 n_chunks=242
[update 18] task=3 attempt=0 rollout=2 success=True steps=278 n_chunks=278
[update 18] task=3 attempt=0 rollout=3 success=True steps=302 n_chunks=302
[update 18] task=3 attempt=0 rollout=4 success=False steps=520 n_chunks=520
[update 18] task=3 attempt=0 rollout=5 success=True steps=290 n_chunks=290
===== UPDATE 18: success_rate=0.833 loss=0.6814408637518693 grad_norm=333.21600341796875 elapsed=16425s =====
[update 19] task=5 attempt=0 rollout=0 success=True steps=201 n_chunks=201
[update 19] task=5 attempt=0 rollout=1 success=True steps=229 n_chunks=229
[update 19] task=5 attempt=0 rollout=2 success=True steps=205 n_chunks=205
[update 19] task=5 attempt=0 rollout=3 success=True steps=217 n_chunks=217
[update 19] task=5 attempt=0 rollout=4 success=True steps=195 n_chunks=195
[update 19] task=5 attempt=0 rollout=5 success=True steps=258 n_chunks=258
[update 19] task=3 attempt=0 rollout=0 success=True steps=274 n_chunks=274
[update 19] task=3 attempt=0 rollout=1 success=True steps=251 n_chunks=251
[update 19] task=3 attempt=0 rollout=2 success=True steps=319 n_chunks=319
[update 19] task=3 attempt=0 rollout=3 success=True steps=273 n_chunks=273
[update 19] task=3 attempt=0 rollout=4 success=True steps=275 n_chunks=275
[update 19] task=3 attempt=0 rollout=5 success=False steps=520 n_chunks=520
===== UPDATE 19: success_rate=0.917 loss=0.574739397974942 grad_norm=219.60394287109375 elapsed=17637s =====
[update 20] task=5 attempt=0 rollout=0 success=True steps=263 n_chunks=263
[update 20] task=5 attempt=0 rollout=1 success=True steps=226 n_chunks=226
[update 20] task=5 attempt=0 rollout=2 success=True steps=214 n_chunks=214
[update 20] task=5 attempt=0 rollout=3 success=False steps=520 n_chunks=520
[update 20] task=5 attempt=0 rollout=4 success=True steps=188 n_chunks=188
[update 20] task=5 attempt=0 rollout=5 success=True steps=196 n_chunks=196
[update 20] task=3 attempt=0 rollout=0 success=True steps=257 n_chunks=257
[update 20] task=3 attempt=0 rollout=1 success=True steps=292 n_chunks=292
[update 20] task=3 attempt=0 rollout=2 success=True steps=374 n_chunks=374
[update 20] task=3 attempt=0 rollout=3 success=True steps=337 n_chunks=337
[update 20] task=3 attempt=0 rollout=4 success=True steps=260 n_chunks=260
[update 20] task=3 attempt=0 rollout=5 success=True steps=254 n_chunks=254
===== UPDATE 20: success_rate=0.917 loss=0.790665745475534 grad_norm=218.59974670410156 elapsed=18835s =====
[update 21] task=5 attempt=0 rollout=0 success=True steps=233 n_chunks=233
[update 21] task=5 attempt=0 rollout=1 success=True steps=203 n_chunks=203
[update 21] task=5 attempt=0 rollout=2 success=True steps=200 n_chunks=200
[update 21] task=5 attempt=0 rollout=3 success=True steps=189 n_chunks=189
[update 21] task=5 attempt=0 rollout=4 success=True steps=210 n_chunks=210
[update 21] task=5 attempt=0 rollout=5 success=True steps=188 n_chunks=188
[update 21] task=3 attempt=0 rollout=0 success=True steps=259 n_chunks=259
[update 21] task=3 attempt=0 rollout=1 success=True steps=253 n_chunks=253
[update 21] task=3 attempt=0 rollout=2 success=True steps=281 n_chunks=281
[update 21] task=3 attempt=0 rollout=3 success=True steps=234 n_chunks=234
[update 21] task=3 attempt=0 rollout=4 success=True steps=270 n_chunks=270
[update 21] task=3 attempt=0 rollout=5 success=True steps=261 n_chunks=261
===== UPDATE 21: success_rate=1.000 loss=None grad_norm=None elapsed=19562s =====
[update 22] task=5 attempt=0 rollout=0 success=True steps=201 n_chunks=201
[update 22] task=5 attempt=0 rollout=1 success=True steps=316 n_chunks=316
[update 22] task=5 attempt=0 rollout=2 success=True steps=222 n_chunks=222
[update 22] task=5 attempt=0 rollout=3 success=True steps=221 n_chunks=221
[update 22] task=5 attempt=0 rollout=4 success=True steps=173 n_chunks=173
[update 22] task=5 attempt=0 rollout=5 success=True steps=170 n_chunks=170
[update 22] task=3 attempt=0 rollout=0 success=True steps=305 n_chunks=305
[update 22] task=3 attempt=0 rollout=1 success=True steps=260 n_chunks=260
[update 22] task=3 attempt=0 rollout=2 success=True steps=250 n_chunks=250
[update 22] task=3 attempt=0 rollout=3 success=True steps=251 n_chunks=251
[update 22] task=3 attempt=0 rollout=4 success=True steps=268 n_chunks=268
[update 22] task=3 attempt=0 rollout=5 success=True steps=254 n_chunks=254
===== UPDATE 22: success_rate=1.000 loss=None grad_norm=None elapsed=20305s =====
[update 23] task=5 attempt=0 rollout=0 success=True steps=208 n_chunks=208
[update 23] task=5 attempt=0 rollout=1 success=True steps=198 n_chunks=198
[update 23] task=5 attempt=0 rollout=2 success=True steps=210 n_chunks=210
[update 23] task=5 attempt=0 rollout=3 success=True steps=190 n_chunks=190
[update 23] task=5 attempt=0 rollout=4 success=True steps=180 n_chunks=180
[update 23] task=5 attempt=0 rollout=5 success=True steps=179 n_chunks=179
[update 23] task=3 attempt=0 rollout=0 success=True steps=270 n_chunks=270
[update 23] task=3 attempt=0 rollout=1 success=True steps=234 n_chunks=234
[update 23] task=3 attempt=0 rollout=2 success=True steps=348 n_chunks=348
[update 23] task=3 attempt=0 rollout=3 success=True steps=247 n_chunks=247
[update 23] task=3 attempt=0 rollout=4 success=True steps=283 n_chunks=283
[update 23] task=3 attempt=0 rollout=5 success=True steps=239 n_chunks=239
===== UPDATE 23: success_rate=1.000 loss=None grad_norm=None elapsed=20967s =====
Saved RL checkpoint to rl_checkpoint_libero_10_vanilla_s1

Fetching 4 files:   0%|          | 0/4 [00:00<?, ?it/s]
Fetching 4 files: 100%|██████████| 4/4 [00:00<00:00, 106861.25it/s]
`torch_dtype` is deprecated! Use `dtype` instead!

Loading weights:   0%|          | 0/489 [00:00<?, ?it/s]
Loading weights: 100%|██████████| 489/489 [00:00<00:00, 6574.29it/s]
Warning: You are sending unauthenticated requests to the HF Hub. Please set a HF_TOKEN to enable higher rate limits and faster downloads.
WARNING:huggingface_hub.utils._http:Warning: You are sending unauthenticated requests to the HF Hub. Please set a HF_TOKEN to enable higher rate limits and faster downloads.
[robosuite WARNING] No private macro file found! (__init__.py:7)
WARNING:robosuite_logs:No private macro file found!
[robosuite WARNING] It is recommended to use a private macro file (__init__.py:8)
WARNING:robosuite_logs:It is recommended to use a private macro file
[robosuite WARNING] To setup, run: python /home/user/anaconda3/envs/vla_smolvla_libero/lib/python3.12/site-packages/robosuite/scripts/setup_macros.py (__init__.py:9)
WARNING:robosuite_logs:To setup, run: python /home/user/anaconda3/envs/vla_smolvla_libero/lib/python3.12/site-packages/robosuite/scripts/setup_macros.py
Exception ignored in: <function MjRenderContext.__del__ at 0x7786ce91e980>
Traceback (most recent call last):
  File "/home/user/anaconda3/envs/vla_smolvla_libero/lib/python3.12/site-packages/robosuite/utils/binding_utils.py", line 199, in __del__
    self.gl_ctx.free()
  File "/home/user/anaconda3/envs/vla_smolvla_libero/lib/python3.12/site-packages/robosuite/renderers/context/egl_context.py", line 150, in free
    EGL.eglDestroyContext(EGL_DISPLAY, self._context)
  File "/home/user/anaconda3/envs/vla_smolvla_libero/lib/python3.12/site-packages/OpenGL/error.py", line 230, in glCheckError
    raise self._errorClass(
OpenGL.raw.EGL._errors.EGLError: EGLError(
	err = EGL_NOT_INITIALIZED,
	baseOperation = eglDestroyContext,
	cArguments = (
		<OpenGL._opaque.EGLDisplay_pointer object at 0x77868c7eac50>,
		<OpenGL._opaque.EGLContext_pointer object at 0x77868c7b18d0>,
	),
	result = 0
)
Exception ignored in: <function EGLGLContext.__del__ at 0x7786ce91e840>
Traceback (most recent call last):
  File "/home/user/anaconda3/envs/vla_smolvla_libero/lib/python3.12/site-packages/robosuite/renderers/context/egl_context.py", line 155, in __del__
    self.free()
  File "/home/user/anaconda3/envs/vla_smolvla_libero/lib/python3.12/site-packages/robosuite/renderers/context/egl_context.py", line 150, in free
    EGL.eglDestroyContext(EGL_DISPLAY, self._context)
  File "/home/user/anaconda3/envs/vla_smolvla_libero/lib/python3.12/site-packages/OpenGL/error.py", line 230, in glCheckError
    raise self._errorClass(
OpenGL.raw.EGL._errors.EGLError: EGLError(
	err = EGL_NOT_INITIALIZED,
	baseOperation = eglDestroyContext,
	cArguments = (
		<OpenGL._opaque.EGLDisplay_pointer object at 0x77868c7eac50>,
		<OpenGL._opaque.EGLContext_pointer object at 0x77868c7b18d0>,
	),
	result = 0
)
Exception ignored in: <function MjRenderContext.__del__ at 0x7786ce91e980>
Traceback (most recent call last):
  File "/home/user/anaconda3/envs/vla_smolvla_libero/lib/python3.12/site-packages/robosuite/utils/binding_utils.py", line 199, in __del__
    self.gl_ctx.free()
  File "/home/user/anaconda3/envs/vla_smolvla_libero/lib/python3.12/site-packages/robosuite/renderers/context/egl_context.py", line 149, in free
    EGL.eglMakeCurrent(EGL_DISPLAY, EGL.EGL_NO_SURFACE, EGL.EGL_NO_SURFACE, EGL.EGL_NO_CONTEXT)
  File "/home/user/anaconda3/envs/vla_smolvla_libero/lib/python3.12/site-packages/OpenGL/error.py", line 230, in glCheckError
    raise self._errorClass(
OpenGL.raw.EGL._errors.EGLError: EGLError(
	err = EGL_NOT_INITIALIZED,
	baseOperation = eglMakeCurrent,
	cArguments = (
		<OpenGL._opaque.EGLDisplay_pointer object at 0x77868c7eac50>,
		<OpenGL._opaque.EGLSurface_pointer object at 0x7786d847f5d0>,
		<OpenGL._opaque.EGLSurface_pointer object at 0x7786d847f5d0>,
		<OpenGL._opaque.EGLContext_pointer object at 0x7786d847f4d0>,
	),
	result = 0
)
Exception ignored in: <function EGLGLContext.__del__ at 0x7786ce91e840>
Traceback (most recent call last):
  File "/home/user/anaconda3/envs/vla_smolvla_libero/lib/python3.12/site-packages/robosuite/renderers/context/egl_context.py", line 155, in __del__
    self.free()
  File "/home/user/anaconda3/envs/vla_smolvla_libero/lib/python3.12/site-packages/robosuite/renderers/context/egl_context.py", line 149, in free
    EGL.eglMakeCurrent(EGL_DISPLAY, EGL.EGL_NO_SURFACE, EGL.EGL_NO_SURFACE, EGL.EGL_NO_CONTEXT)
  File "/home/user/anaconda3/envs/vla_smolvla_libero/lib/python3.12/site-packages/OpenGL/error.py", line 230, in glCheckError
    raise self._errorClass(
OpenGL.raw.EGL._errors.EGLError: EGLError(
	err = EGL_NOT_INITIALIZED,
	baseOperation = eglMakeCurrent,
	cArguments = (
		<OpenGL._opaque.EGLDisplay_pointer object at 0x77868c7eac50>,
		<OpenGL._opaque.EGLSurface_pointer object at 0x7786d847f5d0>,
		<OpenGL._opaque.EGLSurface_pointer object at 0x7786d847f5d0>,
		<OpenGL._opaque.EGLContext_pointer object at 0x7786d847f4d0>,
	),
	result = 0
)


