
Fetching 4 files:   0%|          | 0/4 [00:00<?, ?it/s]
Fetching 4 files: 100%|██████████| 4/4 [00:00<00:00, 106184.91it/s]
`torch_dtype` is deprecated! Use `dtype` instead!

Loading weights:   0%|          | 0/489 [00:00<?, ?it/s]
Loading weights: 100%|██████████| 489/489 [00:00<00:00, 6786.54it/s]
Warning: You are sending unauthenticated requests to the HF Hub. Please set a HF_TOKEN to enable higher rate limits and faster downloads.
WARNING:huggingface_hub.utils._http:Warning: You are sending unauthenticated requests to the HF Hub. Please set a HF_TOKEN to enable higher rate limits and faster downloads.
[robosuite WARNING] No private macro file found! (__init__.py:7)
WARNING:robosuite_logs:No private macro file found!
[robosuite WARNING] It is recommended to use a private macro file (__init__.py:8)
WARNING:robosuite_logs:It is recommended to use a private macro file
[robosuite WARNING] To setup, run: python /home/user/anaconda3/envs/vla_smolvla_libero/lib/python3.12/site-packages/robosuite/scripts/setup_macros.py (__init__.py:9)
WARNING:robosuite_logs:To setup, run: python /home/user/anaconda3/envs/vla_smolvla_libero/lib/python3.12/site-packages/robosuite/scripts/setup_macros.py
Exception ignored in: <function MjRenderContext.__del__ at 0x7bb4fc228fe0>
Traceback (most recent call last):
  File "/home/user/anaconda3/envs/vla_smolvla_libero/lib/python3.12/site-packages/robosuite/utils/binding_utils.py", line 199, in __del__
    self.gl_ctx.free()
  File "/home/user/anaconda3/envs/vla_smolvla_libero/lib/python3.12/site-packages/robosuite/renderers/context/egl_context.py", line 150, in free
    EGL.eglDestroyContext(EGL_DISPLAY, self._context)
  File "/home/user/anaconda3/envs/vla_smolvla_libero/lib/python3.12/site-packages/OpenGL/error.py", line 230, in glCheckError
    raise self._errorClass(
OpenGL.raw.EGL._errors.EGLError: EGLError(
	err = EGL_NOT_INITIALIZED,
	baseOperation = eglDestroyContext,
	cArguments = (
		<OpenGL._opaque.EGLDisplay_pointer object at 0x7bb4e829a3d0>,
		<OpenGL._opaque.EGLContext_pointer object at 0x7bb43028dc50>,
	),
	result = 0
)
Exception ignored in: <function EGLGLContext.__del__ at 0x7bb4fc228ea0>
Traceback (most recent call last):
  File "/home/user/anaconda3/envs/vla_smolvla_libero/lib/python3.12/site-packages/robosuite/renderers/context/egl_context.py", line 155, in __del__
    self.free()
  File "/home/user/anaconda3/envs/vla_smolvla_libero/lib/python3.12/site-packages/robosuite/renderers/context/egl_context.py", line 150, in free
    EGL.eglDestroyContext(EGL_DISPLAY, self._context)
  File "/home/user/anaconda3/envs/vla_smolvla_libero/lib/python3.12/site-packages/OpenGL/error.py", line 230, in glCheckError
    raise self._errorClass(
OpenGL.raw.EGL._errors.EGLError: EGLError(
	err = EGL_NOT_INITIALIZED,
	baseOperation = eglDestroyContext,
	cArguments = (
		<OpenGL._opaque.EGLDisplay_pointer object at 0x7bb4e829a3d0>,
		<OpenGL._opaque.EGLContext_pointer object at 0x7bb43028dc50>,
	),
	result = 0
)
Exception ignored in: <function MjRenderContext.__del__ at 0x7bb4fc228fe0>
Traceback (most recent call last):
  File "/home/user/anaconda3/envs/vla_smolvla_libero/lib/python3.12/site-packages/robosuite/utils/binding_utils.py", line 199, in __del__
    self.gl_ctx.free()
  File "/home/user/anaconda3/envs/vla_smolvla_libero/lib/python3.12/site-packages/robosuite/renderers/context/egl_context.py", line 149, in free
    EGL.eglMakeCurrent(EGL_DISPLAY, EGL.EGL_NO_SURFACE, EGL.EGL_NO_SURFACE, EGL.EGL_NO_CONTEXT)
  File "/home/user/anaconda3/envs/vla_smolvla_libero/lib/python3.12/site-packages/OpenGL/error.py", line 230, in glCheckError
    raise self._errorClass(
OpenGL.raw.EGL._errors.EGLError: EGLError(
	err = EGL_NOT_INITIALIZED,
	baseOperation = eglMakeCurrent,
	cArguments = (
		<OpenGL._opaque.EGLDisplay_pointer object at 0x7bb4e829a3d0>,
		<OpenGL._opaque.EGLSurface_pointer object at 0x7bb5055b5150>,
		<OpenGL._opaque.EGLSurface_pointer object at 0x7bb5055b5150>,
		<OpenGL._opaque.EGLContext_pointer object at 0x7bb5055b5050>,
	),
	result = 0
)
Exception ignored in: <function EGLGLContext.__del__ at 0x7bb4fc228ea0>
Traceback (most recent call last):
  File "/home/user/anaconda3/envs/vla_smolvla_libero/lib/python3.12/site-packages/robosuite/renderers/context/egl_context.py", line 155, in __del__
    self.free()
  File "/home/user/anaconda3/envs/vla_smolvla_libero/lib/python3.12/site-packages/robosuite/renderers/context/egl_context.py", line 149, in free
    EGL.eglMakeCurrent(EGL_DISPLAY, EGL.EGL_NO_SURFACE, EGL.EGL_NO_SURFACE, EGL.EGL_NO_CONTEXT)
  File "/home/user/anaconda3/envs/vla_smolvla_libero/lib/python3.12/site-packages/OpenGL/error.py", line 230, in glCheckError
    raise self._errorClass(
OpenGL.raw.EGL._errors.EGLError: EGLError(
	err = EGL_NOT_INITIALIZED,
	baseOperation = eglMakeCurrent,
	cArguments = (
		<OpenGL._opaque.EGLDisplay_pointer object at 0x7bb4e829a3d0>,
		<OpenGL._opaque.EGLSurface_pointer object at 0x7bb5055b5150>,
		<OpenGL._opaque.EGLSurface_pointer object at 0x7bb5055b5150>,
		<OpenGL._opaque.EGLContext_pointer object at 0x7bb5055b5050>,
	),
	result = 0
)

Loading  HuggingFaceTB/SmolVLM2-500M-Video-Instruct weights ...
Reducing the number of VLM layers to 16 ...
Loading weights from local directory
[info] using task orders [0, 1, 2, 3, 4, 5, 6, 7, 8, 9]
Local assets not found. Downloading from HuggingFace Hub...
Assets already downloaded at /home/user/.cache/libero/assets
[info] using task orders [0, 1, 2, 3, 4, 5, 6, 7, 8, 9]
[update 0] task=3 rollout=0 success=True steps=293 n_chunks=293
[update 0] task=3 rollout=1 success=True steps=255 n_chunks=255
[update 0] task=3 rollout=2 success=True steps=250 n_chunks=250
[update 0] task=3 rollout=3 success=True steps=249 n_chunks=249
[update 0] task=3 rollout=4 success=True steps=247 n_chunks=247
[update 0] task=3 rollout=5 success=True steps=256 n_chunks=256
[update 0] task=5 rollout=0 success=True steps=179 n_chunks=179
[update 0] task=5 rollout=1 success=True steps=248 n_chunks=248
[update 0] task=5 rollout=2 success=True steps=223 n_chunks=223
[update 0] task=5 rollout=3 success=True steps=202 n_chunks=202
[update 0] task=5 rollout=4 success=True steps=180 n_chunks=180
[update 0] task=5 rollout=5 success=True steps=169 n_chunks=169
===== UPDATE 0: success_rate=1.000 loss=None grad_norm=None elapsed=415s =====
[update 1] task=3 rollout=0 success=True steps=294 n_chunks=294
[update 1] task=3 rollout=1 success=True steps=261 n_chunks=261
[update 1] task=3 rollout=2 success=True steps=415 n_chunks=415
[update 1] task=3 rollout=3 success=True steps=294 n_chunks=294
[update 1] task=3 rollout=4 success=True steps=264 n_chunks=264
[update 1] task=3 rollout=5 success=True steps=276 n_chunks=276
[update 1] task=5 rollout=0 success=True steps=217 n_chunks=217
[update 1] task=5 rollout=1 success=True steps=207 n_chunks=207
[update 1] task=5 rollout=2 success=True steps=211 n_chunks=211
[update 1] task=5 rollout=3 success=True steps=177 n_chunks=177
[update 1] task=5 rollout=4 success=True steps=194 n_chunks=194
[update 1] task=5 rollout=5 success=True steps=187 n_chunks=187
===== UPDATE 1: success_rate=1.000 loss=None grad_norm=None elapsed=858s =====
[update 2] task=3 rollout=0 success=True steps=248 n_chunks=248
[update 2] task=3 rollout=1 success=True steps=266 n_chunks=266
[update 2] task=3 rollout=2 success=True steps=291 n_chunks=291
[update 2] task=3 rollout=3 success=True steps=225 n_chunks=225
[update 2] task=3 rollout=4 success=True steps=251 n_chunks=251
[update 2] task=3 rollout=5 success=True steps=234 n_chunks=234
[update 2] task=5 rollout=0 success=True steps=201 n_chunks=201
[update 2] task=5 rollout=1 success=True steps=241 n_chunks=241
[update 2] task=5 rollout=2 success=True steps=233 n_chunks=233
[update 2] task=5 rollout=3 success=True steps=227 n_chunks=227
[update 2] task=5 rollout=4 success=False steps=520 n_chunks=520
[update 2] task=5 rollout=5 success=True steps=174 n_chunks=174
===== UPDATE 2: success_rate=0.917 loss=0.8040502984310153 grad_norm=217.1880340576172 elapsed=1502s =====
[update 3] task=3 rollout=0 success=True steps=305 n_chunks=305
[update 3] task=3 rollout=1 success=True steps=267 n_chunks=267
[update 3] task=3 rollout=2 success=True steps=272 n_chunks=272
[update 3] task=3 rollout=3 success=True steps=267 n_chunks=267
[update 3] task=3 rollout=4 success=True steps=241 n_chunks=241
[update 3] task=3 rollout=5 success=True steps=221 n_chunks=221
[update 3] task=5 rollout=0 success=True steps=194 n_chunks=194
[update 3] task=5 rollout=1 success=True steps=226 n_chunks=226
[update 3] task=5 rollout=2 success=True steps=227 n_chunks=227
[update 3] task=5 rollout=3 success=True steps=195 n_chunks=195
[update 3] task=5 rollout=4 success=True steps=197 n_chunks=197
[update 3] task=5 rollout=5 success=True steps=164 n_chunks=164
===== UPDATE 3: success_rate=1.000 loss=None grad_norm=None elapsed=1916s =====
[update 4] task=3 rollout=0 success=True steps=266 n_chunks=266
[update 4] task=3 rollout=1 success=True steps=266 n_chunks=266
[update 4] task=3 rollout=2 success=True steps=299 n_chunks=299
[update 4] task=3 rollout=3 success=True steps=251 n_chunks=251
[update 4] task=3 rollout=4 success=True steps=257 n_chunks=257
[update 4] task=3 rollout=5 success=True steps=261 n_chunks=261
[update 4] task=5 rollout=0 success=True steps=203 n_chunks=203
[update 4] task=5 rollout=1 success=True steps=259 n_chunks=259
[update 4] task=5 rollout=2 success=True steps=222 n_chunks=222
[update 4] task=5 rollout=3 success=True steps=172 n_chunks=172
[update 4] task=5 rollout=4 success=True steps=187 n_chunks=187
[update 4] task=5 rollout=5 success=True steps=175 n_chunks=175
===== UPDATE 4: success_rate=1.000 loss=None grad_norm=None elapsed=2336s =====
[update 5] task=3 rollout=0 success=False steps=520 n_chunks=520
[update 5] task=3 rollout=1 success=True steps=240 n_chunks=240
[update 5] task=3 rollout=2 success=True steps=272 n_chunks=272
[update 5] task=3 rollout=3 success=True steps=223 n_chunks=223
[update 5] task=3 rollout=4 success=True steps=255 n_chunks=255
[update 5] task=3 rollout=5 success=True steps=240 n_chunks=240
[update 5] task=5 rollout=0 success=True steps=201 n_chunks=201
[update 5] task=5 rollout=1 success=True steps=231 n_chunks=231
[update 5] task=5 rollout=2 success=True steps=196 n_chunks=196
[update 5] task=5 rollout=3 success=True steps=186 n_chunks=186
[update 5] task=5 rollout=4 success=True steps=171 n_chunks=171
[update 5] task=5 rollout=5 success=True steps=189 n_chunks=189
===== UPDATE 5: success_rate=0.917 loss=0.6731204022509711 grad_norm=201.313232421875 elapsed=2975s =====
[update 6] task=3 rollout=0 success=False steps=520 n_chunks=520
[update 6] task=3 rollout=1 success=True steps=231 n_chunks=231
[update 6] task=3 rollout=2 success=True steps=268 n_chunks=268
[update 6] task=3 rollout=3 success=False steps=520 n_chunks=520
[update 6] task=3 rollout=4 success=True steps=311 n_chunks=311
[update 6] task=3 rollout=5 success=True steps=260 n_chunks=260
[update 6] task=5 rollout=0 success=True steps=201 n_chunks=201
[update 6] task=5 rollout=1 success=True steps=266 n_chunks=266
[update 6] task=5 rollout=2 success=True steps=231 n_chunks=231
[update 6] task=5 rollout=3 success=True steps=195 n_chunks=195
[update 6] task=5 rollout=4 success=True steps=200 n_chunks=200
[update 6] task=5 rollout=5 success=True steps=184 n_chunks=184
===== UPDATE 6: success_rate=0.833 loss=0.6567366983370758 grad_norm=211.46041870117188 elapsed=3728s =====
[update 7] task=3 rollout=0 success=True steps=238 n_chunks=238
[update 7] task=3 rollout=1 success=True steps=250 n_chunks=250
[update 7] task=3 rollout=2 success=True steps=252 n_chunks=252
[update 7] task=3 rollout=3 success=True steps=235 n_chunks=235
[update 7] task=3 rollout=4 success=True steps=241 n_chunks=241
[update 7] task=3 rollout=5 success=True steps=238 n_chunks=238
[update 7] task=5 rollout=0 success=True steps=190 n_chunks=190
[update 7] task=5 rollout=1 success=True steps=251 n_chunks=251
[update 7] task=5 rollout=2 success=True steps=190 n_chunks=190
[update 7] task=5 rollout=3 success=True steps=200 n_chunks=200
[update 7] task=5 rollout=4 success=True steps=189 n_chunks=189
[update 7] task=5 rollout=5 success=True steps=176 n_chunks=176
===== UPDATE 7: success_rate=1.000 loss=None grad_norm=None elapsed=4122s =====
Saved RL checkpoint to rl_checkpoint_long

