
Fetching 4 files:   0%|          | 0/4 [00:00<?, ?it/s]
Fetching 4 files: 100%|██████████| 4/4 [00:00<00:00, 92691.80it/s]
`torch_dtype` is deprecated! Use `dtype` instead!

Loading weights:   0%|          | 0/489 [00:00<?, ?it/s]
Loading weights: 100%|██████████| 489/489 [00:00<00:00, 6762.84it/s]
Warning: You are sending unauthenticated requests to the HF Hub. Please set a HF_TOKEN to enable higher rate limits and faster downloads.
WARNING:huggingface_hub.utils._http:Warning: You are sending unauthenticated requests to the HF Hub. Please set a HF_TOKEN to enable higher rate limits and faster downloads.
[robosuite WARNING] No private macro file found! (__init__.py:7)
WARNING:robosuite_logs:No private macro file found!
[robosuite WARNING] It is recommended to use a private macro file (__init__.py:8)
WARNING:robosuite_logs:It is recommended to use a private macro file
[robosuite WARNING] To setup, run: python /home/user/anaconda3/envs/vla_smolvla_libero/lib/python3.12/site-packages/robosuite/scripts/setup_macros.py (__init__.py:9)
WARNING:robosuite_logs:To setup, run: python /home/user/anaconda3/envs/vla_smolvla_libero/lib/python3.12/site-packages/robosuite/scripts/setup_macros.py
Exception ignored in: <function MjRenderContext.__del__ at 0x76571015c5e0>
Traceback (most recent call last):
  File "/home/user/anaconda3/envs/vla_smolvla_libero/lib/python3.12/site-packages/robosuite/utils/binding_utils.py", line 199, in __del__
    self.gl_ctx.free()
  File "/home/user/anaconda3/envs/vla_smolvla_libero/lib/python3.12/site-packages/robosuite/renderers/context/egl_context.py", line 150, in free
    EGL.eglDestroyContext(EGL_DISPLAY, self._context)
  File "/home/user/anaconda3/envs/vla_smolvla_libero/lib/python3.12/site-packages/OpenGL/error.py", line 230, in glCheckError
    raise self._errorClass(
OpenGL.raw.EGL._errors.EGLError: EGLError(
	err = EGL_NOT_INITIALIZED,
	baseOperation = eglDestroyContext,
	cArguments = (
		<OpenGL._opaque.EGLDisplay_pointer object at 0x7657001212d0>,
		<OpenGL._opaque.EGLContext_pointer object at 0x76573f0ec850>,
	),
	result = 0
)
Exception ignored in: <function EGLGLContext.__del__ at 0x76571015c4a0>
Traceback (most recent call last):
  File "/home/user/anaconda3/envs/vla_smolvla_libero/lib/python3.12/site-packages/robosuite/renderers/context/egl_context.py", line 155, in __del__
    self.free()
  File "/home/user/anaconda3/envs/vla_smolvla_libero/lib/python3.12/site-packages/robosuite/renderers/context/egl_context.py", line 150, in free
    EGL.eglDestroyContext(EGL_DISPLAY, self._context)
  File "/home/user/anaconda3/envs/vla_smolvla_libero/lib/python3.12/site-packages/OpenGL/error.py", line 230, in glCheckError
    raise self._errorClass(
OpenGL.raw.EGL._errors.EGLError: EGLError(
	err = EGL_NOT_INITIALIZED,
	baseOperation = eglDestroyContext,
	cArguments = (
		<OpenGL._opaque.EGLDisplay_pointer object at 0x7657001212d0>,
		<OpenGL._opaque.EGLContext_pointer object at 0x76573f0ec850>,
	),
	result = 0
)
Exception ignored in: <function MjRenderContext.__del__ at 0x76571015c5e0>
Traceback (most recent call last):
  File "/home/user/anaconda3/envs/vla_smolvla_libero/lib/python3.12/site-packages/robosuite/utils/binding_utils.py", line 199, in __del__
    self.gl_ctx.free()
  File "/home/user/anaconda3/envs/vla_smolvla_libero/lib/python3.12/site-packages/robosuite/renderers/context/egl_context.py", line 149, in free
    EGL.eglMakeCurrent(EGL_DISPLAY, EGL.EGL_NO_SURFACE, EGL.EGL_NO_SURFACE, EGL.EGL_NO_CONTEXT)
  File "/home/user/anaconda3/envs/vla_smolvla_libero/lib/python3.12/site-packages/OpenGL/error.py", line 230, in glCheckError
    raise self._errorClass(
OpenGL.raw.EGL._errors.EGLError: EGLError(
	err = EGL_NOT_INITIALIZED,
	baseOperation = eglMakeCurrent,
	cArguments = (
		<OpenGL._opaque.EGLDisplay_pointer object at 0x7657001212d0>,
		<OpenGL._opaque.EGLSurface_pointer object at 0x76572411ccd0>,
		<OpenGL._opaque.EGLSurface_pointer object at 0x76572411ccd0>,
		<OpenGL._opaque.EGLContext_pointer object at 0x76572411cbd0>,
	),
	result = 0
)
Exception ignored in: <function EGLGLContext.__del__ at 0x76571015c4a0>
Traceback (most recent call last):
  File "/home/user/anaconda3/envs/vla_smolvla_libero/lib/python3.12/site-packages/robosuite/renderers/context/egl_context.py", line 155, in __del__
    self.free()
  File "/home/user/anaconda3/envs/vla_smolvla_libero/lib/python3.12/site-packages/robosuite/renderers/context/egl_context.py", line 149, in free
    EGL.eglMakeCurrent(EGL_DISPLAY, EGL.EGL_NO_SURFACE, EGL.EGL_NO_SURFACE, EGL.EGL_NO_CONTEXT)
  File "/home/user/anaconda3/envs/vla_smolvla_libero/lib/python3.12/site-packages/OpenGL/error.py", line 230, in glCheckError
    raise self._errorClass(
OpenGL.raw.EGL._errors.EGLError: EGLError(
	err = EGL_NOT_INITIALIZED,
	baseOperation = eglMakeCurrent,
	cArguments = (
		<OpenGL._opaque.EGLDisplay_pointer object at 0x7657001212d0>,
		<OpenGL._opaque.EGLSurface_pointer object at 0x76572411ccd0>,
		<OpenGL._opaque.EGLSurface_pointer object at 0x76572411ccd0>,
		<OpenGL._opaque.EGLContext_pointer object at 0x76572411cbd0>,
	),
	result = 0
)

Loading  HuggingFaceTB/SmolVLM2-500M-Video-Instruct weights ...
Reducing the number of VLM layers to 16 ...
Loading weights from local directory
[info] using task orders [0, 1, 2, 3, 4, 5, 6, 7, 8, 9]
Local assets not found. Downloading from HuggingFace Hub...
Assets already downloaded at /home/user/.cache/libero/assets
[info] using task orders [0, 1, 2, 3, 4, 5, 6, 7, 8, 9]
[update 0] task=3 rollout=0 success=True steps=150 n_chunks=150
[update 0] task=3 rollout=1 success=True steps=138 n_chunks=138
[update 0] task=3 rollout=2 success=True steps=153 n_chunks=153
[update 0] task=3 rollout=3 success=True steps=146 n_chunks=146
[update 0] task=3 rollout=4 success=False steps=280 n_chunks=280
[update 0] task=3 rollout=5 success=False steps=280 n_chunks=280
[update 0] task=5 rollout=0 success=True steps=166 n_chunks=166
[update 0] task=5 rollout=1 success=True steps=143 n_chunks=143
[update 0] task=5 rollout=2 success=True steps=138 n_chunks=138
[update 0] task=5 rollout=3 success=True steps=140 n_chunks=140
[update 0] task=5 rollout=4 success=True steps=150 n_chunks=150
[update 0] task=5 rollout=5 success=False steps=280 n_chunks=280
===== UPDATE 0: success_rate=0.750 loss=0.5688514386797788 grad_norm=208.3155975341797 elapsed=585s =====
[update 1] task=3 rollout=0 success=True steps=148 n_chunks=148
[update 1] task=3 rollout=1 success=True steps=142 n_chunks=142
[update 1] task=3 rollout=2 success=True steps=150 n_chunks=150
[update 1] task=3 rollout=3 success=True steps=155 n_chunks=155
[update 1] task=3 rollout=4 success=False steps=280 n_chunks=280
[update 1] task=3 rollout=5 success=True steps=148 n_chunks=148
[update 1] task=5 rollout=0 success=True steps=139 n_chunks=139
[update 1] task=5 rollout=1 success=True steps=121 n_chunks=121
[update 1] task=5 rollout=2 success=True steps=147 n_chunks=147
[update 1] task=5 rollout=3 success=True steps=132 n_chunks=132
[update 1] task=5 rollout=4 success=True steps=216 n_chunks=216
[update 1] task=5 rollout=5 success=False steps=280 n_chunks=280
===== UPDATE 1: success_rate=0.833 loss=0.5138185377023659 grad_norm=241.8513946533203 elapsed=1141s =====
[update 2] task=3 rollout=0 success=True steps=158 n_chunks=158
[update 2] task=3 rollout=1 success=False steps=280 n_chunks=280
[update 2] task=3 rollout=2 success=True steps=146 n_chunks=146
[update 2] task=3 rollout=3 success=False steps=280 n_chunks=280
[update 2] task=3 rollout=4 success=True steps=158 n_chunks=158
[update 2] task=3 rollout=5 success=True steps=143 n_chunks=143
[update 2] task=5 rollout=0 success=True steps=152 n_chunks=152
[update 2] task=5 rollout=1 success=True steps=119 n_chunks=119
[update 2] task=5 rollout=2 success=True steps=164 n_chunks=164
[update 2] task=5 rollout=3 success=True steps=138 n_chunks=138
[update 2] task=5 rollout=4 success=True steps=145 n_chunks=145
[update 2] task=5 rollout=5 success=False steps=280 n_chunks=280
===== UPDATE 2: success_rate=0.750 loss=0.6152681799547792 grad_norm=251.2690887451172 elapsed=1724s =====
[update 3] task=3 rollout=0 success=True steps=159 n_chunks=159
[update 3] task=3 rollout=1 success=False steps=280 n_chunks=280
[update 3] task=3 rollout=2 success=True steps=153 n_chunks=153
[update 3] task=3 rollout=3 success=True steps=217 n_chunks=217
[update 3] task=3 rollout=4 success=False steps=280 n_chunks=280
[update 3] task=3 rollout=5 success=True steps=142 n_chunks=142
[update 3] task=5 rollout=0 success=True steps=144 n_chunks=144
[update 3] task=5 rollout=1 success=True steps=125 n_chunks=125
[update 3] task=5 rollout=2 success=True steps=146 n_chunks=146
[update 3] task=5 rollout=3 success=True steps=138 n_chunks=138
[update 3] task=5 rollout=4 success=True steps=162 n_chunks=162
[update 3] task=5 rollout=5 success=False steps=280 n_chunks=280
===== UPDATE 3: success_rate=0.750 loss=0.5357057235713275 grad_norm=226.2478790283203 elapsed=2326s =====
[update 4] task=3 rollout=0 success=True steps=157 n_chunks=157
[update 4] task=3 rollout=1 success=True steps=177 n_chunks=177
[update 4] task=3 rollout=2 success=True steps=155 n_chunks=155
[update 4] task=3 rollout=3 success=True steps=133 n_chunks=133
[update 4] task=3 rollout=4 success=False steps=280 n_chunks=280
[update 4] task=3 rollout=5 success=True steps=144 n_chunks=144
[update 4] task=5 rollout=0 success=True steps=143 n_chunks=143
[update 4] task=5 rollout=1 success=True steps=130 n_chunks=130
[update 4] task=5 rollout=2 success=True steps=201 n_chunks=201
[update 4] task=5 rollout=3 success=False steps=280 n_chunks=280
[update 4] task=5 rollout=4 success=True steps=150 n_chunks=150
[update 4] task=5 rollout=5 success=False steps=280 n_chunks=280
===== UPDATE 4: success_rate=0.750 loss=0.5450788461841275 grad_norm=217.83749389648438 elapsed=2927s =====
[update 5] task=3 rollout=0 success=True steps=145 n_chunks=145
[update 5] task=3 rollout=1 success=True steps=141 n_chunks=141
[update 5] task=3 rollout=2 success=True steps=152 n_chunks=152
[update 5] task=3 rollout=3 success=False steps=280 n_chunks=280
[update 5] task=3 rollout=4 success=False steps=280 n_chunks=280
[update 5] task=3 rollout=5 success=True steps=135 n_chunks=135
[update 5] task=5 rollout=0 success=True steps=231 n_chunks=231
[update 5] task=5 rollout=1 success=True steps=128 n_chunks=128
[update 5] task=5 rollout=2 success=True steps=140 n_chunks=140
[update 5] task=5 rollout=3 success=True steps=138 n_chunks=138
[update 5] task=5 rollout=4 success=True steps=145 n_chunks=145
[update 5] task=5 rollout=5 success=True steps=153 n_chunks=153
===== UPDATE 5: success_rate=0.833 loss=0.6569170295297837 grad_norm=165.61676025390625 elapsed=3375s =====
[update 6] task=3 rollout=0 success=False steps=280 n_chunks=280
[update 6] task=3 rollout=1 success=True steps=136 n_chunks=136
[update 6] task=3 rollout=2 success=True steps=144 n_chunks=144
[update 6] task=3 rollout=3 success=True steps=152 n_chunks=152
[update 6] task=3 rollout=4 success=True steps=207 n_chunks=207
[update 6] task=3 rollout=5 success=True steps=136 n_chunks=136
[update 6] task=5 rollout=0 success=True steps=130 n_chunks=130
[update 6] task=5 rollout=1 success=True steps=129 n_chunks=129
[update 6] task=5 rollout=2 success=True steps=139 n_chunks=139
[update 6] task=5 rollout=3 success=True steps=140 n_chunks=140
[update 6] task=5 rollout=4 success=True steps=219 n_chunks=219
[update 6] task=5 rollout=5 success=True steps=135 n_chunks=135
===== UPDATE 6: success_rate=0.917 loss=0.5147775472905398 grad_norm=168.352783203125 elapsed=3797s =====
[update 7] task=3 rollout=0 success=True steps=148 n_chunks=148
[update 7] task=3 rollout=1 success=True steps=133 n_chunks=133
[update 7] task=3 rollout=2 success=True steps=140 n_chunks=140
[update 7] task=3 rollout=3 success=True steps=155 n_chunks=155
[update 7] task=3 rollout=4 success=False steps=280 n_chunks=280
[update 7] task=3 rollout=5 success=True steps=148 n_chunks=148
[update 7] task=5 rollout=0 success=True steps=146 n_chunks=146
[update 7] task=5 rollout=1 success=True steps=132 n_chunks=132
[update 7] task=5 rollout=2 success=True steps=141 n_chunks=141
[update 7] task=5 rollout=3 success=True steps=253 n_chunks=253
[update 7] task=5 rollout=4 success=False steps=280 n_chunks=280
[update 7] task=5 rollout=5 success=False steps=280 n_chunks=280
===== UPDATE 7: success_rate=0.750 loss=0.54964269992224 grad_norm=239.01126098632812 elapsed=4401s =====
Saved RL checkpoint to /home/user/Desktop/multi-rate/vla-rft/rl_checkpoint_object

