Loading  HuggingFaceTB/SmolVLM2-500M-Video-Instruct weights ...
Reducing the number of VLM layers to 16 ...
Loading weights from local directory
[info] using task orders [0, 1, 2, 3, 4, 5, 6, 7, 8, 9]
Local assets not found. Downloading from HuggingFace Hub...
Assets already downloaded at /home/user/.cache/libero/assets
[info] using task orders [0, 1, 2, 3, 4, 5, 6, 7, 8, 9]
[update 0] task=3 attempt=0 rollout=0 success=True steps=300 n_chunks=300
[update 0] task=3 attempt=0 rollout=1 success=True steps=278 n_chunks=278
[update 0] task=3 attempt=0 rollout=2 success=True steps=275 n_chunks=275
[update 0] task=3 attempt=0 rollout=3 success=True steps=252 n_chunks=252
[update 0] task=3 attempt=0 rollout=4 success=True steps=265 n_chunks=265
[update 0] task=3 attempt=0 rollout=5 success=True steps=241 n_chunks=241
[update 0] task=5 attempt=0 rollout=0 success=True steps=191 n_chunks=191
[update 0] task=5 attempt=0 rollout=1 success=True steps=267 n_chunks=267
[update 0] task=5 attempt=0 rollout=2 success=True steps=212 n_chunks=212
[update 0] task=5 attempt=0 rollout=3 success=True steps=237 n_chunks=237
[update 0] task=5 attempt=0 rollout=4 success=True steps=155 n_chunks=155
[update 0] task=5 attempt=0 rollout=5 success=True steps=189 n_chunks=189
===== UPDATE 0: success_rate=1.000 loss=None grad_norm=None elapsed=684s =====
[update 1] task=3 attempt=0 rollout=0 success=False steps=520 n_chunks=520
[update 1] task=3 attempt=0 rollout=1 success=True steps=273 n_chunks=273
[update 1] task=3 attempt=0 rollout=2 success=True steps=303 n_chunks=303
[update 1] task=3 attempt=0 rollout=3 success=True steps=265 n_chunks=265
[update 1] task=3 attempt=0 rollout=4 success=True steps=280 n_chunks=280
[update 1] task=3 attempt=0 rollout=5 success=True steps=239 n_chunks=239
[update 1] task=5 attempt=0 rollout=0 success=True steps=187 n_chunks=187
[update 1] task=5 attempt=0 rollout=1 success=True steps=282 n_chunks=282
[update 1] task=5 attempt=0 rollout=2 success=True steps=194 n_chunks=194
[update 1] task=5 attempt=0 rollout=3 success=True steps=189 n_chunks=189
[update 1] task=5 attempt=0 rollout=4 success=True steps=244 n_chunks=244
[update 1] task=5 attempt=0 rollout=5 success=True steps=177 n_chunks=177
===== UPDATE 1: success_rate=0.917 loss=0.5744943931698799 grad_norm=200.2781982421875 elapsed=1791s =====
[update 2] task=3 attempt=0 rollout=0 success=True steps=270 n_chunks=270
[update 2] task=3 attempt=0 rollout=1 success=True steps=244 n_chunks=244
[update 2] task=3 attempt=0 rollout=2 success=True steps=297 n_chunks=297
[update 2] task=3 attempt=0 rollout=3 success=True steps=242 n_chunks=242
[update 2] task=3 attempt=0 rollout=4 success=True steps=250 n_chunks=250
[update 2] task=3 attempt=0 rollout=5 success=True steps=280 n_chunks=280
[update 2] task=5 attempt=0 rollout=0 success=True steps=203 n_chunks=203
[update 2] task=5 attempt=0 rollout=1 success=True steps=212 n_chunks=212
[update 2] task=5 attempt=0 rollout=2 success=True steps=236 n_chunks=236
[update 2] task=5 attempt=0 rollout=3 success=True steps=203 n_chunks=203
[update 2] task=5 attempt=0 rollout=4 success=True steps=193 n_chunks=193
[update 2] task=5 attempt=0 rollout=5 success=True steps=170 n_chunks=170
===== UPDATE 2: success_rate=1.000 loss=None grad_norm=None elapsed=2476s =====
[update 3] task=3 attempt=0 rollout=0 success=True steps=293 n_chunks=293
[update 3] task=3 attempt=0 rollout=1 success=True steps=247 n_chunks=247
[update 3] task=3 attempt=0 rollout=2 success=True steps=289 n_chunks=289
[update 3] task=3 attempt=0 rollout=3 success=False steps=520 n_chunks=520
[update 3] task=3 attempt=0 rollout=4 success=True steps=274 n_chunks=274
[update 3] task=3 attempt=0 rollout=5 success=True steps=213 n_chunks=213
[update 3] task=5 attempt=0 rollout=0 success=True steps=179 n_chunks=179
[update 3] task=5 attempt=0 rollout=1 success=True steps=187 n_chunks=187
[update 3] task=5 attempt=0 rollout=2 success=True steps=213 n_chunks=213
[update 3] task=5 attempt=0 rollout=3 success=True steps=208 n_chunks=208
[update 3] task=5 attempt=0 rollout=4 success=True steps=181 n_chunks=181
[update 3] task=5 attempt=0 rollout=5 success=True steps=201 n_chunks=201
===== UPDATE 3: success_rate=0.917 loss=0.5797344588863305 grad_norm=209.58811950683594 elapsed=3622s =====
[update 4] task=3 attempt=0 rollout=0 success=True steps=236 n_chunks=236
[update 4] task=3 attempt=0 rollout=1 success=True steps=235 n_chunks=235
[update 4] task=3 attempt=0 rollout=2 success=True steps=240 n_chunks=240
[update 4] task=3 attempt=0 rollout=3 success=True steps=261 n_chunks=261
[update 4] task=3 attempt=0 rollout=4 success=True steps=264 n_chunks=264
[update 4] task=3 attempt=0 rollout=5 success=True steps=230 n_chunks=230
[update 4] task=5 attempt=0 rollout=0 success=True steps=203 n_chunks=203
[update 4] task=5 attempt=0 rollout=1 success=True steps=191 n_chunks=191
[update 4] task=5 attempt=0 rollout=2 success=True steps=196 n_chunks=196
[update 4] task=5 attempt=0 rollout=3 success=True steps=198 n_chunks=198
[update 4] task=5 attempt=0 rollout=4 success=True steps=173 n_chunks=173
[update 4] task=5 attempt=0 rollout=5 success=True steps=179 n_chunks=179
===== UPDATE 4: success_rate=1.000 loss=None grad_norm=None elapsed=4298s =====
[update 5] task=3 attempt=0 rollout=0 success=True steps=274 n_chunks=274
[update 5] task=3 attempt=0 rollout=1 success=True steps=247 n_chunks=247
[update 5] task=3 attempt=0 rollout=2 success=True steps=260 n_chunks=260
[update 5] task=3 attempt=0 rollout=3 success=True steps=235 n_chunks=235
[update 5] task=3 attempt=0 rollout=4 success=True steps=240 n_chunks=240
[update 5] task=3 attempt=0 rollout=5 success=True steps=242 n_chunks=242
[update 5] task=5 attempt=0 rollout=0 success=True steps=207 n_chunks=207
[update 5] task=5 attempt=0 rollout=1 success=True steps=202 n_chunks=202
[update 5] task=5 attempt=0 rollout=2 success=False steps=520 n_chunks=520
[update 5] task=5 attempt=0 rollout=3 success=True steps=221 n_chunks=221
[update 5] task=5 attempt=0 rollout=4 success=True steps=175 n_chunks=175
[update 5] task=5 attempt=0 rollout=5 success=True steps=186 n_chunks=186
===== UPDATE 5: success_rate=0.917 loss=0.9245491982847551 grad_norm=246.03530883789062 elapsed=5385s =====
[update 6] task=3 attempt=0 rollout=0 success=True steps=283 n_chunks=283
[update 6] task=3 attempt=0 rollout=1 success=True steps=244 n_chunks=244
[update 6] task=3 attempt=0 rollout=2 success=True steps=273 n_chunks=273
[update 6] task=3 attempt=0 rollout=3 success=True steps=329 n_chunks=329
[update 6] task=3 attempt=0 rollout=4 success=True steps=247 n_chunks=247
[update 6] task=3 attempt=0 rollout=5 success=True steps=239 n_chunks=239
[update 6] task=5 attempt=0 rollout=0 success=True steps=188 n_chunks=188
[update 6] task=5 attempt=0 rollout=1 success=True steps=271 n_chunks=271
[update 6] task=5 attempt=0 rollout=2 success=True steps=182 n_chunks=182
[update 6] task=5 attempt=0 rollout=3 success=True steps=206 n_chunks=206
[update 6] task=5 attempt=0 rollout=4 success=False steps=520 n_chunks=520
[update 6] task=5 attempt=0 rollout=5 success=True steps=212 n_chunks=212
===== UPDATE 6: success_rate=0.917 loss=0.842725302993383 grad_norm=241.50704956054688 elapsed=6526s =====
[update 7] task=3 attempt=0 rollout=0 success=True steps=252 n_chunks=252
[update 7] task=3 attempt=0 rollout=1 success=True steps=261 n_chunks=261
[update 7] task=3 attempt=0 rollout=2 success=False steps=520 n_chunks=520
[update 7] task=3 attempt=0 rollout=3 success=True steps=219 n_chunks=219
[update 7] task=3 attempt=0 rollout=4 success=True steps=287 n_chunks=287
[update 7] task=3 attempt=0 rollout=5 success=True steps=240 n_chunks=240
[update 7] task=5 attempt=0 rollout=0 success=True steps=190 n_chunks=190
[update 7] task=5 attempt=0 rollout=1 success=True steps=268 n_chunks=268
[update 7] task=5 attempt=0 rollout=2 success=True steps=214 n_chunks=214
[update 7] task=5 attempt=0 rollout=3 success=True steps=184 n_chunks=184
[update 7] task=5 attempt=0 rollout=4 success=False steps=520 n_chunks=520
[update 7] task=5 attempt=0 rollout=5 success=True steps=166 n_chunks=166
===== UPDATE 7: success_rate=0.833 loss=0.7506185853761278 grad_norm=293.8597717285156 elapsed=8042s =====
[update 8] task=3 attempt=0 rollout=0 success=False steps=520 n_chunks=520
[update 8] task=3 attempt=0 rollout=1 success=True steps=266 n_chunks=266
[update 8] task=3 attempt=0 rollout=2 success=True steps=254 n_chunks=254
[update 8] task=3 attempt=0 rollout=3 success=True steps=243 n_chunks=243
[update 8] task=3 attempt=0 rollout=4 success=True steps=263 n_chunks=263
[update 8] task=3 attempt=0 rollout=5 success=True steps=221 n_chunks=221
[update 8] task=5 attempt=0 rollout=0 success=True steps=191 n_chunks=191
[update 8] task=5 attempt=0 rollout=1 success=True steps=224 n_chunks=224
[update 8] task=5 attempt=0 rollout=2 success=True steps=224 n_chunks=224
[update 8] task=5 attempt=0 rollout=3 success=False steps=520 n_chunks=520
[update 8] task=5 attempt=0 rollout=4 success=True steps=194 n_chunks=194
[update 8] task=5 attempt=0 rollout=5 success=True steps=175 n_chunks=175
===== UPDATE 8: success_rate=0.833 loss=0.7804095641615177 grad_norm=320.0159912109375 elapsed=9568s =====
[update 9] task=3 attempt=0 rollout=0 success=True steps=271 n_chunks=271
[update 9] task=3 attempt=0 rollout=1 success=True steps=245 n_chunks=245
[update 9] task=3 attempt=0 rollout=2 success=True steps=281 n_chunks=281
[update 9] task=3 attempt=0 rollout=3 success=True steps=302 n_chunks=302
[update 9] task=3 attempt=0 rollout=4 success=True steps=254 n_chunks=254
[update 9] task=3 attempt=0 rollout=5 success=True steps=252 n_chunks=252
[update 9] task=5 attempt=0 rollout=0 success=True steps=205 n_chunks=205
[update 9] task=5 attempt=0 rollout=1 success=True steps=195 n_chunks=195
[update 9] task=5 attempt=0 rollout=2 success=True steps=213 n_chunks=213
[update 9] task=5 attempt=0 rollout=3 success=True steps=176 n_chunks=176
[update 9] task=5 attempt=0 rollout=4 success=True steps=249 n_chunks=249
[update 9] task=5 attempt=0 rollout=5 success=True steps=206 n_chunks=206
===== UPDATE 9: success_rate=1.000 loss=None grad_norm=None elapsed=10308s =====
[update 10] task=3 attempt=0 rollout=0 success=True steps=267 n_chunks=267
[update 10] task=3 attempt=0 rollout=1 success=True steps=257 n_chunks=257
[update 10] task=3 attempt=0 rollout=2 success=False steps=520 n_chunks=520
[update 10] task=3 attempt=0 rollout=3 success=True steps=232 n_chunks=232
[update 10] task=3 attempt=0 rollout=4 success=True steps=234 n_chunks=234
[update 10] task=3 attempt=0 rollout=5 success=True steps=228 n_chunks=228
[update 10] task=5 attempt=0 rollout=0 success=True steps=190 n_chunks=190
[update 10] task=5 attempt=0 rollout=1 success=True steps=333 n_chunks=333
[update 10] task=5 attempt=0 rollout=2 success=True steps=217 n_chunks=217
[update 10] task=5 attempt=0 rollout=3 success=True steps=208 n_chunks=208
[update 10] task=5 attempt=0 rollout=4 success=True steps=162 n_chunks=162
[update 10] task=5 attempt=0 rollout=5 success=True steps=169 n_chunks=169
===== UPDATE 10: success_rate=0.917 loss=0.6841573128766103 grad_norm=220.34130859375 elapsed=11450s =====
[update 11] task=3 attempt=0 rollout=0 success=True steps=245 n_chunks=245
[update 11] task=3 attempt=0 rollout=1 success=True steps=264 n_chunks=264
[update 11] task=3 attempt=0 rollout=2 success=True steps=232 n_chunks=232
[update 11] task=3 attempt=0 rollout=3 success=True steps=231 n_chunks=231
[update 11] task=3 attempt=0 rollout=4 success=True steps=254 n_chunks=254
[update 11] task=3 attempt=0 rollout=5 success=True steps=224 n_chunks=224
[update 11] task=5 attempt=0 rollout=0 success=True steps=207 n_chunks=207
[update 11] task=5 attempt=0 rollout=1 success=True steps=187 n_chunks=187
[update 11] task=5 attempt=0 rollout=2 success=True steps=216 n_chunks=216
[update 11] task=5 attempt=0 rollout=3 success=True steps=180 n_chunks=180
[update 11] task=5 attempt=0 rollout=4 success=True steps=174 n_chunks=174
[update 11] task=5 attempt=0 rollout=5 success=True steps=196 n_chunks=196
===== UPDATE 11: success_rate=1.000 loss=None grad_norm=None elapsed=12111s =====
[update 12] task=3 attempt=0 rollout=0 success=True steps=257 n_chunks=257
[update 12] task=3 attempt=0 rollout=1 success=True steps=254 n_chunks=254
[update 12] task=3 attempt=0 rollout=2 success=True steps=363 n_chunks=363
[update 12] task=3 attempt=0 rollout=3 success=True steps=238 n_chunks=238
[update 12] task=3 attempt=0 rollout=4 success=False steps=520 n_chunks=520
[update 12] task=3 attempt=0 rollout=5 success=True steps=219 n_chunks=219
[update 12] task=5 attempt=0 rollout=0 success=True steps=219 n_chunks=219
[update 12] task=5 attempt=0 rollout=1 success=True steps=279 n_chunks=279
[update 12] task=5 attempt=0 rollout=2 success=True steps=215 n_chunks=215
[update 12] task=5 attempt=0 rollout=3 success=True steps=233 n_chunks=233
[update 12] task=5 attempt=0 rollout=4 success=True steps=179 n_chunks=179
[update 12] task=5 attempt=0 rollout=5 success=True steps=172 n_chunks=172
===== UPDATE 12: success_rate=0.917 loss=0.5870626957142179 grad_norm=245.00872802734375 elapsed=13288s =====
[update 13] task=3 attempt=0 rollout=0 success=False steps=520 n_chunks=520
[update 13] task=3 attempt=0 rollout=1 success=True steps=269 n_chunks=269
[update 13] task=3 attempt=0 rollout=2 success=True steps=253 n_chunks=253
[update 13] task=3 attempt=0 rollout=3 success=True steps=232 n_chunks=232
[update 13] task=3 attempt=0 rollout=4 success=True steps=276 n_chunks=276
[update 13] task=3 attempt=0 rollout=5 success=True steps=248 n_chunks=248
[update 13] task=5 attempt=0 rollout=0 success=True steps=214 n_chunks=214
[update 13] task=5 attempt=0 rollout=1 success=True steps=187 n_chunks=187
[update 13] task=5 attempt=0 rollout=2 success=True steps=230 n_chunks=230
[update 13] task=5 attempt=0 rollout=3 success=True steps=203 n_chunks=203
[update 13] task=5 attempt=0 rollout=4 success=True steps=187 n_chunks=187
[update 13] task=5 attempt=0 rollout=5 success=True steps=188 n_chunks=188
===== UPDATE 13: success_rate=0.917 loss=0.6225386023090467 grad_norm=210.8699493408203 elapsed=14434s =====
[update 14] task=3 attempt=0 rollout=0 success=True steps=258 n_chunks=258
[update 14] task=3 attempt=0 rollout=1 success=True steps=276 n_chunks=276
[update 14] task=3 attempt=0 rollout=2 success=True steps=318 n_chunks=318
[update 14] task=3 attempt=0 rollout=3 success=True steps=228 n_chunks=228
[update 14] task=3 attempt=0 rollout=4 success=True steps=253 n_chunks=253
[update 14] task=3 attempt=0 rollout=5 success=True steps=254 n_chunks=254
[update 14] task=5 attempt=0 rollout=0 success=True steps=189 n_chunks=189
[update 14] task=5 attempt=0 rollout=1 success=True steps=187 n_chunks=187
[update 14] task=5 attempt=0 rollout=2 success=True steps=209 n_chunks=209
[update 14] task=5 attempt=0 rollout=3 success=True steps=206 n_chunks=206
[update 14] task=5 attempt=0 rollout=4 success=True steps=181 n_chunks=181
[update 14] task=5 attempt=0 rollout=5 success=True steps=190 n_chunks=190
===== UPDATE 14: success_rate=1.000 loss=None grad_norm=None elapsed=15143s =====
[update 15] task=3 attempt=0 rollout=0 success=True steps=257 n_chunks=257
[update 15] task=3 attempt=0 rollout=1 success=True steps=258 n_chunks=258
[update 15] task=3 attempt=0 rollout=2 success=True steps=312 n_chunks=312
[update 15] task=3 attempt=0 rollout=3 success=True steps=290 n_chunks=290
[update 15] task=3 attempt=0 rollout=4 success=True steps=250 n_chunks=250
[update 15] task=3 attempt=0 rollout=5 success=True steps=236 n_chunks=236
[update 15] task=5 attempt=0 rollout=0 success=True steps=191 n_chunks=191
[update 15] task=5 attempt=0 rollout=1 success=True steps=193 n_chunks=193
[update 15] task=5 attempt=0 rollout=2 success=True steps=213 n_chunks=213
[update 15] task=5 attempt=0 rollout=3 success=True steps=202 n_chunks=202
[update 15] task=5 attempt=0 rollout=4 success=True steps=182 n_chunks=182
[update 15] task=5 attempt=0 rollout=5 success=True steps=185 n_chunks=185
===== UPDATE 15: success_rate=1.000 loss=None grad_norm=None elapsed=15860s =====
[update 16] task=3 attempt=0 rollout=0 success=True steps=273 n_chunks=273
[update 16] task=3 attempt=0 rollout=1 success=True steps=263 n_chunks=263
[update 16] task=3 attempt=0 rollout=2 success=True steps=254 n_chunks=254
[update 16] task=3 attempt=0 rollout=3 success=True steps=343 n_chunks=343
[update 16] task=3 attempt=0 rollout=4 success=True steps=248 n_chunks=248
[update 16] task=3 attempt=0 rollout=5 success=True steps=235 n_chunks=235
[update 16] task=5 attempt=0 rollout=0 success=True steps=223 n_chunks=223
[update 16] task=5 attempt=0 rollout=1 success=True steps=182 n_chunks=182
[update 16] task=5 attempt=0 rollout=2 success=True steps=195 n_chunks=195
[update 16] task=5 attempt=0 rollout=3 success=True steps=209 n_chunks=209
[update 16] task=5 attempt=0 rollout=4 success=True steps=208 n_chunks=208
[update 16] task=5 attempt=0 rollout=5 success=True steps=180 n_chunks=180
===== UPDATE 16: success_rate=1.000 loss=None grad_norm=None elapsed=16595s =====
[update 17] task=3 attempt=0 rollout=0 success=True steps=262 n_chunks=262
[update 17] task=3 attempt=0 rollout=1 success=True steps=255 n_chunks=255
[update 17] task=3 attempt=0 rollout=2 success=True steps=277 n_chunks=277
[update 17] task=3 attempt=0 rollout=3 success=True steps=297 n_chunks=297
[update 17] task=3 attempt=0 rollout=4 success=True steps=262 n_chunks=262
[update 17] task=3 attempt=0 rollout=5 success=True steps=234 n_chunks=234
[update 17] task=5 attempt=0 rollout=0 success=True steps=198 n_chunks=198
[update 17] task=5 attempt=0 rollout=1 success=True steps=199 n_chunks=199
[update 17] task=5 attempt=0 rollout=2 success=True steps=199 n_chunks=199
[update 17] task=5 attempt=0 rollout=3 success=True steps=206 n_chunks=206
[update 17] task=5 attempt=0 rollout=4 success=True steps=184 n_chunks=184
[update 17] task=5 attempt=0 rollout=5 success=True steps=202 n_chunks=202
===== UPDATE 17: success_rate=1.000 loss=None grad_norm=None elapsed=17307s =====
[update 18] task=3 attempt=0 rollout=0 success=True steps=268 n_chunks=268
[update 18] task=3 attempt=0 rollout=1 success=True steps=258 n_chunks=258
[update 18] task=3 attempt=0 rollout=2 success=True steps=268 n_chunks=268
[update 18] task=3 attempt=0 rollout=3 success=True steps=245 n_chunks=245
[update 18] task=3 attempt=0 rollout=4 success=True steps=250 n_chunks=250
[update 18] task=3 attempt=0 rollout=5 success=True steps=255 n_chunks=255
[update 18] task=5 attempt=0 rollout=0 success=True steps=213 n_chunks=213
[update 18] task=5 attempt=0 rollout=1 success=True steps=251 n_chunks=251
[update 18] task=5 attempt=0 rollout=2 success=False steps=520 n_chunks=520
[update 18] task=5 attempt=0 rollout=3 success=True steps=188 n_chunks=188
[update 18] task=5 attempt=0 rollout=4 success=True steps=211 n_chunks=211
[update 18] task=5 attempt=0 rollout=5 success=True steps=190 n_chunks=190
===== UPDATE 18: success_rate=0.917 loss=0.7775500279206496 grad_norm=200.2561492919922 elapsed=18424s =====
[update 19] task=3 attempt=0 rollout=0 success=True steps=264 n_chunks=264
[update 19] task=3 attempt=0 rollout=1 success=True steps=233 n_chunks=233
[update 19] task=3 attempt=0 rollout=2 success=True steps=277 n_chunks=277
[update 19] task=3 attempt=0 rollout=3 success=True steps=227 n_chunks=227
[update 19] task=3 attempt=0 rollout=4 success=True steps=286 n_chunks=286
[update 19] task=3 attempt=0 rollout=5 success=True steps=212 n_chunks=212
[update 19] task=5 attempt=0 rollout=0 success=True steps=207 n_chunks=207
[update 19] task=5 attempt=0 rollout=1 success=True steps=259 n_chunks=259
[update 19] task=5 attempt=0 rollout=2 success=True steps=219 n_chunks=219
[update 19] task=5 attempt=0 rollout=3 success=True steps=177 n_chunks=177
[update 19] task=5 attempt=0 rollout=4 success=True steps=189 n_chunks=189
[update 19] task=5 attempt=0 rollout=5 success=True steps=194 n_chunks=194
===== UPDATE 19: success_rate=1.000 loss=None grad_norm=None elapsed=19136s =====
[update 20] task=3 attempt=0 rollout=0 success=True steps=304 n_chunks=304
[update 20] task=3 attempt=0 rollout=1 success=True steps=266 n_chunks=266
[update 20] task=3 attempt=0 rollout=2 success=True steps=256 n_chunks=256
[update 20] task=3 attempt=0 rollout=3 success=True steps=235 n_chunks=235
[update 20] task=3 attempt=0 rollout=4 success=False steps=520 n_chunks=520
[update 20] task=3 attempt=0 rollout=5 success=True steps=248 n_chunks=248
[update 20] task=5 attempt=0 rollout=0 success=True steps=220 n_chunks=220
[update 20] task=5 attempt=0 rollout=1 success=True steps=207 n_chunks=207
[update 20] task=5 attempt=0 rollout=2 success=True steps=253 n_chunks=253
[update 20] task=5 attempt=0 rollout=3 success=True steps=203 n_chunks=203
[update 20] task=5 attempt=0 rollout=4 success=True steps=196 n_chunks=196
[update 20] task=5 attempt=0 rollout=5 success=True steps=195 n_chunks=195
===== UPDATE 20: success_rate=0.917 loss=0.6221474953496827 grad_norm=258.031982421875 elapsed=20317s =====
[update 21] task=3 attempt=0 rollout=0 success=True steps=300 n_chunks=300
[update 21] task=3 attempt=0 rollout=1 success=True steps=280 n_chunks=280
[update 21] task=3 attempt=0 rollout=2 success=False steps=520 n_chunks=520
[update 21] task=3 attempt=0 rollout=3 success=True steps=242 n_chunks=242
[update 21] task=3 attempt=0 rollout=4 success=True steps=270 n_chunks=270
[update 21] task=3 attempt=0 rollout=5 success=True steps=221 n_chunks=221
[update 21] task=5 attempt=0 rollout=0 success=True steps=187 n_chunks=187
[update 21] task=5 attempt=0 rollout=1 success=True steps=231 n_chunks=231
[update 21] task=5 attempt=0 rollout=2 success=True steps=233 n_chunks=233
[update 21] task=5 attempt=0 rollout=3 success=True steps=207 n_chunks=207
[update 21] task=5 attempt=0 rollout=4 success=True steps=182 n_chunks=182
[update 21] task=5 attempt=0 rollout=5 success=True steps=177 n_chunks=177
===== UPDATE 21: success_rate=0.917 loss=0.5972240612569301 grad_norm=216.0542449951172 elapsed=21491s =====
[update 22] task=3 attempt=0 rollout=0 success=True steps=260 n_chunks=260
[update 22] task=3 attempt=0 rollout=1 success=True steps=255 n_chunks=255
[update 22] task=3 attempt=0 rollout=2 success=True steps=271 n_chunks=271
[update 22] task=3 attempt=0 rollout=3 success=True steps=239 n_chunks=239
[update 22] task=3 attempt=0 rollout=4 success=True steps=237 n_chunks=237
[update 22] task=3 attempt=0 rollout=5 success=True steps=258 n_chunks=258
[update 22] task=5 attempt=0 rollout=0 success=True steps=192 n_chunks=192
[update 22] task=5 attempt=0 rollout=1 success=True steps=183 n_chunks=183
[update 22] task=5 attempt=0 rollout=2 success=True steps=223 n_chunks=223
[update 22] task=5 attempt=0 rollout=3 success=True steps=197 n_chunks=197
[update 22] task=5 attempt=0 rollout=4 success=True steps=208 n_chunks=208
[update 22] task=5 attempt=0 rollout=5 success=True steps=188 n_chunks=188
===== UPDATE 22: success_rate=1.000 loss=None grad_norm=None elapsed=22190s =====
[update 23] task=3 attempt=0 rollout=0 success=True steps=288 n_chunks=288
[update 23] task=3 attempt=0 rollout=1 success=True steps=236 n_chunks=236
[update 23] task=3 attempt=0 rollout=2 success=False steps=520 n_chunks=520
[update 23] task=3 attempt=0 rollout=3 success=True steps=386 n_chunks=386
[update 23] task=3 attempt=0 rollout=4 success=True steps=257 n_chunks=257
[update 23] task=3 attempt=0 rollout=5 success=True steps=249 n_chunks=249
[update 23] task=5 attempt=0 rollout=0 success=True steps=190 n_chunks=190
[update 23] task=5 attempt=0 rollout=1 success=True steps=221 n_chunks=221
[update 23] task=5 attempt=0 rollout=2 success=True steps=209 n_chunks=209
[update 23] task=5 attempt=0 rollout=3 success=True steps=183 n_chunks=183
[update 23] task=5 attempt=0 rollout=4 success=True steps=187 n_chunks=187
[update 23] task=5 attempt=0 rollout=5 success=True steps=165 n_chunks=165
===== UPDATE 23: success_rate=0.917 loss=0.5518692860087334 grad_norm=206.63604736328125 elapsed=23262s =====
Saved RL checkpoint to rl_checkpoint_libero_10_vanilla_s0

Fetching 4 files:   0%|          | 0/4 [00:00<?, ?it/s]
Fetching 4 files: 100%|██████████| 4/4 [00:00<00:00, 96420.78it/s]
`torch_dtype` is deprecated! Use `dtype` instead!

Loading weights:   0%|          | 0/489 [00:00<?, ?it/s]
Loading weights: 100%|██████████| 489/489 [00:00<00:00, 6365.99it/s]
Warning: You are sending unauthenticated requests to the HF Hub. Please set a HF_TOKEN to enable higher rate limits and faster downloads.
WARNING:huggingface_hub.utils._http:Warning: You are sending unauthenticated requests to the HF Hub. Please set a HF_TOKEN to enable higher rate limits and faster downloads.
[robosuite WARNING] No private macro file found! (__init__.py:7)
WARNING:robosuite_logs:No private macro file found!
[robosuite WARNING] It is recommended to use a private macro file (__init__.py:8)
WARNING:robosuite_logs:It is recommended to use a private macro file
[robosuite WARNING] To setup, run: python /home/user/anaconda3/envs/vla_smolvla_libero/lib/python3.12/site-packages/robosuite/scripts/setup_macros.py (__init__.py:9)
WARNING:robosuite_logs:To setup, run: python /home/user/anaconda3/envs/vla_smolvla_libero/lib/python3.12/site-packages/robosuite/scripts/setup_macros.py
Exception ignored in: <function MjRenderContext.__del__ at 0x7833c270e980>
Traceback (most recent call last):
  File "/home/user/anaconda3/envs/vla_smolvla_libero/lib/python3.12/site-packages/robosuite/utils/binding_utils.py", line 199, in __del__
    self.gl_ctx.free()
  File "/home/user/anaconda3/envs/vla_smolvla_libero/lib/python3.12/site-packages/robosuite/renderers/context/egl_context.py", line 150, in free
    EGL.eglDestroyContext(EGL_DISPLAY, self._context)
  File "/home/user/anaconda3/envs/vla_smolvla_libero/lib/python3.12/site-packages/OpenGL/error.py", line 230, in glCheckError
    raise self._errorClass(
OpenGL.raw.EGL._errors.EGLError: EGLError(
	err = EGL_NOT_INITIALIZED,
	baseOperation = eglDestroyContext,
	cArguments = (
		<OpenGL._opaque.EGLDisplay_pointer object at 0x7833882648d0>,
		<OpenGL._opaque.EGLContext_pointer object at 0x7833882cf7d0>,
	),
	result = 0
)
Exception ignored in: <function EGLGLContext.__del__ at 0x7833c270e840>
Traceback (most recent call last):
  File "/home/user/anaconda3/envs/vla_smolvla_libero/lib/python3.12/site-packages/robosuite/renderers/context/egl_context.py", line 155, in __del__
    self.free()
  File "/home/user/anaconda3/envs/vla_smolvla_libero/lib/python3.12/site-packages/robosuite/renderers/context/egl_context.py", line 150, in free
    EGL.eglDestroyContext(EGL_DISPLAY, self._context)
  File "/home/user/anaconda3/envs/vla_smolvla_libero/lib/python3.12/site-packages/OpenGL/error.py", line 230, in glCheckError
    raise self._errorClass(
OpenGL.raw.EGL._errors.EGLError: EGLError(
	err = EGL_NOT_INITIALIZED,
	baseOperation = eglDestroyContext,
	cArguments = (
		<OpenGL._opaque.EGLDisplay_pointer object at 0x7833882648d0>,
		<OpenGL._opaque.EGLContext_pointer object at 0x7833882cf7d0>,
	),
	result = 0
)
Exception ignored in: <function MjRenderContext.__del__ at 0x7833c270e980>
Traceback (most recent call last):
  File "/home/user/anaconda3/envs/vla_smolvla_libero/lib/python3.12/site-packages/robosuite/utils/binding_utils.py", line 199, in __del__
    self.gl_ctx.free()
  File "/home/user/anaconda3/envs/vla_smolvla_libero/lib/python3.12/site-packages/robosuite/renderers/context/egl_context.py", line 149, in free
    EGL.eglMakeCurrent(EGL_DISPLAY, EGL.EGL_NO_SURFACE, EGL.EGL_NO_SURFACE, EGL.EGL_NO_CONTEXT)
  File "/home/user/anaconda3/envs/vla_smolvla_libero/lib/python3.12/site-packages/OpenGL/error.py", line 230, in glCheckError
    raise self._errorClass(
OpenGL.raw.EGL._errors.EGLError: EGLError(
	err = EGL_NOT_INITIALIZED,
	baseOperation = eglMakeCurrent,
	cArguments = (
		<OpenGL._opaque.EGLDisplay_pointer object at 0x7833882648d0>,
		<OpenGL._opaque.EGLSurface_pointer object at 0x7833c26b75d0>,
		<OpenGL._opaque.EGLSurface_pointer object at 0x7833c26b75d0>,
		<OpenGL._opaque.EGLContext_pointer object at 0x7833c26b74d0>,
	),
	result = 0
)
Exception ignored in: <function EGLGLContext.__del__ at 0x7833c270e840>
Traceback (most recent call last):
  File "/home/user/anaconda3/envs/vla_smolvla_libero/lib/python3.12/site-packages/robosuite/renderers/context/egl_context.py", line 155, in __del__
    self.free()
  File "/home/user/anaconda3/envs/vla_smolvla_libero/lib/python3.12/site-packages/robosuite/renderers/context/egl_context.py", line 149, in free
    EGL.eglMakeCurrent(EGL_DISPLAY, EGL.EGL_NO_SURFACE, EGL.EGL_NO_SURFACE, EGL.EGL_NO_CONTEXT)
  File "/home/user/anaconda3/envs/vla_smolvla_libero/lib/python3.12/site-packages/OpenGL/error.py", line 230, in glCheckError
    raise self._errorClass(
OpenGL.raw.EGL._errors.EGLError: EGLError(
	err = EGL_NOT_INITIALIZED,
	baseOperation = eglMakeCurrent,
	cArguments = (
		<OpenGL._opaque.EGLDisplay_pointer object at 0x7833882648d0>,
		<OpenGL._opaque.EGLSurface_pointer object at 0x7833c26b75d0>,
		<OpenGL._opaque.EGLSurface_pointer object at 0x7833c26b75d0>,
		<OpenGL._opaque.EGLContext_pointer object at 0x7833c26b74d0>,
	),
	result = 0
)


