Loading  HuggingFaceTB/SmolVLM2-500M-Video-Instruct weights ...
Reducing the number of VLM layers to 16 ...
Loading weights from local directory
[info] using task orders [0, 1, 2, 3, 4, 5, 6, 7, 8, 9]
Local assets not found. Downloading from HuggingFace Hub...
Assets already downloaded at /home/user/.cache/libero/assets
[info] using task orders [0, 1, 2, 3, 4, 5, 6, 7, 8, 9]
[update 0] task=3 attempt=0 rollout=0 success=True steps=94 n_chunks=94
[update 0] task=3 attempt=0 rollout=1 success=True steps=93 n_chunks=93
[update 0] task=3 attempt=0 rollout=2 success=True steps=85 n_chunks=85
[update 0] task=3 attempt=0 rollout=3 success=True steps=89 n_chunks=89
[update 0] task=3 attempt=0 rollout=4 success=True steps=86 n_chunks=86
[update 0] task=3 attempt=0 rollout=5 success=True steps=83 n_chunks=83
[update 0] task=5 attempt=0 rollout=0 success=True steps=95 n_chunks=95
[update 0] task=5 attempt=0 rollout=1 success=False steps=220 n_chunks=220
[update 0] task=5 attempt=0 rollout=2 success=False steps=220 n_chunks=220
[update 0] task=5 attempt=0 rollout=3 success=False steps=220 n_chunks=220
[update 0] task=5 attempt=0 rollout=4 success=False steps=220 n_chunks=220
[update 0] task=5 attempt=0 rollout=5 success=False steps=220 n_chunks=220
===== UPDATE 0: success_rate=0.583 loss=0.46502763806027847 grad_norm=118.81434631347656 elapsed=676s =====
[update 1] task=3 attempt=0 rollout=0 success=True steps=88 n_chunks=88
[update 1] task=3 attempt=0 rollout=1 success=True steps=100 n_chunks=100
[update 1] task=3 attempt=0 rollout=2 success=True steps=82 n_chunks=82
[update 1] task=3 attempt=0 rollout=3 success=True steps=88 n_chunks=88
[update 1] task=3 attempt=0 rollout=4 success=True steps=83 n_chunks=83
[update 1] task=3 attempt=0 rollout=5 success=True steps=97 n_chunks=97
[update 1] task=5 attempt=0 rollout=0 success=False steps=220 n_chunks=220
[update 1] task=5 attempt=0 rollout=1 success=False steps=220 n_chunks=220
[update 1] task=5 attempt=0 rollout=2 success=False steps=220 n_chunks=220
[update 1] task=5 attempt=0 rollout=3 success=False steps=220 n_chunks=220
[update 1] task=5 attempt=0 rollout=4 success=False steps=220 n_chunks=220
[update 1] task=5 attempt=0 rollout=5 success=False steps=220 n_chunks=220
===== UPDATE 1: success_rate=0.500 loss=None grad_norm=None elapsed=1177s =====
[update 2] task=3 attempt=0 rollout=0 success=True steps=93 n_chunks=93
[update 2] task=3 attempt=0 rollout=1 success=True steps=97 n_chunks=97
[update 2] task=3 attempt=0 rollout=2 success=True steps=84 n_chunks=84
[update 2] task=3 attempt=0 rollout=3 success=True steps=94 n_chunks=94
[update 2] task=3 attempt=0 rollout=4 success=True steps=99 n_chunks=99
[update 2] task=3 attempt=0 rollout=5 success=True steps=85 n_chunks=85
[update 2] task=5 attempt=0 rollout=0 success=False steps=220 n_chunks=220
[update 2] task=5 attempt=0 rollout=1 success=False steps=220 n_chunks=220
[update 2] task=5 attempt=0 rollout=2 success=False steps=220 n_chunks=220
[update 2] task=5 attempt=0 rollout=3 success=False steps=220 n_chunks=220
[update 2] task=5 attempt=0 rollout=4 success=False steps=220 n_chunks=220
[update 2] task=5 attempt=0 rollout=5 success=False steps=220 n_chunks=220
===== UPDATE 2: success_rate=0.500 loss=None grad_norm=None elapsed=1659s =====
[update 3] task=3 attempt=0 rollout=0 success=True steps=92 n_chunks=92
[update 3] task=3 attempt=0 rollout=1 success=True steps=94 n_chunks=94
[update 3] task=3 attempt=0 rollout=2 success=True steps=83 n_chunks=83
[update 3] task=3 attempt=0 rollout=3 success=True steps=88 n_chunks=88
[update 3] task=3 attempt=0 rollout=4 success=True steps=93 n_chunks=93
[update 3] task=3 attempt=0 rollout=5 success=True steps=86 n_chunks=86
[update 3] task=5 attempt=0 rollout=0 success=False steps=220 n_chunks=220
[update 3] task=5 attempt=0 rollout=1 success=False steps=220 n_chunks=220
[update 3] task=5 attempt=0 rollout=2 success=False steps=220 n_chunks=220
[update 3] task=5 attempt=0 rollout=3 success=False steps=220 n_chunks=220
[update 3] task=5 attempt=0 rollout=4 success=False steps=220 n_chunks=220
[update 3] task=5 attempt=0 rollout=5 success=False steps=220 n_chunks=220
===== UPDATE 3: success_rate=0.500 loss=None grad_norm=None elapsed=2149s =====
[update 4] task=3 attempt=0 rollout=0 success=True steps=92 n_chunks=92
[update 4] task=3 attempt=0 rollout=1 success=True steps=93 n_chunks=93
[update 4] task=3 attempt=0 rollout=2 success=True steps=83 n_chunks=83
[update 4] task=3 attempt=0 rollout=3 success=True steps=83 n_chunks=83
[update 4] task=3 attempt=0 rollout=4 success=True steps=83 n_chunks=83
[update 4] task=3 attempt=0 rollout=5 success=True steps=87 n_chunks=87
[update 4] task=5 attempt=0 rollout=0 success=False steps=220 n_chunks=220
[update 4] task=5 attempt=0 rollout=1 success=False steps=220 n_chunks=220
[update 4] task=5 attempt=0 rollout=2 success=False steps=220 n_chunks=220
[update 4] task=5 attempt=0 rollout=3 success=False steps=220 n_chunks=220
[update 4] task=5 attempt=0 rollout=4 success=False steps=220 n_chunks=220
[update 4] task=5 attempt=0 rollout=5 success=False steps=220 n_chunks=220
===== UPDATE 4: success_rate=0.500 loss=None grad_norm=None elapsed=2637s =====
[update 5] task=3 attempt=0 rollout=0 success=True steps=89 n_chunks=89
[update 5] task=3 attempt=0 rollout=1 success=True steps=96 n_chunks=96
[update 5] task=3 attempt=0 rollout=2 success=True steps=80 n_chunks=80
[update 5] task=3 attempt=0 rollout=3 success=True steps=85 n_chunks=85
[update 5] task=3 attempt=0 rollout=4 success=True steps=86 n_chunks=86
[update 5] task=3 attempt=0 rollout=5 success=True steps=82 n_chunks=82
[update 5] task=5 attempt=0 rollout=0 success=True steps=99 n_chunks=99
[update 5] task=5 attempt=0 rollout=1 success=False steps=220 n_chunks=220
[update 5] task=5 attempt=0 rollout=2 success=False steps=220 n_chunks=220
[update 5] task=5 attempt=0 rollout=3 success=False steps=220 n_chunks=220
[update 5] task=5 attempt=0 rollout=4 success=False steps=220 n_chunks=220
[update 5] task=5 attempt=0 rollout=5 success=False steps=220 n_chunks=220
===== UPDATE 5: success_rate=0.583 loss=0.43762803087640145 grad_norm=124.13832092285156 elapsed=3332s =====
[update 6] task=3 attempt=0 rollout=0 success=True steps=90 n_chunks=90
[update 6] task=3 attempt=0 rollout=1 success=True steps=96 n_chunks=96
[update 6] task=3 attempt=0 rollout=2 success=True steps=82 n_chunks=82
[update 6] task=3 attempt=0 rollout=3 success=True steps=88 n_chunks=88
[update 6] task=3 attempt=0 rollout=4 success=True steps=92 n_chunks=92
[update 6] task=3 attempt=0 rollout=5 success=True steps=92 n_chunks=92
[update 6] task=5 attempt=0 rollout=0 success=False steps=220 n_chunks=220
[update 6] task=5 attempt=0 rollout=1 success=False steps=220 n_chunks=220
[update 6] task=5 attempt=0 rollout=2 success=False steps=220 n_chunks=220
[update 6] task=5 attempt=0 rollout=3 success=False steps=220 n_chunks=220
[update 6] task=5 attempt=0 rollout=4 success=False steps=220 n_chunks=220
[update 6] task=5 attempt=0 rollout=5 success=False steps=220 n_chunks=220
===== UPDATE 6: success_rate=0.500 loss=None grad_norm=None elapsed=3819s =====
[update 7] task=3 attempt=0 rollout=0 success=True steps=89 n_chunks=89
[update 7] task=3 attempt=0 rollout=1 success=True steps=94 n_chunks=94
[update 7] task=3 attempt=0 rollout=2 success=True steps=85 n_chunks=85
[update 7] task=3 attempt=0 rollout=3 success=True steps=87 n_chunks=87
[update 7] task=3 attempt=0 rollout=4 success=True steps=92 n_chunks=92
[update 7] task=3 attempt=0 rollout=5 success=True steps=88 n_chunks=88
[update 7] task=5 attempt=0 rollout=0 success=False steps=220 n_chunks=220
[update 7] task=5 attempt=0 rollout=1 success=False steps=220 n_chunks=220
[update 7] task=5 attempt=0 rollout=2 success=False steps=220 n_chunks=220
[update 7] task=5 attempt=0 rollout=3 success=False steps=220 n_chunks=220
[update 7] task=5 attempt=0 rollout=4 success=False steps=220 n_chunks=220
[update 7] task=5 attempt=0 rollout=5 success=False steps=220 n_chunks=220
===== UPDATE 7: success_rate=0.500 loss=None grad_norm=None elapsed=4317s =====
[update 8] task=3 attempt=0 rollout=0 success=True steps=87 n_chunks=87
[update 8] task=3 attempt=0 rollout=1 success=True steps=91 n_chunks=91
[update 8] task=3 attempt=0 rollout=2 success=True steps=83 n_chunks=83
[update 8] task=3 attempt=0 rollout=3 success=True steps=85 n_chunks=85
[update 8] task=3 attempt=0 rollout=4 success=True steps=86 n_chunks=86
[update 8] task=3 attempt=0 rollout=5 success=False steps=220 n_chunks=220
[update 8] task=5 attempt=0 rollout=0 success=False steps=220 n_chunks=220
[update 8] task=5 attempt=0 rollout=1 success=False steps=220 n_chunks=220
[update 8] task=5 attempt=0 rollout=2 success=False steps=220 n_chunks=220
[update 8] task=5 attempt=0 rollout=3 success=False steps=220 n_chunks=220
[update 8] task=5 attempt=0 rollout=4 success=False steps=220 n_chunks=220
[update 8] task=5 attempt=0 rollout=5 success=False steps=220 n_chunks=220
===== UPDATE 8: success_rate=0.417 loss=0.9542324709837422 grad_norm=164.97357177734375 elapsed=4958s =====
[update 9] task=3 attempt=0 rollout=0 success=True steps=88 n_chunks=88
[update 9] task=3 attempt=0 rollout=1 success=True steps=91 n_chunks=91
[update 9] task=3 attempt=0 rollout=2 success=True steps=83 n_chunks=83
[update 9] task=3 attempt=0 rollout=3 success=True steps=90 n_chunks=90
[update 9] task=3 attempt=0 rollout=4 success=True steps=89 n_chunks=89
[update 9] task=3 attempt=0 rollout=5 success=True steps=95 n_chunks=95
[update 9] task=5 attempt=0 rollout=0 success=False steps=220 n_chunks=220
[update 9] task=5 attempt=0 rollout=1 success=False steps=220 n_chunks=220
[update 9] task=5 attempt=0 rollout=2 success=False steps=220 n_chunks=220
[update 9] task=5 attempt=0 rollout=3 success=False steps=220 n_chunks=220
[update 9] task=5 attempt=0 rollout=4 success=False steps=220 n_chunks=220
[update 9] task=5 attempt=0 rollout=5 success=False steps=220 n_chunks=220
===== UPDATE 9: success_rate=0.500 loss=None grad_norm=None elapsed=5439s =====
[update 10] task=3 attempt=0 rollout=0 success=True steps=87 n_chunks=87
[update 10] task=3 attempt=0 rollout=1 success=True steps=90 n_chunks=90
[update 10] task=3 attempt=0 rollout=2 success=True steps=80 n_chunks=80
[update 10] task=3 attempt=0 rollout=3 success=True steps=90 n_chunks=90
[update 10] task=3 attempt=0 rollout=4 success=True steps=91 n_chunks=91
[update 10] task=3 attempt=0 rollout=5 success=True steps=86 n_chunks=86
[update 10] task=5 attempt=0 rollout=0 success=False steps=220 n_chunks=220
[update 10] task=5 attempt=0 rollout=1 success=False steps=220 n_chunks=220
[update 10] task=5 attempt=0 rollout=2 success=False steps=220 n_chunks=220
[update 10] task=5 attempt=0 rollout=3 success=False steps=220 n_chunks=220
[update 10] task=5 attempt=0 rollout=4 success=False steps=220 n_chunks=220
[update 10] task=5 attempt=0 rollout=5 success=False steps=220 n_chunks=220
===== UPDATE 10: success_rate=0.500 loss=None grad_norm=None elapsed=5921s =====
[update 11] task=3 attempt=0 rollout=0 success=True steps=81 n_chunks=81
[update 11] task=3 attempt=0 rollout=1 success=True steps=98 n_chunks=98
[update 11] task=3 attempt=0 rollout=2 success=True steps=85 n_chunks=85
[update 11] task=3 attempt=0 rollout=3 success=True steps=84 n_chunks=84
[update 11] task=3 attempt=0 rollout=4 success=True steps=93 n_chunks=93
[update 11] task=3 attempt=0 rollout=5 success=True steps=86 n_chunks=86
[update 11] task=5 attempt=0 rollout=0 success=False steps=220 n_chunks=220
[update 11] task=5 attempt=0 rollout=1 success=False steps=220 n_chunks=220
[update 11] task=5 attempt=0 rollout=2 success=False steps=220 n_chunks=220
[update 11] task=5 attempt=0 rollout=3 success=False steps=220 n_chunks=220
[update 11] task=5 attempt=0 rollout=4 success=False steps=220 n_chunks=220
[update 11] task=5 attempt=0 rollout=5 success=False steps=220 n_chunks=220
===== UPDATE 11: success_rate=0.500 loss=None grad_norm=None elapsed=6404s =====
[update 12] task=3 attempt=0 rollout=0 success=True steps=96 n_chunks=96
[update 12] task=3 attempt=0 rollout=1 success=True steps=97 n_chunks=97
[update 12] task=3 attempt=0 rollout=2 success=False steps=220 n_chunks=220
[update 12] task=3 attempt=0 rollout=3 success=True steps=87 n_chunks=87
[update 12] task=3 attempt=0 rollout=4 success=True steps=89 n_chunks=89
[update 12] task=3 attempt=0 rollout=5 success=True steps=85 n_chunks=85
[update 12] task=5 attempt=0 rollout=0 success=False steps=220 n_chunks=220
[update 12] task=5 attempt=0 rollout=1 success=False steps=220 n_chunks=220
[update 12] task=5 attempt=0 rollout=2 success=False steps=220 n_chunks=220
[update 12] task=5 attempt=0 rollout=3 success=False steps=220 n_chunks=220
[update 12] task=5 attempt=0 rollout=4 success=False steps=220 n_chunks=220
[update 12] task=5 attempt=0 rollout=5 success=False steps=220 n_chunks=220
===== UPDATE 12: success_rate=0.417 loss=0.839157247755577 grad_norm=155.60733032226562 elapsed=7058s =====
[update 13] task=3 attempt=0 rollout=0 success=True steps=90 n_chunks=90
[update 13] task=3 attempt=0 rollout=1 success=True steps=87 n_chunks=87
[update 13] task=3 attempt=0 rollout=2 success=True steps=82 n_chunks=82
[update 13] task=3 attempt=0 rollout=3 success=True steps=87 n_chunks=87
[update 13] task=3 attempt=0 rollout=4 success=True steps=93 n_chunks=93
[update 13] task=3 attempt=0 rollout=5 success=True steps=86 n_chunks=86
[update 13] task=5 attempt=0 rollout=0 success=False steps=220 n_chunks=220
[update 13] task=5 attempt=0 rollout=1 success=False steps=220 n_chunks=220
[update 13] task=5 attempt=0 rollout=2 success=False steps=220 n_chunks=220
[update 13] task=5 attempt=0 rollout=3 success=False steps=220 n_chunks=220
[update 13] task=5 attempt=0 rollout=4 success=False steps=220 n_chunks=220
[update 13] task=5 attempt=0 rollout=5 success=False steps=220 n_chunks=220
===== UPDATE 13: success_rate=0.500 loss=None grad_norm=None elapsed=7548s =====
[update 14] task=3 attempt=0 rollout=0 success=True steps=81 n_chunks=81
[update 14] task=3 attempt=0 rollout=1 success=True steps=91 n_chunks=91
[update 14] task=3 attempt=0 rollout=2 success=True steps=87 n_chunks=87
[update 14] task=3 attempt=0 rollout=3 success=True steps=86 n_chunks=86
[update 14] task=3 attempt=0 rollout=4 success=True steps=96 n_chunks=96
[update 14] task=3 attempt=0 rollout=5 success=True steps=88 n_chunks=88
[update 14] task=5 attempt=0 rollout=0 success=False steps=220 n_chunks=220
[update 14] task=5 attempt=0 rollout=1 success=False steps=220 n_chunks=220
[update 14] task=5 attempt=0 rollout=2 success=False steps=220 n_chunks=220
[update 14] task=5 attempt=0 rollout=3 success=False steps=220 n_chunks=220
[update 14] task=5 attempt=0 rollout=4 success=False steps=220 n_chunks=220
[update 14] task=5 attempt=0 rollout=5 success=False steps=220 n_chunks=220
===== UPDATE 14: success_rate=0.500 loss=None grad_norm=None elapsed=8035s =====
[update 15] task=3 attempt=0 rollout=0 success=True steps=86 n_chunks=86
[update 15] task=3 attempt=0 rollout=1 success=True steps=95 n_chunks=95
[update 15] task=3 attempt=0 rollout=2 success=True steps=94 n_chunks=94
[update 15] task=3 attempt=0 rollout=3 success=True steps=87 n_chunks=87
[update 15] task=3 attempt=0 rollout=4 success=True steps=87 n_chunks=87
[update 15] task=3 attempt=0 rollout=5 success=True steps=81 n_chunks=81
[update 15] task=5 attempt=0 rollout=0 success=False steps=220 n_chunks=220
[update 15] task=5 attempt=0 rollout=1 success=False steps=220 n_chunks=220
[update 15] task=5 attempt=0 rollout=2 success=False steps=220 n_chunks=220
[update 15] task=5 attempt=0 rollout=3 success=False steps=220 n_chunks=220
[update 15] task=5 attempt=0 rollout=4 success=False steps=220 n_chunks=220
[update 15] task=5 attempt=0 rollout=5 success=False steps=220 n_chunks=220
===== UPDATE 15: success_rate=0.500 loss=None grad_norm=None elapsed=8519s =====
[update 16] task=3 attempt=0 rollout=0 success=True steps=91 n_chunks=91
[update 16] task=3 attempt=0 rollout=1 success=True steps=95 n_chunks=95
[update 16] task=3 attempt=0 rollout=2 success=False steps=220 n_chunks=220
[update 16] task=3 attempt=0 rollout=3 success=True steps=86 n_chunks=86
[update 16] task=3 attempt=0 rollout=4 success=True steps=88 n_chunks=88
[update 16] task=3 attempt=0 rollout=5 success=True steps=89 n_chunks=89
[update 16] task=5 attempt=0 rollout=0 success=True steps=95 n_chunks=95
[update 16] task=5 attempt=0 rollout=1 success=False steps=220 n_chunks=220
[update 16] task=5 attempt=0 rollout=2 success=False steps=220 n_chunks=220
[update 16] task=5 attempt=0 rollout=3 success=False steps=220 n_chunks=220
[update 16] task=5 attempt=0 rollout=4 success=False steps=220 n_chunks=220
[update 16] task=5 attempt=0 rollout=5 success=False steps=220 n_chunks=220
===== UPDATE 16: success_rate=0.500 loss=0.590207350468303 grad_norm=189.88409423828125 elapsed=9383s =====
[update 17] task=3 attempt=0 rollout=0 success=True steps=87 n_chunks=87
[update 17] task=3 attempt=0 rollout=1 success=True steps=97 n_chunks=97
[update 17] task=3 attempt=0 rollout=2 success=True steps=81 n_chunks=81
[update 17] task=3 attempt=0 rollout=3 success=True steps=87 n_chunks=87
[update 17] task=3 attempt=0 rollout=4 success=True steps=87 n_chunks=87
[update 17] task=3 attempt=0 rollout=5 success=True steps=100 n_chunks=100
[update 17] task=5 attempt=0 rollout=0 success=False steps=220 n_chunks=220
[update 17] task=5 attempt=0 rollout=1 success=False steps=220 n_chunks=220
[update 17] task=5 attempt=0 rollout=2 success=False steps=220 n_chunks=220
[update 17] task=5 attempt=0 rollout=3 success=False steps=220 n_chunks=220
[update 17] task=5 attempt=0 rollout=4 success=False steps=220 n_chunks=220
[update 17] task=5 attempt=0 rollout=5 success=False steps=220 n_chunks=220
===== UPDATE 17: success_rate=0.500 loss=None grad_norm=None elapsed=9869s =====
[update 18] task=3 attempt=0 rollout=0 success=False steps=220 n_chunks=220
[update 18] task=3 attempt=0 rollout=1 success=True steps=93 n_chunks=93
[update 18] task=3 attempt=0 rollout=2 success=True steps=82 n_chunks=82
[update 18] task=3 attempt=0 rollout=3 success=True steps=87 n_chunks=87
[update 18] task=3 attempt=0 rollout=4 success=True steps=84 n_chunks=84
[update 18] task=3 attempt=0 rollout=5 success=True steps=87 n_chunks=87
[update 18] task=5 attempt=0 rollout=0 success=False steps=220 n_chunks=220
[update 18] task=5 attempt=0 rollout=1 success=False steps=220 n_chunks=220
[update 18] task=5 attempt=0 rollout=2 success=False steps=220 n_chunks=220
[update 18] task=5 attempt=0 rollout=3 success=False steps=220 n_chunks=220
[update 18] task=5 attempt=0 rollout=4 success=False steps=220 n_chunks=220
[update 18] task=5 attempt=0 rollout=5 success=False steps=220 n_chunks=220
===== UPDATE 18: success_rate=0.417 loss=0.8991503069722087 grad_norm=171.02029418945312 elapsed=10509s =====
[update 19] task=3 attempt=0 rollout=0 success=True steps=93 n_chunks=93
[update 19] task=3 attempt=0 rollout=1 success=True steps=92 n_chunks=92
[update 19] task=3 attempt=0 rollout=2 success=True steps=81 n_chunks=81
[update 19] task=3 attempt=0 rollout=3 success=True steps=89 n_chunks=89
[update 19] task=3 attempt=0 rollout=4 success=True steps=87 n_chunks=87
[update 19] task=3 attempt=0 rollout=5 success=True steps=87 n_chunks=87
[update 19] task=5 attempt=0 rollout=0 success=False steps=220 n_chunks=220
[update 19] task=5 attempt=0 rollout=1 success=False steps=220 n_chunks=220
[update 19] task=5 attempt=0 rollout=2 success=False steps=220 n_chunks=220
[update 19] task=5 attempt=0 rollout=3 success=False steps=220 n_chunks=220
[update 19] task=5 attempt=0 rollout=4 success=False steps=220 n_chunks=220
[update 19] task=5 attempt=0 rollout=5 success=False steps=220 n_chunks=220
===== UPDATE 19: success_rate=0.500 loss=None grad_norm=None elapsed=10993s =====
[update 20] task=3 attempt=0 rollout=0 success=True steps=91 n_chunks=91
[update 20] task=3 attempt=0 rollout=1 success=True steps=90 n_chunks=90
[update 20] task=3 attempt=0 rollout=2 success=True steps=80 n_chunks=80
[update 20] task=3 attempt=0 rollout=3 success=True steps=86 n_chunks=86
[update 20] task=3 attempt=0 rollout=4 success=True steps=90 n_chunks=90
[update 20] task=3 attempt=0 rollout=5 success=True steps=97 n_chunks=97
[update 20] task=5 attempt=0 rollout=0 success=False steps=220 n_chunks=220
[update 20] task=5 attempt=0 rollout=1 success=False steps=220 n_chunks=220
[update 20] task=5 attempt=0 rollout=2 success=False steps=220 n_chunks=220
[update 20] task=5 attempt=0 rollout=3 success=False steps=220 n_chunks=220
[update 20] task=5 attempt=0 rollout=4 success=False steps=220 n_chunks=220
[update 20] task=5 attempt=0 rollout=5 success=False steps=220 n_chunks=220
===== UPDATE 20: success_rate=0.500 loss=None grad_norm=None elapsed=11474s =====
[update 21] task=3 attempt=0 rollout=0 success=True steps=90 n_chunks=90
[update 21] task=3 attempt=0 rollout=1 success=True steps=96 n_chunks=96
[update 21] task=3 attempt=0 rollout=2 success=True steps=82 n_chunks=82
[update 21] task=3 attempt=0 rollout=3 success=True steps=86 n_chunks=86
[update 21] task=3 attempt=0 rollout=4 success=True steps=93 n_chunks=93
[update 21] task=3 attempt=0 rollout=5 success=True steps=88 n_chunks=88
[update 21] task=5 attempt=0 rollout=0 success=False steps=220 n_chunks=220
[update 21] task=5 attempt=0 rollout=1 success=False steps=220 n_chunks=220
[update 21] task=5 attempt=0 rollout=2 success=False steps=220 n_chunks=220
[update 21] task=5 attempt=0 rollout=3 success=False steps=220 n_chunks=220
[update 21] task=5 attempt=0 rollout=4 success=False steps=220 n_chunks=220
[update 21] task=5 attempt=0 rollout=5 success=False steps=220 n_chunks=220
===== UPDATE 21: success_rate=0.500 loss=None grad_norm=None elapsed=11958s =====
[update 22] task=3 attempt=0 rollout=0 success=True steps=90 n_chunks=90
[update 22] task=3 attempt=0 rollout=1 success=True steps=90 n_chunks=90
[update 22] task=3 attempt=0 rollout=2 success=True steps=81 n_chunks=81
[update 22] task=3 attempt=0 rollout=3 success=True steps=87 n_chunks=87
[update 22] task=3 attempt=0 rollout=4 success=True steps=92 n_chunks=92
[update 22] task=3 attempt=0 rollout=5 success=True steps=88 n_chunks=88
[update 22] task=5 attempt=0 rollout=0 success=False steps=220 n_chunks=220
[update 22] task=5 attempt=0 rollout=1 success=False steps=220 n_chunks=220
[update 22] task=5 attempt=0 rollout=2 success=False steps=220 n_chunks=220
[update 22] task=5 attempt=0 rollout=3 success=False steps=220 n_chunks=220
[update 22] task=5 attempt=0 rollout=4 success=False steps=220 n_chunks=220
[update 22] task=5 attempt=0 rollout=5 success=False steps=220 n_chunks=220
===== UPDATE 22: success_rate=0.500 loss=None grad_norm=None elapsed=12450s =====
[update 23] task=3 attempt=0 rollout=0 success=True steps=84 n_chunks=84
[update 23] task=3 attempt=0 rollout=1 success=True steps=96 n_chunks=96
[update 23] task=3 attempt=0 rollout=2 success=True steps=83 n_chunks=83
[update 23] task=3 attempt=0 rollout=3 success=True steps=90 n_chunks=90
[update 23] task=3 attempt=0 rollout=4 success=True steps=89 n_chunks=89
[update 23] task=3 attempt=0 rollout=5 success=True steps=86 n_chunks=86
[update 23] task=5 attempt=0 rollout=0 success=False steps=220 n_chunks=220
[update 23] task=5 attempt=0 rollout=1 success=False steps=220 n_chunks=220
[update 23] task=5 attempt=0 rollout=2 success=False steps=220 n_chunks=220
[update 23] task=5 attempt=0 rollout=3 success=False steps=220 n_chunks=220
[update 23] task=5 attempt=0 rollout=4 success=False steps=220 n_chunks=220
[update 23] task=5 attempt=0 rollout=5 success=False steps=220 n_chunks=220
===== UPDATE 23: success_rate=0.500 loss=None grad_norm=None elapsed=12933s =====
Saved RL checkpoint to rl_checkpoint_libero_spatial_vanilla_s0

Fetching 4 files:   0%|          | 0/4 [00:00<?, ?it/s]
Fetching 4 files: 100%|██████████| 4/4 [00:00<00:00, 16100.98it/s]
Warning: You are sending unauthenticated requests to the HF Hub. Please set a HF_TOKEN to enable higher rate limits and faster downloads.
WARNING:huggingface_hub.utils._http:Warning: You are sending unauthenticated requests to the HF Hub. Please set a HF_TOKEN to enable higher rate limits and faster downloads.
`torch_dtype` is deprecated! Use `dtype` instead!

Loading weights:   0%|          | 0/489 [00:00<?, ?it/s]
Loading weights:  62%|██████▏   | 304/489 [00:00<00:00, 3030.60it/s]
Loading weights: 100%|██████████| 489/489 [00:00<00:00, 3699.30it/s]
[robosuite WARNING] No private macro file found! (__init__.py:7)
WARNING:robosuite_logs:No private macro file found!
[robosuite WARNING] It is recommended to use a private macro file (__init__.py:8)
WARNING:robosuite_logs:It is recommended to use a private macro file
[robosuite WARNING] To setup, run: python /home/user/anaconda3/envs/vla_smolvla_libero/lib/python3.12/site-packages/robosuite/scripts/setup_macros.py (__init__.py:9)
WARNING:robosuite_logs:To setup, run: python /home/user/anaconda3/envs/vla_smolvla_libero/lib/python3.12/site-packages/robosuite/scripts/setup_macros.py
Exception ignored in: <function MjRenderContext.__del__ at 0x7926e0b768e0>
Traceback (most recent call last):
  File "/home/user/anaconda3/envs/vla_smolvla_libero/lib/python3.12/site-packages/robosuite/utils/binding_utils.py", line 199, in __del__
    self.gl_ctx.free()
  File "/home/user/anaconda3/envs/vla_smolvla_libero/lib/python3.12/site-packages/robosuite/renderers/context/egl_context.py", line 150, in free
    EGL.eglDestroyContext(EGL_DISPLAY, self._context)
  File "/home/user/anaconda3/envs/vla_smolvla_libero/lib/python3.12/site-packages/OpenGL/error.py", line 230, in glCheckError
    raise self._errorClass(
OpenGL.raw.EGL._errors.EGLError: EGLError(
	err = EGL_NOT_INITIALIZED,
	baseOperation = eglDestroyContext,
	cArguments = (
		<OpenGL._opaque.EGLDisplay_pointer object at 0x7926b2ea5d50>,
		<OpenGL._opaque.EGLContext_pointer object at 0x79259c14f2d0>,
	),
	result = 0
)
Exception ignored in: <function EGLGLContext.__del__ at 0x7926e0b767a0>
Traceback (most recent call last):
  File "/home/user/anaconda3/envs/vla_smolvla_libero/lib/python3.12/site-packages/robosuite/renderers/context/egl_context.py", line 155, in __del__
    self.free()
  File "/home/user/anaconda3/envs/vla_smolvla_libero/lib/python3.12/site-packages/robosuite/renderers/context/egl_context.py", line 150, in free
    EGL.eglDestroyContext(EGL_DISPLAY, self._context)
  File "/home/user/anaconda3/envs/vla_smolvla_libero/lib/python3.12/site-packages/OpenGL/error.py", line 230, in glCheckError
    raise self._errorClass(
OpenGL.raw.EGL._errors.EGLError: EGLError(
	err = EGL_NOT_INITIALIZED,
	baseOperation = eglDestroyContext,
	cArguments = (
		<OpenGL._opaque.EGLDisplay_pointer object at 0x7926b2ea5d50>,
		<OpenGL._opaque.EGLContext_pointer object at 0x79259c14f2d0>,
	),
	result = 0
)
Exception ignored in: <function MjRenderContext.__del__ at 0x7926e0b768e0>
Traceback (most recent call last):
  File "/home/user/anaconda3/envs/vla_smolvla_libero/lib/python3.12/site-packages/robosuite/utils/binding_utils.py", line 199, in __del__
    self.gl_ctx.free()
  File "/home/user/anaconda3/envs/vla_smolvla_libero/lib/python3.12/site-packages/robosuite/renderers/context/egl_context.py", line 149, in free
    EGL.eglMakeCurrent(EGL_DISPLAY, EGL.EGL_NO_SURFACE, EGL.EGL_NO_SURFACE, EGL.EGL_NO_CONTEXT)
  File "/home/user/anaconda3/envs/vla_smolvla_libero/lib/python3.12/site-packages/OpenGL/error.py", line 230, in glCheckError
    raise self._errorClass(
OpenGL.raw.EGL._errors.EGLError: EGLError(
	err = EGL_NOT_INITIALIZED,
	baseOperation = eglMakeCurrent,
	cArguments = (
		<OpenGL._opaque.EGLDisplay_pointer object at 0x7926b2ea5d50>,
		<OpenGL._opaque.EGLSurface_pointer object at 0x7926e0b1f4d0>,
		<OpenGL._opaque.EGLSurface_pointer object at 0x7926e0b1f4d0>,
		<OpenGL._opaque.EGLContext_pointer object at 0x7926e0b1f3d0>,
	),
	result = 0
)
Exception ignored in: <function EGLGLContext.__del__ at 0x7926e0b767a0>
Traceback (most recent call last):
  File "/home/user/anaconda3/envs/vla_smolvla_libero/lib/python3.12/site-packages/robosuite/renderers/context/egl_context.py", line 155, in __del__
    self.free()
  File "/home/user/anaconda3/envs/vla_smolvla_libero/lib/python3.12/site-packages/robosuite/renderers/context/egl_context.py", line 149, in free
    EGL.eglMakeCurrent(EGL_DISPLAY, EGL.EGL_NO_SURFACE, EGL.EGL_NO_SURFACE, EGL.EGL_NO_CONTEXT)
  File "/home/user/anaconda3/envs/vla_smolvla_libero/lib/python3.12/site-packages/OpenGL/error.py", line 230, in glCheckError
    raise self._errorClass(
OpenGL.raw.EGL._errors.EGLError: EGLError(
	err = EGL_NOT_INITIALIZED,
	baseOperation = eglMakeCurrent,
	cArguments = (
		<OpenGL._opaque.EGLDisplay_pointer object at 0x7926b2ea5d50>,
		<OpenGL._opaque.EGLSurface_pointer object at 0x7926e0b1f4d0>,
		<OpenGL._opaque.EGLSurface_pointer object at 0x7926e0b1f4d0>,
		<OpenGL._opaque.EGLContext_pointer object at 0x7926e0b1f3d0>,
	),
	result = 0
)


