Fetching 4 files:   0%|          | 0/4 [00:00<?, ?it/s]Fetching 4 files: 100%|██████████| 4/4 [00:00<00:00, 29127.11it/s]
`torch_dtype` is deprecated! Use `dtype` instead!
Loading  HuggingFaceTB/SmolVLM2-500M-Video-Instruct weights ...
Loading weights:   0%|          | 0/489 [00:00<?, ?it/s]Loading weights: 100%|██████████| 489/489 [00:00<00:00, 6894.89it/s]
[robosuite WARNING] No private macro file found! (__init__.py:7)
WARNING:robosuite_logs:No private macro file found!
[robosuite WARNING] It is recommended to use a private macro file (__init__.py:8)
WARNING:robosuite_logs:It is recommended to use a private macro file
[robosuite WARNING] To setup, run: python /home/user/anaconda3/envs/vla_smolvla_libero/lib/python3.12/site-packages/robosuite/scripts/setup_macros.py (__init__.py:9)
WARNING:robosuite_logs:To setup, run: python /home/user/anaconda3/envs/vla_smolvla_libero/lib/python3.12/site-packages/robosuite/scripts/setup_macros.py
Reducing the number of VLM layers to 16 ...
Loading weights from local directory
[info] using task orders [0, 1, 2, 3, 4, 5, 6, 7, 8, 9]
Local assets not found. Downloading from HuggingFace Hub...
Assets already downloaded at /home/user/.cache/libero/assets
[task0] trial00 init0: OK steps=80
[task0] trial01 init1: OK steps=81
[task0] trial02 init2: x steps=220
[task0] trial03 init3: OK steps=78
[task0] trial04 init4: OK steps=74
[task0] trial05 init5: OK steps=71
[task0] trial06 init6: OK steps=76
[task0] trial07 init7: OK steps=76
[task0] trial08 init8: OK steps=81
[task0] trial09 init9: OK steps=76
[task0] trial10 init10: OK steps=77
[task0] trial11 init11: OK steps=73
[task0] trial12 init12: OK steps=80
[task0] trial13 init13: x steps=220
[task0] trial14 init14: x steps=220
[task0] trial15 init15: OK steps=76
[task0] trial16 init16: OK steps=77
[task0] trial17 init17: OK steps=77
[task0] trial18 init18: OK steps=179
[task0] trial19 init19: OK steps=79
[task0] trial20 init20: OK steps=82
[task0] trial21 init21: OK steps=80
[task0] trial22 init22: OK steps=83
[task0] trial23 init23: OK steps=75
[task0] trial24 init24: OK steps=78
[task0] trial25 init25: OK steps=75
[task0] trial26 init26: OK steps=80
[task0] trial27 init27: OK steps=81
[task0] trial28 init28: OK steps=70
[task0] trial29 init29: OK steps=79
[task0] trial30 init30: OK steps=81
[task0] trial31 init31: OK steps=84
[task0] trial32 init32: OK steps=79
[task0] trial33 init33: OK steps=77
[task0] trial34 init34: OK steps=75
[task0] trial35 init35: x steps=220
[task0] trial36 init36: OK steps=78
[task0] trial37 init37: OK steps=78
[task0] trial38 init38: OK steps=81
[task0] trial39 init39: OK steps=80
[task0] trial40 init40: OK steps=80
[task0] trial41 init41: OK steps=73
[task0] trial42 init42: OK steps=79
[task0] trial43 init43: OK steps=76
[task0] trial44 init44: OK steps=78
[task0] trial45 init45: OK steps=79
[task0] trial46 init46: OK steps=77
[task0] trial47 init47: x steps=220
[task0] trial48 init48: OK steps=78
[task0] trial49 init49: OK steps=75
[info] using task orders [0, 1, 2, 3, 4, 5, 6, 7, 8, 9]
[task1] trial00 init0: OK steps=112
[task1] trial01 init1: OK steps=108
[task1] trial02 init2: OK steps=125
[task1] trial03 init3: OK steps=110
[task1] trial04 init4: x steps=220
[task1] trial05 init5: OK steps=109
[task1] trial06 init6: OK steps=111
[task1] trial07 init7: OK steps=108
[task1] trial08 init8: x steps=220
[task1] trial09 init9: OK steps=116
[task1] trial10 init10: OK steps=113
[task1] trial11 init11: x steps=220
[task1] trial12 init12: OK steps=113
[task1] trial13 init13: OK steps=123
[task1] trial14 init14: x steps=220
[task1] trial15 init15: OK steps=122
[task1] trial16 init16: OK steps=112
[task1] trial17 init17: OK steps=113
[task1] trial18 init18: OK steps=115
[task1] trial19 init19: OK steps=114
[task1] trial20 init20: OK steps=109
[task1] trial21 init21: OK steps=117
[task1] trial22 init22: OK steps=105
[task1] trial23 init23: OK steps=119
[task1] trial24 init24: OK steps=111
[task1] trial25 init25: OK steps=115
[task1] trial26 init26: OK steps=108
[task1] trial27 init27: OK steps=112
[task1] trial28 init28: OK steps=116
[task1] trial29 init29: OK steps=111
[task1] trial30 init30: OK steps=113
[task1] trial31 init31: OK steps=116
[task1] trial32 init32: OK steps=110
[task1] trial33 init33: OK steps=118
[task1] trial34 init34: OK steps=115
[task1] trial35 init35: OK steps=110
[task1] trial36 init36: OK steps=118
[task1] trial37 init37: OK steps=111
[task1] trial38 init38: OK steps=107
[task1] trial39 init39: OK steps=112
[task1] trial40 init40: OK steps=120
[task1] trial41 init41: OK steps=114
[task1] trial42 init42: OK steps=111
[task1] trial43 init43: OK steps=113
[task1] trial44 init44: OK steps=109
[task1] trial45 init45: OK steps=110
[task1] trial46 init46: OK steps=107
[task1] trial47 init47: OK steps=110
[task1] trial48 init48: OK steps=114
[task1] trial49 init49: x steps=220
[info] using task orders [0, 1, 2, 3, 4, 5, 6, 7, 8, 9]
[task2] trial00 init0: OK steps=100
[task2] trial01 init1: OK steps=101
[task2] trial02 init2: OK steps=117
[task2] trial03 init3: OK steps=94
[task2] trial04 init4: OK steps=96
[task2] trial05 init5: OK steps=101
[task2] trial06 init6: OK steps=94
[task2] trial07 init7: OK steps=98
[task2] trial08 init8: OK steps=117
[task2] trial09 init9: OK steps=101
[task2] trial10 init10: OK steps=103
[task2] trial11 init11: x steps=220
[task2] trial12 init12: OK steps=88
[task2] trial13 init13: OK steps=100
[task2] trial14 init14: OK steps=96
[task2] trial15 init15: OK steps=98
[task2] trial16 init16: OK steps=93
[task2] trial17 init17: OK steps=109
[task2] trial18 init18: x steps=220
[task2] trial19 init19: OK steps=102
[task2] trial20 init20: OK steps=106
[task2] trial21 init21: OK steps=110
[task2] trial22 init22: OK steps=96
[task2] trial23 init23: OK steps=106
[task2] trial24 init24: OK steps=94
[task2] trial25 init25: OK steps=98
[task2] trial26 init26: OK steps=92
[task2] trial27 init27: OK steps=101
[task2] trial28 init28: OK steps=102
[task2] trial29 init29: OK steps=94
[task2] trial30 init30: OK steps=94
[task2] trial31 init31: OK steps=99
[task2] trial32 init32: OK steps=99
[task2] trial33 init33: OK steps=102
[task2] trial34 init34: OK steps=116
[task2] trial35 init35: OK steps=91
[task2] trial36 init36: OK steps=93
[task2] trial37 init37: OK steps=96
[task2] trial38 init38: OK steps=102
[task2] trial39 init39: OK steps=94
[task2] trial40 init40: OK steps=98
[task2] trial41 init41: OK steps=97
[task2] trial42 init42: OK steps=102
[task2] trial43 init43: OK steps=111
[task2] trial44 init44: OK steps=97
[task2] trial45 init45: OK steps=100
[task2] trial46 init46: OK steps=103
[task2] trial47 init47: OK steps=100
[task2] trial48 init48: OK steps=95
[task2] trial49 init49: OK steps=110
[info] using task orders [0, 1, 2, 3, 4, 5, 6, 7, 8, 9]
[task3] trial00 init0: OK steps=90
[task3] trial01 init1: OK steps=91
[task3] trial02 init2: OK steps=80
[task3] trial03 init3: OK steps=87
[task3] trial04 init4: OK steps=84
[task3] trial05 init5: OK steps=85
[task3] trial06 init6: OK steps=86
[task3] trial07 init7: x steps=220
[task3] trial08 init8: OK steps=92
[task3] trial09 init9: x steps=220
[task3] trial10 init10: OK steps=81
[task3] trial11 init11: OK steps=81
[task3] trial12 init12: OK steps=87
[task3] trial13 init13: OK steps=84
[task3] trial14 init14: OK steps=85
[task3] trial15 init15: OK steps=80
[task3] trial16 init16: OK steps=80
[task3] trial17 init17: OK steps=88
[task3] trial18 init18: OK steps=81
[task3] trial19 init19: OK steps=78
[task3] trial20 init20: OK steps=89
[task3] trial21 init21: OK steps=80
[task3] trial22 init22: OK steps=88
[task3] trial23 init23: OK steps=84
[task3] trial24 init24: OK steps=81
[task3] trial25 init25: OK steps=88
[task3] trial26 init26: OK steps=78
[task3] trial27 init27: OK steps=86
[task3] trial28 init28: OK steps=84
[task3] trial29 init29: OK steps=85
[task3] trial30 init30: OK steps=89
[task3] trial31 init31: x steps=220
[task3] trial32 init32: OK steps=81
[task3] trial33 init33: OK steps=80
[task3] trial34 init34: OK steps=77
[task3] trial35 init35: OK steps=87
[task3] trial36 init36: OK steps=84
[task3] trial37 init37: OK steps=83
[task3] trial38 init38: x steps=220
[task3] trial39 init39: OK steps=88
[task3] trial40 init40: OK steps=88
[task3] trial41 init41: OK steps=91
[task3] trial42 init42: OK steps=83
[task3] trial43 init43: OK steps=79
[task3] trial44 init44: OK steps=85
[task3] trial45 init45: OK steps=80
[task3] trial46 init46: OK steps=81
[task3] trial47 init47: OK steps=91
[task3] trial48 init48: OK steps=93
[task3] trial49 init49: OK steps=89
[info] using task orders [0, 1, 2, 3, 4, 5, 6, 7, 8, 9]
[task4] trial00 init0: OK steps=131
[task4] trial01 init1: x steps=220
[task4] trial02 init2: OK steps=127
[task4] trial03 init3: OK steps=133
[task4] trial04 init4: OK steps=133
[task4] trial05 init5: OK steps=133
[task4] trial06 init6: OK steps=129
[task4] trial07 init7: OK steps=127
[task4] trial08 init8: OK steps=123
[task4] trial09 init9: OK steps=162
[task4] trial10 init10: x steps=220
[task4] trial11 init11: OK steps=129
[task4] trial12 init12: OK steps=137
[task4] trial13 init13: OK steps=145
[task4] trial14 init14: OK steps=139
[task4] trial15 init15: OK steps=132
[task4] trial16 init16: OK steps=127
[task4] trial17 init17: x steps=220
[task4] trial18 init18: OK steps=125
[task4] trial19 init19: OK steps=141
[task4] trial20 init20: x steps=220
[task4] trial21 init21: OK steps=117
[task4] trial22 init22: OK steps=126
[task4] trial23 init23: OK steps=128
[task4] trial24 init24: OK steps=129
[task4] trial25 init25: OK steps=167
[task4] trial26 init26: OK steps=136
[task4] trial27 init27: x steps=220
[task4] trial28 init28: OK steps=137
[task4] trial29 init29: OK steps=131
[task4] trial30 init30: OK steps=125
[task4] trial31 init31: OK steps=125
[task4] trial32 init32: OK steps=148
[task4] trial33 init33: OK steps=136
[task4] trial34 init34: OK steps=128
[task4] trial35 init35: OK steps=139
[task4] trial36 init36: OK steps=142
[task4] trial37 init37: x steps=220
[task4] trial38 init38: x steps=220
[task4] trial39 init39: OK steps=122
[task4] trial40 init40: OK steps=140
[task4] trial41 init41: OK steps=136
[task4] trial42 init42: x steps=220
[task4] trial43 init43: OK steps=130
[task4] trial44 init44: OK steps=144
[task4] trial45 init45: OK steps=130
[task4] trial46 init46: x steps=220
[task4] trial47 init47: OK steps=122
[task4] trial48 init48: OK steps=135
[task4] trial49 init49: OK steps=123
[info] using task orders [0, 1, 2, 3, 4, 5, 6, 7, 8, 9]
[task5] trial00 init0: x steps=220
[task5] trial01 init1: x steps=220
[task5] trial02 init2: OK steps=95
[task5] trial03 init3: x steps=220
[task5] trial04 init4: x steps=220
[task5] trial05 init5: x steps=220
[task5] trial06 init6: x steps=220
[task5] trial07 init7: x steps=220
[task5] trial08 init8: x steps=220
[task5] trial09 init9: x steps=220
[task5] trial10 init10: x steps=220
[task5] trial11 init11: x steps=220
[task5] trial12 init12: x steps=220
[task5] trial13 init13: x steps=220
[task5] trial14 init14: OK steps=94
[task5] trial15 init15: x steps=220
[task5] trial16 init16: x steps=220
[task5] trial17 init17: x steps=220
[task5] trial18 init18: x steps=220
[task5] trial19 init19: x steps=220
[task5] trial20 init20: OK steps=99
[task5] trial21 init21: OK steps=103
[task5] trial22 init22: x steps=220
[task5] trial23 init23: x steps=220
[task5] trial24 init24: x steps=220
[task5] trial25 init25: x steps=220
[task5] trial26 init26: x steps=220
[task5] trial27 init27: x steps=220
[task5] trial28 init28: x steps=220
[task5] trial29 init29: x steps=220
[task5] trial30 init30: x steps=220
[task5] trial31 init31: x steps=220
[task5] trial32 init32: x steps=220
[task5] trial33 init33: x steps=220
[task5] trial34 init34: x steps=220
[task5] trial35 init35: x steps=220
[task5] trial36 init36: x steps=220
[task5] trial37 init37: x steps=220
[task5] trial38 init38: x steps=220
[task5] trial39 init39: x steps=220
[task5] trial40 init40: x steps=220
[task5] trial41 init41: x steps=220
[task5] trial42 init42: x steps=220
[task5] trial43 init43: x steps=220
[task5] trial44 init44: x steps=220
[task5] trial45 init45: x steps=220
[task5] trial46 init46: x steps=220
[task5] trial47 init47: x steps=220
[task5] trial48 init48: x steps=220
[task5] trial49 init49: x steps=220
[info] using task orders [0, 1, 2, 3, 4, 5, 6, 7, 8, 9]
[task6] trial00 init0: OK steps=99
[task6] trial01 init1: OK steps=100
[task6] trial02 init2: OK steps=100
[task6] trial03 init3: OK steps=103
[task6] trial04 init4: OK steps=99
[task6] trial05 init5: OK steps=119
[task6] trial06 init6: OK steps=122
[task6] trial07 init7: OK steps=111
[task6] trial08 init8: OK steps=132
[task6] trial09 init9: OK steps=99
[task6] trial10 init10: OK steps=106
[task6] trial11 init11: OK steps=96
[task6] trial12 init12: OK steps=102
[task6] trial13 init13: OK steps=103
[task6] trial14 init14: OK steps=115
[task6] trial15 init15: OK steps=100
[task6] trial16 init16: OK steps=99
[task6] trial17 init17: OK steps=101
[task6] trial18 init18: OK steps=104
[task6] trial19 init19: OK steps=102
[task6] trial20 init20: OK steps=111
[task6] trial21 init21: OK steps=106
[task6] trial22 init22: OK steps=101
[task6] trial23 init23: OK steps=102
[task6] trial24 init24: OK steps=101
[task6] trial25 init25: OK steps=113
[task6] trial26 init26: OK steps=112
[task6] trial27 init27: OK steps=114
[task6] trial28 init28: OK steps=109
[task6] trial29 init29: OK steps=101
[task6] trial30 init30: OK steps=105
[task6] trial31 init31: OK steps=104
[task6] trial32 init32: OK steps=103
[task6] trial33 init33: OK steps=108
[task6] trial34 init34: OK steps=121
[task6] trial35 init35: OK steps=111
[task6] trial36 init36: OK steps=100
[task6] trial37 init37: OK steps=110
[task6] trial38 init38: OK steps=111
[task6] trial39 init39: OK steps=103
[task6] trial40 init40: OK steps=106
[task6] trial41 init41: OK steps=108
[task6] trial42 init42: OK steps=107
[task6] trial43 init43: OK steps=106
[task6] trial44 init44: OK steps=105
[task6] trial45 init45: OK steps=108
[task6] trial46 init46: OK steps=109
[task6] trial47 init47: OK steps=116
[task6] trial48 init48: OK steps=107
[task6] trial49 init49: OK steps=105
[info] using task orders [0, 1, 2, 3, 4, 5, 6, 7, 8, 9]
[task7] trial00 init0: OK steps=120
[task7] trial01 init1: OK steps=127
[task7] trial02 init2: OK steps=120
[task7] trial03 init3: OK steps=118
[task7] trial04 init4: OK steps=126
[task7] trial05 init5: OK steps=118
[task7] trial06 init6: OK steps=121
[task7] trial07 init7: OK steps=124
[task7] trial08 init8: OK steps=131
[task7] trial09 init9: OK steps=120
[task7] trial10 init10: OK steps=132
[task7] trial11 init11: OK steps=129
[task7] trial12 init12: OK steps=125
[task7] trial13 init13: OK steps=116
[task7] trial14 init14: OK steps=126
[task7] trial15 init15: OK steps=122
[task7] trial16 init16: OK steps=116
[task7] trial17 init17: OK steps=117
[task7] trial18 init18: OK steps=121
[task7] trial19 init19: OK steps=114
[task7] trial20 init20: OK steps=124
[task7] trial21 init21: OK steps=109
[task7] trial22 init22: OK steps=139
[task7] trial23 init23: OK steps=114
[task7] trial24 init24: OK steps=117
[task7] trial25 init25: OK steps=121
[task7] trial26 init26: OK steps=114
[task7] trial27 init27: OK steps=132
[task7] trial28 init28: OK steps=129
[task7] trial29 init29: OK steps=118
[task7] trial30 init30: OK steps=121
[task7] trial31 init31: OK steps=124
[task7] trial32 init32: OK steps=130
[task7] trial33 init33: OK steps=126
[task7] trial34 init34: OK steps=137
[task7] trial35 init35: OK steps=122
[task7] trial36 init36: OK steps=125
[task7] trial37 init37: OK steps=131
[task7] trial38 init38: OK steps=123
[task7] trial39 init39: OK steps=118
[task7] trial40 init40: OK steps=113
[task7] trial41 init41: x steps=220
[task7] trial42 init42: x steps=220
[task7] trial43 init43: OK steps=133
[task7] trial44 init44: OK steps=128
[task7] trial45 init45: OK steps=141
[task7] trial46 init46: OK steps=120
[task7] trial47 init47: OK steps=127
[task7] trial48 init48: OK steps=119
[task7] trial49 init49: x steps=220
[info] using task orders [0, 1, 2, 3, 4, 5, 6, 7, 8, 9]
[task8] trial00 init0: OK steps=95
[task8] trial01 init1: OK steps=99
[task8] trial02 init2: OK steps=154
[task8] trial03 init3: OK steps=94
[task8] trial04 init4: x steps=220
[task8] trial05 init5: OK steps=93
[task8] trial06 init6: OK steps=93
[task8] trial07 init7: OK steps=91
[task8] trial08 init8: OK steps=108
[task8] trial09 init9: OK steps=94
[task8] trial10 init10: OK steps=96
[task8] trial11 init11: OK steps=101
[task8] trial12 init12: OK steps=92
[task8] trial13 init13: x steps=220
[task8] trial14 init14: OK steps=100
[task8] trial15 init15: x steps=220
[task8] trial16 init16: OK steps=99
[task8] trial17 init17: OK steps=93
[task8] trial18 init18: OK steps=93
[task8] trial19 init19: OK steps=99
[task8] trial20 init20: OK steps=96
[task8] trial21 init21: OK steps=91
[task8] trial22 init22: OK steps=96
[task8] trial23 init23: OK steps=94
[task8] trial24 init24: OK steps=94
[task8] trial25 init25: OK steps=92
[task8] trial26 init26: OK steps=89
[task8] trial27 init27: OK steps=94
[task8] trial28 init28: x steps=220
[task8] trial29 init29: OK steps=98
[task8] trial30 init30: OK steps=102
[task8] trial31 init31: OK steps=96
[task8] trial32 init32: OK steps=94
[task8] trial33 init33: x steps=220
[task8] trial34 init34: x steps=220
[task8] trial35 init35: OK steps=154
[task8] trial36 init36: OK steps=129
[task8] trial37 init37: OK steps=93
[task8] trial38 init38: OK steps=106
[task8] trial39 init39: OK steps=89
[task8] trial40 init40: OK steps=97
[task8] trial41 init41: OK steps=93
[task8] trial42 init42: x steps=220
[task8] trial43 init43: x steps=220
[task8] trial44 init44: x steps=220
[task8] trial45 init45: OK steps=96
[task8] trial46 init46: x steps=220
[task8] trial47 init47: x steps=220
[task8] trial48 init48: OK steps=92
[task8] trial49 init49: OK steps=96
[info] using task orders [0, 1, 2, 3, 4, 5, 6, 7, 8, 9]
[task9] trial00 init0: OK steps=121
[task9] trial01 init1: OK steps=118
[task9] trial02 init2: OK steps=126
[task9] trial03 init3: OK steps=115
[task9] trial04 init4: OK steps=122
[task9] trial05 init5: OK steps=112
[task9] trial06 init6: x steps=220
[task9] trial07 init7: OK steps=119
[task9] trial08 init8: OK steps=139
[task9] trial09 init9: OK steps=118
[task9] trial10 init10: OK steps=125
[task9] trial11 init11: OK steps=123
[task9] trial12 init12: OK steps=123
[task9] trial13 init13: OK steps=120
[task9] trial14 init14: OK steps=121
[task9] trial15 init15: OK steps=123
[task9] trial16 init16: OK steps=118
[task9] trial17 init17: OK steps=121
[task9] trial18 init18: x steps=220
[task9] trial19 init19: OK steps=114
[task9] trial20 init20: x steps=220
[task9] trial21 init21: OK steps=126
[task9] trial22 init22: OK steps=110
[task9] trial23 init23: OK steps=121
[task9] trial24 init24: x steps=220
[task9] trial25 init25: OK steps=130
[task9] trial26 init26: OK steps=117
[task9] trial27 init27: x steps=220
[task9] trial28 init28: x steps=220
[task9] trial29 init29: OK steps=120
[task9] trial30 init30: OK steps=117
[task9] trial31 init31: OK steps=116
[task9] trial32 init32: x steps=220
[task9] trial33 init33: OK steps=116
[task9] trial34 init34: OK steps=117
[task9] trial35 init35: x steps=220
[task9] trial36 init36: OK steps=119
[task9] trial37 init37: OK steps=132
[task9] trial38 init38: OK steps=118
[task9] trial39 init39: x steps=220
[task9] trial40 init40: OK steps=124
[task9] trial41 init41: x steps=220
[task9] trial42 init42: OK steps=120
[task9] trial43 init43: OK steps=112
[task9] trial44 init44: OK steps=119
[task9] trial45 init45: OK steps=120
[task9] trial46 init46: OK steps=116
[task9] trial47 init47: OK steps=116
[task9] trial48 init48: OK steps=123
[task9] trial49 init49: OK steps=116

wrote 500 episodes -> /home/user/DeepONet_and_Novel_VLA/Experiments/spatial_pinned_20260806

=== task0  SR=90.0%  (pick up the black bowl between the plate and the ramekin and place it on the plate)
    FAIL n=5  median steps=220/220  timeouts=5
    largest |z-lift| : [('akita_black_bowl_1_main', 0.0), ('akita_black_bowl_2_main', 0.0), ('glazed_rim_porcelain_ramekin_1_main', 0.0), ('cookies_1_main', 0.0)]
    gripper got closest to: [('plate_1_main', 0.0553), ('akita_black_bowl_1_main', 0.0956), ('cookies_1_main', 0.1087), ('table', 0.1484)]
=== task1  SR=90.0%  (pick up the black bowl next to the ramekin and place it on the plate)
    FAIL n=5  median steps=220/220  timeouts=5
    largest |z-lift| : [('akita_black_bowl_1_main', 0.0121), ('plate_1_main', -0.0), ('akita_black_bowl_2_main', 0.0), ('glazed_rim_porcelain_ramekin_1_main', 0.0)]
    gripper got closest to: [('akita_black_bowl_1_main', 0.0522), ('plate_1_main', 0.0569), ('glazed_rim_porcelain_ramekin_1_main', 0.1635), ('cookies_1_main', 0.1973)]
=== task2  SR=96.0%  (pick up the black bowl from table center and place it on the plate)
    FAIL n=2  median steps=220/220  timeouts=2
    largest |z-lift| : [('akita_black_bowl_2_main', -0.0189), ('akita_black_bowl_1_main', 0.0066), ('plate_1_main', -0.0), ('glazed_rim_porcelain_ramekin_1_main', 0.0)]
    gripper got closest to: [('plate_1_main', 0.0293), ('akita_black_bowl_1_main', 0.045), ('table', 0.093), ('cookies_1_main', 0.1464)]
=== task3  SR=92.0%  (pick up the black bowl on the cookie box and place it on the plate)
    FAIL n=4  median steps=220/220  timeouts=4
    largest |z-lift| : [('akita_black_bowl_1_main', -0.0036), ('cookies_1_main', 0.0), ('plate_1_main', -0.0), ('glazed_rim_porcelain_ramekin_1_main', 0.0)]
    gripper got closest to: [('plate_1_main', 0.035), ('akita_black_bowl_1_main', 0.0496), ('cookies_1_main', 0.0557), ('table', 0.1298)]
=== task4  SR=82.0%  (pick up the black bowl in the top drawer of the wooden cabinet and place it on the plate)
    FAIL n=9  median steps=220/220  timeouts=9
    largest |z-lift| : [('glazed_rim_porcelain_ramekin_1_main', 0.0), ('plate_1_main', 0.0), ('cookies_1_main', 0.0), ('akita_black_bowl_1_main', 0.0)]
    gripper got closest to: [('plate_1_main', 0.0735), ('akita_black_bowl_1_main', 0.08), ('akita_black_bowl_2_main', 0.1668), ('cookies_1_main', 0.2174)]
=== task5  SR=8.0%  (pick up the black bowl on the ramekin and place it on the plate)
    FAIL n=46  median steps=220/220  timeouts=46
    largest |z-lift| : [('akita_black_bowl_1_main', -0.0253), ('glazed_rim_porcelain_ramekin_1_main', 0.0001), ('cookies_1_main', 0.0), ('akita_black_bowl_2_main', 0.0)]
    gripper got closest to: [('akita_black_bowl_1_main', 0.0417), ('plate_1_main', 0.0448), ('glazed_rim_porcelain_ramekin_1_main', 0.0765), ('akita_black_bowl_2_main', 0.1315)]
=== task6  SR=100.0%  (pick up the black bowl next to the cookie box and place it on the plate)
=== task7  SR=94.0%  (pick up the black bowl on the stove and place it on the plate)
    FAIL n=3  median steps=220/220  timeouts=3
    largest |z-lift| : [('akita_black_bowl_1_main', 0.0), ('glazed_rim_porcelain_ramekin_1_main', 0.0), ('plate_1_main', 0.0), ('cookies_1_main', 0.0)]
    gripper got closest to: [('plate_1_main', 0.0326), ('akita_black_bowl_1_main', 0.0783), ('flat_stove_1_burner', 0.0796), ('flat_stove_1_burner_plate', 0.0796)]
=== task8  SR=78.0%  (pick up the black bowl next to the plate and place it on the plate)
    FAIL n=11  median steps=220/220  timeouts=11
    largest |z-lift| : [('akita_black_bowl_1_main', 0.0), ('akita_black_bowl_2_main', 0.0), ('glazed_rim_porcelain_ramekin_1_main', 0.0), ('cookies_1_main', 0.0)]
    gripper got closest to: [('plate_1_main', 0.0569), ('akita_black_bowl_1_main', 0.0742), ('cookies_1_main', 0.1119), ('table', 0.1497)]
=== task9  SR=80.0%  (pick up the black bowl on the wooden cabinet and place it on the plate)
    FAIL n=10  median steps=220/220  timeouts=10
    largest |z-lift| : [('akita_black_bowl_1_main', -0.1001), ('akita_black_bowl_2_main', 0.0), ('glazed_rim_porcelain_ramekin_1_main', 0.0), ('plate_1_main', 0.0)]
    gripper got closest to: [('plate_1_main', 0.0593), ('akita_black_bowl_1_main', 0.0714), ('cookies_1_main', 0.2041), ('glazed_rim_porcelain_ramekin_1_main', 0.2392)]
