Fetching 4 files:   0%|          | 0/4 [00:00<?, ?it/s]Fetching 4 files: 100%|██████████| 4/4 [00:00<00:00, 6845.05it/s]
`torch_dtype` is deprecated! Use `dtype` instead!
Loading  HuggingFaceTB/SmolVLM2-500M-Video-Instruct weights ...
Loading weights:   0%|          | 0/489 [00:00<?, ?it/s]Loading weights: 100%|██████████| 489/489 [00:00<00:00, 6891.57it/s]
Reducing the number of VLM layers to 16 ...
Loading  HuggingFaceTB/SmolVLM2-500M-Video-Instruct weights ...
Loading weights:   0%|          | 0/489 [00:00<?, ?it/s]Loading weights: 100%|██████████| 489/489 [00:00<00:00, 6871.67it/s]
[robosuite WARNING] No private macro file found! (__init__.py:7)
WARNING:robosuite_logs:No private macro file found!
[robosuite WARNING] It is recommended to use a private macro file (__init__.py:8)
WARNING:robosuite_logs:It is recommended to use a private macro file
[robosuite WARNING] To setup, run: python /home/user/anaconda3/envs/vla_smolvla_libero/lib/python3.12/site-packages/robosuite/scripts/setup_macros.py (__init__.py:9)
WARNING:robosuite_logs:To setup, run: python /home/user/anaconda3/envs/vla_smolvla_libero/lib/python3.12/site-packages/robosuite/scripts/setup_macros.py
Reducing the number of VLM layers to 16 ...
Loading weights from local directory
[info] using task orders [0, 1, 2, 3, 4, 5, 6, 7, 8, 9]
Local assets not found. Downloading from HuggingFace Hub...
Assets already downloaded at /home/user/.cache/libero/assets
[task3] trial00 init0: OK steps=92
[task3] trial01 init2: OK steps=80
[task3] trial02 init4: OK steps=85
[task3] trial03 init6: OK steps=82
[task3] trial04 init8: OK steps=85
[task3] trial05 init10: OK steps=83
[task3] trial06 init12: OK steps=100
[task3] trial07 init14: OK steps=117
[task3] trial08 init16: OK steps=83
[task3] trial09 init18: OK steps=88
[task3] trial10 init20: OK steps=90
[task3] trial11 init22: OK steps=81
[task3] trial12 init24: OK steps=95
[task3] trial13 init26: OK steps=82
[task3] trial14 init28: OK steps=84
[task3] trial15 init30: OK steps=90
[task3] trial16 init32: OK steps=77
[task3] trial17 init34: OK steps=75
[task3] trial18 init36: x steps=220
[task3] trial19 init37: OK steps=83
[task3] trial20 init39: OK steps=83
[task3] trial21 init41: OK steps=111
[task3] trial22 init43: OK steps=77
[task3] trial23 init45: OK steps=84
[task3] trial24 init47: x steps=220
[task3] trial25 init48: OK steps=86
[task3] trial26 init50: OK steps=86
[task3] trial27 init52: OK steps=83
[task3] trial28 init54: OK steps=82
[task3] trial29 init56: OK steps=88
[task3] trial30 init58: OK steps=91
[task3] trial31 init60: OK steps=85
[task3] trial32 init62: OK steps=89
[task3] trial33 init64: OK steps=145
[task3] trial34 init66: OK steps=85
[task3] trial35 init68: OK steps=87
[task3] trial36 init70: OK steps=95
[task3] trial37 init72: OK steps=86
[task3] trial38 init74: OK steps=86
[task3] trial39 init76: OK steps=80
[task3] trial40 init78: OK steps=92
[task3] trial41 init80: OK steps=87
[task3] trial42 init82: OK steps=77
[task3] trial43 init84: OK steps=77
[task3] trial44 init86: x steps=220
[task3] trial45 init87: OK steps=84
[task3] trial46 init89: OK steps=83
[task3] trial47 init91: OK steps=118
[task3] trial48 init93: OK steps=82
[task3] trial49 init95: OK steps=90
[info] using task orders [0, 1, 2, 3, 4, 5, 6, 7, 8, 9]
[task5] trial00 init0: x steps=220
[task5] trial01 init1: x steps=220
[task5] trial02 init2: OK steps=95
[task5] trial03 init4: x steps=220
[task5] trial04 init5: x steps=220
[task5] trial05 init6: OK steps=94
[task5] trial06 init8: OK steps=100
[task5] trial07 init10: OK steps=85
[task5] trial08 init12: OK steps=92
[task5] trial09 init14: OK steps=108
[task5] trial10 init16: OK steps=103
[task5] trial11 init18: x steps=220
[task5] trial12 init19: x steps=220
[task5] trial13 init20: OK steps=174
[task5] trial14 init22: x steps=220
[task5] trial15 init23: OK steps=90
[task5] trial16 init25: x steps=220
[task5] trial17 init26: x steps=220
[task5] trial18 init27: x steps=220
[task5] trial19 init28: x steps=220
[task5] trial20 init29: x steps=220
[task5] trial21 init30: OK steps=88
[task5] trial22 init32: x steps=220
[task5] trial23 init33: x steps=220
[task5] trial24 init34: x steps=220
[task5] trial25 init35: x steps=220
[task5] trial26 init36: x steps=220
[task5] trial27 init37: x steps=220
[task5] trial28 init38: x steps=220
[task5] trial29 init39: x steps=220
[task5] trial30 init40: OK steps=100
[task5] trial31 init42: x steps=220
[task5] trial32 init43: x steps=220
[task5] trial33 init44: OK steps=88
[task5] trial34 init46: OK steps=90
[task5] trial35 init48: x steps=220
[task5] trial36 init49: x steps=220
[task5] trial37 init50: OK steps=115
[task5] trial38 init52: OK steps=90
[task5] trial39 init54: x steps=220
[task5] trial40 init55: x steps=220
[task5] trial41 init56: OK steps=95
[task5] trial42 init58: x steps=220
[task5] trial43 init59: OK steps=85
[task5] trial44 init61: x steps=220
[task5] trial45 init62: OK steps=93
[task5] trial46 init64: x steps=220
[task5] trial47 init65: x steps=220
[task5] trial48 init66: OK steps=102
[task5] trial49 init68: OK steps=112

wrote 100 episodes -> /home/user/DeepONet_and_Novel_VLA/Experiments/probe_task5_don_20260805/probe_task5.json

=== task3  SR=94.0%  (pick up the black bowl on the cookie box and place it on the plate)
    FAIL n=3  median steps=220/220  timeouts=3
    largest |z-lift| : [('akita_black_bowl_1_main', -0.0), ('cookies_1_main', 0.0), ('glazed_rim_porcelain_ramekin_1_main', 0.0), ('plate_1_main', 0.0)]
    gripper got closest to: [('plate_1_main', 0.0208), ('akita_black_bowl_1_main', 0.0767), ('cookies_1_main', 0.0821), ('table', 0.1509)]
=== task5  SR=40.0%  (pick up the black bowl on the ramekin and place it on the plate)
    FAIL n=30  median steps=220/220  timeouts=30
    largest |z-lift| : [('akita_black_bowl_1_main', -0.021), ('glazed_rim_porcelain_ramekin_1_main', 0.0001), ('cookies_1_main', 0.0), ('akita_black_bowl_2_main', 0.0)]
    gripper got closest to: [('akita_black_bowl_1_main', 0.0372), ('glazed_rim_porcelain_ramekin_1_main', 0.0799), ('table', 0.2048), ('plate_1_main', 0.2186)]
