Fetching 4 files:   0%|          | 0/4 [00:00<?, ?it/s]Fetching 4 files: 100%|██████████| 4/4 [00:00<00:00, 95869.81it/s]
`torch_dtype` is deprecated! Use `dtype` instead!
Loading  HuggingFaceTB/SmolVLM2-500M-Video-Instruct weights ...
Loading weights:   0%|          | 0/489 [00:00<?, ?it/s]Loading weights: 100%|██████████| 489/489 [00:00<00:00, 6931.63it/s]
[robosuite WARNING] No private macro file found! (__init__.py:7)
WARNING:robosuite_logs:No private macro file found!
[robosuite WARNING] It is recommended to use a private macro file (__init__.py:8)
WARNING:robosuite_logs:It is recommended to use a private macro file
[robosuite WARNING] To setup, run: python /home/user/anaconda3/envs/vla_smolvla_libero/lib/python3.12/site-packages/robosuite/scripts/setup_macros.py (__init__.py:9)
WARNING:robosuite_logs:To setup, run: python /home/user/anaconda3/envs/vla_smolvla_libero/lib/python3.12/site-packages/robosuite/scripts/setup_macros.py
Reducing the number of VLM layers to 16 ...
Loading weights from local directory
[info] using task orders [0, 1, 2, 3, 4, 5, 6, 7, 8, 9]
Local assets not found. Downloading from HuggingFace Hub...
Assets already downloaded at /home/user/.cache/libero/assets
[task3] trial00 init0: OK steps=88
[task3] trial01 init2: OK steps=81
[task3] trial02 init4: OK steps=82
[task3] trial03 init6: OK steps=84
[task3] trial04 init8: OK steps=96
[task3] trial05 init10: OK steps=82
[task3] trial06 init12: OK steps=87
[task3] trial07 init14: OK steps=84
[task3] trial08 init16: OK steps=79
[task3] trial09 init18: OK steps=83
[task3] trial10 init20: OK steps=89
[task3] trial11 init22: OK steps=83
[task3] trial12 init24: OK steps=87
[task3] trial13 init26: OK steps=76
[task3] trial14 init28: OK steps=84
[task3] trial15 init30: OK steps=87
[task3] trial16 init32: OK steps=79
[task3] trial17 init34: OK steps=80
[task3] trial18 init36: OK steps=82
[task3] trial19 init38: OK steps=84
[task3] trial20 init40: OK steps=86
[task3] trial21 init42: OK steps=84
[task3] trial22 init44: OK steps=85
[task3] trial23 init46: OK steps=80
[task3] trial24 init48: x steps=220
[task3] trial25 init49: OK steps=86
[task3] trial26 init51: OK steps=88
[task3] trial27 init53: OK steps=90
[task3] trial28 init55: OK steps=85
[task3] trial29 init57: OK steps=84
[task3] trial30 init59: OK steps=89
[task3] trial31 init61: OK steps=80
[task3] trial32 init63: OK steps=95
[task3] trial33 init65: OK steps=82
[task3] trial34 init67: OK steps=82
[task3] trial35 init69: OK steps=84
[task3] trial36 init71: OK steps=84
[task3] trial37 init73: OK steps=87
[task3] trial38 init75: OK steps=97
[task3] trial39 init77: OK steps=85
[task3] trial40 init79: OK steps=85
[task3] trial41 init81: OK steps=85
[task3] trial42 init83: OK steps=82
[task3] trial43 init85: OK steps=86
[task3] trial44 init87: OK steps=82
[task3] trial45 init89: OK steps=88
[task3] trial46 init91: OK steps=83
[task3] trial47 init93: OK steps=82
[task3] trial48 init95: OK steps=82
[task3] trial49 init97: x steps=220
[info] using task orders [0, 1, 2, 3, 4, 5, 6, 7, 8, 9]
[task5] trial00 init0: x steps=220
[task5] trial01 init1: x steps=220
[task5] trial02 init2: x steps=220
[task5] trial03 init3: x steps=220
[task5] trial04 init4: x steps=220
[task5] trial05 init5: x steps=220
[task5] trial06 init6: OK steps=103
[task5] trial07 init8: x steps=220
[task5] trial08 init9: x steps=220
[task5] trial09 init10: x steps=220
[task5] trial10 init11: x steps=220
[task5] trial11 init12: x steps=220
[task5] trial12 init13: x steps=220
[task5] trial13 init14: x steps=220
[task5] trial14 init15: x steps=220
[task5] trial15 init16: x steps=220
[task5] trial16 init17: x steps=220
[task5] trial17 init18: x steps=220
[task5] trial18 init19: x steps=220
[task5] trial19 init20: x steps=220
[task5] trial20 init21: OK steps=100
[task5] trial21 init23: x steps=220
[task5] trial22 init24: x steps=220
[task5] trial23 init25: x steps=220
[task5] trial24 init26: x steps=220
[task5] trial25 init27: x steps=220
[task5] trial26 init28: x steps=220
[task5] trial27 init29: x steps=220
[task5] trial28 init30: x steps=220
[task5] trial29 init31: OK steps=94
[task5] trial30 init33: x steps=220
[task5] trial31 init34: x steps=220
[task5] trial32 init35: x steps=220
[task5] trial33 init36: x steps=220
[task5] trial34 init37: x steps=220
[task5] trial35 init38: x steps=220
[task5] trial36 init39: x steps=220
[task5] trial37 init40: x steps=220
[task5] trial38 init41: x steps=220
[task5] trial39 init42: x steps=220
[task5] trial40 init43: x steps=220
[task5] trial41 init44: x steps=220
[task5] trial42 init45: x steps=220
[task5] trial43 init46: x steps=220
[task5] trial44 init47: x steps=220
[task5] trial45 init48: x steps=220
[task5] trial46 init49: x steps=220
[task5] trial47 init50: x steps=220
[task5] trial48 init51: x steps=220
[task5] trial49 init52: x steps=220

wrote 100 episodes -> /home/user/DeepONet_and_Novel_VLA/Experiments/probe_task5_20260805/probe_task5.json

=== task3  SR=96.0%  (pick up the black bowl on the cookie box and place it on the plate)
    FAIL n=2  median steps=220/220  timeouts=2
    largest |z-lift| : [('akita_black_bowl_1_main', -0.006), ('cookies_1_main', 0.0), ('plate_1_main', -0.0), ('glazed_rim_porcelain_ramekin_1_main', 0.0)]
    gripper got closest to: [('akita_black_bowl_1_main', 0.0439), ('plate_1_main', 0.0498), ('cookies_1_main', 0.0501), ('table', 0.1172)]
=== task5  SR=6.0%  (pick up the black bowl on the ramekin and place it on the plate)
    FAIL n=47  median steps=220/220  timeouts=47
    largest |z-lift| : [('akita_black_bowl_1_main', -0.0139), ('glazed_rim_porcelain_ramekin_1_main', 0.0001), ('cookies_1_main', 0.0), ('akita_black_bowl_2_main', 0.0)]
    gripper got closest to: [('akita_black_bowl_1_main', 0.0389), ('plate_1_main', 0.0426), ('glazed_rim_porcelain_ramekin_1_main', 0.0721), ('akita_black_bowl_2_main', 0.1431)]
