[data] TurnOffSinkFaucet train=[0, 1, 2, 3, 4, 5, 6, 7, 8, 9, 10, 11, 12, 13, 14, 15, 16, 17, 18, 19, 20, 21, 22, 23, 24, 25, 26, 27, 28, 29, 30, 31, 32, 33, 34] eval=[35, 36, 37, 38, 39, 40, 41, 42, 43, 44, 45, 46, 47, 48, 49] cameras=('robot0_agentview_left_image', 'robot0_agentview_right_image', 'robot0_eye_in_hand_image')
[train vision] step 1/15000 loss=1.16085 elapsed_s=1.0
[train vision] step 100/15000 loss=0.87891 elapsed_s=42.0
[train vision] step 200/15000 loss=0.21684 elapsed_s=83.2
[train vision] step 300/15000 loss=0.09606 elapsed_s=124.0
[train vision] step 400/15000 loss=0.07038 elapsed_s=165.6
[train vision] step 500/15000 loss=0.06412 elapsed_s=206.5
[train vision] step 600/15000 loss=0.05340 elapsed_s=247.9
[train vision] step 700/15000 loss=0.04868 elapsed_s=289.4
[train vision] step 800/15000 loss=0.04722 elapsed_s=330.6
[train vision] step 900/15000 loss=0.04614 elapsed_s=371.4
[train vision] step 1000/15000 loss=0.04997 elapsed_s=412.1
[train vision] step 1100/15000 loss=0.03638 elapsed_s=452.5
[train vision] step 1200/15000 loss=0.04714 elapsed_s=493.6
[train vision] step 1300/15000 loss=0.03521 elapsed_s=534.3
[train vision] step 1400/15000 loss=0.02818 elapsed_s=575.1
[train vision] step 1500/15000 loss=0.03831 elapsed_s=616.1
[train vision] step 1600/15000 loss=0.02840 elapsed_s=657.2
[train vision] step 1700/15000 loss=0.03276 elapsed_s=698.4
[train vision] step 1800/15000 loss=0.02741 elapsed_s=739.4
[train vision] step 1900/15000 loss=0.02945 elapsed_s=780.6
[train vision] step 2000/15000 loss=0.03182 elapsed_s=821.9
[train vision] step 2100/15000 loss=0.02816 elapsed_s=863.1
[train vision] step 2200/15000 loss=0.02208 elapsed_s=904.3
[train vision] step 2300/15000 loss=0.02736 elapsed_s=945.8
[train vision] step 2400/15000 loss=0.01662 elapsed_s=986.7
[train vision] step 2500/15000 loss=0.02845 elapsed_s=1027.5
[train vision] step 2600/15000 loss=0.02270 elapsed_s=1068.5
[train vision] step 2700/15000 loss=0.01849 elapsed_s=1109.3
[train vision] step 2800/15000 loss=0.02499 elapsed_s=1150.0
[train vision] step 2900/15000 loss=0.02569 elapsed_s=1190.9
[train vision] step 3000/15000 loss=0.03129 elapsed_s=1231.7
[train vision] step 3100/15000 loss=0.02359 elapsed_s=1272.5
[train vision] step 3200/15000 loss=0.02283 elapsed_s=1313.8
[train vision] step 3300/15000 loss=0.02467 elapsed_s=1354.5
[train vision] step 3400/15000 loss=0.02349 elapsed_s=1395.4
[train vision] step 3500/15000 loss=0.02013 elapsed_s=1436.1
[train vision] step 3600/15000 loss=0.02563 elapsed_s=1477.5
[train vision] step 3700/15000 loss=0.01966 elapsed_s=1518.8
[train vision] step 3800/15000 loss=0.01968 elapsed_s=1560.4
[train vision] step 3900/15000 loss=0.01746 elapsed_s=1601.7
[train vision] step 4000/15000 loss=0.01919 elapsed_s=1643.4
[train vision] step 4100/15000 loss=0.01765 elapsed_s=1784.5
[train vision] step 4200/15000 loss=0.02054 elapsed_s=1937.1
[train vision] step 4300/15000 loss=0.01452 elapsed_s=2089.5
[train vision] step 4400/15000 loss=0.01313 elapsed_s=2241.8
[train vision] step 4500/15000 loss=0.01667 elapsed_s=2394.1
[train vision] step 4600/15000 loss=0.01500 elapsed_s=2546.1
[train vision] step 4700/15000 loss=0.01487 elapsed_s=2697.9
[train vision] step 4800/15000 loss=0.02070 elapsed_s=2850.1
[train vision] step 4900/15000 loss=0.01656 elapsed_s=3002.5
[train vision] step 5000/15000 loss=0.01571 elapsed_s=3154.4
[train vision] step 5100/15000 loss=0.01666 elapsed_s=3306.5
[train vision] step 5200/15000 loss=0.01456 elapsed_s=3458.9
[train vision] step 5300/15000 loss=0.01476 elapsed_s=3610.8
[train vision] step 5400/15000 loss=0.01353 elapsed_s=3763.9
[train vision] step 5500/15000 loss=0.01734 elapsed_s=3916.5
[train vision] step 5600/15000 loss=0.01892 elapsed_s=4068.2
[train vision] step 5700/15000 loss=0.01759 elapsed_s=4220.0
[train vision] step 5800/15000 loss=0.01303 elapsed_s=4372.4
[train vision] step 5900/15000 loss=0.00855 elapsed_s=4524.3
[train vision] step 6000/15000 loss=0.01346 elapsed_s=4676.3
[train vision] step 6100/15000 loss=0.01197 elapsed_s=4828.1
[train vision] step 6200/15000 loss=0.01632 elapsed_s=4980.2
[train vision] step 6300/15000 loss=0.01558 elapsed_s=5132.2
[train vision] step 6400/15000 loss=0.01766 elapsed_s=5284.3
[train vision] step 6500/15000 loss=0.01106 elapsed_s=5436.3
[train vision] step 6600/15000 loss=0.01410 elapsed_s=5588.8
[train vision] step 6700/15000 loss=0.01208 elapsed_s=5741.4
[train vision] step 6800/15000 loss=0.01443 elapsed_s=5893.7
[train vision] step 6900/15000 loss=0.00920 elapsed_s=6046.1
[train vision] step 7000/15000 loss=0.00838 elapsed_s=6197.8
[train vision] step 7100/15000 loss=0.01019 elapsed_s=6349.5
[train vision] step 7200/15000 loss=0.00927 elapsed_s=6501.6
[train vision] step 7300/15000 loss=0.00923 elapsed_s=6653.6
[train vision] step 7400/15000 loss=0.01125 elapsed_s=6805.9
[train vision] step 7500/15000 loss=0.01450 elapsed_s=6957.9
[train vision] step 7600/15000 loss=0.00873 elapsed_s=7110.2
[train vision] step 7700/15000 loss=0.01069 elapsed_s=7262.5
[train vision] step 7800/15000 loss=0.00479 elapsed_s=7414.6
[train vision] step 7900/15000 loss=0.00880 elapsed_s=7566.3
[train vision] step 8000/15000 loss=0.01014 elapsed_s=7718.8
[train vision] step 8100/15000 loss=0.00786 elapsed_s=7870.9
[train vision] step 8200/15000 loss=0.01138 elapsed_s=8022.9
[train vision] step 8300/15000 loss=0.00844 elapsed_s=8175.1
[train vision] step 8400/15000 loss=0.00494 elapsed_s=8327.7
[train vision] step 8500/15000 loss=0.00787 elapsed_s=8480.8
[train vision] step 8600/15000 loss=0.00917 elapsed_s=8633.4
[train vision] step 8700/15000 loss=0.00964 elapsed_s=8785.9
[train vision] step 8800/15000 loss=0.01351 elapsed_s=8938.3
[train vision] step 8900/15000 loss=0.00785 elapsed_s=9090.7
[train vision] step 9000/15000 loss=0.00908 elapsed_s=9242.9
[train vision] step 9100/15000 loss=0.01172 elapsed_s=9395.2
[train vision] step 9200/15000 loss=0.00663 elapsed_s=9547.2
[train vision] step 9300/15000 loss=0.00649 elapsed_s=9699.5
[train vision] step 9400/15000 loss=0.00783 elapsed_s=9851.1
[train vision] step 9500/15000 loss=0.00685 elapsed_s=10002.8
[train vision] step 9600/15000 loss=0.00975 elapsed_s=10154.9
[train vision] step 9700/15000 loss=0.00757 elapsed_s=10307.2
[train vision] step 9800/15000 loss=0.00945 elapsed_s=10458.9
[train vision] step 9900/15000 loss=0.00770 elapsed_s=10611.1
[train vision] step 10000/15000 loss=0.00712 elapsed_s=10763.1
[train vision] step 10100/15000 loss=0.00541 elapsed_s=10915.1
[train vision] step 10200/15000 loss=0.00561 elapsed_s=11067.4
[train vision] step 10300/15000 loss=0.00560 elapsed_s=11219.3
[train vision] step 10400/15000 loss=0.00545 elapsed_s=11371.3
[train vision] step 10500/15000 loss=0.00788 elapsed_s=11523.5
[train vision] step 10600/15000 loss=0.00865 elapsed_s=11675.1
[train vision] step 10700/15000 loss=0.00683 elapsed_s=11827.2
[train vision] step 10800/15000 loss=0.00526 elapsed_s=11979.6
[train vision] step 10900/15000 loss=0.00558 elapsed_s=12131.6
[train vision] step 11000/15000 loss=0.00895 elapsed_s=12283.5
[train vision] step 11100/15000 loss=0.00422 elapsed_s=12436.3
[train vision] step 11200/15000 loss=0.00652 elapsed_s=12588.4
[train vision] step 11300/15000 loss=0.00754 elapsed_s=12740.7
[train vision] step 11400/15000 loss=0.00896 elapsed_s=12892.9
[train vision] step 11500/15000 loss=0.00796 elapsed_s=13044.9
[train vision] step 11600/15000 loss=0.00771 elapsed_s=13197.3
[train vision] step 11700/15000 loss=0.00793 elapsed_s=13350.1
[train vision] step 11800/15000 loss=0.00619 elapsed_s=13502.3
[train vision] step 11900/15000 loss=0.00600 elapsed_s=13654.8
[train vision] step 12000/15000 loss=0.00761 elapsed_s=13806.9
[train vision] step 12100/15000 loss=0.00535 elapsed_s=13959.0
[train vision] step 12200/15000 loss=0.00468 elapsed_s=14111.5
[train vision] step 12300/15000 loss=0.00724 elapsed_s=14263.9
[train vision] step 12400/15000 loss=0.00595 elapsed_s=14416.5
[train vision] step 12500/15000 loss=0.00628 elapsed_s=14568.7
[train vision] step 12600/15000 loss=0.00680 elapsed_s=14721.1
[train vision] step 12700/15000 loss=0.00465 elapsed_s=14873.4
[train vision] step 12800/15000 loss=0.00383 elapsed_s=15025.6
[train vision] step 12900/15000 loss=0.00567 elapsed_s=15177.9
[train vision] step 13000/15000 loss=0.00350 elapsed_s=15330.1
[train vision] step 13100/15000 loss=0.00500 elapsed_s=15482.4
[train vision] step 13200/15000 loss=0.00571 elapsed_s=15634.9
[train vision] step 13300/15000 loss=0.00484 elapsed_s=15787.4
[train vision] step 13400/15000 loss=0.00333 elapsed_s=15939.6
[train vision] step 13500/15000 loss=0.00399 elapsed_s=16091.5
[train vision] step 13600/15000 loss=0.00388 elapsed_s=16243.4
[train vision] step 13700/15000 loss=0.00539 elapsed_s=16395.3
[train vision] step 13800/15000 loss=0.00374 elapsed_s=16547.3
[train vision] step 13900/15000 loss=0.00325 elapsed_s=16699.1
[train vision] step 14000/15000 loss=0.00318 elapsed_s=16851.3
[train vision] step 14100/15000 loss=0.00376 elapsed_s=17003.4
[train vision] step 14200/15000 loss=0.00230 elapsed_s=17155.1
[train vision] step 14300/15000 loss=0.00434 elapsed_s=17306.9
[train vision] step 14400/15000 loss=0.00359 elapsed_s=17458.7
[train vision] step 14500/15000 loss=0.00257 elapsed_s=17610.3
[train vision] step 14600/15000 loss=0.00428 elapsed_s=17762.2
[train vision] step 14700/15000 loss=0.00500 elapsed_s=17913.9
[train vision] step 14800/15000 loss=0.00588 elapsed_s=18065.9
[train vision] step 14900/15000 loss=0.00441 elapsed_s=18218.5
[train vision] step 15000/15000 loss=0.00447 elapsed_s=18370.6
[checkpoint] saved EMA policy: /home/user/Desktop/multi-rate/full_grid_2026-09-07/stage1_vision_results/TurnOffSinkFaucet.pt
Traceback (most recent call last):
  File "/home/user/Desktop/multi-rate/full_grid_2026-09-07/stage1_vision.py", line 297, in <module>
    
  File "/home/user/Desktop/multi-rate/full_grid_2026-09-07/stage1_vision.py", line 276, in main
    
  File "/home/user/Desktop/multi-rate/full_grid_2026-09-07/stage1_vision.py", line 183, in native_rollout
    mismatches = []
                    
  File "/home/user/Desktop/multi-rate/full_grid_2026-09-07/stage1_vision.py", line 155, in request
    """Reject reuse when a checkpoint represents a different requested experiment."""
            ^^^^^^^^^^^^^^^^^^^^^^^^^^^^^^^^^^^^^^^^^^^^^^^^^^^
ConnectionError: vision bridge disconnected
