[robosuite WARNING] No private macro file found! (__init__.py:7)
WARNING:robosuite_logs:No private macro file found!
[robosuite WARNING] It is recommended to use a private macro file (__init__.py:8)
WARNING:robosuite_logs:It is recommended to use a private macro file
[robosuite WARNING] To setup, run: python /home/user/anaconda3/envs/vla_smolvla_libero/lib/python3.12/site-packages/robosuite/scripts/setup_macros.py (__init__.py:9)
WARNING:robosuite_logs:To setup, run: python /home/user/anaconda3/envs/vla_smolvla_libero/lib/python3.12/site-packages/robosuite/scripts/setup_macros.py
Fetching 4 files:   0%|          | 0/4 [00:00<?, ?it/s]Fetching 4 files: 100%|██████████| 4/4 [00:00<00:00, 61908.55it/s]
`torch_dtype` is deprecated! Use `dtype` instead!
Loading  HuggingFaceTB/SmolVLM2-500M-Video-Instruct weights ...
Loading weights:   0%|          | 0/489 [00:00<?, ?it/s]Loading weights: 100%|██████████| 489/489 [00:00<00:00, 6737.21it/s]
Reducing the number of VLM layers to 16 ...
Loading weights from local directory
[info] using task orders [0, 1, 2, 3, 4, 5, 6, 7, 8, 9]
Local assets not found. Downloading from HuggingFace Hub...
Assets already downloaded at /home/user/.cache/libero/assets
[10Hz task3] t00 OK steps=49/110 dz=-0.0047
[10Hz task3] t01 OK steps=49/110 dz=-0.0054
[10Hz task3] t02 OK steps=48/110 dz=-0.0035
[10Hz task3] t03 OK steps=44/110 dz=+0.0077
[10Hz task3] t04 OK steps=46/110 dz=+0.0314
[10Hz task3] t05 OK steps=47/110 dz=-0.0035
[10Hz task3] t06 OK steps=53/110 dz=+0.0038
[10Hz task3] t07 x steps=110/110 dz=-0.0071
[10Hz task3] t08 x steps=110/110 dz=-0.0067
[10Hz task3] t09 OK steps=46/110 dz=+0.0001
[10Hz task3] t10 OK steps=45/110 dz=-0.0061
[10Hz task3] t11 OK steps=43/110 dz=+0.0109
[10Hz task3] t12 OK steps=47/110 dz=-0.0001
[10Hz task3] t13 OK steps=47/110 dz=+0.0105
[10Hz task3] t14 OK steps=48/110 dz=+0.0004
[10Hz task3] t15 OK steps=44/110 dz=+0.0023
[10Hz task3] t16 OK steps=45/110 dz=-0.0009
[10Hz task3] t17 OK steps=49/110 dz=-0.0089
[10Hz task3] t18 OK steps=45/110 dz=+0.0017
[10Hz task3] t19 OK steps=44/110 dz=-0.0056
[10Hz task3] t20 OK steps=48/110 dz=-0.0015
[10Hz task3] t21 OK steps=46/110 dz=-0.0100
[10Hz task3] t22 OK steps=46/110 dz=-0.0022
[10Hz task3] t23 OK steps=47/110 dz=-0.0028
[10Hz task3] t24 OK steps=46/110 dz=+0.0135
[info] using task orders [0, 1, 2, 3, 4, 5, 6, 7, 8, 9]
[10Hz task5] t00 x steps=110/110 dz=-0.0125
[10Hz task5] t01 x steps=110/110 dz=-0.0018
[10Hz task5] t02 x steps=110/110 dz=-0.0428
[10Hz task5] t03 x steps=110/110 dz=-0.0262
[10Hz task5] t04 x steps=110/110 dz=-0.0276
[10Hz task5] t05 x steps=110/110 dz=-0.0008
[10Hz task5] t06 x steps=110/110 dz=-0.0053
[10Hz task5] t07 x steps=110/110 dz=+0.0023
[10Hz task5] t08 x steps=110/110 dz=-0.0122
[10Hz task5] t09 x steps=110/110 dz=-0.0177
[10Hz task5] t10 x steps=110/110 dz=-0.0006
[10Hz task5] t11 x steps=110/110 dz=-0.0234
[10Hz task5] t12 x steps=110/110 dz=-0.0283
[10Hz task5] t13 x steps=110/110 dz=-0.0271
[10Hz task5] t14 OK steps=50/110 dz=-0.0212
[10Hz task5] t15 x steps=110/110 dz=-0.0120
[10Hz task5] t16 x steps=110/110 dz=-0.0008
[10Hz task5] t17 OK steps=48/110 dz=-0.0296
[10Hz task5] t18 x steps=110/110 dz=-0.0251
[10Hz task5] t19 x steps=110/110 dz=-0.0008
[10Hz task5] t20 x steps=110/110 dz=-0.0307
[10Hz task5] t21 x steps=110/110 dz=+0.0038
[10Hz task5] t22 x steps=110/110 dz=+0.0039
[10Hz task5] t23 x steps=110/110 dz=-0.0404
[10Hz task5] t24 x steps=110/110 dz=-0.0130
[info] using task orders [0, 1, 2, 3, 4, 5, 6, 7, 8, 9]
[20Hz task3] t00 OK steps=88/220 dz=+0.0013
[20Hz task3] t01 OK steps=90/220 dz=-0.0061
[20Hz task3] t02 OK steps=79/220 dz=-0.0065
[20Hz task3] t03 OK steps=88/220 dz=+0.0003
[20Hz task3] t04 OK steps=89/220 dz=+0.0017
[20Hz task3] t05 OK steps=90/220 dz=+0.0044
[20Hz task3] t06 OK steps=87/220 dz=-0.0080
[20Hz task3] t07 OK steps=91/220 dz=-0.0063
[20Hz task3] t08 OK steps=86/220 dz=+0.0034
[20Hz task3] t09 OK steps=84/220 dz=-0.0054
[20Hz task3] t10 OK steps=81/220 dz=-0.0047
[20Hz task3] t11 OK steps=81/220 dz=-0.0006
[20Hz task3] t12 OK steps=86/220 dz=-0.0032
[20Hz task3] t13 OK steps=97/220 dz=-0.0001
[20Hz task3] t14 OK steps=85/220 dz=-0.0058
[20Hz task3] t15 OK steps=81/220 dz=-0.0079
[20Hz task3] t16 OK steps=81/220 dz=-0.0014
[20Hz task3] t17 OK steps=88/220 dz=-0.0037
[20Hz task3] t18 x steps=220/220 dz=-0.0000
[20Hz task3] t19 OK steps=79/220 dz=-0.0019
[20Hz task3] t20 OK steps=87/220 dz=-0.0030
[20Hz task3] t21 OK steps=81/220 dz=-0.0009
[20Hz task3] t22 OK steps=81/220 dz=+0.0104
[20Hz task3] t23 OK steps=84/220 dz=-0.0064
[20Hz task3] t24 OK steps=81/220 dz=-0.0016
[info] using task orders [0, 1, 2, 3, 4, 5, 6, 7, 8, 9]
[20Hz task5] t00 x steps=220/220 dz=+0.0017
[20Hz task5] t01 x steps=220/220 dz=+0.0071
[20Hz task5] t02 x steps=220/220 dz=-0.0282
[20Hz task5] t03 x steps=220/220 dz=-0.0308
[20Hz task5] t04 x steps=220/220 dz=-0.0276
[20Hz task5] t05 x steps=220/220 dz=-0.0013
[20Hz task5] t06 OK steps=135/220 dz=-0.0304
[20Hz task5] t07 x steps=220/220 dz=-0.0318
[20Hz task5] t08 x steps=220/220 dz=-0.0135
[20Hz task5] t09 x steps=220/220 dz=-0.0143
[20Hz task5] t10 x steps=220/220 dz=-0.0144
[20Hz task5] t11 x steps=220/220 dz=-0.0244
[20Hz task5] t12 x steps=220/220 dz=-0.0381
[20Hz task5] t13 x steps=220/220 dz=-0.0274
[20Hz task5] t14 OK steps=95/220 dz=-0.0304
[20Hz task5] t15 x steps=220/220 dz=-0.0024
[20Hz task5] t16 x steps=220/220 dz=-0.0444
[20Hz task5] t17 x steps=220/220 dz=-0.0021
[20Hz task5] t18 x steps=220/220 dz=-0.0306
[20Hz task5] t19 x steps=220/220 dz=-0.0024
[20Hz task5] t20 OK steps=105/220 dz=-0.0166
[20Hz task5] t21 OK steps=102/220 dz=-0.0239
[20Hz task5] t22 x steps=220/220 dz=-0.0024
[20Hz task5] t23 x steps=220/220 dz=-0.0444
[20Hz task5] t24 x steps=220/220 dz=-0.0421
[info] using task orders [0, 1, 2, 3, 4, 5, 6, 7, 8, 9]
[40Hz task3] t00 OK steps=170/440 dz=-0.0014
[40Hz task3] t01 OK steps=174/440 dz=-0.0098
[40Hz task3] t02 OK steps=151/440 dz=-0.0036
[40Hz task3] t03 OK steps=174/440 dz=-0.0100
[40Hz task3] t04 OK steps=175/440 dz=-0.0046
[40Hz task3] t05 OK steps=160/440 dz=-0.0045
[40Hz task3] t06 OK steps=171/440 dz=-0.0077
[40Hz task3] t07 OK steps=187/440 dz=-0.0044
[40Hz task3] t08 OK steps=177/440 dz=-0.0082
[40Hz task3] t09 OK steps=162/440 dz=+0.0005
[40Hz task3] t10 OK steps=161/440 dz=-0.0067
[40Hz task3] t11 OK steps=159/440 dz=-0.0049
[40Hz task3] t12 OK steps=174/440 dz=-0.0057
[40Hz task3] t13 OK steps=159/440 dz=-0.0014
[40Hz task3] t14 OK steps=165/440 dz=-0.0077
[40Hz task3] t15 OK steps=156/440 dz=-0.0030
[40Hz task3] t16 OK steps=156/440 dz=-0.0084
[40Hz task3] t17 OK steps=168/440 dz=-0.0055
[40Hz task3] t18 OK steps=158/440 dz=-0.0088
[40Hz task3] t19 OK steps=158/440 dz=-0.0047
[40Hz task3] t20 OK steps=175/440 dz=-0.0068
[40Hz task3] t21 OK steps=157/440 dz=-0.0056
[40Hz task3] t22 OK steps=163/440 dz=+0.0047
[40Hz task3] t23 OK steps=161/440 dz=-0.0050
[40Hz task3] t24 OK steps=159/440 dz=-0.0041
[info] using task orders [0, 1, 2, 3, 4, 5, 6, 7, 8, 9]
[40Hz task5] t00 x steps=440/440 dz=-0.0014
[40Hz task5] t01 x steps=440/440 dz=-0.0720
[40Hz task5] t02 x steps=440/440 dz=-0.0591
[40Hz task5] t03 x steps=440/440 dz=-0.0546
[40Hz task5] t04 x steps=440/440 dz=-0.0544
[40Hz task5] t05 x steps=440/440 dz=-0.0316
[40Hz task5] t06 x steps=440/440 dz=-0.0599
[40Hz task5] t07 x steps=440/440 dz=-0.0662
[40Hz task5] t08 x steps=440/440 dz=-0.0410
[40Hz task5] t09 x steps=440/440 dz=-0.0432
[40Hz task5] t10 x steps=440/440 dz=-0.0436
[40Hz task5] t11 x steps=440/440 dz=-0.0534
[40Hz task5] t12 x steps=440/440 dz=+0.0051
[40Hz task5] t13 x steps=440/440 dz=-0.0586
[40Hz task5] t14 x steps=440/440 dz=-0.0614
[40Hz task5] t15 x steps=440/440 dz=-0.0300
[40Hz task5] t16 x steps=440/440 dz=-0.0720
[40Hz task5] t17 x steps=440/440 dz=-0.0544
[40Hz task5] t18 x steps=440/440 dz=-0.0534
[40Hz task5] t19 x steps=440/440 dz=-0.0305
[40Hz task5] t20 x steps=440/440 dz=-0.0416
[40Hz task5] t21 OK steps=216/440 dz=-0.0571
[40Hz task5] t22 x steps=440/440 dz=-0.0278
[40Hz task5] t23 x steps=440/440 dz=-0.0720
[40Hz task5] t24 x steps=440/440 dz=-0.0302

=== SR by rate x task ===
  task3  10Hz: SR=92.0% dz_fail=-0.0069   20Hz: SR=96.0% dz_fail=-0.0000   40Hz: SR=100.0% dz_fail=+nan
  task5  10Hz: SR= 8.0% dz_fail=-0.0125   20Hz: SR=16.0% dz_fail=-0.0244   40Hz: SR= 4.0% dz_fail=-0.0534
