[PickCube-v1] k=2 eligible=993 arms=['original', 'exact_integral', 'cubic_spline_satfix', 'tac_fold_satfix', 'bspline_eps_satfix', 'qp']
[PickCube-v1] k=2 [100/993] original=96 exact_integral=61 cubic_spline_satfix=79 tac_fold_satfix=84 bspline_eps_satfix=83 qp=81 (93s)
[PickCube-v1] k=2 [200/993] original=188 exact_integral=110 cubic_spline_satfix=152 tac_fold_satfix=157 bspline_eps_satfix=156 qp=155 (189s)
[PickCube-v1] k=2 [300/993] original=277 exact_integral=161 cubic_spline_satfix=216 tac_fold_satfix=228 bspline_eps_satfix=225 qp=222 (285s)
[PickCube-v1] k=2 [400/993] original=370 exact_integral=220 cubic_spline_satfix=286 tac_fold_satfix=304 bspline_eps_satfix=302 qp=294 (374s)
[PickCube-v1] k=2 [500/993] original=462 exact_integral=280 cubic_spline_satfix=360 tac_fold_satfix=383 bspline_eps_satfix=378 qp=368 (471s)
[PickCube-v1] k=2 [600/993] original=556 exact_integral=342 cubic_spline_satfix=437 tac_fold_satfix=465 bspline_eps_satfix=460 qp=445 (566s)
[PickCube-v1] k=2 [700/993] original=650 exact_integral=406 cubic_spline_satfix=510 tac_fold_satfix=543 bspline_eps_satfix=539 qp=518 (657s)
[PickCube-v1] k=2 [800/993] original=739 exact_integral=456 cubic_spline_satfix=577 tac_fold_satfix=611 bspline_eps_satfix=612 qp=587 (745s)
[PickCube-v1] k=2 [900/993] original=835 exact_integral=513 cubic_spline_satfix=650 tac_fold_satfix=692 bspline_eps_satfix=691 qp=663 (833s)
[PickCube-v1] k=2 [993/993] original=918 exact_integral=576 cubic_spline_satfix=723 tac_fold_satfix=768 bspline_eps_satfix=765 qp=737 (913s)

=== [PickCube-v1] k=2 n=993 ===
  original                92.45% (918/993)  saturated_elems=0.00%
  exact_integral          58.01% (576/993)  saturated_elems=0.00%
  cubic_spline_satfix     72.81% (723/993)  saturated_elems=0.00%
  tac_fold_satfix         77.34% (768/993)  saturated_elems=0.00%
  bspline_eps_satfix      77.04% (765/993)  saturated_elems=0.00%
  qp                      74.22% (737/993)  saturated_elems=0.00%
  qp vs exact_integral      : +16.21pp  wins 172/11  p=2.48e-38  CI=[13.80,18.63]
  qp vs cubic_spline_satfix : +1.41pp  wins 17/3  p=0.00258  CI=[0.60,2.32]
  qp vs tac_fold_satfix     : -3.12pp  wins 16/47  p=0.000117  CI=[-4.63,-1.61]
  qp vs bspline_eps_satfix  : -2.82pp  wins 25/53  p=0.00203  CI=[-4.53,-1.11]
saved -> /home/user/Desktop/multi-rate/full_grid_2026-09-07/bspl_replay_PickCube-v1_k2.json
