[robosuite WARNING] No private macro file found! (macros.py:57)
[robosuite WARNING] It is recommended to use a private macro file (macros.py:58)
[robosuite WARNING] To setup, run: python /home/user/Isaac-GR00T/gr00t/eval/sim/robocasa/robocasa_uv/.venv/lib/python3.10/site-packages/robosuite/scripts/setup_macros.py (macros.py:59)
[robosuite WARNING] Could not import robosuite_models. Some robots may not be available. If you want to use these robots, please install robosuite_models from source (https://github.com/ARISE-Initiative/robosuite_models) or through pip install. (__init__.py:30)
[robosuite WARNING] Could not load the mink-based whole-body IK. Make sure you install related import properly (e.g. pip install mink==0.0.5), otherwise you will not be able to use the default IK controller setting for GR1 robot. (__init__.py:40)
[robosuite WARNING] No private macro file found! (macros.py:28)
[robosuite WARNING] It is recommended to use a private macro file (macros.py:29)
[robosuite WARNING] To setup, run: python /home/user/Isaac-GR00T/external_dependencies/robocasa/robocasa/scripts/setup_macros.py (macros.py:30)
WARNING: mimicgen environments not imported since mimicgen is not installed!
[convert] TurnOffSinkFaucet: /home/user/Desktop/multi-rate/full_grid_2026-09-07/robocasa_data/TurnOffSinkFaucet_raw.hdf5 -> /home/user/Desktop/multi-rate/full_grid_2026-09-07/robocasa_data/TurnOffSinkFaucet_ld.hdf5
input file: /home/user/Desktop/multi-rate/full_grid_2026-09-07/robocasa_data/TurnOffSinkFaucet_raw.hdf5
output file: /home/user/Desktop/multi-rate/full_grid_2026-09-07/robocasa_data/TurnOffSinkFaucet_ld.hdf5
[robosuite INFO] Loading controller configuration from: /home/user/Isaac-GR00T/gr00t/eval/sim/robocasa/robocasa_uv/.venv/lib/python3.10/site-packages/robosuite/controllers/config/robots/default_pandaomron.json (composite_controller_factory.py:121)
[robosuite INFO] Loading controller configuration from: /home/user/Isaac-GR00T/gr00t/eval/sim/robocasa/robocasa_uv/.venv/lib/python3.10/site-packages/robosuite/controllers/config/robots/default_pandaomron.json (composite_controller_factory.py:121)
[robosuite INFO] Loading controller configuration from: /home/user/Isaac-GR00T/gr00t/eval/sim/robocasa/robocasa_uv/.venv/lib/python3.10/site-packages/robosuite/controllers/config/robots/default_pandaomron.json (composite_controller_factory.py:121)
[robosuite INFO] Loading controller configuration from: /home/user/Isaac-GR00T/gr00t/eval/sim/robocasa/robocasa_uv/.venv/lib/python3.10/site-packages/robosuite/controllers/config/robots/default_pandaomron.json (composite_controller_factory.py:121)

============= Initialized Observation Utils with Obs Spec =============

using obs modality: low_dim with keys: []
using obs modality: rgb with keys: []
==== Using environment with the following metadata ====
{
    "env_name": "TurnOffSinkFaucet",
    "env_version": "1.5.2",
    "type": 1,
    "env_kwargs": {
        "robots": "PandaMobile",
        "controller_configs": {
            "type": "OSC_POSE",
            "input_max": 1,
            "input_min": -1,
            "output_max": [
                0.05,
                0.05,
                0.05,
                0.5,
                0.5,
                0.5
            ],
            "output_min": [
                -0.05,
                -0.05,
                -0.05,
                -0.5,
                -0.5,
                -0.5
            ],
            "kp": 150,
            "damping_ratio": 1,
            "impedance_mode": "fixed",
            "kp_limits": [
                0,
                300
            ],
            "damping_ratio_limits": [
                0,
                10
            ],
            "position_limits": null,
            "orientation_limits": null,
            "uncouple_pos_ori": true,
            "control_delta": true,
            "interpolation": null,
            "ramp_ratio": 0.2
        },
        "layout_ids": -1,
        "style_ids": [
            0,
            1,
            2,
            3,
            4,
            5,
            6,
            7,
            8,
            11
        ],
        "translucent_robot": false,
        "obj_instance_split": "A",
        "reward_shaping": false,
        "has_renderer": false,
        "has_offscreen_renderer": false,
        "ignore_done": true,
        "use_object_obs": true,
        "use_camera_obs": false,
        "camera_depths": false
    }
}

Process 1 finished

============= Initialized Observation Utils with Obs Spec =============

using obs modality: low_dim with keys: []
using obs modality: rgb with keys: []
==== Using environment with the following metadata ====
{
    "env_name": "TurnOffSinkFaucet",
    "env_version": "1.5.2",
    "type": 1,
    "env_kwargs": {
        "robots": "PandaMobile",
        "controller_configs": {
            "type": "OSC_POSE",
            "input_max": 1,
            "input_min": -1,
            "output_max": [
                0.05,
                0.05,
                0.05,
                0.5,
                0.5,
                0.5
            ],
            "output_min": [
                -0.05,
                -0.05,
                -0.05,
                -0.5,
                -0.5,
                -0.5
            ],
            "kp": 150,
            "damping_ratio": 1,
            "impedance_mode": "fixed",
            "kp_limits": [
                0,
                300
            ],
            "damping_ratio_limits": [
                0,
                10
            ],
            "position_limits": null,
            "orientation_limits": null,
            "uncouple_pos_ori": true,
            "control_delta": true,
            "interpolation": null,
            "ramp_ratio": 0.2
        },
        "layout_ids": -1,
        "style_ids": [
            0,
            1,
            2,
            3,
            4,
            5,
            6,
            7,
            8,
            11
        ],
        "translucent_robot": false,
        "obj_instance_split": "A",
        "reward_shaping": false,
        "has_renderer": false,
        "has_offscreen_renderer": false,
        "ignore_done": true,
        "use_object_obs": true,
        "use_camera_obs": false,
        "camera_depths": false
    }
}

Process 2 finished

============= Initialized Observation Utils with Obs Spec =============

using obs modality: low_dim with keys: []
using obs modality: rgb with keys: []
==== Using environment with the following metadata ====
{
    "env_name": "TurnOffSinkFaucet",
    "env_version": "1.5.2",
    "type": 1,
    "env_kwargs": {
        "robots": "PandaMobile",
        "controller_configs": {
            "type": "OSC_POSE",
            "input_max": 1,
            "input_min": -1,
            "output_max": [
                0.05,
                0.05,
                0.05,
                0.5,
                0.5,
                0.5
            ],
            "output_min": [
                -0.05,
                -0.05,
                -0.05,
                -0.5,
                -0.5,
                -0.5
            ],
            "kp": 150,
            "damping_ratio": 1,
            "impedance_mode": "fixed",
            "kp_limits": [
                0,
                300
            ],
            "damping_ratio_limits": [
                0,
                10
            ],
            "position_limits": null,
            "orientation_limits": null,
            "uncouple_pos_ori": true,
            "control_delta": true,
            "interpolation": null,
            "ramp_ratio": 0.2
        },
        "layout_ids": -1,
        "style_ids": [
            0,
            1,
            2,
            3,
            4,
            5,
            6,
            7,
            8,
            11
        ],
        "translucent_robot": false,
        "obj_instance_split": "A",
        "reward_shaping": false,
        "has_renderer": false,
        "has_offscreen_renderer": false,
        "ignore_done": true,
        "use_object_obs": true,
        "use_camera_obs": false,
        "camera_depths": false
    }
}

Process 3 finished

============= Initialized Observation Utils with Obs Spec =============

using obs modality: low_dim with keys: []
using obs modality: rgb with keys: []
==== Using environment with the following metadata ====
{
    "env_name": "TurnOffSinkFaucet",
    "env_version": "1.5.2",
    "type": 1,
    "env_kwargs": {
        "robots": "PandaMobile",
        "controller_configs": {
            "type": "OSC_POSE",
            "input_max": 1,
            "input_min": -1,
            "output_max": [
                0.05,
                0.05,
                0.05,
                0.5,
                0.5,
                0.5
            ],
            "output_min": [
                -0.05,
                -0.05,
                -0.05,
                -0.5,
                -0.5,
                -0.5
            ],
            "kp": 150,
            "damping_ratio": 1,
            "impedance_mode": "fixed",
            "kp_limits": [
                0,
                300
            ],
            "damping_ratio_limits": [
                0,
                10
            ],
            "position_limits": null,
            "orientation_limits": null,
            "uncouple_pos_ori": true,
            "control_delta": true,
            "interpolation": null,
            "ramp_ratio": 0.2
        },
        "layout_ids": -1,
        "style_ids": [
            0,
            1,
            2,
            3,
            4,
            5,
            6,
            7,
            8,
            11
        ],
        "translucent_robot": false,
        "obj_instance_split": "A",
        "reward_shaping": false,
        "has_renderer": false,
        "has_offscreen_renderer": false,
        "ignore_done": true,
        "use_object_obs": true,
        "use_camera_obs": false,
        "camera_depths": false
    }
}

Process 0 finished
[robosuite INFO] Loading controller configuration from: /home/user/Isaac-GR00T/gr00t/eval/sim/robocasa/robocasa_uv/.venv/lib/python3.10/site-packages/robosuite/controllers/config/robots/default_pandaomron.json (composite_controller_factory.py:121)
ep 1: wrote 232 transitions to group demo_2 at process 3 with 0 finished. Datagen rate: 15.81 sec/demo
ep 2: wrote 250 transitions to group demo_1 at process 2 with 0 finished. Datagen rate: 8.89 sec/demo
ep 3: wrote 225 transitions to group demo_3 at process 0 with 0 finished. Datagen rate: 5.94 sec/demo
ep 4: wrote 185 transitions to group demo_0 at process 1 with 0 finished. Datagen rate: 4.87 sec/demo
ep 5: wrote 240 transitions to group demo_4 at process 3 with 0 finished. Datagen rate: 5.09 sec/demo
ep 6: wrote 232 transitions to group demo_7 at process 1 with 0 finished. Datagen rate: 5.09 sec/demo
ep 7: wrote 214 transitions to group demo_5 at process 2 with 0 finished. Datagen rate: 4.42 sec/demo
ep 8: wrote 181 transitions to group demo_6 at process 0 with 0 finished. Datagen rate: 3.96 sec/demo
ep 9: wrote 159 transitions to group demo_8 at process 3 with 0 finished. Datagen rate: 4.45 sec/demo
ep 10: wrote 239 transitions to group demo_9 at process 1 with 0 finished. Datagen rate: 4.32 sec/demo
ep 11: wrote 128 transitions to group demo_11 at process 0 with 0 finished. Datagen rate: 4.09 sec/demo
ep 12: wrote 275 transitions to group demo_10 at process 2 with 0 finished. Datagen rate: 3.81 sec/demo
ep 13: wrote 261 transitions to group demo_12 at process 3 with 0 finished. Datagen rate: 3.85 sec/demo
ep 14: wrote 195 transitions to group demo_14 at process 0 with 0 finished. Datagen rate: 4.03 sec/demo
ep 15: wrote 224 transitions to group demo_16 at process 3 with 0 finished. Datagen rate: 3.93 sec/demo
ep 16: wrote 117 transitions to group demo_13 at process 1 with 0 finished. Datagen rate: 3.70 sec/demo
ep 17: wrote 138 transitions to group demo_15 at process 2 with 0 finished. Datagen rate: 3.63 sec/demo
ep 18: wrote 235 transitions to group demo_17 at process 0 with 0 finished. Datagen rate: 3.77 sec/demo
ep 19: wrote 304 transitions to group demo_20 at process 2 with 0 finished. Datagen rate: 3.72 sec/demo
ep 20: wrote 227 transitions to group demo_18 at process 3 with 0 finished. Datagen rate: 3.55 sec/demo
ep 21: wrote 135 transitions to group demo_19 at process 1 with 0 finished. Datagen rate: 3.50 sec/demo
ep 22: wrote 251 transitions to group demo_23 at process 3 with 0 finished. Datagen rate: 3.78 sec/demo
ep 23: wrote 187 transitions to group demo_22 at process 2 with 0 finished. Datagen rate: 3.65 sec/demo
ep 24: wrote 154 transitions to group demo_21 at process 0 with 0 finished. Datagen rate: 3.56 sec/demo
ep 25: wrote 146 transitions to group demo_24 at process 1 with 0 finished. Datagen rate: 3.64 sec/demo
ep 26: wrote 162 transitions to group demo_26 at process 2 with 0 finished. Datagen rate: 3.76 sec/demo
ep 27: wrote 164 transitions to group demo_25 at process 3 with 0 finished. Datagen rate: 3.65 sec/demo
ep 28: wrote 135 transitions to group demo_27 at process 0 with 0 finished. Datagen rate: 3.57 sec/demo
ep 29: wrote 136 transitions to group demo_28 at process 1 with 0 finished. Datagen rate: 3.66 sec/demo
ep 30: wrote 166 transitions to group demo_31 at process 0 with 0 finished. Datagen rate: 3.69 sec/demo
ep 31: wrote 146 transitions to group demo_29 at process 2 with 0 finished. Datagen rate: 3.63 sec/demo
ep 32: wrote 178 transitions to group demo_30 at process 3 with 0 finished. Datagen rate: 3.57 sec/demo
ep 33: wrote 336 transitions to group demo_32 at process 1 with 0 finished. Datagen rate: 3.56 sec/demo
ep 34: wrote 256 transitions to group demo_35 at process 3 with 0 finished. Datagen rate: 3.71 sec/demo
ep 35: wrote 152 transitions to group demo_33 at process 0 with 0 finished. Datagen rate: 3.64 sec/demo
ep 36: wrote 101 transitions to group demo_34 at process 2 with 0 finished. Datagen rate: 3.60 sec/demo
ep 37: wrote 134 transitions to group demo_36 at process 1 with 0 finished. Datagen rate: 3.51 sec/demo
ep 38: wrote 154 transitions to group demo_37 at process 3 with 0 finished. Datagen rate: 3.58 sec/demo
ep 39: wrote 199 transitions to group demo_38 at process 0 with 0 finished. Datagen rate: 3.65 sec/demo
ep 40: wrote 187 transitions to group demo_40 at process 1 with 0 finished. Datagen rate: 3.59 sec/demo
ep 41: wrote 209 transitions to group demo_41 at process 3 with 0 finished. Datagen rate: 3.55 sec/demo
ep 42: wrote 125 transitions to group demo_39 at process 2 with 0 finished. Datagen rate: 3.47 sec/demo
ep 43: wrote 261 transitions to group demo_43 at process 1 with 0 finished. Datagen rate: 3.57 sec/demo
ep 44: wrote 158 transitions to group demo_45 at process 2 with 0 finished. Datagen rate: 3.54 sec/demo
ep 45: wrote 180 transitions to group demo_44 at process 3 with 0 finished. Datagen rate: 3.49 sec/demo
ep 46: wrote 224 transitions to group demo_46 at process 1 with 0 finished. Datagen rate: 3.50 sec/demo
ep 47: wrote 126 transitions to group demo_42 at process 0 with 0 finished. Datagen rate: 3.43 sec/demo
ep 48: wrote 206 transitions to group demo_47 at process 2 with 0 finished. Datagen rate: 3.49 sec/demo
ep 49: wrote 166 transitions to group demo_48 at process 3 with 0 finished. Datagen rate: 3.47 sec/demo
ep 50: wrote 114 transitions to group demo_50 at process 0 with 0 finished. Datagen rate: 3.48 sec/demo
ep 51: wrote 186 transitions to group demo_49 at process 1 with 1 finished. Datagen rate: 3.45 sec/demo
ep 52: wrote 192 transitions to group demo_51 at process 2 with 2 finished. Datagen rate: 3.46 sec/demo
ep 53: wrote 143 transitions to group demo_52 at process 3 with 3 finished. Datagen rate: 3.46 sec/demo
ep 54: wrote 141 transitions to group demo_53 at process 0 with 4 finished. Datagen rate: 3.49 sec/demo

============= Initialized Observation Utils with Obs Spec =============

using obs modality: low_dim with keys: []
using obs modality: rgb with keys: []
total processes end 4
Wrote 10171 total samples to /home/user/Desktop/multi-rate/full_grid_2026-09-07/robocasa_data/TurnOffSinkFaucet_ld.hdf5
Writing has finished
Time elapsed: 193.35 seconds
Finished Multiprocessing
[convert] CoffeePressButton: /home/user/Desktop/multi-rate/full_grid_2026-09-07/robocasa_data/CoffeePressButton_raw.hdf5 -> /home/user/Desktop/multi-rate/full_grid_2026-09-07/robocasa_data/CoffeePressButton_ld.hdf5
input file: /home/user/Desktop/multi-rate/full_grid_2026-09-07/robocasa_data/CoffeePressButton_raw.hdf5
output file: /home/user/Desktop/multi-rate/full_grid_2026-09-07/robocasa_data/CoffeePressButton_ld.hdf5
[robosuite INFO] Loading controller configuration from: /home/user/Isaac-GR00T/gr00t/eval/sim/robocasa/robocasa_uv/.venv/lib/python3.10/site-packages/robosuite/controllers/config/robots/default_pandaomron.json (composite_controller_factory.py:121)
[robosuite INFO] Loading controller configuration from: /home/user/Isaac-GR00T/gr00t/eval/sim/robocasa/robocasa_uv/.venv/lib/python3.10/site-packages/robosuite/controllers/config/robots/default_pandaomron.json (composite_controller_factory.py:121)
[robosuite INFO] Loading controller configuration from: /home/user/Isaac-GR00T/gr00t/eval/sim/robocasa/robocasa_uv/.venv/lib/python3.10/site-packages/robosuite/controllers/config/robots/default_pandaomron.json (composite_controller_factory.py:121)
[robosuite INFO] Loading controller configuration from: /home/user/Isaac-GR00T/gr00t/eval/sim/robocasa/robocasa_uv/.venv/lib/python3.10/site-packages/robosuite/controllers/config/robots/default_pandaomron.json (composite_controller_factory.py:121)

============= Initialized Observation Utils with Obs Spec =============

using obs modality: low_dim with keys: []
using obs modality: rgb with keys: []
==== Using environment with the following metadata ====
{
    "env_name": "CoffeePressButton",
    "env_version": "1.5.2",
    "type": 1,
    "env_kwargs": {
        "robots": "PandaMobile",
        "controller_configs": {
            "type": "OSC_POSE",
            "input_max": 1,
            "input_min": -1,
            "output_max": [
                0.05,
                0.05,
                0.05,
                0.5,
                0.5,
                0.5
            ],
            "output_min": [
                -0.05,
                -0.05,
                -0.05,
                -0.5,
                -0.5,
                -0.5
            ],
            "kp": 150,
            "damping_ratio": 1,
            "impedance_mode": "fixed",
            "kp_limits": [
                0,
                300
            ],
            "damping_ratio_limits": [
                0,
                10
            ],
            "position_limits": null,
            "orientation_limits": null,
            "uncouple_pos_ori": true,
            "control_delta": true,
            "interpolation": null,
            "ramp_ratio": 0.2
        },
        "layout_ids": -1,
        "style_ids": [
            0,
            1,
            2,
            3,
            4,
            5,
            6,
            7,
            8,
            11
        ],
        "translucent_robot": false,
        "obj_instance_split": "A",
        "reward_shaping": false,
        "has_renderer": false,
        "has_offscreen_renderer": false,
        "ignore_done": true,
        "use_object_obs": true,
        "use_camera_obs": false,
        "camera_depths": false
    }
}

Process 3 finished

============= Initialized Observation Utils with Obs Spec =============

using obs modality: low_dim with keys: []
using obs modality: rgb with keys: []
==== Using environment with the following metadata ====
{
    "env_name": "CoffeePressButton",
    "env_version": "1.5.2",
    "type": 1,
    "env_kwargs": {
        "robots": "PandaMobile",
        "controller_configs": {
            "type": "OSC_POSE",
            "input_max": 1,
            "input_min": -1,
            "output_max": [
                0.05,
                0.05,
                0.05,
                0.5,
                0.5,
                0.5
            ],
            "output_min": [
                -0.05,
                -0.05,
                -0.05,
                -0.5,
                -0.5,
                -0.5
            ],
            "kp": 150,
            "damping_ratio": 1,
            "impedance_mode": "fixed",
            "kp_limits": [
                0,
                300
            ],
            "damping_ratio_limits": [
                0,
                10
            ],
            "position_limits": null,
            "orientation_limits": null,
            "uncouple_pos_ori": true,
            "control_delta": true,
            "interpolation": null,
            "ramp_ratio": 0.2
        },
        "layout_ids": -1,
        "style_ids": [
            0,
            1,
            2,
            3,
            4,
            5,
            6,
            7,
            8,
            11
        ],
        "translucent_robot": false,
        "obj_instance_split": "A",
        "reward_shaping": false,
        "has_renderer": false,
        "has_offscreen_renderer": false,
        "ignore_done": true,
        "use_object_obs": true,
        "use_camera_obs": false,
        "camera_depths": false
    }
}

Process 1 finished

============= Initialized Observation Utils with Obs Spec =============

using obs modality: low_dim with keys: []
using obs modality: rgb with keys: []
==== Using environment with the following metadata ====
{
    "env_name": "CoffeePressButton",
    "env_version": "1.5.2",
    "type": 1,
    "env_kwargs": {
        "robots": "PandaMobile",
        "controller_configs": {
            "type": "OSC_POSE",
            "input_max": 1,
            "input_min": -1,
            "output_max": [
                0.05,
                0.05,
                0.05,
                0.5,
                0.5,
                0.5
            ],
            "output_min": [
                -0.05,
                -0.05,
                -0.05,
                -0.5,
                -0.5,
                -0.5
            ],
            "kp": 150,
            "damping_ratio": 1,
            "impedance_mode": "fixed",
            "kp_limits": [
                0,
                300
            ],
            "damping_ratio_limits": [
                0,
                10
            ],
            "position_limits": null,
            "orientation_limits": null,
            "uncouple_pos_ori": true,
            "control_delta": true,
            "interpolation": null,
            "ramp_ratio": 0.2
        },
        "layout_ids": -1,
        "style_ids": [
            0,
            1,
            2,
            3,
            4,
            5,
            6,
            7,
            8,
            11
        ],
        "translucent_robot": false,
        "obj_instance_split": "A",
        "reward_shaping": false,
        "has_renderer": false,
        "has_offscreen_renderer": false,
        "ignore_done": true,
        "use_object_obs": true,
        "use_camera_obs": false,
        "camera_depths": false
    }
}

Process 0 finished

============= Initialized Observation Utils with Obs Spec =============

using obs modality: low_dim with keys: []
using obs modality: rgb with keys: []
==== Using environment with the following metadata ====
{
    "env_name": "CoffeePressButton",
    "env_version": "1.5.2",
    "type": 1,
    "env_kwargs": {
        "robots": "PandaMobile",
        "controller_configs": {
            "type": "OSC_POSE",
            "input_max": 1,
            "input_min": -1,
            "output_max": [
                0.05,
                0.05,
                0.05,
                0.5,
                0.5,
                0.5
            ],
            "output_min": [
                -0.05,
                -0.05,
                -0.05,
                -0.5,
                -0.5,
                -0.5
            ],
            "kp": 150,
            "damping_ratio": 1,
            "impedance_mode": "fixed",
            "kp_limits": [
                0,
                300
            ],
            "damping_ratio_limits": [
                0,
                10
            ],
            "position_limits": null,
            "orientation_limits": null,
            "uncouple_pos_ori": true,
            "control_delta": true,
            "interpolation": null,
            "ramp_ratio": 0.2
        },
        "layout_ids": -1,
        "style_ids": [
            0,
            1,
            2,
            3,
            4,
            5,
            6,
            7,
            8,
            11
        ],
        "translucent_robot": false,
        "obj_instance_split": "A",
        "reward_shaping": false,
        "has_renderer": false,
        "has_offscreen_renderer": false,
        "ignore_done": true,
        "use_object_obs": true,
        "use_camera_obs": false,
        "camera_depths": false
    }
}

Process 2 finished
[robosuite INFO] Loading controller configuration from: /home/user/Isaac-GR00T/gr00t/eval/sim/robocasa/robocasa_uv/.venv/lib/python3.10/site-packages/robosuite/controllers/config/robots/default_pandaomron.json (composite_controller_factory.py:121)
ep 1: wrote 154 transitions to group demo_2 at process 0 with 0 finished. Datagen rate: 16.80 sec/demo
ep 2: wrote 85 transitions to group demo_3 at process 3 with 0 finished. Datagen rate: 8.77 sec/demo
ep 3: wrote 113 transitions to group demo_1 at process 2 with 0 finished. Datagen rate: 5.93 sec/demo
ep 4: wrote 111 transitions to group demo_4 at process 1 with 0 finished. Datagen rate: 4.45 sec/demo
ep 5: wrote 90 transitions to group demo_6 at process 3 with 0 finished. Datagen rate: 5.05 sec/demo
ep 6: wrote 119 transitions to group demo_5 at process 0 with 0 finished. Datagen rate: 4.71 sec/demo
ep 7: wrote 149 transitions to group demo_8 at process 1 with 0 finished. Datagen rate: 4.20 sec/demo
ep 8: wrote 145 transitions to group demo_7 at process 2 with 0 finished. Datagen rate: 3.73 sec/demo
ep 9: wrote 123 transitions to group demo_9 at process 3 with 0 finished. Datagen rate: 3.86 sec/demo
ep 10: wrote 119 transitions to group demo_10 at process 0 with 0 finished. Datagen rate: 4.08 sec/demo
ep 11: wrote 90 transitions to group demo_12 at process 2 with 0 finished. Datagen rate: 3.76 sec/demo
ep 12: wrote 138 transitions to group demo_11 at process 1 with 0 finished. Datagen rate: 3.62 sec/demo
ep 13: wrote 127 transitions to group demo_13 at process 3 with 0 finished. Datagen rate: 3.68 sec/demo
ep 14: wrote 153 transitions to group demo_14 at process 0 with 0 finished. Datagen rate: 3.56 sec/demo
ep 15: wrote 94 transitions to group demo_15 at process 2 with 0 finished. Datagen rate: 3.40 sec/demo
ep 16: wrote 106 transitions to group demo_16 at process 1 with 0 finished. Datagen rate: 3.40 sec/demo
ep 17: wrote 103 transitions to group demo_17 at process 3 with 0 finished. Datagen rate: 3.56 sec/demo
ep 18: wrote 116 transitions to group demo_18 at process 0 with 0 finished. Datagen rate: 3.39 sec/demo
ep 19: wrote 156 transitions to group demo_19 at process 2 with 0 finished. Datagen rate: 3.27 sec/demo
ep 20: wrote 132 transitions to group demo_20 at process 1 with 0 finished. Datagen rate: 3.38 sec/demo
ep 21: wrote 142 transitions to group demo_22 at process 0 with 0 finished. Datagen rate: 3.42 sec/demo
ep 22: wrote 116 transitions to group demo_21 at process 3 with 0 finished. Datagen rate: 3.28 sec/demo
ep 23: wrote 96 transitions to group demo_23 at process 2 with 0 finished. Datagen rate: 3.23 sec/demo
ep 24: wrote 156 transitions to group demo_26 at process 3 with 0 finished. Datagen rate: 3.43 sec/demo
ep 25: wrote 136 transitions to group demo_24 at process 1 with 0 finished. Datagen rate: 3.30 sec/demo
ep 26: wrote 134 transitions to group demo_25 at process 0 with 0 finished. Datagen rate: 3.26 sec/demo
ep 27: wrote 89 transitions to group demo_27 at process 2 with 0 finished. Datagen rate: 3.27 sec/demo
ep 28: wrote 138 transitions to group demo_28 at process 3 with 0 finished. Datagen rate: 3.35 sec/demo
ep 29: wrote 144 transitions to group demo_30 at process 0 with 0 finished. Datagen rate: 3.30 sec/demo
ep 30: wrote 117 transitions to group demo_29 at process 1 with 0 finished. Datagen rate: 3.24 sec/demo
ep 31: wrote 91 transitions to group demo_31 at process 2 with 0 finished. Datagen rate: 3.18 sec/demo
ep 32: wrote 111 transitions to group demo_32 at process 3 with 0 finished. Datagen rate: 3.23 sec/demo
ep 33: wrote 110 transitions to group demo_35 at process 2 with 0 finished. Datagen rate: 3.22 sec/demo
ep 34: wrote 135 transitions to group demo_34 at process 1 with 0 finished. Datagen rate: 3.17 sec/demo
ep 35: wrote 143 transitions to group demo_33 at process 0 with 0 finished. Datagen rate: 3.09 sec/demo
ep 36: wrote 120 transitions to group demo_37 at process 2 with 0 finished. Datagen rate: 3.26 sec/demo
ep 37: wrote 137 transitions to group demo_36 at process 3 with 0 finished. Datagen rate: 3.19 sec/demo
ep 38: wrote 131 transitions to group demo_38 at process 1 with 0 finished. Datagen rate: 3.14 sec/demo
ep 39: wrote 115 transitions to group demo_39 at process 0 with 0 finished. Datagen rate: 3.17 sec/demo
ep 40: wrote 119 transitions to group demo_42 at process 1 with 0 finished. Datagen rate: 3.18 sec/demo
ep 41: wrote 112 transitions to group demo_41 at process 3 with 0 finished. Datagen rate: 3.20 sec/demo
ep 42: wrote 138 transitions to group demo_40 at process 2 with 0 finished. Datagen rate: 3.14 sec/demo
ep 43: wrote 101 transitions to group demo_43 at process 0 with 0 finished. Datagen rate: 3.14 sec/demo
ep 44: wrote 89 transitions to group demo_44 at process 1 with 0 finished. Datagen rate: 3.22 sec/demo
ep 45: wrote 116 transitions to group demo_45 at process 3 with 0 finished. Datagen rate: 3.23 sec/demo
ep 46: wrote 116 transitions to group demo_47 at process 0 with 0 finished. Datagen rate: 3.19 sec/demo
ep 47: wrote 118 transitions to group demo_46 at process 2 with 0 finished. Datagen rate: 3.14 sec/demo
ep 48: wrote 130 transitions to group demo_48 at process 1 with 0 finished. Datagen rate: 3.20 sec/demo
ep 49: wrote 91 transitions to group demo_51 at process 2 with 0 finished. Datagen rate: 3.20 sec/demo
ep 50: wrote 82 transitions to group demo_50 at process 0 with 0 finished. Datagen rate: 3.15 sec/demo
ep 51: wrote 121 transitions to group demo_49 at process 3 with 1 finished. Datagen rate: 3.15 sec/demo
ep 52: wrote 143 transitions to group demo_52 at process 1 with 2 finished. Datagen rate: 3.19 sec/demo
ep 53: wrote 94 transitions to group demo_54 at process 0 with 3 finished. Datagen rate: 3.14 sec/demo
ep 54: wrote 108 transitions to group demo_53 at process 2 with 4 finished. Datagen rate: 3.11 sec/demo

============= Initialized Observation Utils with Obs Spec =============

using obs modality: low_dim with keys: []
using obs modality: rgb with keys: []
total processes end 4
Wrote 6462 total samples to /home/user/Desktop/multi-rate/full_grid_2026-09-07/robocasa_data/CoffeePressButton_ld.hdf5
Moving demo_54 -> demo_0
Writing has finished
Time elapsed: 173.61 seconds
Finished Multiprocessing
[convert] TurnOffMicrowave: /home/user/Desktop/multi-rate/full_grid_2026-09-07/robocasa_data/TurnOffMicrowave_raw.hdf5 -> /home/user/Desktop/multi-rate/full_grid_2026-09-07/robocasa_data/TurnOffMicrowave_ld.hdf5
input file: /home/user/Desktop/multi-rate/full_grid_2026-09-07/robocasa_data/TurnOffMicrowave_raw.hdf5
output file: /home/user/Desktop/multi-rate/full_grid_2026-09-07/robocasa_data/TurnOffMicrowave_ld.hdf5
[robosuite INFO] Loading controller configuration from: /home/user/Isaac-GR00T/gr00t/eval/sim/robocasa/robocasa_uv/.venv/lib/python3.10/site-packages/robosuite/controllers/config/robots/default_pandaomron.json (composite_controller_factory.py:121)
[robosuite INFO] Loading controller configuration from: /home/user/Isaac-GR00T/gr00t/eval/sim/robocasa/robocasa_uv/.venv/lib/python3.10/site-packages/robosuite/controllers/config/robots/default_pandaomron.json (composite_controller_factory.py:121)
[robosuite INFO] Loading controller configuration from: /home/user/Isaac-GR00T/gr00t/eval/sim/robocasa/robocasa_uv/.venv/lib/python3.10/site-packages/robosuite/controllers/config/robots/default_pandaomron.json (composite_controller_factory.py:121)
[robosuite INFO] Loading controller configuration from: /home/user/Isaac-GR00T/gr00t/eval/sim/robocasa/robocasa_uv/.venv/lib/python3.10/site-packages/robosuite/controllers/config/robots/default_pandaomron.json (composite_controller_factory.py:121)

============= Initialized Observation Utils with Obs Spec =============

using obs modality: low_dim with keys: []
using obs modality: rgb with keys: []
==== Using environment with the following metadata ====
{
    "env_name": "TurnOffMicrowave",
    "env_version": "1.5.2",
    "type": 1,
    "env_kwargs": {
        "robots": "PandaMobile",
        "controller_configs": {
            "type": "OSC_POSE",
            "input_max": 1,
            "input_min": -1,
            "output_max": [
                0.05,
                0.05,
                0.05,
                0.5,
                0.5,
                0.5
            ],
            "output_min": [
                -0.05,
                -0.05,
                -0.05,
                -0.5,
                -0.5,
                -0.5
            ],
            "kp": 150,
            "damping_ratio": 1,
            "impedance_mode": "fixed",
            "kp_limits": [
                0,
                300
            ],
            "damping_ratio_limits": [
                0,
                10
            ],
            "position_limits": null,
            "orientation_limits": null,
            "uncouple_pos_ori": true,
            "control_delta": true,
            "interpolation": null,
            "ramp_ratio": 0.2
        },
        "layout_ids": -1,
        "style_ids": [
            0,
            1,
            2,
            3,
            4,
            5,
            6,
            7,
            8,
            11
        ],
        "translucent_robot": false,
        "obj_instance_split": "A",
        "reward_shaping": false,
        "has_renderer": false,
        "has_offscreen_renderer": false,
        "ignore_done": true,
        "use_object_obs": true,
        "use_camera_obs": false,
        "camera_depths": false
    }
}

Process 2 finished

============= Initialized Observation Utils with Obs Spec =============

using obs modality: low_dim with keys: []
using obs modality: rgb with keys: []
==== Using environment with the following metadata ====
{
    "env_name": "TurnOffMicrowave",
    "env_version": "1.5.2",
    "type": 1,
    "env_kwargs": {
        "robots": "PandaMobile",
        "controller_configs": {
            "type": "OSC_POSE",
            "input_max": 1,
            "input_min": -1,
            "output_max": [
                0.05,
                0.05,
                0.05,
                0.5,
                0.5,
                0.5
            ],
            "output_min": [
                -0.05,
                -0.05,
                -0.05,
                -0.5,
                -0.5,
                -0.5
            ],
            "kp": 150,
            "damping_ratio": 1,
            "impedance_mode": "fixed",
            "kp_limits": [
                0,
                300
            ],
            "damping_ratio_limits": [
                0,
                10
            ],
            "position_limits": null,
            "orientation_limits": null,
            "uncouple_pos_ori": true,
            "control_delta": true,
            "interpolation": null,
            "ramp_ratio": 0.2
        },
        "layout_ids": -1,
        "style_ids": [
            0,
            1,
            2,
            3,
            4,
            5,
            6,
            7,
            8,
            11
        ],
        "translucent_robot": false,
        "obj_instance_split": "A",
        "reward_shaping": false,
        "has_renderer": false,
        "has_offscreen_renderer": false,
        "ignore_done": true,
        "use_object_obs": true,
        "use_camera_obs": false,
        "camera_depths": false
    }
}

Process 0 finished

============= Initialized Observation Utils with Obs Spec =============

using obs modality: low_dim with keys: []
using obs modality: rgb with keys: []
==== Using environment with the following metadata ====
{
    "env_name": "TurnOffMicrowave",
    "env_version": "1.5.2",
    "type": 1,
    "env_kwargs": {
        "robots": "PandaMobile",
        "controller_configs": {
            "type": "OSC_POSE",
            "input_max": 1,
            "input_min": -1,
            "output_max": [
                0.05,
                0.05,
                0.05,
                0.5,
                0.5,
                0.5
            ],
            "output_min": [
                -0.05,
                -0.05,
                -0.05,
                -0.5,
                -0.5,
                -0.5
            ],
            "kp": 150,
            "damping_ratio": 1,
            "impedance_mode": "fixed",
            "kp_limits": [
                0,
                300
            ],
            "damping_ratio_limits": [
                0,
                10
            ],
            "position_limits": null,
            "orientation_limits": null,
            "uncouple_pos_ori": true,
            "control_delta": true,
            "interpolation": null,
            "ramp_ratio": 0.2
        },
        "layout_ids": -1,
        "style_ids": [
            0,
            1,
            2,
            3,
            4,
            5,
            6,
            7,
            8,
            11
        ],
        "translucent_robot": false,
        "obj_instance_split": "A",
        "reward_shaping": false,
        "has_renderer": false,
        "has_offscreen_renderer": false,
        "ignore_done": true,
        "use_object_obs": true,
        "use_camera_obs": false,
        "camera_depths": false
    }
}

Process 1 finished

============= Initialized Observation Utils with Obs Spec =============

using obs modality: low_dim with keys: []
using obs modality: rgb with keys: []
==== Using environment with the following metadata ====
{
    "env_name": "TurnOffMicrowave",
    "env_version": "1.5.2",
    "type": 1,
    "env_kwargs": {
        "robots": "PandaMobile",
        "controller_configs": {
            "type": "OSC_POSE",
            "input_max": 1,
            "input_min": -1,
            "output_max": [
                0.05,
                0.05,
                0.05,
                0.5,
                0.5,
                0.5
            ],
            "output_min": [
                -0.05,
                -0.05,
                -0.05,
                -0.5,
                -0.5,
                -0.5
            ],
            "kp": 150,
            "damping_ratio": 1,
            "impedance_mode": "fixed",
            "kp_limits": [
                0,
                300
            ],
            "damping_ratio_limits": [
                0,
                10
            ],
            "position_limits": null,
            "orientation_limits": null,
            "uncouple_pos_ori": true,
            "control_delta": true,
            "interpolation": null,
            "ramp_ratio": 0.2
        },
        "layout_ids": -1,
        "style_ids": [
            0,
            1,
            2,
            3,
            4,
            5,
            6,
            7,
            8,
            11
        ],
        "translucent_robot": false,
        "obj_instance_split": "A",
        "reward_shaping": false,
        "has_renderer": false,
        "has_offscreen_renderer": false,
        "ignore_done": true,
        "use_object_obs": true,
        "use_camera_obs": false,
        "camera_depths": false
    }
}

Process 3 finished
[robosuite INFO] Loading controller configuration from: /home/user/Isaac-GR00T/gr00t/eval/sim/robocasa/robocasa_uv/.venv/lib/python3.10/site-packages/robosuite/controllers/config/robots/default_pandaomron.json (composite_controller_factory.py:121)
ep 1: wrote 12 transitions to group demo_1 at process 0 with 0 finished. Datagen rate: 13.21 sec/demo
ep 2: wrote 225 transitions to group demo_3 at process 1 with 0 finished. Datagen rate: 8.81 sec/demo
ep 3: wrote 238 transitions to group demo_2 at process 2 with 0 finished. Datagen rate: 6.39 sec/demo
ep 4: wrote 252 transitions to group demo_4 at process 3 with 0 finished. Datagen rate: 5.15 sec/demo
ep 5: wrote 252 transitions to group demo_5 at process 0 with 0 finished. Datagen rate: 5.93 sec/demo
ep 6: wrote 209 transitions to group demo_7 at process 2 with 0 finished. Datagen rate: 5.42 sec/demo
ep 7: wrote 287 transitions to group demo_6 at process 1 with 0 finished. Datagen rate: 4.70 sec/demo
ep 8: wrote 244 transitions to group demo_8 at process 3 with 0 finished. Datagen rate: 4.27 sec/demo
ep 9: wrote 212 transitions to group demo_10 at process 2 with 0 finished. Datagen rate: 4.56 sec/demo
ep 10: wrote 219 transitions to group demo_11 at process 1 with 0 finished. Datagen rate: 4.12 sec/demo
ep 11: wrote 239 transitions to group demo_9 at process 0 with 0 finished. Datagen rate: 4.26 sec/demo
ep 12: wrote 217 transitions to group demo_12 at process 3 with 0 finished. Datagen rate: 4.09 sec/demo
ep 13: wrote 179 transitions to group demo_14 at process 1 with 0 finished. Datagen rate: 3.96 sec/demo
ep 14: wrote 209 transitions to group demo_13 at process 2 with 0 finished. Datagen rate: 3.97 sec/demo
ep 15: wrote 210 transitions to group demo_16 at process 3 with 0 finished. Datagen rate: 3.92 sec/demo
ep 16: wrote 232 transitions to group demo_15 at process 0 with 0 finished. Datagen rate: 3.72 sec/demo
ep 17: wrote 218 transitions to group demo_17 at process 1 with 0 finished. Datagen rate: 3.91 sec/demo
ep 18: wrote 247 transitions to group demo_18 at process 2 with 0 finished. Datagen rate: 3.88 sec/demo
ep 19: wrote 225 transitions to group demo_19 at process 3 with 0 finished. Datagen rate: 3.79 sec/demo
ep 20: wrote 182 transitions to group demo_20 at process 0 with 0 finished. Datagen rate: 3.69 sec/demo
ep 21: wrote 198 transitions to group demo_21 at process 1 with 0 finished. Datagen rate: 3.72 sec/demo
ep 22: wrote 247 transitions to group demo_22 at process 2 with 0 finished. Datagen rate: 3.76 sec/demo
ep 23: wrote 203 transitions to group demo_23 at process 3 with 0 finished. Datagen rate: 3.67 sec/demo
ep 24: wrote 318 transitions to group demo_24 at process 0 with 0 finished. Datagen rate: 3.67 sec/demo
ep 25: wrote 280 transitions to group demo_25 at process 1 with 0 finished. Datagen rate: 3.66 sec/demo
ep 26: wrote 205 transitions to group demo_26 at process 2 with 0 finished. Datagen rate: 3.65 sec/demo
ep 27: wrote 241 transitions to group demo_27 at process 3 with 0 finished. Datagen rate: 3.55 sec/demo
ep 28: wrote 291 transitions to group demo_28 at process 0 with 0 finished. Datagen rate: 3.56 sec/demo
ep 29: wrote 236 transitions to group demo_29 at process 1 with 0 finished. Datagen rate: 3.60 sec/demo
ep 30: wrote 223 transitions to group demo_31 at process 3 with 0 finished. Datagen rate: 3.61 sec/demo
ep 31: wrote 180 transitions to group demo_30 at process 2 with 0 finished. Datagen rate: 3.60 sec/demo
ep 32: wrote 233 transitions to group demo_32 at process 0 with 0 finished. Datagen rate: 3.50 sec/demo
ep 33: wrote 237 transitions to group demo_33 at process 1 with 0 finished. Datagen rate: 3.43 sec/demo
ep 34: wrote 225 transitions to group demo_35 at process 2 with 0 finished. Datagen rate: 3.55 sec/demo
ep 35: wrote 231 transitions to group demo_34 at process 3 with 0 finished. Datagen rate: 3.48 sec/demo
ep 36: wrote 183 transitions to group demo_36 at process 0 with 0 finished. Datagen rate: 3.47 sec/demo
ep 37: wrote 176 transitions to group demo_37 at process 1 with 0 finished. Datagen rate: 3.44 sec/demo
ep 38: wrote 12 transitions to group demo_38 at process 2 with 0 finished. Datagen rate: 3.46 sec/demo
ep 39: wrote 264 transitions to group demo_39 at process 3 with 0 finished. Datagen rate: 3.46 sec/demo
ep 40: wrote 235 transitions to group demo_40 at process 0 with 0 finished. Datagen rate: 3.42 sec/demo
ep 41: wrote 224 transitions to group demo_41 at process 1 with 0 finished. Datagen rate: 3.41 sec/demo
ep 42: wrote 221 transitions to group demo_42 at process 2 with 0 finished. Datagen rate: 3.49 sec/demo
ep 43: wrote 218 transitions to group demo_43 at process 3 with 0 finished. Datagen rate: 3.41 sec/demo
ep 44: wrote 234 transitions to group demo_44 at process 0 with 0 finished. Datagen rate: 3.36 sec/demo
ep 45: wrote 223 transitions to group demo_45 at process 1 with 0 finished. Datagen rate: 3.48 sec/demo
ep 46: wrote 291 transitions to group demo_47 at process 3 with 0 finished. Datagen rate: 3.43 sec/demo
ep 47: wrote 162 transitions to group demo_46 at process 2 with 0 finished. Datagen rate: 3.43 sec/demo
ep 48: wrote 174 transitions to group demo_48 at process 0 with 0 finished. Datagen rate: 3.41 sec/demo
ep 49: wrote 236 transitions to group demo_49 at process 1 with 0 finished. Datagen rate: 3.45 sec/demo
ep 50: wrote 231 transitions to group demo_50 at process 3 with 0 finished. Datagen rate: 3.39 sec/demo
ep 51: wrote 256 transitions to group demo_51 at process 2 with 1 finished. Datagen rate: 3.38 sec/demo
ep 52: wrote 181 transitions to group demo_52 at process 0 with 2 finished. Datagen rate: 3.44 sec/demo
ep 53: wrote 229 transitions to group demo_53 at process 1 with 3 finished. Datagen rate: 3.42 sec/demo
ep 54: wrote 221 transitions to group demo_54 at process 3 with 4 finished. Datagen rate: 3.39 sec/demo

============= Initialized Observation Utils with Obs Spec =============

using obs modality: low_dim with keys: []
using obs modality: rgb with keys: []
total processes end 4
Wrote 11827 total samples to /home/user/Desktop/multi-rate/full_grid_2026-09-07/robocasa_data/TurnOffMicrowave_ld.hdf5
Moving demo_54 -> demo_0
Writing has finished
Time elapsed: 187.05 seconds
Finished Multiprocessing
[convert] CloseSingleDoor: /home/user/Desktop/multi-rate/full_grid_2026-09-07/robocasa_data/CloseSingleDoor_raw.hdf5 -> /home/user/Desktop/multi-rate/full_grid_2026-09-07/robocasa_data/CloseSingleDoor_ld.hdf5
input file: /home/user/Desktop/multi-rate/full_grid_2026-09-07/robocasa_data/CloseSingleDoor_raw.hdf5
output file: /home/user/Desktop/multi-rate/full_grid_2026-09-07/robocasa_data/CloseSingleDoor_ld.hdf5
[robosuite INFO] Loading controller configuration from: /home/user/Isaac-GR00T/gr00t/eval/sim/robocasa/robocasa_uv/.venv/lib/python3.10/site-packages/robosuite/controllers/config/robots/default_pandaomron.json (composite_controller_factory.py:121)
[robosuite INFO] Loading controller configuration from: /home/user/Isaac-GR00T/gr00t/eval/sim/robocasa/robocasa_uv/.venv/lib/python3.10/site-packages/robosuite/controllers/config/robots/default_pandaomron.json (composite_controller_factory.py:121)
[robosuite INFO] Loading controller configuration from: /home/user/Isaac-GR00T/gr00t/eval/sim/robocasa/robocasa_uv/.venv/lib/python3.10/site-packages/robosuite/controllers/config/robots/default_pandaomron.json (composite_controller_factory.py:121)
[robosuite INFO] Loading controller configuration from: /home/user/Isaac-GR00T/gr00t/eval/sim/robocasa/robocasa_uv/.venv/lib/python3.10/site-packages/robosuite/controllers/config/robots/default_pandaomron.json (composite_controller_factory.py:121)

============= Initialized Observation Utils with Obs Spec =============

using obs modality: low_dim with keys: []
using obs modality: rgb with keys: []
==== Using environment with the following metadata ====
{
    "env_name": "CloseSingleDoor",
    "env_version": "1.5.2",
    "type": 1,
    "env_kwargs": {
        "robots": "PandaMobile",
        "controller_configs": {
            "type": "OSC_POSE",
            "input_max": 1,
            "input_min": -1,
            "output_max": [
                0.05,
                0.05,
                0.05,
                0.5,
                0.5,
                0.5
            ],
            "output_min": [
                -0.05,
                -0.05,
                -0.05,
                -0.5,
                -0.5,
                -0.5
            ],
            "kp": 150,
            "damping_ratio": 1,
            "impedance_mode": "fixed",
            "kp_limits": [
                0,
                300
            ],
            "damping_ratio_limits": [
                0,
                10
            ],
            "position_limits": null,
            "orientation_limits": null,
            "uncouple_pos_ori": true,
            "control_delta": true,
            "interpolation": null,
            "ramp_ratio": 0.2
        },
        "layout_ids": -1,
        "style_ids": [
            0,
            1,
            2,
            3,
            4,
            5,
            6,
            7,
            8,
            11
        ],
        "translucent_robot": false,
        "obj_instance_split": "A",
        "reward_shaping": false,
        "has_renderer": false,
        "has_offscreen_renderer": false,
        "ignore_done": true,
        "use_object_obs": true,
        "use_camera_obs": false,
        "camera_depths": false
    }
}

Process 1 finished

============= Initialized Observation Utils with Obs Spec =============

using obs modality: low_dim with keys: []
using obs modality: rgb with keys: []
==== Using environment with the following metadata ====
{
    "env_name": "CloseSingleDoor",
    "env_version": "1.5.2",
    "type": 1,
    "env_kwargs": {
        "robots": "PandaMobile",
        "controller_configs": {
            "type": "OSC_POSE",
            "input_max": 1,
            "input_min": -1,
            "output_max": [
                0.05,
                0.05,
                0.05,
                0.5,
                0.5,
                0.5
            ],
            "output_min": [
                -0.05,
                -0.05,
                -0.05,
                -0.5,
                -0.5,
                -0.5
            ],
            "kp": 150,
            "damping_ratio": 1,
            "impedance_mode": "fixed",
            "kp_limits": [
                0,
                300
            ],
            "damping_ratio_limits": [
                0,
                10
            ],
            "position_limits": null,
            "orientation_limits": null,
            "uncouple_pos_ori": true,
            "control_delta": true,
            "interpolation": null,
            "ramp_ratio": 0.2
        },
        "layout_ids": -1,
        "style_ids": [
            0,
            1,
            2,
            3,
            4,
            5,
            6,
            7,
            8,
            11
        ],
        "translucent_robot": false,
        "obj_instance_split": "A",
        "reward_shaping": false,
        "has_renderer": false,
        "has_offscreen_renderer": false,
        "ignore_done": true,
        "use_object_obs": true,
        "use_camera_obs": false,
        "camera_depths": false
    }
}

Process 3 finished

============= Initialized Observation Utils with Obs Spec =============

using obs modality: low_dim with keys: []
using obs modality: rgb with keys: []
==== Using environment with the following metadata ====
{
    "env_name": "CloseSingleDoor",
    "env_version": "1.5.2",
    "type": 1,
    "env_kwargs": {
        "robots": "PandaMobile",
        "controller_configs": {
            "type": "OSC_POSE",
            "input_max": 1,
            "input_min": -1,
            "output_max": [
                0.05,
                0.05,
                0.05,
                0.5,
                0.5,
                0.5
            ],
            "output_min": [
                -0.05,
                -0.05,
                -0.05,
                -0.5,
                -0.5,
                -0.5
            ],
            "kp": 150,
            "damping_ratio": 1,
            "impedance_mode": "fixed",
            "kp_limits": [
                0,
                300
            ],
            "damping_ratio_limits": [
                0,
                10
            ],
            "position_limits": null,
            "orientation_limits": null,
            "uncouple_pos_ori": true,
            "control_delta": true,
            "interpolation": null,
            "ramp_ratio": 0.2
        },
        "layout_ids": -1,
        "style_ids": [
            0,
            1,
            2,
            3,
            4,
            5,
            6,
            7,
            8,
            11
        ],
        "translucent_robot": false,
        "obj_instance_split": "A",
        "reward_shaping": false,
        "has_renderer": false,
        "has_offscreen_renderer": false,
        "ignore_done": true,
        "use_object_obs": true,
        "use_camera_obs": false,
        "camera_depths": false
    }
}

Process 2 finished

============= Initialized Observation Utils with Obs Spec =============

using obs modality: low_dim with keys: []
using obs modality: rgb with keys: []
==== Using environment with the following metadata ====
{
    "env_name": "CloseSingleDoor",
    "env_version": "1.5.2",
    "type": 1,
    "env_kwargs": {
        "robots": "PandaMobile",
        "controller_configs": {
            "type": "OSC_POSE",
            "input_max": 1,
            "input_min": -1,
            "output_max": [
                0.05,
                0.05,
                0.05,
                0.5,
                0.5,
                0.5
            ],
            "output_min": [
                -0.05,
                -0.05,
                -0.05,
                -0.5,
                -0.5,
                -0.5
            ],
            "kp": 150,
            "damping_ratio": 1,
            "impedance_mode": "fixed",
            "kp_limits": [
                0,
                300
            ],
            "damping_ratio_limits": [
                0,
                10
            ],
            "position_limits": null,
            "orientation_limits": null,
            "uncouple_pos_ori": true,
            "control_delta": true,
            "interpolation": null,
            "ramp_ratio": 0.2
        },
        "layout_ids": -1,
        "style_ids": [
            0,
            1,
            2,
            3,
            4,
            5,
            6,
            7,
            8,
            11
        ],
        "translucent_robot": false,
        "obj_instance_split": "A",
        "reward_shaping": false,
        "has_renderer": false,
        "has_offscreen_renderer": false,
        "ignore_done": true,
        "use_object_obs": true,
        "use_camera_obs": false,
        "camera_depths": false
    }
}

Process 0 finished
[robosuite INFO] Loading controller configuration from: /home/user/Isaac-GR00T/gr00t/eval/sim/robocasa/robocasa_uv/.venv/lib/python3.10/site-packages/robosuite/controllers/config/robots/default_pandaomron.json (composite_controller_factory.py:121)
ep 1: wrote 262 transitions to group demo_4 at process 1 with 0 finished. Datagen rate: 17.26 sec/demo
ep 2: wrote 265 transitions to group demo_1 at process 3 with 0 finished. Datagen rate: 9.31 sec/demo
ep 3: wrote 239 transitions to group demo_2 at process 0 with 0 finished. Datagen rate: 7.62 sec/demo
ep 4: wrote 307 transitions to group demo_3 at process 2 with 0 finished. Datagen rate: 6.14 sec/demo
ep 5: wrote 237 transitions to group demo_5 at process 1 with 0 finished. Datagen rate: 5.75 sec/demo
ep 6: wrote 250 transitions to group demo_6 at process 3 with 0 finished. Datagen rate: 5.03 sec/demo
ep 7: wrote 229 transitions to group demo_7 at process 0 with 0 finished. Datagen rate: 4.97 sec/demo
ep 8: wrote 220 transitions to group demo_8 at process 2 with 0 finished. Datagen rate: 4.86 sec/demo
ep 9: wrote 220 transitions to group demo_9 at process 1 with 0 finished. Datagen rate: 4.54 sec/demo
ep 10: wrote 253 transitions to group demo_10 at process 3 with 0 finished. Datagen rate: 4.18 sec/demo
ep 11: wrote 282 transitions to group demo_11 at process 0 with 0 finished. Datagen rate: 4.41 sec/demo
ep 12: wrote 193 transitions to group demo_12 at process 2 with 0 finished. Datagen rate: 4.39 sec/demo
ep 13: wrote 296 transitions to group demo_13 at process 1 with 0 finished. Datagen rate: 4.37 sec/demo
ep 14: wrote 212 transitions to group demo_14 at process 3 with 0 finished. Datagen rate: 4.15 sec/demo
ep 15: wrote 322 transitions to group demo_15 at process 0 with 0 finished. Datagen rate: 4.23 sec/demo
ep 16: wrote 245 transitions to group demo_16 at process 2 with 0 finished. Datagen rate: 3.99 sec/demo
ep 17: wrote 257 transitions to group demo_18 at process 3 with 0 finished. Datagen rate: 4.00 sec/demo
ep 18: wrote 249 transitions to group demo_17 at process 1 with 0 finished. Datagen rate: 4.08 sec/demo
ep 19: wrote 291 transitions to group demo_19 at process 0 with 0 finished. Datagen rate: 4.05 sec/demo
ep 20: wrote 270 transitions to group demo_20 at process 2 with 0 finished. Datagen rate: 3.97 sec/demo
ep 21: wrote 261 transitions to group demo_21 at process 3 with 0 finished. Datagen rate: 3.82 sec/demo
ep 22: wrote 230 transitions to group demo_22 at process 1 with 0 finished. Datagen rate: 3.86 sec/demo
ep 23: wrote 254 transitions to group demo_23 at process 0 with 0 finished. Datagen rate: 3.98 sec/demo
ep 24: wrote 218 transitions to group demo_24 at process 2 with 0 finished. Datagen rate: 3.90 sec/demo
ep 25: wrote 222 transitions to group demo_26 at process 1 with 0 finished. Datagen rate: 3.84 sec/demo
ep 26: wrote 220 transitions to group demo_25 at process 3 with 0 finished. Datagen rate: 3.69 sec/demo
ep 27: wrote 254 transitions to group demo_27 at process 0 with 0 finished. Datagen rate: 3.87 sec/demo
ep 28: wrote 211 transitions to group demo_30 at process 3 with 0 finished. Datagen rate: 3.84 sec/demo
ep 29: wrote 256 transitions to group demo_28 at process 2 with 0 finished. Datagen rate: 3.71 sec/demo
ep 30: wrote 303 transitions to group demo_29 at process 1 with 0 finished. Datagen rate: 3.73 sec/demo
ep 31: wrote 239 transitions to group demo_31 at process 0 with 0 finished. Datagen rate: 3.74 sec/demo
ep 32: wrote 254 transitions to group demo_33 at process 2 with 0 finished. Datagen rate: 3.79 sec/demo
ep 33: wrote 290 transitions to group demo_32 at process 3 with 0 finished. Datagen rate: 3.72 sec/demo
ep 34: wrote 237 transitions to group demo_34 at process 1 with 0 finished. Datagen rate: 3.65 sec/demo
ep 35: wrote 267 transitions to group demo_35 at process 0 with 0 finished. Datagen rate: 3.62 sec/demo
ep 36: wrote 227 transitions to group demo_38 at process 1 with 0 finished. Datagen rate: 3.71 sec/demo
ep 37: wrote 202 transitions to group demo_37 at process 3 with 0 finished. Datagen rate: 3.73 sec/demo
ep 38: wrote 270 transitions to group demo_36 at process 2 with 0 finished. Datagen rate: 3.70 sec/demo
ep 39: wrote 237 transitions to group demo_39 at process 0 with 0 finished. Datagen rate: 3.67 sec/demo
ep 40: wrote 229 transitions to group demo_40 at process 1 with 0 finished. Datagen rate: 3.69 sec/demo
ep 41: wrote 278 transitions to group demo_41 at process 3 with 0 finished. Datagen rate: 3.68 sec/demo
ep 42: wrote 298 transitions to group demo_42 at process 2 with 0 finished. Datagen rate: 3.72 sec/demo
ep 43: wrote 250 transitions to group demo_43 at process 0 with 0 finished. Datagen rate: 3.69 sec/demo
ep 44: wrote 231 transitions to group demo_44 at process 1 with 0 finished. Datagen rate: 3.65 sec/demo
ep 45: wrote 260 transitions to group demo_45 at process 3 with 0 finished. Datagen rate: 3.62 sec/demo
ep 46: wrote 260 transitions to group demo_46 at process 2 with 0 finished. Datagen rate: 3.72 sec/demo
ep 47: wrote 210 transitions to group demo_48 at process 1 with 0 finished. Datagen rate: 3.73 sec/demo
ep 48: wrote 186 transitions to group demo_49 at process 3 with 0 finished. Datagen rate: 3.68 sec/demo
ep 49: wrote 213 transitions to group demo_47 at process 0 with 0 finished. Datagen rate: 3.71 sec/demo
ep 50: wrote 289 transitions to group demo_50 at process 2 with 0 finished. Datagen rate: 3.70 sec/demo
ep 51: wrote 271 transitions to group demo_51 at process 1 with 1 finished. Datagen rate: 3.71 sec/demo
ep 52: wrote 301 transitions to group demo_52 at process 3 with 2 finished. Datagen rate: 3.64 sec/demo
ep 53: wrote 223 transitions to group demo_54 at process 2 with 3 finished. Datagen rate: 3.69 sec/demo
ep 54: wrote 252 transitions to group demo_53 at process 0 with 4 finished. Datagen rate: 3.67 sec/demo

============= Initialized Observation Utils with Obs Spec =============

using obs modality: low_dim with keys: []
using obs modality: rgb with keys: []
total processes end 4
Wrote 13502 total samples to /home/user/Desktop/multi-rate/full_grid_2026-09-07/robocasa_data/CloseSingleDoor_ld.hdf5
Moving demo_54 -> demo_0
Writing has finished
Time elapsed: 202.60 seconds
Finished Multiprocessing
[done] all conversions complete
