nohup: ignoring input
=== Starting Push-T 537k Training & Evaluation on cuda ===
[data] loaded /home/user/Desktop/multi-rate/full_grid_2026-09-07/demos_PushT-v1_200.npz (200 demos)
[data] 13352 windows, obs_dim=31, act_dim=6

[Diff. Policy] starting 537000 steps (batch_size=256, lr=0.0001)...
[Diff. Policy] step 1/537000 | loss=1.12901 | 3.6 steps/s | ETA: 2511.2 min
[Diff. Policy] step 25000/537000 | loss=0.01039 | 51.4 steps/s | ETA: 165.9 min
[Diff. Policy] step 50000/537000 | loss=0.00577 | 51.4 steps/s | ETA: 158.1 min
[Diff. Policy] step 75000/537000 | loss=0.00406 | 51.3 steps/s | ETA: 150.1 min
[Diff. Policy] step 100000/537000 | loss=0.00301 | 51.3 steps/s | ETA: 142.0 min
[Diff. Policy] step 125000/537000 | loss=0.00310 | 51.3 steps/s | ETA: 133.9 min
[Diff. Policy] step 150000/537000 | loss=0.00184 | 51.3 steps/s | ETA: 125.8 min
[Diff. Policy] step 175000/537000 | loss=0.00120 | 51.3 steps/s | ETA: 117.7 min
[Diff. Policy] step 200000/537000 | loss=0.00063 | 51.3 steps/s | ETA: 109.5 min
[Diff. Policy] step 225000/537000 | loss=0.00086 | 51.3 steps/s | ETA: 101.4 min
[Diff. Policy] step 250000/537000 | loss=0.00103 | 51.3 steps/s | ETA: 93.3 min
[Diff. Policy] step 275000/537000 | loss=0.00086 | 51.3 steps/s | ETA: 85.2 min
[Diff. Policy] step 300000/537000 | loss=0.00071 | 51.3 steps/s | ETA: 77.0 min
[Diff. Policy] step 325000/537000 | loss=0.00051 | 51.3 steps/s | ETA: 68.9 min
[Diff. Policy] step 350000/537000 | loss=0.00019 | 51.3 steps/s | ETA: 60.8 min
[Diff. Policy] step 375000/537000 | loss=0.00014 | 51.3 steps/s | ETA: 52.7 min
[Diff. Policy] step 400000/537000 | loss=0.00010 | 51.3 steps/s | ETA: 44.5 min
[Diff. Policy] step 425000/537000 | loss=0.00009 | 51.3 steps/s | ETA: 36.4 min
[Diff. Policy] step 450000/537000 | loss=0.00004 | 51.3 steps/s | ETA: 28.3 min
[Diff. Policy] step 475000/537000 | loss=0.00003 | 51.3 steps/s | ETA: 20.2 min
[Diff. Policy] step 500000/537000 | loss=0.00001 | 51.3 steps/s | ETA: 12.0 min
[Diff. Policy] step 525000/537000 | loss=0.00002 | 51.3 steps/s | ETA: 3.9 min
[Diff. Policy] step 537000/537000 | loss=0.00001 | 51.3 steps/s | ETA: 0.0 min
[Diff. Policy] finished 537000 steps in 174.59 minutes (51.3 steps/s).
[saved] /home/user/Desktop/multi-rate/full_grid_2026-09-07/dp_PushT-v1_537k.pt

[Diff] evaluating 1X (n=100)...
  [Diff k=1] [25/100] native=7/25 zoh=7/25
  [Diff k=1] [50/100] native=12/50 zoh=12/50
  [Diff k=1] [75/100] native=17/75 zoh=17/75
  [Diff k=1] [100/100] native=24/100 zoh=24/100
  [Diff k=1] finished in 863.3s

[Diff] evaluating 2X (n=100)...
  [Diff k=2] [25/100] native=7/25 zoh=3/25
  [Diff k=2] [50/100] native=12/50 zoh=5/50
  [Diff k=2] [75/100] native=17/75 zoh=7/75
  [Diff k=2] [100/100] native=24/100 zoh=9/100
  [Diff k=2] finished in 907.5s

[Diff] evaluating 4X (n=100)...
  [Diff k=4] [25/100] native=7/25 zoh=1/25
  [Diff k=4] [50/100] native=12/50 zoh=1/50
  [Diff k=4] [75/100] native=17/75 zoh=2/75
  [Diff k=4] [100/100] native=24/100 zoh=2/100
  [Diff k=4] finished in 936.4s

[Diff] evaluating 8X (n=100)...
  [Diff k=8] [25/100] native=7/25 zoh=0/25
  [Diff k=8] [50/100] native=12/50 zoh=0/50
  [Diff k=8] [75/100] native=17/75 zoh=0/75
  [Diff k=8] [100/100] native=24/100 zoh=0/100
  [Diff k=8] finished in 946.4s

[Reg. Policy] starting 537000 steps (batch_size=256, lr=0.0001)...
[Reg. Policy] step 1/537000 | loss=0.35553 | 29.5 steps/s | ETA: 303.3 min
[Reg. Policy] step 25000/537000 | loss=0.05173 | 854.0 steps/s | ETA: 10.0 min
[Reg. Policy] step 50000/537000 | loss=0.04203 | 855.0 steps/s | ETA: 9.5 min
[Reg. Policy] step 75000/537000 | loss=0.03661 | 837.3 steps/s | ETA: 9.2 min
[Reg. Policy] step 100000/537000 | loss=0.03459 | 840.9 steps/s | ETA: 8.7 min
[Reg. Policy] step 125000/537000 | loss=0.02902 | 836.2 steps/s | ETA: 8.2 min
[Reg. Policy] step 150000/537000 | loss=0.02857 | 838.8 steps/s | ETA: 7.7 min
[Reg. Policy] step 175000/537000 | loss=0.02756 | 840.7 steps/s | ETA: 7.2 min
[Reg. Policy] step 200000/537000 | loss=0.02580 | 838.7 steps/s | ETA: 6.7 min
[Reg. Policy] step 225000/537000 | loss=0.02524 | 835.7 steps/s | ETA: 6.2 min
[Reg. Policy] step 250000/537000 | loss=0.02476 | 837.5 steps/s | ETA: 5.7 min
[Reg. Policy] step 275000/537000 | loss=0.02459 | 838.7 steps/s | ETA: 5.2 min
[Reg. Policy] step 300000/537000 | loss=0.02357 | 838.7 steps/s | ETA: 4.7 min
[Reg. Policy] step 325000/537000 | loss=0.02253 | 839.7 steps/s | ETA: 4.2 min
[Reg. Policy] step 350000/537000 | loss=0.02102 | 839.5 steps/s | ETA: 3.7 min
[Reg. Policy] step 375000/537000 | loss=0.02181 | 840.5 steps/s | ETA: 3.2 min
[Reg. Policy] step 400000/537000 | loss=0.02148 | 841.4 steps/s | ETA: 2.7 min
[Reg. Policy] step 425000/537000 | loss=0.02089 | 841.9 steps/s | ETA: 2.2 min
[Reg. Policy] step 450000/537000 | loss=0.01899 | 842.5 steps/s | ETA: 1.7 min
[Reg. Policy] step 475000/537000 | loss=0.02086 | 841.9 steps/s | ETA: 1.2 min
[Reg. Policy] step 500000/537000 | loss=0.02161 | 841.4 steps/s | ETA: 0.7 min
[Reg. Policy] step 525000/537000 | loss=0.01906 | 840.0 steps/s | ETA: 0.2 min
[Reg. Policy] step 537000/537000 | loss=0.02046 | 839.7 steps/s | ETA: 0.0 min
[Reg. Policy] finished 537000 steps in 10.66 minutes (839.7 steps/s).
[saved] /home/user/Desktop/multi-rate/full_grid_2026-09-07/reg_PushT-v1_537k.pt

[Reg] evaluating 1X (n=100)...
  [Reg k=1] [25/100] native=1/25 zoh=1/25
  [Reg k=1] [50/100] native=1/50 zoh=1/50
  [Reg k=1] [75/100] native=2/75 zoh=2/75
  [Reg k=1] [100/100] native=4/100 zoh=4/100
  [Reg k=1] finished in 664.2s

[Reg] evaluating 2X (n=100)...
  [Reg k=2] [25/100] native=1/25 zoh=0/25
  [Reg k=2] [50/100] native=1/50 zoh=0/50
  [Reg k=2] [75/100] native=2/75 zoh=4/75
  [Reg k=2] [100/100] native=4/100 zoh=5/100
  [Reg k=2] finished in 665.6s

[Reg] evaluating 4X (n=100)...
  [Reg k=4] [25/100] native=1/25 zoh=0/25
  [Reg k=4] [50/100] native=1/50 zoh=0/50
  [Reg k=4] [75/100] native=2/75 zoh=0/75
  [Reg k=4] [100/100] native=4/100 zoh=1/100
  [Reg k=4] finished in 668.6s

[Reg] evaluating 8X (n=100)...
  [Reg k=8] [25/100] native=1/25 zoh=0/25
  [Reg k=8] [50/100] native=1/50 zoh=0/50
  [Reg k=8] [75/100] native=2/75 zoh=0/75
  [Reg k=8] [100/100] native=4/100 zoh=0/100
  [Reg k=8] finished in 670.8s

[DONE] Final Push-T Matched Benchmark saved to /home/user/Desktop/multi-rate/full_grid_2026-09-07/result_pusht_matched_537k.json
