[PushCube-v1] k=3 eligible=1019 arms=['original', 'exact_integral', 'cubic_spline_satfix', 'tac_fold_satfix', 'bspline_eps_satfix', 'qp']
[PushCube-v1] k=3 [100/1019] original=100 exact_integral=92 cubic_spline_satfix=90 tac_fold_satfix=90 bspline_eps_satfix=91 qp=94 (42s)
[PushCube-v1] k=3 [200/1019] original=199 exact_integral=182 cubic_spline_satfix=181 tac_fold_satfix=181 bspline_eps_satfix=181 qp=183 (82s)
[PushCube-v1] k=3 [300/1019] original=298 exact_integral=279 cubic_spline_satfix=274 tac_fold_satfix=274 bspline_eps_satfix=274 qp=277 (128s)
[PushCube-v1] k=3 [400/1019] original=396 exact_integral=371 cubic_spline_satfix=366 tac_fold_satfix=367 bspline_eps_satfix=366 qp=369 (169s)
[PushCube-v1] k=3 [500/1019] original=494 exact_integral=464 cubic_spline_satfix=459 tac_fold_satfix=459 bspline_eps_satfix=458 qp=462 (202s)
[PushCube-v1] k=3 [600/1019] original=591 exact_integral=556 cubic_spline_satfix=548 tac_fold_satfix=549 bspline_eps_satfix=548 qp=552 (242s)
[PushCube-v1] k=3 [700/1019] original=689 exact_integral=650 cubic_spline_satfix=641 tac_fold_satfix=641 bspline_eps_satfix=641 qp=644 (288s)
[PushCube-v1] k=3 [800/1019] original=782 exact_integral=740 cubic_spline_satfix=731 tac_fold_satfix=730 bspline_eps_satfix=731 qp=735 (322s)
[PushCube-v1] k=3 [900/1019] original=880 exact_integral=834 cubic_spline_satfix=825 tac_fold_satfix=823 bspline_eps_satfix=825 qp=828 (358s)
[PushCube-v1] k=3 [1000/1019] original=977 exact_integral=923 cubic_spline_satfix=914 tac_fold_satfix=913 bspline_eps_satfix=915 qp=915 (393s)
[PushCube-v1] k=3 [1019/1019] original=995 exact_integral=941 cubic_spline_satfix=932 tac_fold_satfix=931 bspline_eps_satfix=933 qp=933 (401s)

=== [PushCube-v1] k=3 n=1019 ===
  original                97.64% (995/1019)  saturated_elems=0.00%
  exact_integral          92.35% (941/1019)  saturated_elems=0.00%
  cubic_spline_satfix     91.46% (932/1019)  saturated_elems=0.00%
  tac_fold_satfix         91.36% (931/1019)  saturated_elems=0.00%
  bspline_eps_satfix      91.56% (933/1019)  saturated_elems=0.00%
  qp                      91.56% (933/1019)  saturated_elems=0.00%
  qp vs exact_integral      : -0.79pp  wins 12/20  p=0.215  CI=[-1.86,0.29]
  qp vs cubic_spline_satfix : +0.10pp  wins 12/11  p=1  CI=[-0.88,0.98]
  qp vs tac_fold_satfix     : +0.20pp  wins 14/12  p=0.845  CI=[-0.79,1.18]
  qp vs bspline_eps_satfix  : +0.00pp  wins 12/12  p=1  CI=[-0.98,0.98]
saved -> /home/user/Desktop/multi-rate/full_grid_2026-09-07/qp2_replay_PushCube-v1_k3.json
