[LiftPegUpright-v1] k=3 eligible=941 arms=['original', 'exact_integral', 'cubic_spline_satfix', 'tac_fold_satfix', 'bspline_eps_satfix', 'qp']
[LiftPegUpright-v1] k=3 [100/941] original=97 exact_integral=2 cubic_spline_satfix=4 tac_fold_satfix=4 bspline_eps_satfix=6 qp=5 (182s)
[LiftPegUpright-v1] k=3 [200/941] original=196 exact_integral=5 cubic_spline_satfix=8 tac_fold_satfix=10 bspline_eps_satfix=9 qp=10 (361s)
[LiftPegUpright-v1] k=3 [300/941] original=295 exact_integral=8 cubic_spline_satfix=17 tac_fold_satfix=18 bspline_eps_satfix=16 qp=19 (500s)
[LiftPegUpright-v1] k=3 [400/941] original=393 exact_integral=12 cubic_spline_satfix=25 tac_fold_satfix=25 bspline_eps_satfix=22 qp=27 (599s)
[LiftPegUpright-v1] k=3 [500/941] original=493 exact_integral=12 cubic_spline_satfix=26 tac_fold_satfix=27 bspline_eps_satfix=22 qp=29 (701s)
[LiftPegUpright-v1] k=3 [600/941] original=592 exact_integral=12 cubic_spline_satfix=30 tac_fold_satfix=32 bspline_eps_satfix=26 qp=33 (796s)
[LiftPegUpright-v1] k=3 [700/941] original=692 exact_integral=13 cubic_spline_satfix=34 tac_fold_satfix=37 bspline_eps_satfix=30 qp=38 (892s)
[LiftPegUpright-v1] k=3 [800/941] original=792 exact_integral=16 cubic_spline_satfix=39 tac_fold_satfix=43 bspline_eps_satfix=36 qp=44 (992s)
[LiftPegUpright-v1] k=3 [900/941] original=891 exact_integral=21 cubic_spline_satfix=45 tac_fold_satfix=51 bspline_eps_satfix=41 qp=53 (1056s)
[LiftPegUpright-v1] k=3 [941/941] original=931 exact_integral=21 cubic_spline_satfix=48 tac_fold_satfix=54 bspline_eps_satfix=43 qp=57 (1083s)

=== [LiftPegUpright-v1] k=3 n=941 ===
  original                98.94% (931/941)  saturated_elems=0.00%
  exact_integral           2.23% (21/941)  saturated_elems=0.00%
  cubic_spline_satfix      5.10% (48/941)  saturated_elems=0.00%
  tac_fold_satfix          5.74% (54/941)  saturated_elems=0.00%
  bspline_eps_satfix       4.57% (43/941)  saturated_elems=0.00%
  qp                       6.06% (57/941)  saturated_elems=0.00%
  qp vs exact_integral      : +3.83pp  wins 40/4  p=1.71e-08  CI=[2.44,5.21]
  qp vs cubic_spline_satfix : +0.96pp  wins 15/6  p=0.0784  CI=[0.00,1.91]
  qp vs tac_fold_satfix     : +0.32pp  wins 12/9  p=0.664  CI=[-0.64,1.28]
  qp vs bspline_eps_satfix  : +1.49pp  wins 18/4  p=0.00434  CI=[0.53,2.44]
saved -> /home/user/Desktop/multi-rate/full_grid_2026-09-07/qp2_replay_LiftPegUpright-v1_k3.json
