[PushCube-v1] k=4 eligible=1019 arms=['original', 'exact_integral', 'cubic_spline_satfix', 'tac_fold_satfix', 'bspline_eps_satfix', 'qp']
[PushCube-v1] k=4 [100/1019] original=98 exact_integral=91 cubic_spline_satfix=91 tac_fold_satfix=87 bspline_eps_satfix=87 qp=86 (51s)
[PushCube-v1] k=4 [200/1019] original=197 exact_integral=186 cubic_spline_satfix=183 tac_fold_satfix=181 bspline_eps_satfix=177 qp=179 (98s)
[PushCube-v1] k=4 [300/1019] original=297 exact_integral=276 cubic_spline_satfix=268 tac_fold_satfix=271 bspline_eps_satfix=261 qp=264 (147s)
[PushCube-v1] k=4 [400/1019] original=395 exact_integral=364 cubic_spline_satfix=352 tac_fold_satfix=358 bspline_eps_satfix=352 qp=352 (202s)
[PushCube-v1] k=4 [500/1019] original=494 exact_integral=454 cubic_spline_satfix=440 tac_fold_satfix=448 bspline_eps_satfix=442 qp=438 (251s)
[PushCube-v1] k=4 [600/1019] original=594 exact_integral=547 cubic_spline_satfix=528 tac_fold_satfix=538 bspline_eps_satfix=532 qp=527 (302s)
[PushCube-v1] k=4 [700/1019] original=692 exact_integral=637 cubic_spline_satfix=616 tac_fold_satfix=628 bspline_eps_satfix=618 qp=615 (347s)
[PushCube-v1] k=4 [800/1019] original=790 exact_integral=724 cubic_spline_satfix=702 tac_fold_satfix=720 bspline_eps_satfix=703 qp=701 (384s)
[PushCube-v1] k=4 [900/1019] original=889 exact_integral=815 cubic_spline_satfix=794 tac_fold_satfix=813 bspline_eps_satfix=791 qp=790 (433s)
[PushCube-v1] k=4 [1000/1019] original=989 exact_integral=899 cubic_spline_satfix=875 tac_fold_satfix=900 bspline_eps_satfix=871 qp=869 (465s)
[PushCube-v1] k=4 [1019/1019] original=1008 exact_integral=915 cubic_spline_satfix=890 tac_fold_satfix=917 bspline_eps_satfix=887 qp=884 (472s)

=== [PushCube-v1] k=4 n=1019 ===
  original                98.92% (1008/1019)  saturated_elems=0.00%
  exact_integral          89.79% (915/1019)  saturated_elems=0.00%
  cubic_spline_satfix     87.34% (890/1019)  saturated_elems=0.00%
  tac_fold_satfix         89.99% (917/1019)  saturated_elems=0.00%
  bspline_eps_satfix      87.05% (887/1019)  saturated_elems=0.00%
  qp                      86.75% (884/1019)  saturated_elems=0.00%
  qp vs exact_integral      : -3.04pp  wins 17/48  p=0.000152  CI=[-4.61,-1.47]
  qp vs cubic_spline_satfix : -0.59pp  wins 13/19  p=0.377  CI=[-1.67,0.49]
  qp vs tac_fold_satfix     : -3.24pp  wins 10/43  p=5.55e-06  CI=[-4.61,-1.86]
  qp vs bspline_eps_satfix  : -0.29pp  wins 20/23  p=0.761  CI=[-1.57,0.98]
saved -> /home/user/Desktop/multi-rate/full_grid_2026-09-07/qp2_replay_PushCube-v1_k4.json
