[PickCube-v1] k=5 eligible=993 arms=['original', 'exact_integral', 'cubic_spline_satfix', 'pchip_satfix', 'tac_fold_satfix', 'qp']
[PickCube-v1] k=5 [100/993] original=96 exact_integral=32 cubic_spline_satfix=37 pchip_satfix=35 tac_fold_satfix=38 qp=43 (343s)
[PickCube-v1] k=5 [200/993] original=188 exact_integral=57 cubic_spline_satfix=73 pchip_satfix=66 tac_fold_satfix=70 qp=81 (673s)
[PickCube-v1] k=5 [300/993] original=277 exact_integral=83 cubic_spline_satfix=108 pchip_satfix=99 tac_fold_satfix=111 qp=116 (1015s)
[PickCube-v1] k=5 [400/993] original=370 exact_integral=119 cubic_spline_satfix=150 pchip_satfix=140 tac_fold_satfix=158 qp=162 (1345s)
[PickCube-v1] k=5 [500/993] original=462 exact_integral=144 cubic_spline_satfix=188 pchip_satfix=172 tac_fold_satfix=195 qp=200 (1698s)
[PickCube-v1] k=5 [600/993] original=556 exact_integral=173 cubic_spline_satfix=225 pchip_satfix=203 tac_fold_satfix=233 qp=239 (2033s)
[PickCube-v1] k=5 [700/993] original=650 exact_integral=199 cubic_spline_satfix=259 pchip_satfix=235 tac_fold_satfix=266 qp=280 (2385s)
[PickCube-v1] k=5 [800/993] original=739 exact_integral=224 cubic_spline_satfix=298 pchip_satfix=270 tac_fold_satfix=306 qp=322 (2586s)
[PickCube-v1] k=5 [900/993] original=835 exact_integral=258 cubic_spline_satfix=338 pchip_satfix=312 tac_fold_satfix=348 qp=369 (2674s)
[PickCube-v1] k=5 [993/993] original=918 exact_integral=276 cubic_spline_satfix=361 pchip_satfix=334 tac_fold_satfix=368 qp=396 (2715s)

=== [PickCube-v1] k=5 n=993 ===
  original                92.45% (918/993)  saturated_elems=0.00%
  exact_integral          27.79% (276/993)  saturated_elems=0.00%
  cubic_spline_satfix     36.35% (361/993)  saturated_elems=0.00%
  pchip_satfix            33.64% (334/993)  saturated_elems=0.00%
  tac_fold_satfix         37.06% (368/993)  saturated_elems=0.00%
  qp                      39.88% (396/993)  saturated_elems=0.00%
  qp vs exact_integral      : +12.08pp  wins 146/26  p=1.82e-21  CI=[9.57,14.60]
  qp vs cubic_spline_satfix : +3.52pp  wins 66/31  p=0.00049  CI=[1.61,5.54]
  qp vs tac_fold_satfix     : +2.82pp  wins 69/41  p=0.00972  CI=[0.81,4.83]
  qp vs pchip_satfix        : +6.24pp  wins 88/26  p=4.59e-09  CI=[4.13,8.36]
saved -> /home/user/Desktop/multi-rate/full_grid_2026-09-07/qp_replay_PickCube-v1_k5.json
