[PickCube-v1] k=4 eligible=993 arms=['original', 'exact_integral', 'cubic_spline_satfix', 'pchip_satfix', 'tac_fold_satfix', 'qp']
[PickCube-v1] k=4 [100/993] original=96 exact_integral=19 cubic_spline_satfix=30 pchip_satfix=27 tac_fold_satfix=32 qp=38 (308s)
[PickCube-v1] k=4 [200/993] original=188 exact_integral=33 cubic_spline_satfix=56 pchip_satfix=47 tac_fold_satfix=58 qp=68 (606s)
[PickCube-v1] k=4 [300/993] original=277 exact_integral=52 cubic_spline_satfix=88 pchip_satfix=71 tac_fold_satfix=87 qp=106 (899s)
[PickCube-v1] k=4 [400/993] original=370 exact_integral=79 cubic_spline_satfix=119 pchip_satfix=102 tac_fold_satfix=117 qp=140 (1191s)
[PickCube-v1] k=4 [500/993] original=462 exact_integral=106 cubic_spline_satfix=158 pchip_satfix=137 tac_fold_satfix=154 qp=181 (1491s)
[PickCube-v1] k=4 [600/993] original=556 exact_integral=129 cubic_spline_satfix=190 pchip_satfix=163 tac_fold_satfix=183 qp=215 (1790s)
[PickCube-v1] k=4 [700/993] original=650 exact_integral=152 cubic_spline_satfix=225 pchip_satfix=193 tac_fold_satfix=221 qp=252 (2078s)
[PickCube-v1] k=4 [800/993] original=739 exact_integral=168 cubic_spline_satfix=250 pchip_satfix=213 tac_fold_satfix=242 qp=278 (2373s)
[PickCube-v1] k=4 [900/993] original=835 exact_integral=189 cubic_spline_satfix=282 pchip_satfix=245 tac_fold_satfix=272 qp=318 (2562s)
[PickCube-v1] k=4 [993/993] original=918 exact_integral=209 cubic_spline_satfix=307 pchip_satfix=265 tac_fold_satfix=299 qp=345 (2662s)

=== [PickCube-v1] k=4 n=993 ===
  original                92.45% (918/993)  saturated_elems=0.00%
  exact_integral          21.05% (209/993)  saturated_elems=0.00%
  cubic_spline_satfix     30.92% (307/993)  saturated_elems=0.00%
  pchip_satfix            26.69% (265/993)  saturated_elems=0.00%
  tac_fold_satfix         30.11% (299/993)  saturated_elems=0.00%
  qp                      34.74% (345/993)  saturated_elems=0.00%
  qp vs exact_integral      : +13.70pp  wins 154/18  p=4.07e-28  CI=[11.28,16.21]
  qp vs cubic_spline_satfix : +3.83pp  wins 60/22  p=3.23e-05  CI=[2.11,5.64]
  qp vs tac_fold_satfix     : +4.63pp  wins 84/38  p=3.79e-05  CI=[2.52,6.75]
  qp vs pchip_satfix        : +8.06pp  wins 99/19  p=3.06e-14  CI=[5.94,10.17]
saved -> /home/user/Desktop/multi-rate/full_grid_2026-09-07/qp_replay_PickCube-v1_k4.json
