[PickCube-v1] k=2 eligible=993 arms=['original', 'exact_integral', 'cubic_spline_satfix', 'pchip_satfix', 'tac_fold_satfix', 'qp']
[PickCube-v1] k=2 [100/993] original=96 exact_integral=62 cubic_spline_satfix=79 pchip_satfix=67 tac_fold_satfix=84 qp=81 (244s)
[PickCube-v1] k=2 [200/993] original=188 exact_integral=111 cubic_spline_satfix=151 pchip_satfix=123 tac_fold_satfix=157 qp=155 (490s)
[PickCube-v1] k=2 [300/993] original=277 exact_integral=162 cubic_spline_satfix=215 pchip_satfix=177 tac_fold_satfix=228 qp=222 (738s)
[PickCube-v1] k=2 [400/993] original=370 exact_integral=221 cubic_spline_satfix=285 pchip_satfix=240 tac_fold_satfix=304 qp=294 (969s)
[PickCube-v1] k=2 [500/993] original=462 exact_integral=280 cubic_spline_satfix=359 pchip_satfix=304 tac_fold_satfix=384 qp=367 (1218s)
[PickCube-v1] k=2 [600/993] original=556 exact_integral=342 cubic_spline_satfix=436 pchip_satfix=371 tac_fold_satfix=466 qp=444 (1452s)
[PickCube-v1] k=2 [700/993] original=650 exact_integral=406 cubic_spline_satfix=509 pchip_satfix=438 tac_fold_satfix=545 qp=517 (1695s)
[PickCube-v1] k=2 [800/993] original=739 exact_integral=456 cubic_spline_satfix=576 pchip_satfix=495 tac_fold_satfix=613 qp=586 (1942s)
[PickCube-v1] k=2 [900/993] original=835 exact_integral=513 cubic_spline_satfix=649 pchip_satfix=557 tac_fold_satfix=694 qp=662 (2189s)
[PickCube-v1] k=2 [993/993] original=918 exact_integral=576 cubic_spline_satfix=722 pchip_satfix=621 tac_fold_satfix=770 qp=736 (2402s)

=== [PickCube-v1] k=2 n=993 ===
  original                92.45% (918/993)  saturated_elems=0.00%
  exact_integral          58.01% (576/993)  saturated_elems=0.00%
  cubic_spline_satfix     72.71% (722/993)  saturated_elems=0.00%
  pchip_satfix            62.54% (621/993)  saturated_elems=0.00%
  tac_fold_satfix         77.54% (770/993)  saturated_elems=0.00%
  qp                      74.12% (736/993)  saturated_elems=0.00%
  qp vs exact_integral      : +16.11pp  wins 171/11  p=4.65e-38  CI=[13.70,18.63]
  qp vs cubic_spline_satfix : +1.41pp  wins 17/3  p=0.00258  CI=[0.60,2.32]
  qp vs tac_fold_satfix     : -3.42pp  wins 15/49  p=2.44e-05  CI=[-5.04,-1.91]
  qp vs pchip_satfix        : +11.58pp  wins 123/8  p=1.36e-27  CI=[9.47,13.70]
saved -> /home/user/Desktop/multi-rate/full_grid_2026-09-07/qp_replay_PickCube-v1_k2.json
