nohup: ignoring input
=== Starting RoboCasa (RC-OpenDrawer) 537000 Steps Training & Evaluation on cuda ===
[data] loaded /home/user/Desktop/multi-rate/full_grid_2026-09-07/demos_RC-OpenDrawer_39.npz (39 demos)
[data] 8151 windows, obs_dim=124, act_dim=12

[Reg. Policy] starting 537000 steps (batch_size=256, lr=0.0001)...
[Reg. Policy] step 1/537000 | loss=0.73796 | 4.5 steps/s | ETA: 2004.2 min
[Reg. Policy] step 25000/537000 | loss=0.01290 | 915.1 steps/s | ETA: 9.3 min
[Reg. Policy] step 50000/537000 | loss=0.00993 | 928.1 steps/s | ETA: 8.7 min
[Reg. Policy] step 75000/537000 | loss=0.00854 | 928.7 steps/s | ETA: 8.3 min
[Reg. Policy] step 100000/537000 | loss=0.00774 | 921.0 steps/s | ETA: 7.9 min
[Reg. Policy] step 125000/537000 | loss=0.00739 | 921.9 steps/s | ETA: 7.4 min
[Reg. Policy] step 150000/537000 | loss=0.00661 | 926.5 steps/s | ETA: 7.0 min
[Reg. Policy] step 175000/537000 | loss=0.00639 | 927.6 steps/s | ETA: 6.5 min
[Reg. Policy] step 200000/537000 | loss=0.00635 | 926.2 steps/s | ETA: 6.1 min
[Reg. Policy] step 225000/537000 | loss=0.00617 | 924.8 steps/s | ETA: 5.6 min
[Reg. Policy] step 250000/537000 | loss=0.00573 | 925.8 steps/s | ETA: 5.2 min
[Reg. Policy] step 275000/537000 | loss=0.00570 | 924.5 steps/s | ETA: 4.7 min
[Reg. Policy] step 300000/537000 | loss=0.00557 | 924.9 steps/s | ETA: 4.3 min
[Reg. Policy] step 325000/537000 | loss=0.00560 | 925.4 steps/s | ETA: 3.8 min
[Reg. Policy] step 350000/537000 | loss=0.00524 | 926.4 steps/s | ETA: 3.4 min
[Reg. Policy] step 375000/537000 | loss=0.00516 | 927.3 steps/s | ETA: 2.9 min
[Reg. Policy] step 400000/537000 | loss=0.00473 | 928.1 steps/s | ETA: 2.5 min
[Reg. Policy] step 425000/537000 | loss=0.00501 | 929.4 steps/s | ETA: 2.0 min
[Reg. Policy] step 450000/537000 | loss=0.00504 | 928.9 steps/s | ETA: 1.6 min
[Reg. Policy] step 475000/537000 | loss=0.00476 | 929.6 steps/s | ETA: 1.1 min
[Reg. Policy] step 500000/537000 | loss=0.00497 | 928.4 steps/s | ETA: 0.7 min
[Reg. Policy] step 525000/537000 | loss=0.00465 | 928.9 steps/s | ETA: 0.2 min
[Reg. Policy] step 537000/537000 | loss=0.00468 | 929.3 steps/s | ETA: 0.0 min
[Reg. Policy] finished 537000 steps in 9.63 minutes (929.3 steps/s).
[saved] /home/user/Desktop/multi-rate/full_grid_2026-09-07/reg_RC-OpenDrawer_537k.pt

[Reg] evaluating 1X (n=15)...
  [Reg k=1] [1/15] native=0/1 zoh=0/1
  [Reg k=1] [2/15] native=0/2 zoh=0/2
  [Reg k=1] [3/15] native=0/3 zoh=0/3
  [Reg k=1] [4/15] native=0/4 zoh=0/4
  [Reg k=1] [5/15] native=0/5 zoh=0/5
  [Reg k=1] [6/15] native=1/6 zoh=1/6
  [Reg k=1] [7/15] native=1/7 zoh=1/7
  [Reg k=1] [8/15] native=1/8 zoh=1/8
  [Reg k=1] [9/15] native=1/9 zoh=1/9
  [Reg k=1] [10/15] native=1/10 zoh=1/10
  [Reg k=1] [11/15] native=1/11 zoh=1/11
  [Reg k=1] [12/15] native=1/12 zoh=1/12
  [Reg k=1] [13/15] native=1/13 zoh=1/13
  [Reg k=1] [14/15] native=1/14 zoh=1/14
  [Reg k=1] [15/15] native=1/15 zoh=1/15
  [Reg k=1] finished in 762.4s

[Reg] evaluating 2X (n=15)...
  [Reg k=2] [1/15] native=0/1 zoh=0/1
  [Reg k=2] [2/15] native=0/2 zoh=0/2
  [Reg k=2] [3/15] native=0/3 zoh=0/3
  [Reg k=2] [4/15] native=0/4 zoh=0/4
  [Reg k=2] [5/15] native=0/5 zoh=0/5
  [Reg k=2] [6/15] native=1/6 zoh=1/6
  [Reg k=2] [7/15] native=1/7 zoh=1/7
  [Reg k=2] [8/15] native=1/8 zoh=1/8
  [Reg k=2] [9/15] native=1/9 zoh=1/9
  [Reg k=2] [10/15] native=1/10 zoh=1/10
  [Reg k=2] [11/15] native=1/11 zoh=1/11
  [Reg k=2] [12/15] native=1/12 zoh=1/12
  [Reg k=2] [13/15] native=1/13 zoh=1/13
  [Reg k=2] [14/15] native=1/14 zoh=1/14
  [Reg k=2] [15/15] native=1/15 zoh=1/15
  [Reg k=2] finished in 753.7s

[Reg] evaluating 4X (n=15)...
  [Reg k=4] [1/15] native=0/1 zoh=0/1
  [Reg k=4] [2/15] native=0/2 zoh=0/2
  [Reg k=4] [3/15] native=0/3 zoh=0/3
  [Reg k=4] [4/15] native=0/4 zoh=0/4
  [Reg k=4] [5/15] native=0/5 zoh=0/5
  [Reg k=4] [6/15] native=1/6 zoh=1/6
  [Reg k=4] [7/15] native=1/7 zoh=1/7
  [Reg k=4] [8/15] native=1/8 zoh=1/8
  [Reg k=4] [9/15] native=1/9 zoh=1/9
  [Reg k=4] [10/15] native=1/10 zoh=1/10
  [Reg k=4] [11/15] native=1/11 zoh=1/11
  [Reg k=4] [12/15] native=1/12 zoh=1/12
  [Reg k=4] [13/15] native=1/13 zoh=2/13
  [Reg k=4] [14/15] native=1/14 zoh=3/14
  [Reg k=4] [15/15] native=1/15 zoh=4/15
  [Reg k=4] finished in 724.1s

[Reg] evaluating 8X (n=15)...
  [Reg k=8] [1/15] native=0/1 zoh=0/1
  [Reg k=8] [2/15] native=0/2 zoh=0/2
  [Reg k=8] [3/15] native=0/3 zoh=0/3
  [Reg k=8] [4/15] native=0/4 zoh=0/4
  [Reg k=8] [5/15] native=0/5 zoh=0/5
  [Reg k=8] [6/15] native=1/6 zoh=1/6
  [Reg k=8] [7/15] native=1/7 zoh=1/7
  [Reg k=8] [8/15] native=1/8 zoh=1/8
  [Reg k=8] [9/15] native=1/9 zoh=1/9
  [Reg k=8] [10/15] native=1/10 zoh=1/10
  [Reg k=8] [11/15] native=1/11 zoh=1/11
  [Reg k=8] [12/15] native=1/12 zoh=1/12
  [Reg k=8] [13/15] native=1/13 zoh=1/13
  [Reg k=8] [14/15] native=1/14 zoh=1/14
  [Reg k=8] [15/15] native=1/15 zoh=1/15
  [Reg k=8] finished in 742.7s

[Diff. Policy] starting 537000 steps (batch_size=256, lr=0.0001)...
[Diff. Policy] step 1/537000 | loss=1.18410 | 4.7 steps/s | ETA: 1896.9 min
[Diff. Policy] step 25000/537000 | loss=0.00364 | 51.4 steps/s | ETA: 165.9 min
[Diff. Policy] step 50000/537000 | loss=0.00319 | 51.4 steps/s | ETA: 158.0 min
[Diff. Policy] step 75000/537000 | loss=0.00244 | 51.3 steps/s | ETA: 150.0 min
[Diff. Policy] step 100000/537000 | loss=0.00142 | 51.3 steps/s | ETA: 141.9 min
[Diff. Policy] step 125000/537000 | loss=0.00135 | 51.3 steps/s | ETA: 133.8 min
[Diff. Policy] step 150000/537000 | loss=0.00103 | 51.3 steps/s | ETA: 125.7 min
[Diff. Policy] step 175000/537000 | loss=0.00077 | 51.3 steps/s | ETA: 117.6 min
[Diff. Policy] step 200000/537000 | loss=0.00063 | 51.3 steps/s | ETA: 109.5 min
[Diff. Policy] step 225000/537000 | loss=0.00036 | 51.3 steps/s | ETA: 101.4 min
[Diff. Policy] step 250000/537000 | loss=0.00047 | 51.3 steps/s | ETA: 93.3 min
[Diff. Policy] step 275000/537000 | loss=0.00033 | 51.3 steps/s | ETA: 85.2 min
[Diff. Policy] step 300000/537000 | loss=0.00091 | 51.3 steps/s | ETA: 77.1 min
[Diff. Policy] step 325000/537000 | loss=0.00025 | 51.3 steps/s | ETA: 68.9 min
[Diff. Policy] step 350000/537000 | loss=0.00018 | 51.3 steps/s | ETA: 60.8 min
[Diff. Policy] step 375000/537000 | loss=0.00011 | 51.3 steps/s | ETA: 52.7 min
[Diff. Policy] step 400000/537000 | loss=0.00003 | 51.3 steps/s | ETA: 44.5 min
[Diff. Policy] step 425000/537000 | loss=0.00005 | 51.3 steps/s | ETA: 36.4 min
[Diff. Policy] step 450000/537000 | loss=0.00003 | 51.3 steps/s | ETA: 28.3 min
[Diff. Policy] step 475000/537000 | loss=0.00002 | 51.3 steps/s | ETA: 20.2 min
[Diff. Policy] step 500000/537000 | loss=0.00001 | 51.3 steps/s | ETA: 12.0 min
[Diff. Policy] step 525000/537000 | loss=0.00001 | 51.3 steps/s | ETA: 3.9 min
[Diff. Policy] step 537000/537000 | loss=0.00001 | 51.3 steps/s | ETA: 0.0 min
[Diff. Policy] finished 537000 steps in 174.61 minutes (51.3 steps/s).
[saved] /home/user/Desktop/multi-rate/full_grid_2026-09-07/dp_RC-OpenDrawer_537k.pt

[Diff] evaluating 1X (n=15)...
  [Diff k=1] [1/15] native=0/1 zoh=0/1
  [Diff k=1] [2/15] native=0/2 zoh=0/2
  [Diff k=1] [3/15] native=0/3 zoh=0/3
  [Diff k=1] [4/15] native=1/4 zoh=1/4
  [Diff k=1] [5/15] native=2/5 zoh=2/5
  [Diff k=1] [6/15] native=3/6 zoh=3/6
  [Diff k=1] [7/15] native=3/7 zoh=3/7
  [Diff k=1] [8/15] native=3/8 zoh=3/8
  [Diff k=1] [9/15] native=3/9 zoh=3/9
  [Diff k=1] [10/15] native=3/10 zoh=3/10
  [Diff k=1] [11/15] native=3/11 zoh=3/11
  [Diff k=1] [12/15] native=4/12 zoh=4/12
  [Diff k=1] [13/15] native=5/13 zoh=5/13
  [Diff k=1] [14/15] native=6/14 zoh=6/14
  [Diff k=1] [15/15] native=7/15 zoh=7/15
  [Diff k=1] finished in 681.8s

[Diff] evaluating 2X (n=15)...
  [Diff k=2] [1/15] native=0/1 zoh=0/1
  [Diff k=2] [2/15] native=0/2 zoh=0/2
  [Diff k=2] [3/15] native=0/3 zoh=0/3
  [Diff k=2] [4/15] native=1/4 zoh=1/4
  [Diff k=2] [5/15] native=2/5 zoh=2/5
  [Diff k=2] [6/15] native=3/6 zoh=3/6
  [Diff k=2] [7/15] native=3/7 zoh=3/7
  [Diff k=2] [8/15] native=3/8 zoh=3/8
  [Diff k=2] [9/15] native=3/9 zoh=3/9
  [Diff k=2] [10/15] native=3/10 zoh=3/10
  [Diff k=2] [11/15] native=3/11 zoh=3/11
  [Diff k=2] [12/15] native=4/12 zoh=4/12
  [Diff k=2] [13/15] native=5/13 zoh=5/13
  [Diff k=2] [14/15] native=6/14 zoh=6/14
  [Diff k=2] [15/15] native=7/15 zoh=7/15
  [Diff k=2] finished in 693.1s

[Diff] evaluating 4X (n=15)...
  [Diff k=4] [1/15] native=0/1 zoh=0/1
  [Diff k=4] [2/15] native=0/2 zoh=0/2
  [Diff k=4] [3/15] native=0/3 zoh=0/3
  [Diff k=4] [4/15] native=1/4 zoh=1/4
  [Diff k=4] [5/15] native=2/5 zoh=2/5
  [Diff k=4] [6/15] native=3/6 zoh=3/6
  [Diff k=4] [7/15] native=3/7 zoh=3/7
  [Diff k=4] [8/15] native=3/8 zoh=3/8
  [Diff k=4] [9/15] native=3/9 zoh=3/9
  [Diff k=4] [10/15] native=3/10 zoh=3/10
  [Diff k=4] [11/15] native=3/11 zoh=3/11
  [Diff k=4] [12/15] native=4/12 zoh=4/12
  [Diff k=4] [13/15] native=5/13 zoh=5/13
  [Diff k=4] [14/15] native=6/14 zoh=6/14
  [Diff k=4] [15/15] native=7/15 zoh=7/15
  [Diff k=4] finished in 683.6s

[Diff] evaluating 8X (n=15)...
  [Diff k=8] [1/15] native=0/1 zoh=0/1
  [Diff k=8] [2/15] native=0/2 zoh=0/2
  [Diff k=8] [3/15] native=0/3 zoh=0/3
  [Diff k=8] [4/15] native=1/4 zoh=1/4
  [Diff k=8] [5/15] native=2/5 zoh=2/5
  [Diff k=8] [6/15] native=3/6 zoh=3/6
  [Diff k=8] [7/15] native=3/7 zoh=3/7
  [Diff k=8] [8/15] native=3/8 zoh=3/8
  [Diff k=8] [9/15] native=3/9 zoh=3/9
  [Diff k=8] [10/15] native=3/10 zoh=3/10
  [Diff k=8] [11/15] native=3/11 zoh=3/11
  [Diff k=8] [12/15] native=4/12 zoh=4/12
  [Diff k=8] [13/15] native=5/13 zoh=5/13
  [Diff k=8] [14/15] native=6/14 zoh=6/14
  [Diff k=8] [15/15] native=7/15 zoh=7/15
  [Diff k=8] finished in 693.6s
[DONE] Benchmark results saved to /home/user/Desktop/multi-rate/full_grid_2026-09-07/result_rc_opendrawer_matched_537k.json
