[robosuite WARNING] No private macro file found! (macros.py:57)
[robosuite WARNING] It is recommended to use a private macro file (macros.py:58)
[robosuite WARNING] To setup, run: python /home/user/Isaac-GR00T/gr00t/eval/sim/robocasa/robocasa_uv/.venv/lib/python3.10/site-packages/robosuite/scripts/setup_macros.py (macros.py:59)
[robosuite WARNING] Could not import robosuite_models. Some robots may not be available. If you want to use these robots, please install robosuite_models from source (https://github.com/ARISE-Initiative/robosuite_models) or through pip install. (__init__.py:30)
[robosuite WARNING] Could not load the mink-based whole-body IK. Make sure you install related import properly (e.g. pip install mink==0.0.5), otherwise you will not be able to use the default IK controller setting for GR1 robot. (__init__.py:40)
[robosuite WARNING] No private macro file found! (macros.py:28)
[robosuite WARNING] It is recommended to use a private macro file (macros.py:29)
[robosuite WARNING] To setup, run: python /home/user/Isaac-GR00T/external_dependencies/robocasa/robocasa/scripts/setup_macros.py (macros.py:30)
WARNING: mimicgen environments not imported since mimicgen is not installed!
[convert] OpenDrawer: /home/user/Desktop/multi-rate/full_grid_2026-09-07/robocasa_data/OpenDrawer_raw.hdf5 -> /home/user/Desktop/multi-rate/full_grid_2026-09-07/robocasa_data/OpenDrawer_ld.hdf5
input file: /home/user/Desktop/multi-rate/full_grid_2026-09-07/robocasa_data/OpenDrawer_raw.hdf5
output file: /home/user/Desktop/multi-rate/full_grid_2026-09-07/robocasa_data/OpenDrawer_ld.hdf5
[robosuite INFO] Loading controller configuration from: /home/user/Isaac-GR00T/gr00t/eval/sim/robocasa/robocasa_uv/.venv/lib/python3.10/site-packages/robosuite/controllers/config/robots/default_pandaomron.json (composite_controller_factory.py:121)
[robosuite INFO] Loading controller configuration from: /home/user/Isaac-GR00T/gr00t/eval/sim/robocasa/robocasa_uv/.venv/lib/python3.10/site-packages/robosuite/controllers/config/robots/default_pandaomron.json (composite_controller_factory.py:121)
[robosuite INFO] Loading controller configuration from: /home/user/Isaac-GR00T/gr00t/eval/sim/robocasa/robocasa_uv/.venv/lib/python3.10/site-packages/robosuite/controllers/config/robots/default_pandaomron.json (composite_controller_factory.py:121)
[robosuite INFO] Loading controller configuration from: /home/user/Isaac-GR00T/gr00t/eval/sim/robocasa/robocasa_uv/.venv/lib/python3.10/site-packages/robosuite/controllers/config/robots/default_pandaomron.json (composite_controller_factory.py:121)

============= Initialized Observation Utils with Obs Spec =============

using obs modality: low_dim with keys: []
using obs modality: rgb with keys: []
==== Using environment with the following metadata ====
{
    "env_name": "OpenDrawer",
    "env_version": "1.5.2",
    "type": 1,
    "env_kwargs": {
        "robots": "PandaMobile",
        "controller_configs": {
            "type": "OSC_POSE",
            "input_max": 1,
            "input_min": -1,
            "output_max": [
                0.05,
                0.05,
                0.05,
                0.5,
                0.5,
                0.5
            ],
            "output_min": [
                -0.05,
                -0.05,
                -0.05,
                -0.5,
                -0.5,
                -0.5
            ],
            "kp": 150,
            "damping_ratio": 1,
            "impedance_mode": "fixed",
            "kp_limits": [
                0,
                300
            ],
            "damping_ratio_limits": [
                0,
                10
            ],
            "position_limits": null,
            "orientation_limits": null,
            "uncouple_pos_ori": true,
            "control_delta": true,
            "interpolation": null,
            "ramp_ratio": 0.2
        },
        "layout_ids": -1,
        "style_ids": [
            0,
            1,
            2,
            3,
            4,
            5,
            6,
            7,
            8,
            11
        ],
        "translucent_robot": false,
        "obj_instance_split": "A",
        "reward_shaping": false,
        "has_renderer": false,
        "has_offscreen_renderer": false,
        "ignore_done": true,
        "use_object_obs": true,
        "use_camera_obs": false,
        "camera_depths": false
    }
}

Process 3 finished

============= Initialized Observation Utils with Obs Spec =============

using obs modality: low_dim with keys: []
using obs modality: rgb with keys: []
==== Using environment with the following metadata ====
{
    "env_name": "OpenDrawer",
    "env_version": "1.5.2",
    "type": 1,
    "env_kwargs": {
        "robots": "PandaMobile",
        "controller_configs": {
            "type": "OSC_POSE",
            "input_max": 1,
            "input_min": -1,
            "output_max": [
                0.05,
                0.05,
                0.05,
                0.5,
                0.5,
                0.5
            ],
            "output_min": [
                -0.05,
                -0.05,
                -0.05,
                -0.5,
                -0.5,
                -0.5
            ],
            "kp": 150,
            "damping_ratio": 1,
            "impedance_mode": "fixed",
            "kp_limits": [
                0,
                300
            ],
            "damping_ratio_limits": [
                0,
                10
            ],
            "position_limits": null,
            "orientation_limits": null,
            "uncouple_pos_ori": true,
            "control_delta": true,
            "interpolation": null,
            "ramp_ratio": 0.2
        },
        "layout_ids": -1,
        "style_ids": [
            0,
            1,
            2,
            3,
            4,
            5,
            6,
            7,
            8,
            11
        ],
        "translucent_robot": false,
        "obj_instance_split": "A",
        "reward_shaping": false,
        "has_renderer": false,
        "has_offscreen_renderer": false,
        "ignore_done": true,
        "use_object_obs": true,
        "use_camera_obs": false,
        "camera_depths": false
    }
}

Process 1 finished

============= Initialized Observation Utils with Obs Spec =============

using obs modality: low_dim with keys: []
using obs modality: rgb with keys: []
==== Using environment with the following metadata ====
{
    "env_name": "OpenDrawer",
    "env_version": "1.5.2",
    "type": 1,
    "env_kwargs": {
        "robots": "PandaMobile",
        "controller_configs": {
            "type": "OSC_POSE",
            "input_max": 1,
            "input_min": -1,
            "output_max": [
                0.05,
                0.05,
                0.05,
                0.5,
                0.5,
                0.5
            ],
            "output_min": [
                -0.05,
                -0.05,
                -0.05,
                -0.5,
                -0.5,
                -0.5
            ],
            "kp": 150,
            "damping_ratio": 1,
            "impedance_mode": "fixed",
            "kp_limits": [
                0,
                300
            ],
            "damping_ratio_limits": [
                0,
                10
            ],
            "position_limits": null,
            "orientation_limits": null,
            "uncouple_pos_ori": true,
            "control_delta": true,
            "interpolation": null,
            "ramp_ratio": 0.2
        },
        "layout_ids": -1,
        "style_ids": [
            0,
            1,
            2,
            3,
            4,
            5,
            6,
            7,
            8,
            11
        ],
        "translucent_robot": false,
        "obj_instance_split": "A",
        "reward_shaping": false,
        "has_renderer": false,
        "has_offscreen_renderer": false,
        "ignore_done": true,
        "use_object_obs": true,
        "use_camera_obs": false,
        "camera_depths": false
    }
}

Process 2 finished

============= Initialized Observation Utils with Obs Spec =============

using obs modality: low_dim with keys: []
using obs modality: rgb with keys: []
==== Using environment with the following metadata ====
{
    "env_name": "OpenDrawer",
    "env_version": "1.5.2",
    "type": 1,
    "env_kwargs": {
        "robots": "PandaMobile",
        "controller_configs": {
            "type": "OSC_POSE",
            "input_max": 1,
            "input_min": -1,
            "output_max": [
                0.05,
                0.05,
                0.05,
                0.5,
                0.5,
                0.5
            ],
            "output_min": [
                -0.05,
                -0.05,
                -0.05,
                -0.5,
                -0.5,
                -0.5
            ],
            "kp": 150,
            "damping_ratio": 1,
            "impedance_mode": "fixed",
            "kp_limits": [
                0,
                300
            ],
            "damping_ratio_limits": [
                0,
                10
            ],
            "position_limits": null,
            "orientation_limits": null,
            "uncouple_pos_ori": true,
            "control_delta": true,
            "interpolation": null,
            "ramp_ratio": 0.2
        },
        "layout_ids": -1,
        "style_ids": [
            0,
            1,
            2,
            3,
            4,
            5,
            6,
            7,
            8,
            11
        ],
        "translucent_robot": false,
        "obj_instance_split": "A",
        "reward_shaping": false,
        "has_renderer": false,
        "has_offscreen_renderer": false,
        "ignore_done": true,
        "use_object_obs": true,
        "use_camera_obs": false,
        "camera_depths": false
    }
}

Process 0 finished
[robosuite INFO] Loading controller configuration from: /home/user/Isaac-GR00T/gr00t/eval/sim/robocasa/robocasa_uv/.venv/lib/python3.10/site-packages/robosuite/controllers/config/robots/default_pandaomron.json (composite_controller_factory.py:121)
ep 1: wrote 260 transitions to group demo_3 at process 1 with 0 finished. Datagen rate: 19.59 sec/demo
ep 2: wrote 220 transitions to group demo_2 at process 3 with 0 finished. Datagen rate: 9.86 sec/demo
ep 3: wrote 225 transitions to group demo_4 at process 0 with 0 finished. Datagen rate: 6.62 sec/demo
ep 4: wrote 201 transitions to group demo_1 at process 2 with 0 finished. Datagen rate: 5.15 sec/demo
ep 5: wrote 223 transitions to group demo_8 at process 2 with 0 finished. Datagen rate: 6.94 sec/demo
ep 6: wrote 229 transitions to group demo_6 at process 3 with 0 finished. Datagen rate: 5.86 sec/demo
ep 7: wrote 176 transitions to group demo_7 at process 0 with 0 finished. Datagen rate: 5.12 sec/demo
ep 8: wrote 232 transitions to group demo_5 at process 1 with 0 finished. Datagen rate: 4.51 sec/demo
ep 9: wrote 173 transitions to group demo_10 at process 3 with 0 finished. Datagen rate: 5.12 sec/demo
ep 10: wrote 229 transitions to group demo_9 at process 2 with 0 finished. Datagen rate: 4.71 sec/demo
ep 11: wrote 219 transitions to group demo_11 at process 0 with 0 finished. Datagen rate: 4.35 sec/demo
ep 12: wrote 216 transitions to group demo_12 at process 1 with 0 finished. Datagen rate: 4.02 sec/demo
ep 13: wrote 215 transitions to group demo_15 at process 0 with 0 finished. Datagen rate: 4.47 sec/demo
ep 14: wrote 182 transitions to group demo_16 at process 1 with 0 finished. Datagen rate: 4.24 sec/demo
ep 15: wrote 196 transitions to group demo_13 at process 3 with 0 finished. Datagen rate: 4.04 sec/demo
ep 16: wrote 186 transitions to group demo_14 at process 2 with 0 finished. Datagen rate: 3.80 sec/demo
ep 17: wrote 199 transitions to group demo_19 at process 3 with 0 finished. Datagen rate: 4.33 sec/demo
ep 18: wrote 222 transitions to group demo_17 at process 0 with 0 finished. Datagen rate: 4.11 sec/demo
ep 19: wrote 182 transitions to group demo_20 at process 2 with 0 finished. Datagen rate: 3.90 sec/demo
ep 20: wrote 190 transitions to group demo_18 at process 1 with 0 finished. Datagen rate: 3.71 sec/demo
ep 21: wrote 231 transitions to group demo_21 at process 3 with 0 finished. Datagen rate: 4.11 sec/demo
ep 22: wrote 194 transitions to group demo_24 at process 1 with 0 finished. Datagen rate: 4.01 sec/demo
ep 23: wrote 214 transitions to group demo_22 at process 0 with 0 finished. Datagen rate: 3.90 sec/demo
ep 24: wrote 198 transitions to group demo_23 at process 2 with 0 finished. Datagen rate: 3.76 sec/demo
ep 25: wrote 194 transitions to group demo_25 at process 3 with 0 finished. Datagen rate: 3.90 sec/demo
ep 26: wrote 191 transitions to group demo_26 at process 1 with 0 finished. Datagen rate: 3.90 sec/demo
ep 27: wrote 210 transitions to group demo_27 at process 0 with 0 finished. Datagen rate: 3.79 sec/demo
ep 28: wrote 212 transitions to group demo_28 at process 2 with 0 finished. Datagen rate: 3.67 sec/demo
ep 29: wrote 208 transitions to group demo_29 at process 3 with 0 finished. Datagen rate: 3.75 sec/demo
ep 30: wrote 216 transitions to group demo_30 at process 1 with 0 finished. Datagen rate: 3.78 sec/demo
ep 31: wrote 217 transitions to group demo_31 at process 0 with 0 finished. Datagen rate: 3.73 sec/demo
ep 32: wrote 225 transitions to group demo_32 at process 2 with 0 finished. Datagen rate: 3.72 sec/demo
ep 33: wrote 195 transitions to group demo_33 at process 3 with 0 finished. Datagen rate: 3.65 sec/demo
ep 34: wrote 227 transitions to group demo_35 at process 0 with 0 finished. Datagen rate: 3.72 sec/demo
ep 35: wrote 208 transitions to group demo_34 at process 1 with 0 finished. Datagen rate: 3.66 sec/demo
ep 36: wrote 197 transitions to group demo_37 at process 3 with 0 finished. Datagen rate: 3.63 sec/demo
ep 37: wrote 216 transitions to group demo_36 at process 2 with 0 finished. Datagen rate: 3.67 sec/demo
ep 38: wrote 209 transitions to group demo_38 at process 0 with 0 finished. Datagen rate: 3.64 sec/demo
ep 39: wrote 196 transitions to group demo_40 at process 3 with 0 finished. Datagen rate: 3.63 sec/demo
ep 40: wrote 171 transitions to group demo_39 at process 1 with 0 finished. Datagen rate: 3.54 sec/demo
ep 41: wrote 172 transitions to group demo_41 at process 2 with 0 finished. Datagen rate: 3.60 sec/demo
ep 42: wrote 199 transitions to group demo_42 at process 0 with 0 finished. Datagen rate: 3.60 sec/demo
ep 43: wrote 193 transitions to group demo_44 at process 1 with 0 finished. Datagen rate: 3.56 sec/demo
ep 44: wrote 193 transitions to group demo_43 at process 3 with 0 finished. Datagen rate: 3.58 sec/demo
ep 45: wrote 234 transitions to group demo_45 at process 2 with 0 finished. Datagen rate: 3.56 sec/demo
ep 46: wrote 231 transitions to group demo_46 at process 0 with 0 finished. Datagen rate: 3.55 sec/demo
ep 47: wrote 254 transitions to group demo_47 at process 1 with 0 finished. Datagen rate: 3.55 sec/demo
ep 48: wrote 253 transitions to group demo_48 at process 3 with 0 finished. Datagen rate: 3.49 sec/demo
ep 49: wrote 207 transitions to group demo_49 at process 2 with 0 finished. Datagen rate: 3.53 sec/demo
ep 50: wrote 184 transitions to group demo_50 at process 0 with 0 finished. Datagen rate: 3.58 sec/demo
ep 51: wrote 223 transitions to group demo_52 at process 3 with 1 finished. Datagen rate: 3.56 sec/demo
ep 52: wrote 202 transitions to group demo_51 at process 1 with 2 finished. Datagen rate: 3.54 sec/demo
ep 53: wrote 202 transitions to group demo_53 at process 2 with 3 finished. Datagen rate: 3.54 sec/demo
ep 54: wrote 214 transitions to group demo_54 at process 0 with 4 finished. Datagen rate: 3.61 sec/demo

============= Initialized Observation Utils with Obs Spec =============

using obs modality: low_dim with keys: []
using obs modality: rgb with keys: []
total processes end 4
Wrote 11265 total samples to /home/user/Desktop/multi-rate/full_grid_2026-09-07/robocasa_data/OpenDrawer_ld.hdf5
Moving demo_54 -> demo_0
Writing has finished
Time elapsed: 199.05 seconds
Finished Multiprocessing
[convert] PnPCounterToStove: /home/user/Desktop/multi-rate/full_grid_2026-09-07/robocasa_data/PnPCounterToStove_raw.hdf5 -> /home/user/Desktop/multi-rate/full_grid_2026-09-07/robocasa_data/PnPCounterToStove_ld.hdf5
input file: /home/user/Desktop/multi-rate/full_grid_2026-09-07/robocasa_data/PnPCounterToStove_raw.hdf5
output file: /home/user/Desktop/multi-rate/full_grid_2026-09-07/robocasa_data/PnPCounterToStove_ld.hdf5
[robosuite INFO] Loading controller configuration from: /home/user/Isaac-GR00T/gr00t/eval/sim/robocasa/robocasa_uv/.venv/lib/python3.10/site-packages/robosuite/controllers/config/robots/default_pandaomron.json (composite_controller_factory.py:121)
[robosuite INFO] Loading controller configuration from: /home/user/Isaac-GR00T/gr00t/eval/sim/robocasa/robocasa_uv/.venv/lib/python3.10/site-packages/robosuite/controllers/config/robots/default_pandaomron.json (composite_controller_factory.py:121)
[robosuite INFO] Loading controller configuration from: /home/user/Isaac-GR00T/gr00t/eval/sim/robocasa/robocasa_uv/.venv/lib/python3.10/site-packages/robosuite/controllers/config/robots/default_pandaomron.json (composite_controller_factory.py:121)
[robosuite INFO] Loading controller configuration from: /home/user/Isaac-GR00T/gr00t/eval/sim/robocasa/robocasa_uv/.venv/lib/python3.10/site-packages/robosuite/controllers/config/robots/default_pandaomron.json (composite_controller_factory.py:121)

============= Initialized Observation Utils with Obs Spec =============

using obs modality: low_dim with keys: []
using obs modality: rgb with keys: []
==== Using environment with the following metadata ====
{
    "env_name": "PnPCounterToStove",
    "env_version": "1.5.2",
    "type": 1,
    "env_kwargs": {
        "robots": "PandaMobile",
        "controller_configs": {
            "type": "OSC_POSE",
            "input_max": 1,
            "input_min": -1,
            "output_max": [
                0.05,
                0.05,
                0.05,
                0.5,
                0.5,
                0.5
            ],
            "output_min": [
                -0.05,
                -0.05,
                -0.05,
                -0.5,
                -0.5,
                -0.5
            ],
            "kp": 150,
            "damping_ratio": 1,
            "impedance_mode": "fixed",
            "kp_limits": [
                0,
                300
            ],
            "damping_ratio_limits": [
                0,
                10
            ],
            "position_limits": null,
            "orientation_limits": null,
            "uncouple_pos_ori": true,
            "control_delta": true,
            "interpolation": null,
            "ramp_ratio": 0.2
        },
        "layout_ids": -1,
        "style_ids": [
            0,
            1,
            2,
            3,
            4,
            5,
            6,
            7,
            8,
            11
        ],
        "translucent_robot": false,
        "obj_instance_split": "A",
        "reward_shaping": false,
        "has_renderer": false,
        "has_offscreen_renderer": false,
        "ignore_done": true,
        "use_object_obs": true,
        "use_camera_obs": false,
        "camera_depths": false
    }
}

Process 2 finished

============= Initialized Observation Utils with Obs Spec =============

using obs modality: low_dim with keys: []
using obs modality: rgb with keys: []
==== Using environment with the following metadata ====
{
    "env_name": "PnPCounterToStove",
    "env_version": "1.5.2",
    "type": 1,
    "env_kwargs": {
        "robots": "PandaMobile",
        "controller_configs": {
            "type": "OSC_POSE",
            "input_max": 1,
            "input_min": -1,
            "output_max": [
                0.05,
                0.05,
                0.05,
                0.5,
                0.5,
                0.5
            ],
            "output_min": [
                -0.05,
                -0.05,
                -0.05,
                -0.5,
                -0.5,
                -0.5
            ],
            "kp": 150,
            "damping_ratio": 1,
            "impedance_mode": "fixed",
            "kp_limits": [
                0,
                300
            ],
            "damping_ratio_limits": [
                0,
                10
            ],
            "position_limits": null,
            "orientation_limits": null,
            "uncouple_pos_ori": true,
            "control_delta": true,
            "interpolation": null,
            "ramp_ratio": 0.2
        },
        "layout_ids": -1,
        "style_ids": [
            0,
            1,
            2,
            3,
            4,
            5,
            6,
            7,
            8,
            11
        ],
        "translucent_robot": false,
        "obj_instance_split": "A",
        "reward_shaping": false,
        "has_renderer": false,
        "has_offscreen_renderer": false,
        "ignore_done": true,
        "use_object_obs": true,
        "use_camera_obs": false,
        "camera_depths": false
    }
}

Process 3 finished

============= Initialized Observation Utils with Obs Spec =============

using obs modality: low_dim with keys: []
using obs modality: rgb with keys: []
==== Using environment with the following metadata ====
{
    "env_name": "PnPCounterToStove",
    "env_version": "1.5.2",
    "type": 1,
    "env_kwargs": {
        "robots": "PandaMobile",
        "controller_configs": {
            "type": "OSC_POSE",
            "input_max": 1,
            "input_min": -1,
            "output_max": [
                0.05,
                0.05,
                0.05,
                0.5,
                0.5,
                0.5
            ],
            "output_min": [
                -0.05,
                -0.05,
                -0.05,
                -0.5,
                -0.5,
                -0.5
            ],
            "kp": 150,
            "damping_ratio": 1,
            "impedance_mode": "fixed",
            "kp_limits": [
                0,
                300
            ],
            "damping_ratio_limits": [
                0,
                10
            ],
            "position_limits": null,
            "orientation_limits": null,
            "uncouple_pos_ori": true,
            "control_delta": true,
            "interpolation": null,
            "ramp_ratio": 0.2
        },
        "layout_ids": -1,
        "style_ids": [
            0,
            1,
            2,
            3,
            4,
            5,
            6,
            7,
            8,
            11
        ],
        "translucent_robot": false,
        "obj_instance_split": "A",
        "reward_shaping": false,
        "has_renderer": false,
        "has_offscreen_renderer": false,
        "ignore_done": true,
        "use_object_obs": true,
        "use_camera_obs": false,
        "camera_depths": false
    }
}

Process 1 finished

============= Initialized Observation Utils with Obs Spec =============

using obs modality: low_dim with keys: []
using obs modality: rgb with keys: []
==== Using environment with the following metadata ====
{
    "env_name": "PnPCounterToStove",
    "env_version": "1.5.2",
    "type": 1,
    "env_kwargs": {
        "robots": "PandaMobile",
        "controller_configs": {
            "type": "OSC_POSE",
            "input_max": 1,
            "input_min": -1,
            "output_max": [
                0.05,
                0.05,
                0.05,
                0.5,
                0.5,
                0.5
            ],
            "output_min": [
                -0.05,
                -0.05,
                -0.05,
                -0.5,
                -0.5,
                -0.5
            ],
            "kp": 150,
            "damping_ratio": 1,
            "impedance_mode": "fixed",
            "kp_limits": [
                0,
                300
            ],
            "damping_ratio_limits": [
                0,
                10
            ],
            "position_limits": null,
            "orientation_limits": null,
            "uncouple_pos_ori": true,
            "control_delta": true,
            "interpolation": null,
            "ramp_ratio": 0.2
        },
        "layout_ids": -1,
        "style_ids": [
            0,
            1,
            2,
            3,
            4,
            5,
            6,
            7,
            8,
            11
        ],
        "translucent_robot": false,
        "obj_instance_split": "A",
        "reward_shaping": false,
        "has_renderer": false,
        "has_offscreen_renderer": false,
        "ignore_done": true,
        "use_object_obs": true,
        "use_camera_obs": false,
        "camera_depths": false
    }
}

Process 0 finished
[robosuite INFO] Loading controller configuration from: /home/user/Isaac-GR00T/gr00t/eval/sim/robocasa/robocasa_uv/.venv/lib/python3.10/site-packages/robosuite/controllers/config/robots/default_pandaomron.json (composite_controller_factory.py:121)
ep 1: wrote 343 transitions to group demo_4 at process 2 with 0 finished. Datagen rate: 18.27 sec/demo
ep 2: wrote 356 transitions to group demo_1 at process 3 with 0 finished. Datagen rate: 9.31 sec/demo
ep 3: wrote 335 transitions to group demo_3 at process 1 with 0 finished. Datagen rate: 6.98 sec/demo
ep 4: wrote 371 transitions to group demo_2 at process 0 with 0 finished. Datagen rate: 5.90 sec/demo
ep 5: wrote 327 transitions to group demo_6 at process 3 with 0 finished. Datagen rate: 6.33 sec/demo
ep 6: wrote 308 transitions to group demo_5 at process 2 with 0 finished. Datagen rate: 5.58 sec/demo
ep 7: wrote 234 transitions to group demo_7 at process 1 with 0 finished. Datagen rate: 5.36 sec/demo
ep 8: wrote 316 transitions to group demo_8 at process 0 with 0 finished. Datagen rate: 5.01 sec/demo
ep 9: wrote 327 transitions to group demo_10 at process 2 with 0 finished. Datagen rate: 4.50 sec/demo
ep 10: wrote 310 transitions to group demo_9 at process 3 with 0 finished. Datagen rate: 4.54 sec/demo
ep 11: wrote 305 transitions to group demo_11 at process 1 with 0 finished. Datagen rate: 4.63 sec/demo
ep 12: wrote 243 transitions to group demo_12 at process 0 with 0 finished. Datagen rate: 4.52 sec/demo
ep 13: wrote 299 transitions to group demo_14 at process 3 with 0 finished. Datagen rate: 4.30 sec/demo
ep 14: wrote 358 transitions to group demo_13 at process 2 with 0 finished. Datagen rate: 4.19 sec/demo
ep 15: wrote 299 transitions to group demo_15 at process 1 with 0 finished. Datagen rate: 4.36 sec/demo
ep 16: wrote 321 transitions to group demo_16 at process 0 with 0 finished. Datagen rate: 4.29 sec/demo
ep 17: wrote 327 transitions to group demo_17 at process 3 with 0 finished. Datagen rate: 4.24 sec/demo
ep 18: wrote 287 transitions to group demo_18 at process 2 with 0 finished. Datagen rate: 4.19 sec/demo
ep 19: wrote 314 transitions to group demo_19 at process 1 with 0 finished. Datagen rate: 4.15 sec/demo
ep 20: wrote 317 transitions to group demo_20 at process 0 with 0 finished. Datagen rate: 4.10 sec/demo
ep 21: wrote 318 transitions to group demo_21 at process 3 with 0 finished. Datagen rate: 4.22 sec/demo
ep 22: wrote 260 transitions to group demo_22 at process 2 with 0 finished. Datagen rate: 4.15 sec/demo
ep 23: wrote 228 transitions to group demo_24 at process 0 with 0 finished. Datagen rate: 4.11 sec/demo
ep 24: wrote 315 transitions to group demo_23 at process 1 with 0 finished. Datagen rate: 4.03 sec/demo
ep 25: wrote 290 transitions to group demo_25 at process 3 with 0 finished. Datagen rate: 4.02 sec/demo
ep 26: wrote 269 transitions to group demo_26 at process 2 with 0 finished. Datagen rate: 4.00 sec/demo
ep 27: wrote 283 transitions to group demo_27 at process 0 with 0 finished. Datagen rate: 3.91 sec/demo
ep 28: wrote 356 transitions to group demo_28 at process 1 with 0 finished. Datagen rate: 3.83 sec/demo
ep 29: wrote 320 transitions to group demo_29 at process 3 with 0 finished. Datagen rate: 3.95 sec/demo
ep 30: wrote 227 transitions to group demo_31 at process 0 with 0 finished. Datagen rate: 3.97 sec/demo
ep 31: wrote 255 transitions to group demo_30 at process 2 with 0 finished. Datagen rate: 3.85 sec/demo
ep 32: wrote 298 transitions to group demo_32 at process 1 with 0 finished. Datagen rate: 3.80 sec/demo
ep 33: wrote 223 transitions to group demo_33 at process 3 with 0 finished. Datagen rate: 3.80 sec/demo
ep 34: wrote 334 transitions to group demo_34 at process 0 with 0 finished. Datagen rate: 3.86 sec/demo
ep 35: wrote 261 transitions to group demo_36 at process 1 with 0 finished. Datagen rate: 3.79 sec/demo
ep 36: wrote 336 transitions to group demo_35 at process 2 with 0 finished. Datagen rate: 3.72 sec/demo
ep 37: wrote 388 transitions to group demo_37 at process 3 with 0 finished. Datagen rate: 3.72 sec/demo
ep 38: wrote 302 transitions to group demo_40 at process 2 with 0 finished. Datagen rate: 3.79 sec/demo
ep 39: wrote 352 transitions to group demo_38 at process 0 with 0 finished. Datagen rate: 3.71 sec/demo
ep 40: wrote 215 transitions to group demo_39 at process 1 with 0 finished. Datagen rate: 3.74 sec/demo
ep 41: wrote 355 transitions to group demo_41 at process 3 with 0 finished. Datagen rate: 3.70 sec/demo
ep 42: wrote 326 transitions to group demo_43 at process 0 with 0 finished. Datagen rate: 3.78 sec/demo
ep 43: wrote 292 transitions to group demo_42 at process 2 with 0 finished. Datagen rate: 3.70 sec/demo
ep 44: wrote 376 transitions to group demo_44 at process 1 with 0 finished. Datagen rate: 3.67 sec/demo
ep 45: wrote 403 transitions to group demo_45 at process 3 with 0 finished. Datagen rate: 3.70 sec/demo
ep 46: wrote 267 transitions to group demo_46 at process 0 with 0 finished. Datagen rate: 3.65 sec/demo
ep 47: wrote 360 transitions to group demo_47 at process 2 with 0 finished. Datagen rate: 3.70 sec/demo
ep 48: wrote 269 transitions to group demo_49 at process 3 with 0 finished. Datagen rate: 3.68 sec/demo
ep 49: wrote 301 transitions to group demo_48 at process 1 with 0 finished. Datagen rate: 3.64 sec/demo
ep 50: wrote 246 transitions to group demo_50 at process 0 with 0 finished. Datagen rate: 3.62 sec/demo
ep 51: wrote 239 transitions to group demo_51 at process 2 with 1 finished. Datagen rate: 3.69 sec/demo
ep 52: wrote 404 transitions to group demo_52 at process 3 with 2 finished. Datagen rate: 3.66 sec/demo
ep 53: wrote 243 transitions to group demo_53 at process 1 with 3 finished. Datagen rate: 3.65 sec/demo
ep 54: wrote 345 transitions to group demo_54 at process 0 with 4 finished. Datagen rate: 3.60 sec/demo

============= Initialized Observation Utils with Obs Spec =============

using obs modality: low_dim with keys: []
using obs modality: rgb with keys: []
total processes end 4
Wrote 16553 total samples to /home/user/Desktop/multi-rate/full_grid_2026-09-07/robocasa_data/PnPCounterToStove_ld.hdf5
Moving demo_54 -> demo_0
Writing has finished
Time elapsed: 201.26 seconds
Finished Multiprocessing
[done] all conversions complete
