=== Launching parallel k=4 and k=8 for all 4 tasks ===
Starting bridge on port 8781...
Starting bridge on port 8782...
Starting bridge on port 8784...
Starting bridge on port 8787...
Starting bridge on port 8786...
Starting bridge on port 8780...
Starting bridge on port 8783...
Starting bridge on port 8785...
[10:55:21] RC-TurnOffMicrowave heldout n=15 k=8 starting on port 8785...
[10:55:21] RC-CloseSingleDoor heldout n=15 k=8 starting on port 8787...
[10:55:21] RC-CoffeePressButton heldout n=15 k=4 starting on port 8782...
[10:55:21] RC-CloseSingleDoor heldout n=15 k=4 starting on port 8786...
[10:55:21] RC-TurnOffSinkFaucet heldout n=15 k=4 starting on port 8780...
[10:55:21] RC-CoffeePressButton heldout n=15 k=8 starting on port 8783...
[10:55:21] RC-TurnOffMicrowave heldout n=15 k=4 starting on port 8784...
[10:55:21] RC-TurnOffSinkFaucet heldout n=15 k=8 starting on port 8781...
Terminated
Terminated
Terminated
Terminated
Terminated
Terminated
Terminated
