nohup: ignoring input
=== Starting Robustness Campaign for SQUARE (ks=[1, 2, 4, 8], noise=0.05, n=100) ===

>>> Running: /home/user/anaconda3/envs/vla_smolvla_libero/bin/python /home/user/Desktop/multi-rate/full_grid_2026-09-07/harness_robustness.py square --k 1 --obs_noise 0.05 --n_eval 100
[robosuite WARNING] No private macro file found! (__init__.py:7)
[robosuite WARNING] It is recommended to use a private macro file (__init__.py:8)
[robosuite WARNING] To setup, run: python /home/user/anaconda3/envs/vla_smolvla_libero/lib/python3.12/site-packages/robosuite/scripts/setup_macros.py (__init__.py:9)
[data] loaded /home/user/Desktop/multi-rate/full_grid_2026-09-07/demos_square_200.npz
[train] loaded /home/user/Desktop/multi-rate/full_grid_2026-09-07/dp_square.pt

[eval] starting square (k=1, n=100, obs_noise=0.05, arms=['native', 'zoh', 'spline_satfix', 'bspline_satfix', 'qp'])...
[eval] [10/100] native=9/10 zoh=9/10 spline_satfix=8/10 bspline_satfix=9/10 qp=9/10
[eval] [20/100] native=18/20 zoh=18/20 spline_satfix=17/20 bspline_satfix=18/20 qp=18/20
[eval] [30/100] native=25/30 zoh=25/30 spline_satfix=24/30 bspline_satfix=25/30 qp=25/30
[eval] [40/100] native=33/40 zoh=33/40 spline_satfix=32/40 bspline_satfix=33/40 qp=33/40
[eval] [50/100] native=41/50 zoh=41/50 spline_satfix=40/50 bspline_satfix=41/50 qp=41/50
[eval] [60/100] native=51/60 zoh=51/60 spline_satfix=50/60 bspline_satfix=51/60 qp=51/60
[eval] [70/100] native=58/70 zoh=58/70 spline_satfix=57/70 bspline_satfix=58/70 qp=58/70
[eval] [80/100] native=67/80 zoh=67/80 spline_satfix=66/80 bspline_satfix=67/80 qp=67/80
[eval] [90/100] native=74/90 zoh=74/90 spline_satfix=73/90 bspline_satfix=74/90 qp=74/90
[eval] [100/100] native=82/100 zoh=82/100 spline_satfix=82/100 bspline_satfix=82/100 qp=82/100
[eval] completed in 1401.8s

=== SQUARE ROBUSTNESS (k=1, noise=0.05, n=100) ===
  native            :   82.0% (82/100) | vs zoh:  +0.0pp (p=1) | vs bspline_satfix:  +0.0pp (p=1)
  zoh               :   82.0% (82/100) | vs native:  +0.0pp (p=1) | vs bspline_satfix:  +0.0pp (p=1)
  spline_satfix     :   82.0% (82/100) | vs native:  +0.0pp (p=1) | vs zoh:  +0.0pp (p=1) | vs bspline_satfix:  +0.0pp (p=1)
  bspline_satfix    :   82.0% (82/100) | vs native:  +0.0pp (p=1) | vs zoh:  +0.0pp (p=1)
  qp                :   82.0% (82/100) | vs native:  +0.0pp (p=1) | vs zoh:  +0.0pp (p=1) | vs bspline_satfix:  +0.0pp (p=1)
[saved] /home/user/Desktop/multi-rate/full_grid_2026-09-07/result_dp_square_k1_noise05.json
SUCCESS in 1404.7s

>>> Running: /home/user/anaconda3/envs/vla_smolvla_libero/bin/python /home/user/Desktop/multi-rate/full_grid_2026-09-07/harness_robustness.py square --k 2 --obs_noise 0.05 --n_eval 100
[robosuite WARNING] No private macro file found! (__init__.py:7)
[robosuite WARNING] It is recommended to use a private macro file (__init__.py:8)
[robosuite WARNING] To setup, run: python /home/user/anaconda3/envs/vla_smolvla_libero/lib/python3.12/site-packages/robosuite/scripts/setup_macros.py (__init__.py:9)
[data] loaded /home/user/Desktop/multi-rate/full_grid_2026-09-07/demos_square_200.npz
[train] loaded /home/user/Desktop/multi-rate/full_grid_2026-09-07/dp_square.pt

[eval] starting square (k=2, n=100, obs_noise=0.05, arms=['native', 'zoh', 'spline_satfix', 'bspline_satfix', 'qp'])...
[eval] [10/100] native=9/10 zoh=9/10 spline_satfix=8/10 bspline_satfix=9/10 qp=10/10
[eval] [20/100] native=18/20 zoh=18/20 spline_satfix=17/20 bspline_satfix=18/20 qp=19/20
[eval] [30/100] native=25/30 zoh=25/30 spline_satfix=24/30 bspline_satfix=25/30 qp=27/30
[eval] [40/100] native=33/40 zoh=33/40 spline_satfix=32/40 bspline_satfix=33/40 qp=35/40
[eval] [50/100] native=41/50 zoh=42/50 spline_satfix=41/50 bspline_satfix=41/50 qp=44/50
[eval] [60/100] native=51/60 zoh=52/60 spline_satfix=50/60 bspline_satfix=50/60 qp=53/60
[eval] [70/100] native=58/70 zoh=59/70 spline_satfix=56/70 bspline_satfix=57/70 qp=60/70
[eval] [80/100] native=67/80 zoh=68/80 spline_satfix=65/80 bspline_satfix=67/80 qp=69/80
[eval] [90/100] native=74/90 zoh=75/90 spline_satfix=71/90 bspline_satfix=74/90 qp=76/90
[eval] [100/100] native=82/100 zoh=83/100 spline_satfix=80/100 bspline_satfix=83/100 qp=84/100
[eval] completed in 1228.9s

=== SQUARE ROBUSTNESS (k=2, noise=0.05, n=100) ===
  native            :   82.0% (82/100) | vs zoh:  -1.0pp (p=1) | vs bspline_satfix:  -1.0pp (p=1)
  zoh               :   83.0% (83/100) | vs native:  +1.0pp (p=1) | vs bspline_satfix:  +0.0pp (p=1)
  spline_satfix     :   80.0% (80/100) | vs native:  -2.0pp (p=0.727) | vs zoh:  -3.0pp (p=0.453) | vs bspline_satfix:  -3.0pp (p=0.375)
  bspline_satfix    :   83.0% (83/100) | vs native:  +1.0pp (p=1) | vs zoh:  +0.0pp (p=1)
  qp                :   84.0% (84/100) | vs native:  +2.0pp (p=0.688) | vs zoh:  +1.0pp (p=1) | vs bspline_satfix:  +1.0pp (p=1)
[saved] /home/user/Desktop/multi-rate/full_grid_2026-09-07/result_dp_square_k2_noise05.json
SUCCESS in 1231.9s

>>> Running: /home/user/anaconda3/envs/vla_smolvla_libero/bin/python /home/user/Desktop/multi-rate/full_grid_2026-09-07/harness_robustness.py square --k 4 --obs_noise 0.05 --n_eval 100
[robosuite WARNING] No private macro file found! (__init__.py:7)
[robosuite WARNING] It is recommended to use a private macro file (__init__.py:8)
[robosuite WARNING] To setup, run: python /home/user/anaconda3/envs/vla_smolvla_libero/lib/python3.12/site-packages/robosuite/scripts/setup_macros.py (__init__.py:9)
[data] loaded /home/user/Desktop/multi-rate/full_grid_2026-09-07/demos_square_200.npz
[train] loaded /home/user/Desktop/multi-rate/full_grid_2026-09-07/dp_square.pt

[eval] starting square (k=4, n=100, obs_noise=0.05, arms=['native', 'zoh', 'spline_satfix', 'bspline_satfix', 'qp'])...
[eval] [10/100] native=9/10 zoh=10/10 spline_satfix=10/10 bspline_satfix=10/10 qp=8/10
[eval] [20/100] native=18/20 zoh=19/20 spline_satfix=19/20 bspline_satfix=19/20 qp=17/20
[eval] [30/100] native=25/30 zoh=26/30 spline_satfix=26/30 bspline_satfix=26/30 qp=24/30
[eval] [40/100] native=33/40 zoh=33/40 spline_satfix=33/40 bspline_satfix=33/40 qp=31/40
[eval] [50/100] native=41/50 zoh=43/50 spline_satfix=41/50 bspline_satfix=43/50 qp=39/50
[eval] [60/100] native=51/60 zoh=52/60 spline_satfix=51/60 bspline_satfix=52/60 qp=49/60
[eval] [70/100] native=58/70 zoh=59/70 spline_satfix=58/70 bspline_satfix=59/70 qp=55/70
[eval] [80/100] native=67/80 zoh=67/80 spline_satfix=65/80 bspline_satfix=67/80 qp=63/80
[eval] [90/100] native=74/90 zoh=75/90 spline_satfix=73/90 bspline_satfix=75/90 qp=71/90
[eval] [100/100] native=82/100 zoh=84/100 spline_satfix=81/100 bspline_satfix=84/100 qp=81/100
[eval] completed in 1156.3s

=== SQUARE ROBUSTNESS (k=4, noise=0.05, n=100) ===
  native            :   82.0% (82/100) | vs zoh:  -2.0pp (p=0.727) | vs bspline_satfix:  -2.0pp (p=0.727)
  zoh               :   84.0% (84/100) | vs native:  +2.0pp (p=0.727) | vs bspline_satfix:  +0.0pp (p=1)
  spline_satfix     :   81.0% (81/100) | vs native:  -1.0pp (p=1) | vs zoh:  -3.0pp (p=0.508) | vs bspline_satfix:  -3.0pp (p=0.508)
  bspline_satfix    :   84.0% (84/100) | vs native:  +2.0pp (p=0.727) | vs zoh:  +0.0pp (p=1)
  qp                :   81.0% (81/100) | vs native:  -1.0pp (p=1) | vs zoh:  -3.0pp (p=0.508) | vs bspline_satfix:  -3.0pp (p=0.508)
[saved] /home/user/Desktop/multi-rate/full_grid_2026-09-07/result_dp_square_k4_noise05.json
SUCCESS in 1159.1s

>>> Running: /home/user/anaconda3/envs/vla_smolvla_libero/bin/python /home/user/Desktop/multi-rate/full_grid_2026-09-07/harness_robustness.py square --k 8 --obs_noise 0.05 --n_eval 100
[robosuite WARNING] No private macro file found! (__init__.py:7)
[robosuite WARNING] It is recommended to use a private macro file (__init__.py:8)
[robosuite WARNING] To setup, run: python /home/user/anaconda3/envs/vla_smolvla_libero/lib/python3.12/site-packages/robosuite/scripts/setup_macros.py (__init__.py:9)
[data] loaded /home/user/Desktop/multi-rate/full_grid_2026-09-07/demos_square_200.npz
[train] loaded /home/user/Desktop/multi-rate/full_grid_2026-09-07/dp_square.pt

[eval] starting square (k=8, n=100, obs_noise=0.05, arms=['native', 'zoh', 'spline_satfix', 'bspline_satfix', 'qp'])...
[eval] [10/100] native=9/10 zoh=6/10 spline_satfix=6/10 bspline_satfix=6/10 qp=6/10
[eval] [20/100] native=18/20 zoh=14/20 spline_satfix=14/20 bspline_satfix=14/20 qp=14/20
[eval] [30/100] native=25/30 zoh=21/30 spline_satfix=21/30 bspline_satfix=21/30 qp=21/30
[eval] [40/100] native=33/40 zoh=28/40 spline_satfix=28/40 bspline_satfix=28/40 qp=28/40
[eval] [50/100] native=41/50 zoh=36/50 spline_satfix=36/50 bspline_satfix=36/50 qp=36/50
[eval] [60/100] native=51/60 zoh=44/60 spline_satfix=44/60 bspline_satfix=44/60 qp=44/60
[eval] [70/100] native=58/70 zoh=50/70 spline_satfix=50/70 bspline_satfix=50/70 qp=50/70
[eval] [80/100] native=67/80 zoh=56/80 spline_satfix=56/80 bspline_satfix=56/80 qp=56/80
[eval] [90/100] native=74/90 zoh=63/90 spline_satfix=63/90 bspline_satfix=63/90 qp=63/90
[eval] [100/100] native=82/100 zoh=69/100 spline_satfix=69/100 bspline_satfix=69/100 qp=69/100
[eval] completed in 1292.0s

=== SQUARE ROBUSTNESS (k=8, noise=0.05, n=100) ===
  native            :   82.0% (82/100) | vs zoh: +13.0pp (p=0.0106) | vs bspline_satfix: +13.0pp (p=0.0106)
  zoh               :   69.0% (69/100) | vs native: -13.0pp (p=0.0106) | vs bspline_satfix:  +0.0pp (p=1)
  spline_satfix     :   69.0% (69/100) | vs native: -13.0pp (p=0.0106) | vs zoh:  +0.0pp (p=1) | vs bspline_satfix:  +0.0pp (p=1)
  bspline_satfix    :   69.0% (69/100) | vs native: -13.0pp (p=0.0106) | vs zoh:  +0.0pp (p=1)
  qp                :   69.0% (69/100) | vs native: -13.0pp (p=0.0106) | vs zoh:  +0.0pp (p=1) | vs bspline_satfix:  +0.0pp (p=1)
[saved] /home/user/Desktop/multi-rate/full_grid_2026-09-07/result_dp_square_k8_noise05.json
SUCCESS in 1294.8s
=== Finished Robustness Campaign for SQUARE ===
