=== Training DP on RC-CloseSingleDoor for 537000 steps ===
[data] Loaded 39 demos from demos_RC-CloseSingleDoor_39_f0.npz
[data] 9814 windows, obs_dim=124, act_dim=12

[DP-RC-CloseSingleDoor] starting 537000 steps (batch_size=256, lr=0.0001)...
[DP-RC-CloseSingleDoor] step 1/537000 | loss=1.15025 | 2.5 steps/s | ETA: 3615.8 min
[DP-RC-CloseSingleDoor] step 5000/537000 | loss=0.00989 | 24.3 steps/s | ETA: 364.6 min
[DP-RC-CloseSingleDoor] step 10000/537000 | loss=0.00546 | 24.2 steps/s | ETA: 362.3 min
[DP-RC-CloseSingleDoor] step 15000/537000 | loss=0.00618 | 24.2 steps/s | ETA: 359.0 min
[DP-RC-CloseSingleDoor] step 20000/537000 | loss=0.00422 | 24.2 steps/s | ETA: 355.7 min
[DP-RC-CloseSingleDoor] step 25000/537000 | loss=0.00350 | 24.2 steps/s | ETA: 352.4 min
[DP-RC-CloseSingleDoor] saved snapshot checkpoint -> /home/user/Desktop/multi-rate/full_grid_2026-09-07/dp_RC-CloseSingleDoor_latest.pt (step 25000)
[DP-RC-CloseSingleDoor] step 30000/537000 | loss=0.00257 | 24.2 steps/s | ETA: 349.0 min
[DP-RC-CloseSingleDoor] step 35000/537000 | loss=0.00267 | 24.2 steps/s | ETA: 345.5 min
[DP-RC-CloseSingleDoor] step 40000/537000 | loss=0.00286 | 24.2 steps/s | ETA: 342.1 min
[DP-RC-CloseSingleDoor] step 45000/537000 | loss=0.00150 | 24.2 steps/s | ETA: 338.7 min
[DP-RC-CloseSingleDoor] step 50000/537000 | loss=0.00178 | 24.2 steps/s | ETA: 335.3 min
[DP-RC-CloseSingleDoor] saved snapshot checkpoint -> /home/user/Desktop/multi-rate/full_grid_2026-09-07/dp_RC-CloseSingleDoor_latest.pt (step 50000)
[DP-RC-CloseSingleDoor] step 55000/537000 | loss=0.00402 | 24.2 steps/s | ETA: 331.9 min
[DP-RC-CloseSingleDoor] step 60000/537000 | loss=0.00129 | 24.2 steps/s | ETA: 328.5 min
[DP-RC-CloseSingleDoor] step 65000/537000 | loss=0.00143 | 24.2 steps/s | ETA: 325.1 min
[DP-RC-CloseSingleDoor] step 70000/537000 | loss=0.00161 | 24.2 steps/s | ETA: 321.6 min
[DP-RC-CloseSingleDoor] step 75000/537000 | loss=0.00099 | 24.2 steps/s | ETA: 318.2 min
[DP-RC-CloseSingleDoor] saved snapshot checkpoint -> /home/user/Desktop/multi-rate/full_grid_2026-09-07/dp_RC-CloseSingleDoor_latest.pt (step 75000)
[DP-RC-CloseSingleDoor] step 80000/537000 | loss=0.00145 | 24.2 steps/s | ETA: 314.8 min
[DP-RC-CloseSingleDoor] step 85000/537000 | loss=0.00151 | 24.2 steps/s | ETA: 311.3 min
[DP-RC-CloseSingleDoor] step 90000/537000 | loss=0.00086 | 24.2 steps/s | ETA: 307.9 min
[DP-RC-CloseSingleDoor] step 95000/537000 | loss=0.00116 | 24.2 steps/s | ETA: 304.5 min
[DP-RC-CloseSingleDoor] step 100000/537000 | loss=0.00122 | 24.2 steps/s | ETA: 301.1 min
[DP-RC-CloseSingleDoor] saved snapshot checkpoint -> /home/user/Desktop/multi-rate/full_grid_2026-09-07/dp_RC-CloseSingleDoor_latest.pt (step 100000)
[DP-RC-CloseSingleDoor] step 105000/537000 | loss=0.00107 | 24.2 steps/s | ETA: 297.6 min
[DP-RC-CloseSingleDoor] step 110000/537000 | loss=0.00105 | 24.2 steps/s | ETA: 294.2 min
[DP-RC-CloseSingleDoor] step 115000/537000 | loss=0.00142 | 24.2 steps/s | ETA: 290.8 min
[DP-RC-CloseSingleDoor] step 120000/537000 | loss=0.00112 | 24.2 steps/s | ETA: 287.3 min
[DP-RC-CloseSingleDoor] step 125000/537000 | loss=0.00090 | 24.2 steps/s | ETA: 283.9 min
[DP-RC-CloseSingleDoor] saved snapshot checkpoint -> /home/user/Desktop/multi-rate/full_grid_2026-09-07/dp_RC-CloseSingleDoor_latest.pt (step 125000)
[DP-RC-CloseSingleDoor] step 130000/537000 | loss=0.00112 | 24.2 steps/s | ETA: 280.4 min
[DP-RC-CloseSingleDoor] step 135000/537000 | loss=0.00066 | 24.2 steps/s | ETA: 277.0 min
[DP-RC-CloseSingleDoor] step 140000/537000 | loss=0.00108 | 24.2 steps/s | ETA: 273.6 min
[DP-RC-CloseSingleDoor] step 145000/537000 | loss=0.00054 | 24.2 steps/s | ETA: 270.1 min
[DP-RC-CloseSingleDoor] step 150000/537000 | loss=0.00075 | 24.2 steps/s | ETA: 266.7 min
[DP-RC-CloseSingleDoor] saved snapshot checkpoint -> /home/user/Desktop/multi-rate/full_grid_2026-09-07/dp_RC-CloseSingleDoor_latest.pt (step 150000)
[DP-RC-CloseSingleDoor] step 155000/537000 | loss=0.00085 | 24.2 steps/s | ETA: 263.2 min
[DP-RC-CloseSingleDoor] step 160000/537000 | loss=0.00113 | 24.2 steps/s | ETA: 259.8 min
[DP-RC-CloseSingleDoor] step 165000/537000 | loss=0.00077 | 24.2 steps/s | ETA: 256.3 min
[DP-RC-CloseSingleDoor] step 170000/537000 | loss=0.00061 | 24.2 steps/s | ETA: 252.9 min
[DP-RC-CloseSingleDoor] step 175000/537000 | loss=0.00035 | 24.2 steps/s | ETA: 249.4 min
[DP-RC-CloseSingleDoor] saved snapshot checkpoint -> /home/user/Desktop/multi-rate/full_grid_2026-09-07/dp_RC-CloseSingleDoor_latest.pt (step 175000)
[DP-RC-CloseSingleDoor] step 180000/537000 | loss=0.00085 | 24.2 steps/s | ETA: 246.0 min
[DP-RC-CloseSingleDoor] step 185000/537000 | loss=0.00060 | 24.2 steps/s | ETA: 242.5 min
[DP-RC-CloseSingleDoor] step 190000/537000 | loss=0.00047 | 24.2 steps/s | ETA: 239.1 min
[DP-RC-CloseSingleDoor] step 195000/537000 | loss=0.00038 | 24.2 steps/s | ETA: 235.6 min
[DP-RC-CloseSingleDoor] step 200000/537000 | loss=0.00054 | 24.2 steps/s | ETA: 232.2 min
[DP-RC-CloseSingleDoor] saved snapshot checkpoint -> /home/user/Desktop/multi-rate/full_grid_2026-09-07/dp_RC-CloseSingleDoor_latest.pt (step 200000)
[DP-RC-CloseSingleDoor] step 205000/537000 | loss=0.00113 | 24.2 steps/s | ETA: 228.8 min
[DP-RC-CloseSingleDoor] step 210000/537000 | loss=0.00034 | 24.2 steps/s | ETA: 225.3 min
[DP-RC-CloseSingleDoor] step 215000/537000 | loss=0.00033 | 24.2 steps/s | ETA: 221.9 min
[DP-RC-CloseSingleDoor] step 220000/537000 | loss=0.00055 | 24.2 steps/s | ETA: 218.4 min
[DP-RC-CloseSingleDoor] step 225000/537000 | loss=0.00044 | 24.2 steps/s | ETA: 215.0 min
[DP-RC-CloseSingleDoor] saved snapshot checkpoint -> /home/user/Desktop/multi-rate/full_grid_2026-09-07/dp_RC-CloseSingleDoor_latest.pt (step 225000)
[DP-RC-CloseSingleDoor] step 230000/537000 | loss=0.00107 | 24.2 steps/s | ETA: 211.5 min
[DP-RC-CloseSingleDoor] step 235000/537000 | loss=0.00071 | 24.2 steps/s | ETA: 208.1 min
[DP-RC-CloseSingleDoor] step 240000/537000 | loss=0.00051 | 24.2 steps/s | ETA: 204.6 min
[DP-RC-CloseSingleDoor] step 245000/537000 | loss=0.00068 | 24.2 steps/s | ETA: 201.2 min
[DP-RC-CloseSingleDoor] step 250000/537000 | loss=0.00041 | 24.2 steps/s | ETA: 197.8 min
[DP-RC-CloseSingleDoor] saved snapshot checkpoint -> /home/user/Desktop/multi-rate/full_grid_2026-09-07/dp_RC-CloseSingleDoor_latest.pt (step 250000)
[DP-RC-CloseSingleDoor] step 255000/537000 | loss=0.00016 | 24.2 steps/s | ETA: 194.3 min
[DP-RC-CloseSingleDoor] step 260000/537000 | loss=0.00025 | 24.2 steps/s | ETA: 190.9 min
[DP-RC-CloseSingleDoor] step 265000/537000 | loss=0.00059 | 24.2 steps/s | ETA: 187.4 min
[DP-RC-CloseSingleDoor] step 270000/537000 | loss=0.00025 | 24.2 steps/s | ETA: 184.0 min
[DP-RC-CloseSingleDoor] step 275000/537000 | loss=0.00039 | 24.2 steps/s | ETA: 180.5 min
[DP-RC-CloseSingleDoor] saved snapshot checkpoint -> /home/user/Desktop/multi-rate/full_grid_2026-09-07/dp_RC-CloseSingleDoor_latest.pt (step 275000)
[DP-RC-CloseSingleDoor] step 280000/537000 | loss=0.00021 | 24.2 steps/s | ETA: 177.1 min
[DP-RC-CloseSingleDoor] step 285000/537000 | loss=0.00027 | 24.2 steps/s | ETA: 173.6 min
[DP-RC-CloseSingleDoor] step 290000/537000 | loss=0.00021 | 24.2 steps/s | ETA: 170.2 min
[DP-RC-CloseSingleDoor] step 295000/537000 | loss=0.00051 | 24.2 steps/s | ETA: 166.7 min
[DP-RC-CloseSingleDoor] step 300000/537000 | loss=0.00010 | 24.2 steps/s | ETA: 163.3 min
[DP-RC-CloseSingleDoor] saved snapshot checkpoint -> /home/user/Desktop/multi-rate/full_grid_2026-09-07/dp_RC-CloseSingleDoor_latest.pt (step 300000)
[DP-RC-CloseSingleDoor] step 305000/537000 | loss=0.00032 | 24.2 steps/s | ETA: 159.8 min
[DP-RC-CloseSingleDoor] step 310000/537000 | loss=0.00023 | 24.2 steps/s | ETA: 156.4 min
[DP-RC-CloseSingleDoor] step 315000/537000 | loss=0.00015 | 24.2 steps/s | ETA: 153.0 min
[DP-RC-CloseSingleDoor] step 320000/537000 | loss=0.00017 | 24.2 steps/s | ETA: 149.5 min
[DP-RC-CloseSingleDoor] step 325000/537000 | loss=0.00016 | 24.2 steps/s | ETA: 146.1 min
[DP-RC-CloseSingleDoor] saved snapshot checkpoint -> /home/user/Desktop/multi-rate/full_grid_2026-09-07/dp_RC-CloseSingleDoor_latest.pt (step 325000)
[DP-RC-CloseSingleDoor] step 330000/537000 | loss=0.00014 | 24.2 steps/s | ETA: 142.6 min
[DP-RC-CloseSingleDoor] step 335000/537000 | loss=0.00015 | 24.2 steps/s | ETA: 139.2 min
[DP-RC-CloseSingleDoor] step 340000/537000 | loss=0.00017 | 24.2 steps/s | ETA: 135.7 min
[DP-RC-CloseSingleDoor] step 345000/537000 | loss=0.00026 | 24.2 steps/s | ETA: 132.3 min
[DP-RC-CloseSingleDoor] step 350000/537000 | loss=0.00008 | 24.2 steps/s | ETA: 128.8 min
[DP-RC-CloseSingleDoor] saved snapshot checkpoint -> /home/user/Desktop/multi-rate/full_grid_2026-09-07/dp_RC-CloseSingleDoor_latest.pt (step 350000)
[DP-RC-CloseSingleDoor] step 355000/537000 | loss=0.00012 | 24.2 steps/s | ETA: 125.4 min
[DP-RC-CloseSingleDoor] step 360000/537000 | loss=0.00018 | 24.2 steps/s | ETA: 121.9 min
[DP-RC-CloseSingleDoor] step 365000/537000 | loss=0.00007 | 24.2 steps/s | ETA: 118.5 min
[DP-RC-CloseSingleDoor] step 370000/537000 | loss=0.00010 | 24.2 steps/s | ETA: 115.1 min
[DP-RC-CloseSingleDoor] step 375000/537000 | loss=0.00007 | 24.2 steps/s | ETA: 111.6 min
[DP-RC-CloseSingleDoor] saved snapshot checkpoint -> /home/user/Desktop/multi-rate/full_grid_2026-09-07/dp_RC-CloseSingleDoor_latest.pt (step 375000)
[DP-RC-CloseSingleDoor] step 380000/537000 | loss=0.00007 | 24.2 steps/s | ETA: 108.2 min
[DP-RC-CloseSingleDoor] step 385000/537000 | loss=0.00012 | 24.2 steps/s | ETA: 104.7 min
[DP-RC-CloseSingleDoor] step 390000/537000 | loss=0.00007 | 24.2 steps/s | ETA: 101.3 min
[DP-RC-CloseSingleDoor] step 395000/537000 | loss=0.00009 | 24.2 steps/s | ETA: 97.8 min
[DP-RC-CloseSingleDoor] step 400000/537000 | loss=0.00006 | 24.2 steps/s | ETA: 94.4 min
[DP-RC-CloseSingleDoor] saved snapshot checkpoint -> /home/user/Desktop/multi-rate/full_grid_2026-09-07/dp_RC-CloseSingleDoor_latest.pt (step 400000)
[DP-RC-CloseSingleDoor] step 405000/537000 | loss=0.00009 | 24.2 steps/s | ETA: 90.9 min
[DP-RC-CloseSingleDoor] step 410000/537000 | loss=0.00004 | 24.2 steps/s | ETA: 87.5 min
[DP-RC-CloseSingleDoor] step 415000/537000 | loss=0.00003 | 24.2 steps/s | ETA: 84.0 min
[DP-RC-CloseSingleDoor] step 420000/537000 | loss=0.00003 | 24.2 steps/s | ETA: 80.6 min
[DP-RC-CloseSingleDoor] step 425000/537000 | loss=0.00003 | 24.2 steps/s | ETA: 77.2 min
[DP-RC-CloseSingleDoor] saved snapshot checkpoint -> /home/user/Desktop/multi-rate/full_grid_2026-09-07/dp_RC-CloseSingleDoor_latest.pt (step 425000)
[DP-RC-CloseSingleDoor] step 430000/537000 | loss=0.00003 | 24.2 steps/s | ETA: 73.7 min
[DP-RC-CloseSingleDoor] step 435000/537000 | loss=0.00004 | 24.2 steps/s | ETA: 70.3 min
[DP-RC-CloseSingleDoor] step 440000/537000 | loss=0.00003 | 24.2 steps/s | ETA: 66.8 min
[DP-RC-CloseSingleDoor] step 445000/537000 | loss=0.00003 | 24.2 steps/s | ETA: 63.4 min
[DP-RC-CloseSingleDoor] step 450000/537000 | loss=0.00004 | 24.2 steps/s | ETA: 59.9 min
[DP-RC-CloseSingleDoor] saved snapshot checkpoint -> /home/user/Desktop/multi-rate/full_grid_2026-09-07/dp_RC-CloseSingleDoor_latest.pt (step 450000)
[DP-RC-CloseSingleDoor] step 455000/537000 | loss=0.00002 | 24.2 steps/s | ETA: 56.5 min
[DP-RC-CloseSingleDoor] step 460000/537000 | loss=0.00002 | 24.2 steps/s | ETA: 53.0 min
[DP-RC-CloseSingleDoor] step 465000/537000 | loss=0.00003 | 24.2 steps/s | ETA: 49.6 min
[DP-RC-CloseSingleDoor] step 470000/537000 | loss=0.00002 | 24.2 steps/s | ETA: 46.2 min
[DP-RC-CloseSingleDoor] step 475000/537000 | loss=0.00001 | 24.2 steps/s | ETA: 42.7 min
[DP-RC-CloseSingleDoor] saved snapshot checkpoint -> /home/user/Desktop/multi-rate/full_grid_2026-09-07/dp_RC-CloseSingleDoor_latest.pt (step 475000)
[DP-RC-CloseSingleDoor] step 480000/537000 | loss=0.00002 | 24.2 steps/s | ETA: 39.3 min
[DP-RC-CloseSingleDoor] step 485000/537000 | loss=0.00002 | 24.2 steps/s | ETA: 35.8 min
[DP-RC-CloseSingleDoor] step 490000/537000 | loss=0.00003 | 24.2 steps/s | ETA: 32.4 min
[DP-RC-CloseSingleDoor] step 495000/537000 | loss=0.00002 | 24.2 steps/s | ETA: 28.9 min
[DP-RC-CloseSingleDoor] step 500000/537000 | loss=0.00002 | 24.2 steps/s | ETA: 25.5 min
[DP-RC-CloseSingleDoor] saved snapshot checkpoint -> /home/user/Desktop/multi-rate/full_grid_2026-09-07/dp_RC-CloseSingleDoor_latest.pt (step 500000)
[DP-RC-CloseSingleDoor] step 505000/537000 | loss=0.00003 | 24.2 steps/s | ETA: 22.0 min
[DP-RC-CloseSingleDoor] step 510000/537000 | loss=0.00001 | 24.2 steps/s | ETA: 18.6 min
[DP-RC-CloseSingleDoor] step 515000/537000 | loss=0.00001 | 24.2 steps/s | ETA: 15.2 min
[DP-RC-CloseSingleDoor] step 520000/537000 | loss=0.00002 | 24.2 steps/s | ETA: 11.7 min
[DP-RC-CloseSingleDoor] step 525000/537000 | loss=0.00001 | 24.2 steps/s | ETA: 8.3 min
[DP-RC-CloseSingleDoor] saved snapshot checkpoint -> /home/user/Desktop/multi-rate/full_grid_2026-09-07/dp_RC-CloseSingleDoor_latest.pt (step 525000)
[DP-RC-CloseSingleDoor] step 530000/537000 | loss=0.00001 | 24.2 steps/s | ETA: 4.8 min
[DP-RC-CloseSingleDoor] step 535000/537000 | loss=0.00001 | 24.2 steps/s | ETA: 1.4 min
[DP-RC-CloseSingleDoor] step 537000/537000 | loss=0.00003 | 24.2 steps/s | ETA: 0.0 min
[DP-RC-CloseSingleDoor] saved snapshot checkpoint -> /home/user/Desktop/multi-rate/full_grid_2026-09-07/dp_RC-CloseSingleDoor_latest.pt (step 537000)
[DP-RC-CloseSingleDoor] finished 537000 steps in 369.93 minutes (24.2 steps/s).
[DONE] Final model saved to /home/user/Desktop/multi-rate/full_grid_2026-09-07/dp_RC-CloseSingleDoor_final.pt
