=== Training DP on PushT-v1 for 537000 steps ===
[data] Loaded 550 demos from demos_PushT-v1_550.npz
[data] 38043 windows, obs_dim=31, act_dim=6

[DP-PushT-v1] starting 537000 steps (batch_size=256, lr=0.0001)...
[DP-PushT-v1] step 1/537000 | loss=1.19929 | 2.2 steps/s | ETA: 4072.4 min
[DP-PushT-v1] step 5000/537000 | loss=0.04121 | 24.1 steps/s | ETA: 368.6 min
[DP-PushT-v1] step 10000/537000 | loss=0.03233 | 24.0 steps/s | ETA: 365.8 min
[DP-PushT-v1] step 15000/537000 | loss=0.01754 | 24.0 steps/s | ETA: 362.4 min
[DP-PushT-v1] step 20000/537000 | loss=0.01382 | 24.0 steps/s | ETA: 359.0 min
[DP-PushT-v1] step 25000/537000 | loss=0.01386 | 24.0 steps/s | ETA: 355.5 min
[DP-PushT-v1] saved snapshot checkpoint -> /home/user/Desktop/multi-rate/full_grid_2026-09-07/dp_PushT-v1_latest.pt (step 25000)
[DP-PushT-v1] step 30000/537000 | loss=0.01242 | 24.0 steps/s | ETA: 352.0 min
[DP-PushT-v1] step 35000/537000 | loss=0.00889 | 24.0 steps/s | ETA: 348.6 min
[DP-PushT-v1] step 40000/537000 | loss=0.01087 | 24.0 steps/s | ETA: 345.1 min
[DP-PushT-v1] step 45000/537000 | loss=0.00867 | 24.0 steps/s | ETA: 341.7 min
[DP-PushT-v1] step 50000/537000 | loss=0.00953 | 24.0 steps/s | ETA: 338.2 min
[DP-PushT-v1] saved snapshot checkpoint -> /home/user/Desktop/multi-rate/full_grid_2026-09-07/dp_PushT-v1_latest.pt (step 50000)
[DP-PushT-v1] step 55000/537000 | loss=0.00594 | 24.0 steps/s | ETA: 334.8 min
[DP-PushT-v1] step 60000/537000 | loss=0.00652 | 24.0 steps/s | ETA: 331.3 min
[DP-PushT-v1] step 65000/537000 | loss=0.00443 | 24.0 steps/s | ETA: 327.8 min
[DP-PushT-v1] step 70000/537000 | loss=0.00594 | 24.0 steps/s | ETA: 324.4 min
[DP-PushT-v1] step 75000/537000 | loss=0.00634 | 24.0 steps/s | ETA: 320.9 min
[DP-PushT-v1] saved snapshot checkpoint -> /home/user/Desktop/multi-rate/full_grid_2026-09-07/dp_PushT-v1_latest.pt (step 75000)
[DP-PushT-v1] step 80000/537000 | loss=0.00431 | 24.0 steps/s | ETA: 317.5 min
[DP-PushT-v1] step 85000/537000 | loss=0.00393 | 24.0 steps/s | ETA: 314.0 min
[DP-PushT-v1] step 90000/537000 | loss=0.00868 | 24.0 steps/s | ETA: 310.5 min
[DP-PushT-v1] step 95000/537000 | loss=0.00541 | 24.0 steps/s | ETA: 307.1 min
[DP-PushT-v1] step 100000/537000 | loss=0.00526 | 24.0 steps/s | ETA: 303.6 min
[DP-PushT-v1] saved snapshot checkpoint -> /home/user/Desktop/multi-rate/full_grid_2026-09-07/dp_PushT-v1_latest.pt (step 100000)
[DP-PushT-v1] step 105000/537000 | loss=0.00434 | 24.0 steps/s | ETA: 300.2 min
[DP-PushT-v1] step 110000/537000 | loss=0.00536 | 24.0 steps/s | ETA: 296.7 min
[DP-PushT-v1] step 115000/537000 | loss=0.00381 | 24.0 steps/s | ETA: 293.3 min
[DP-PushT-v1] step 120000/537000 | loss=0.00346 | 24.0 steps/s | ETA: 289.8 min
[DP-PushT-v1] step 125000/537000 | loss=0.00494 | 24.0 steps/s | ETA: 286.3 min
[DP-PushT-v1] saved snapshot checkpoint -> /home/user/Desktop/multi-rate/full_grid_2026-09-07/dp_PushT-v1_latest.pt (step 125000)
[DP-PushT-v1] step 130000/537000 | loss=0.00442 | 24.0 steps/s | ETA: 282.8 min
[DP-PushT-v1] step 135000/537000 | loss=0.00462 | 24.0 steps/s | ETA: 279.4 min
[DP-PushT-v1] step 140000/537000 | loss=0.00551 | 24.0 steps/s | ETA: 275.9 min
[DP-PushT-v1] step 145000/537000 | loss=0.00248 | 24.0 steps/s | ETA: 272.4 min
[DP-PushT-v1] step 150000/537000 | loss=0.00178 | 24.0 steps/s | ETA: 268.9 min
[DP-PushT-v1] saved snapshot checkpoint -> /home/user/Desktop/multi-rate/full_grid_2026-09-07/dp_PushT-v1_latest.pt (step 150000)
[DP-PushT-v1] step 155000/537000 | loss=0.00392 | 24.0 steps/s | ETA: 265.5 min
[DP-PushT-v1] step 160000/537000 | loss=0.00274 | 24.0 steps/s | ETA: 262.0 min
[DP-PushT-v1] step 165000/537000 | loss=0.00180 | 24.0 steps/s | ETA: 258.5 min
[DP-PushT-v1] step 170000/537000 | loss=0.00319 | 24.0 steps/s | ETA: 255.0 min
[DP-PushT-v1] step 175000/537000 | loss=0.00263 | 24.0 steps/s | ETA: 251.5 min
[DP-PushT-v1] saved snapshot checkpoint -> /home/user/Desktop/multi-rate/full_grid_2026-09-07/dp_PushT-v1_latest.pt (step 175000)
[DP-PushT-v1] step 180000/537000 | loss=0.00329 | 24.0 steps/s | ETA: 248.1 min
[DP-PushT-v1] step 185000/537000 | loss=0.00205 | 24.0 steps/s | ETA: 244.6 min
[DP-PushT-v1] step 190000/537000 | loss=0.00163 | 24.0 steps/s | ETA: 241.1 min
[DP-PushT-v1] step 195000/537000 | loss=0.00210 | 24.0 steps/s | ETA: 237.7 min
[DP-PushT-v1] step 200000/537000 | loss=0.00228 | 24.0 steps/s | ETA: 234.2 min
[DP-PushT-v1] saved snapshot checkpoint -> /home/user/Desktop/multi-rate/full_grid_2026-09-07/dp_PushT-v1_latest.pt (step 200000)
[DP-PushT-v1] step 205000/537000 | loss=0.00233 | 24.0 steps/s | ETA: 230.7 min
[DP-PushT-v1] step 210000/537000 | loss=0.00317 | 24.0 steps/s | ETA: 227.2 min
[DP-PushT-v1] step 215000/537000 | loss=0.00216 | 24.0 steps/s | ETA: 223.8 min
[DP-PushT-v1] step 220000/537000 | loss=0.00119 | 24.0 steps/s | ETA: 220.3 min
[DP-PushT-v1] step 225000/537000 | loss=0.00231 | 24.0 steps/s | ETA: 216.8 min
[DP-PushT-v1] saved snapshot checkpoint -> /home/user/Desktop/multi-rate/full_grid_2026-09-07/dp_PushT-v1_latest.pt (step 225000)
[DP-PushT-v1] step 230000/537000 | loss=0.00355 | 24.0 steps/s | ETA: 213.3 min
[DP-PushT-v1] step 235000/537000 | loss=0.00174 | 24.0 steps/s | ETA: 209.9 min
[DP-PushT-v1] step 240000/537000 | loss=0.00119 | 24.0 steps/s | ETA: 206.4 min
[DP-PushT-v1] step 245000/537000 | loss=0.00166 | 24.0 steps/s | ETA: 202.9 min
[DP-PushT-v1] step 250000/537000 | loss=0.00147 | 24.0 steps/s | ETA: 199.4 min
[DP-PushT-v1] saved snapshot checkpoint -> /home/user/Desktop/multi-rate/full_grid_2026-09-07/dp_PushT-v1_latest.pt (step 250000)
[DP-PushT-v1] step 255000/537000 | loss=0.00153 | 24.0 steps/s | ETA: 196.0 min
[DP-PushT-v1] step 260000/537000 | loss=0.00119 | 24.0 steps/s | ETA: 192.5 min
[DP-PushT-v1] step 265000/537000 | loss=0.00297 | 24.0 steps/s | ETA: 189.0 min
[DP-PushT-v1] step 270000/537000 | loss=0.00094 | 24.0 steps/s | ETA: 185.5 min
[DP-PushT-v1] step 275000/537000 | loss=0.00242 | 24.0 steps/s | ETA: 182.1 min
[DP-PushT-v1] saved snapshot checkpoint -> /home/user/Desktop/multi-rate/full_grid_2026-09-07/dp_PushT-v1_latest.pt (step 275000)
[DP-PushT-v1] step 280000/537000 | loss=0.00124 | 24.0 steps/s | ETA: 178.6 min
[DP-PushT-v1] step 285000/537000 | loss=0.00126 | 24.0 steps/s | ETA: 175.1 min
[DP-PushT-v1] step 290000/537000 | loss=0.00218 | 24.0 steps/s | ETA: 171.6 min
[DP-PushT-v1] step 295000/537000 | loss=0.00125 | 24.0 steps/s | ETA: 168.2 min
[DP-PushT-v1] step 300000/537000 | loss=0.00105 | 24.0 steps/s | ETA: 164.7 min
[DP-PushT-v1] saved snapshot checkpoint -> /home/user/Desktop/multi-rate/full_grid_2026-09-07/dp_PushT-v1_latest.pt (step 300000)
[DP-PushT-v1] step 305000/537000 | loss=0.00139 | 24.0 steps/s | ETA: 161.2 min
[DP-PushT-v1] step 310000/537000 | loss=0.00129 | 24.0 steps/s | ETA: 157.7 min
[DP-PushT-v1] step 315000/537000 | loss=0.00094 | 24.0 steps/s | ETA: 154.3 min
[DP-PushT-v1] step 320000/537000 | loss=0.00085 | 24.0 steps/s | ETA: 150.8 min
[DP-PushT-v1] step 325000/537000 | loss=0.00079 | 24.0 steps/s | ETA: 147.3 min
[DP-PushT-v1] saved snapshot checkpoint -> /home/user/Desktop/multi-rate/full_grid_2026-09-07/dp_PushT-v1_latest.pt (step 325000)
[DP-PushT-v1] step 330000/537000 | loss=0.00036 | 24.0 steps/s | ETA: 143.8 min
[DP-PushT-v1] step 335000/537000 | loss=0.00075 | 24.0 steps/s | ETA: 140.4 min
[DP-PushT-v1] step 340000/537000 | loss=0.00084 | 24.0 steps/s | ETA: 136.9 min
[DP-PushT-v1] step 345000/537000 | loss=0.00064 | 24.0 steps/s | ETA: 133.4 min
[DP-PushT-v1] step 350000/537000 | loss=0.00045 | 24.0 steps/s | ETA: 129.9 min
[DP-PushT-v1] saved snapshot checkpoint -> /home/user/Desktop/multi-rate/full_grid_2026-09-07/dp_PushT-v1_latest.pt (step 350000)
[DP-PushT-v1] step 355000/537000 | loss=0.00068 | 24.0 steps/s | ETA: 126.5 min
[DP-PushT-v1] step 360000/537000 | loss=0.00049 | 24.0 steps/s | ETA: 123.0 min
[DP-PushT-v1] step 365000/537000 | loss=0.00048 | 24.0 steps/s | ETA: 119.5 min
[DP-PushT-v1] step 370000/537000 | loss=0.00048 | 24.0 steps/s | ETA: 116.0 min
[DP-PushT-v1] step 375000/537000 | loss=0.00047 | 24.0 steps/s | ETA: 112.6 min
[DP-PushT-v1] saved snapshot checkpoint -> /home/user/Desktop/multi-rate/full_grid_2026-09-07/dp_PushT-v1_latest.pt (step 375000)
[DP-PushT-v1] step 380000/537000 | loss=0.00043 | 24.0 steps/s | ETA: 109.1 min
[DP-PushT-v1] step 385000/537000 | loss=0.00034 | 24.0 steps/s | ETA: 105.6 min
[DP-PushT-v1] step 390000/537000 | loss=0.00050 | 24.0 steps/s | ETA: 102.1 min
[DP-PushT-v1] step 395000/537000 | loss=0.00035 | 24.0 steps/s | ETA: 98.7 min
[DP-PushT-v1] step 400000/537000 | loss=0.00033 | 24.0 steps/s | ETA: 95.2 min
[DP-PushT-v1] saved snapshot checkpoint -> /home/user/Desktop/multi-rate/full_grid_2026-09-07/dp_PushT-v1_latest.pt (step 400000)
[DP-PushT-v1] step 405000/537000 | loss=0.00029 | 24.0 steps/s | ETA: 91.7 min
[DP-PushT-v1] step 410000/537000 | loss=0.00022 | 24.0 steps/s | ETA: 88.2 min
[DP-PushT-v1] step 415000/537000 | loss=0.00022 | 24.0 steps/s | ETA: 84.8 min
[DP-PushT-v1] step 420000/537000 | loss=0.00017 | 24.0 steps/s | ETA: 81.3 min
[DP-PushT-v1] step 425000/537000 | loss=0.00028 | 24.0 steps/s | ETA: 77.8 min
[DP-PushT-v1] saved snapshot checkpoint -> /home/user/Desktop/multi-rate/full_grid_2026-09-07/dp_PushT-v1_latest.pt (step 425000)
[DP-PushT-v1] step 430000/537000 | loss=0.00024 | 24.0 steps/s | ETA: 74.3 min
[DP-PushT-v1] step 435000/537000 | loss=0.00020 | 24.0 steps/s | ETA: 70.9 min
[DP-PushT-v1] step 440000/537000 | loss=0.00022 | 24.0 steps/s | ETA: 67.4 min
[DP-PushT-v1] step 445000/537000 | loss=0.00016 | 24.0 steps/s | ETA: 63.9 min
[DP-PushT-v1] step 450000/537000 | loss=0.00019 | 24.0 steps/s | ETA: 60.4 min
[DP-PushT-v1] saved snapshot checkpoint -> /home/user/Desktop/multi-rate/full_grid_2026-09-07/dp_PushT-v1_latest.pt (step 450000)
[DP-PushT-v1] step 455000/537000 | loss=0.00012 | 24.0 steps/s | ETA: 57.0 min
[DP-PushT-v1] step 460000/537000 | loss=0.00011 | 24.0 steps/s | ETA: 53.5 min
[DP-PushT-v1] step 465000/537000 | loss=0.00019 | 24.0 steps/s | ETA: 50.0 min
[DP-PushT-v1] step 470000/537000 | loss=0.00011 | 24.0 steps/s | ETA: 46.6 min
[DP-PushT-v1] step 475000/537000 | loss=0.00012 | 24.0 steps/s | ETA: 43.1 min
[DP-PushT-v1] saved snapshot checkpoint -> /home/user/Desktop/multi-rate/full_grid_2026-09-07/dp_PushT-v1_latest.pt (step 475000)
[DP-PushT-v1] step 480000/537000 | loss=0.00007 | 24.0 steps/s | ETA: 39.6 min
[DP-PushT-v1] step 485000/537000 | loss=0.00012 | 24.0 steps/s | ETA: 36.1 min
[DP-PushT-v1] step 490000/537000 | loss=0.00008 | 24.0 steps/s | ETA: 32.7 min
[DP-PushT-v1] step 495000/537000 | loss=0.00007 | 24.0 steps/s | ETA: 29.2 min
[DP-PushT-v1] step 500000/537000 | loss=0.00007 | 24.0 steps/s | ETA: 25.7 min
[DP-PushT-v1] saved snapshot checkpoint -> /home/user/Desktop/multi-rate/full_grid_2026-09-07/dp_PushT-v1_latest.pt (step 500000)
[DP-PushT-v1] step 505000/537000 | loss=0.00007 | 24.0 steps/s | ETA: 22.2 min
[DP-PushT-v1] step 510000/537000 | loss=0.00007 | 24.0 steps/s | ETA: 18.8 min
[DP-PushT-v1] step 515000/537000 | loss=0.00013 | 24.0 steps/s | ETA: 15.3 min
[DP-PushT-v1] step 520000/537000 | loss=0.00009 | 24.0 steps/s | ETA: 11.8 min
[DP-PushT-v1] step 525000/537000 | loss=0.00007 | 24.0 steps/s | ETA: 8.3 min
[DP-PushT-v1] saved snapshot checkpoint -> /home/user/Desktop/multi-rate/full_grid_2026-09-07/dp_PushT-v1_latest.pt (step 525000)
[DP-PushT-v1] step 530000/537000 | loss=0.00008 | 24.0 steps/s | ETA: 4.9 min
[DP-PushT-v1] step 535000/537000 | loss=0.00008 | 24.0 steps/s | ETA: 1.4 min
[DP-PushT-v1] step 537000/537000 | loss=0.00012 | 24.1 steps/s | ETA: 0.0 min
[DP-PushT-v1] saved snapshot checkpoint -> /home/user/Desktop/multi-rate/full_grid_2026-09-07/dp_PushT-v1_latest.pt (step 537000)
[DP-PushT-v1] finished 537000 steps in 371.43 minutes (24.1 steps/s).
[DONE] Final model saved to /home/user/Desktop/multi-rate/full_grid_2026-09-07/dp_PushT-v1_final.pt
